[0.024s][info][gc] Using Serial
[16.035s][info][gc] GC(0) Pause Young (Allocation Failure) 4M->2M(15M) 4.869ms
[16.081s][info][gc] GC(1) Pause Young (Allocation Failure) 6M->2M(15M) 2.177ms
[16.130s][info][gc] GC(2) Pause Young (Allocation Failure) 6M->2M(15M) 0.322ms
[16.154s][info][gc] GC(3) Pause Young (Allocation Failure) 6M->2M(15M) 0.327ms
[16.177s][info][gc] GC(4) Pause Young (Allocation Failure) 6M->2M(15M) 0.366ms
[16.205s][info][gc] GC(5) Pause Young (Allocation Failure) 6M->2M(15M) 0.316ms
[16.230s][info][gc] GC(6) Pause Young (Allocation Failure) 6M->2M(15M) 0.368ms
[16.275s][info][gc] GC(7) Pause Young (Allocation Failure) 6M->2M(15M) 0.347ms
[16.290s][info][gc] GC(8) Pause Young (Allocation Failure) 6M->2M(15M) 0.397ms
[16.305s][info][gc] GC(9) Pause Young (Allocation Failure) 6M->2M(15M) 0.357ms
[16.332s][info][gc] GC(10) Pause Young (Allocation Failure) 6M->2M(15M) 0.415ms
[16.345s][info][gc] GC(11) Pause Young (Allocation Failure) 6M->2M(15M) 0.380ms
[16.358s][info][gc] GC(12) Pause Young (Allocation Failure) 6M->2M(15M) 0.445ms
[16.374s][info][gc] GC(13) Pause Young (Allocation Failure) 6M->2M(15M) 0.487ms
[16.390s][info][gc] GC(14) Pause Young (Allocation Failure) 6M->2M(15M) 0.440ms
[16.415s][info][gc] GC(15) Pause Young (Allocation Failure) 6M->2M(15M) 0.440ms
[16.426s][info][gc] GC(16) Pause Young (Allocation Failure) 6M->2M(15M) 0.362ms
[16.435s][info][gc] GC(17) Pause Young (Allocation Failure) 6M->2M(15M) 0.426ms
[16.445s][info][gc] GC(18) Pause Young (Allocation Failure) 6M->2M(15M) 0.396ms
[16.454s][info][gc] GC(19) Pause Young (Allocation Failure) 6M->2M(15M) 0.416ms
[16.463s][info][gc] GC(20) Pause Young (Allocation Failure) 6M->2M(15M) 0.391ms
[16.468s][info][gc] GC(21) Pause Young (Allocation Failure) 6M->2M(15M) 0.377ms
[16.476s][info][gc] GC(22) Pause Young (Allocation Failure) 6M->2M(15M) 0.393ms
[16.483s][info][gc] GC(23) Pause Young (Allocation Failure) 6M->2M(15M) 0.296ms
[16.492s][info][gc] GC(24) Pause Young (Allocation Failure) 6M->2M(15M) 0.384ms
[16.500s][info][gc] GC(25) Pause Young (Allocation Failure) 6M->2M(15M) 0.336ms
[16.508s][info][gc] GC(26) Pause Young (Allocation Failure) 6M->2M(15M) 0.424ms
[16.517s][info][gc] GC(27) Pause Young (Allocation Failure) 6M->2M(15M) 0.371ms
[16.526s][info][gc] GC(28) Pause Young (Allocation Failure) 6M->2M(15M) 0.295ms
[16.534s][info][gc] GC(29) Pause Young (Allocation Failure) 6M->2M(15M) 0.354ms
[16.543s][info][gc] GC(30) Pause Young (Allocation Failure) 6M->2M(15M) 0.476ms
[16.551s][info][gc] GC(31) Pause Young (Allocation Failure) 6M->2M(15M) 0.358ms
[16.560s][info][gc] GC(32) Pause Young (Allocation Failure) 6M->2M(15M) 0.316ms
[16.568s][info][gc] GC(33) Pause Young (Allocation Failure) 6M->2M(15M) 0.366ms
[16.576s][info][gc] GC(34) Pause Young (Allocation Failure) 6M->2M(15M) 0.325ms
[16.593s][info][gc] GC(35) Pause Young (Allocation Failure) 6M->2M(15M) 0.378ms
[16.605s][info][gc] GC(36) Pause Young (Allocation Failure) 6M->2M(15M) 0.540ms
[16.614s][info][gc] GC(37) Pause Young (Allocation Failure) 6M->2M(15M) 0.369ms
[16.624s][info][gc] GC(38) Pause Young (Allocation Failure) 6M->2M(15M) 0.412ms
[16.633s][info][gc] GC(39) Pause Young (Allocation Failure) 6M->2M(15M) 0.381ms
[16.640s][info][gc] GC(40) Pause Young (Allocation Failure) 6M->2M(15M) 0.341ms
[16.645s][info][gc] GC(41) Pause Young (Allocation Failure) 6M->2M(15M) 0.341ms
[16.653s][info][gc] GC(42) Pause Young (Allocation Failure) 6M->2M(15M) 0.345ms
[16.660s][info][gc] GC(43) Pause Young (Allocation Failure) 6M->2M(15M) 0.280ms
[16.668s][info][gc] GC(44) Pause Young (Allocation Failure) 6M->2M(15M) 0.353ms
[16.676s][info][gc] GC(45) Pause Young (Allocation Failure) 6M->2M(15M) 0.329ms
[16.685s][info][gc] GC(46) Pause Young (Allocation Failure) 6M->2M(15M) 0.337ms
[16.692s][info][gc] GC(47) Pause Young (Allocation Failure) 6M->2M(15M) 0.320ms
[16.707s][info][gc] GC(48) Pause Young (Allocation Failure) 6M->2M(15M) 0.366ms
[16.715s][info][gc] GC(49) Pause Young (Allocation Failure) 6M->2M(15M) 0.343ms
[16.725s][info][gc] GC(50) Pause Young (Allocation Failure) 6M->2M(15M) 0.381ms
[16.734s][info][gc] GC(51) Pause Young (Allocation Failure) 6M->2M(15M) 0.361ms
[16.742s][info][gc] GC(52) Pause Young (Allocation Failure) 6M->2M(15M) 0.310ms
[16.750s][info][gc] GC(53) Pause Young (Allocation Failure) 6M->2M(15M) 0.383ms
[16.758s][info][gc] GC(54) Pause Young (Allocation Failure) 6M->2M(15M) 0.412ms
[16.766s][info][gc] GC(55) Pause Young (Allocation Failure) 6M->2M(15M) 0.379ms
[16.775s][info][gc] GC(56) Pause Young (Allocation Failure) 6M->2M(15M) 0.371ms
[16.782s][info][gc] GC(57) Pause Young (Allocation Failure) 6M->2M(15M) 0.365ms
[16.797s][info][gc] GC(58) Pause Young (Allocation Failure) 6M->2M(15M) 0.364ms
[16.811s][info][gc] GC(59) Pause Young (Allocation Failure) 6M->2M(15M) 0.304ms
[16.825s][info][gc] GC(60) Pause Young (Allocation Failure) 6M->2M(15M) 0.351ms
[16.832s][info][gc] GC(61) Pause Young (Allocation Failure) 6M->2M(15M) 0.359ms
[16.841s][info][gc] GC(62) Pause Young (Allocation Failure) 6M->2M(15M) 0.352ms
[16.849s][info][gc] GC(63) Pause Young (Allocation Failure) 6M->2M(15M) 0.377ms
[16.856s][info][gc] GC(64) Pause Young (Allocation Failure) 6M->2M(15M) 0.313ms
[16.861s][info][gc] GC(65) Pause Young (Allocation Failure) 6M->2M(15M) 0.377ms
[16.867s][info][gc] GC(66) Pause Young (Allocation Failure) 6M->2M(15M) 0.337ms
[16.873s][info][gc] GC(67) Pause Young (Allocation Failure) 6M->2M(15M) 0.360ms
[16.879s][info][gc] GC(68) Pause Young (Allocation Failure) 6M->2M(15M) 0.352ms
[16.888s][info][gc] GC(69) Pause Young (Allocation Failure) 6M->2M(15M) 0.383ms
[16.893s][info][gc] GC(70) Pause Young (Allocation Failure) 6M->2M(15M) 0.342ms
[16.900s][info][gc] GC(71) Pause Young (Allocation Failure) 6M->2M(15M) 0.372ms
[16.913s][info][gc] GC(72) Pause Young (Allocation Failure) 6M->2M(15M) 0.266ms
[16.921s][info][gc] GC(73) Pause Young (Allocation Failure) 6M->2M(15M) 0.375ms
[16.927s][info][gc] GC(74) Pause Young (Allocation Failure) 6M->2M(15M) 0.362ms
[16.932s][info][gc] GC(75) Pause Young (Allocation Failure) 6M->2M(15M) 0.366ms
[16.937s][info][gc] GC(76) Pause Young (Allocation Failure) 6M->2M(15M) 0.356ms
[16.946s][info][gc] GC(77) Pause Young (Allocation Failure) 6M->2M(15M) 0.303ms
[16.952s][info][gc] GC(78) Pause Young (Allocation Failure) 6M->2M(15M) 0.381ms
[16.958s][info][gc] GC(79) Pause Young (Allocation Failure) 6M->2M(15M) 0.371ms
[16.971s][info][gc] GC(80) Pause Young (Allocation Failure) 6M->2M(15M) 0.348ms
[16.985s][info][gc] GC(81) Pause Young (Allocation Failure) 6M->2M(15M) 0.658ms
[17.001s][info][gc] GC(82) Pause Young (Allocation Failure) 6M->2M(15M) 0.470ms
[17.019s][info][gc] GC(83) Pause Young (Allocation Failure) 6M->2M(15M) 0.411ms
[17.032s][info][gc] GC(84) Pause Young (Allocation Failure) 6M->2M(15M) 0.370ms
[17.048s][info][gc] GC(85) Pause Young (Allocation Failure) 6M->2M(15M) 0.342ms
[17.073s][info][gc] GC(86) Pause Young (Allocation Failure) 6M->2M(15M) 0.372ms
[17.084s][info][gc] GC(87) Pause Young (Allocation Failure) 6M->2M(15M) 0.352ms
[17.095s][info][gc] GC(88) Pause Young (Allocation Failure) 6M->2M(15M) 0.351ms
[17.100s][info][gc] GC(89) Pause Young (Allocation Failure) 6M->2M(15M) 0.314ms
[17.109s][info][gc] GC(90) Pause Young (Allocation Failure) 6M->2M(15M) 0.530ms
[17.118s][info][gc] GC(91) Pause Young (Allocation Failure) 6M->2M(15M) 0.368ms
[17.128s][info][gc] GC(92) Pause Young (Allocation Failure) 6M->2M(15M) 0.381ms
[17.135s][info][gc] GC(93) Pause Young (Allocation Failure) 6M->2M(15M) 0.357ms
[17.141s][info][gc] GC(94) Pause Young (Allocation Failure) 6M->2M(15M) 0.362ms
[17.145s][info][gc] GC(95) Pause Young (Allocation Failure) 6M->2M(15M) 0.301ms
[17.150s][info][gc] GC(96) Pause Young (Allocation Failure) 6M->2M(15M) 0.325ms
[17.154s][info][gc] GC(97) Pause Young (Allocation Failure) 6M->2M(15M) 0.326ms
[17.159s][info][gc] GC(98) Pause Young (Allocation Failure) 6M->2M(15M) 0.351ms
[17.164s][info][gc] GC(99) Pause Young (Allocation Failure) 6M->2M(15M) 0.328ms
[17.168s][info][gc] GC(100) Pause Young (Allocation Failure) 6M->2M(15M) 0.327ms
[17.173s][info][gc] GC(101) Pause Young (Allocation Failure) 6M->2M(15M) 0.342ms
[17.177s][info][gc] GC(102) Pause Young (Allocation Failure) 6M->2M(15M) 0.308ms
[17.181s][info][gc] GC(103) Pause Young (Allocation Failure) 6M->2M(15M) 0.294ms
[17.186s][info][gc] GC(104) Pause Young (Allocation Failure) 6M->2M(15M) 0.719ms
[17.191s][info][gc] GC(105) Pause Young (Allocation Failure) 6M->2M(15M) 0.308ms
[17.196s][info][gc] GC(106) Pause Young (Allocation Failure) 6M->2M(15M) 0.366ms
[17.201s][info][gc] GC(107) Pause Young (Allocation Failure) 6M->2M(15M) 0.323ms
[17.206s][info][gc] GC(108) Pause Young (Allocation Failure) 6M->2M(15M) 0.330ms
[17.211s][info][gc] GC(109) Pause Young (Allocation Failure) 6M->2M(15M) 0.333ms
[17.221s][info][gc] GC(110) Pause Young (Allocation Failure) 6M->2M(15M) 0.281ms
[17.226s][info][gc] GC(111) Pause Young (Allocation Failure) 6M->2M(15M) 0.327ms
[17.230s][info][gc] GC(112) Pause Young (Allocation Failure) 6M->2M(15M) 0.301ms
[17.235s][info][gc] GC(113) Pause Young (Allocation Failure) 6M->2M(15M) 0.396ms
[17.240s][info][gc] GC(114) Pause Young (Allocation Failure) 6M->2M(15M) 0.482ms
[17.244s][info][gc] GC(115) Pause Young (Allocation Failure) 6M->2M(15M) 0.303ms
[17.249s][info][gc] GC(116) Pause Young (Allocation Failure) 6M->2M(15M) 0.347ms
[17.253s][info][gc] GC(117) Pause Young (Allocation Failure) 6M->2M(15M) 0.321ms
[17.258s][info][gc] GC(118) Pause Young (Allocation Failure) 6M->2M(15M) 0.330ms
[17.264s][info][gc] GC(119) Pause Young (Allocation Failure) 6M->2M(15M) 0.339ms
[17.269s][info][gc] GC(120) Pause Young (Allocation Failure) 6M->2M(15M) 0.352ms
[17.274s][info][gc] GC(121) Pause Young (Allocation Failure) 6M->2M(15M) 0.332ms
[17.279s][info][gc] GC(122) Pause Young (Allocation Failure) 6M->2M(15M) 0.345ms
[17.285s][info][gc] GC(123) Pause Young (Allocation Failure) 6M->2M(15M) 0.279ms
[17.289s][info][gc] GC(124) Pause Young (Allocation Failure) 6M->2M(15M) 0.339ms
[17.293s][info][gc] GC(125) Pause Young (Allocation Failure) 6M->2M(15M) 0.297ms
[17.297s][info][gc] GC(126) Pause Young (Allocation Failure) 6M->2M(15M) 0.296ms
[17.302s][info][gc] GC(127) Pause Young (Allocation Failure) 6M->2M(15M) 0.333ms
[17.306s][info][gc] GC(128) Pause Young (Allocation Failure) 6M->2M(15M) 0.295ms
[17.310s][info][gc] GC(129) Pause Young (Allocation Failure) 6M->2M(15M) 0.302ms
[17.314s][info][gc] GC(130) Pause Young (Allocation Failure) 6M->2M(15M) 0.340ms
[17.320s][info][gc] GC(131) Pause Young (Allocation Failure) 6M->2M(15M) 0.337ms
[17.326s][info][gc] GC(132) Pause Young (Allocation Failure) 6M->2M(15M) 0.347ms
[17.336s][info][gc] GC(133) Pause Young (Allocation Failure) 6M->2M(15M) 0.354ms
[17.348s][info][gc] GC(134) Pause Young (Allocation Failure) 6M->2M(15M) 0.353ms
[17.354s][info][gc] GC(135) Pause Young (Allocation Failure) 6M->2M(15M) 0.426ms
[17.360s][info][gc] GC(136) Pause Young (Allocation Failure) 6M->2M(15M) 0.344ms
[17.369s][info][gc] GC(137) Pause Young (Allocation Failure) 6M->2M(15M) 0.354ms
[17.381s][info][gc] GC(138) Pause Young (Allocation Failure) 6M->2M(15M) 0.352ms
[17.386s][info][gc] GC(139) Pause Young (Allocation Failure) 6M->2M(15M) 0.344ms
[17.391s][info][gc] GC(140) Pause Young (Allocation Failure) 6M->2M(15M) 0.298ms
[17.395s][info][gc] GC(141) Pause Young (Allocation Failure) 6M->2M(15M) 0.316ms
[17.401s][info][gc] GC(142) Pause Young (Allocation Failure) 6M->2M(15M) 0.330ms
[17.405s][info][gc] GC(143) Pause Young (Allocation Failure) 6M->2M(15M) 0.295ms
[17.410s][info][gc] GC(144) Pause Young (Allocation Failure) 6M->2M(15M) 0.345ms
[17.416s][info][gc] GC(145) Pause Young (Allocation Failure) 6M->2M(15M) 0.346ms
[17.422s][info][gc] GC(146) Pause Young (Allocation Failure) 6M->2M(15M) 0.336ms
[17.427s][info][gc] GC(147) Pause Young (Allocation Failure) 6M->2M(15M) 0.315ms
[17.437s][info][gc] GC(148) Pause Young (Allocation Failure) 6M->2M(15M) 0.309ms
[17.444s][info][gc] GC(149) Pause Young (Allocation Failure) 6M->2M(15M) 0.342ms
[17.450s][info][gc] GC(150) Pause Young (Allocation Failure) 6M->2M(15M) 0.349ms
[17.456s][info][gc] GC(151) Pause Young (Allocation Failure) 6M->2M(15M) 0.246ms
[17.461s][info][gc] GC(152) Pause Young (Allocation Failure) 6M->2M(15M) 0.568ms
[17.467s][info][gc] GC(153) Pause Young (Allocation Failure) 6M->2M(15M) 0.327ms
[17.472s][info][gc] GC(154) Pause Young (Allocation Failure) 6M->2M(15M) 0.316ms
[17.479s][info][gc] GC(155) Pause Young (Allocation Failure) 6M->2M(15M) 0.363ms
[17.483s][info][gc] GC(156) Pause Young (Allocation Failure) 6M->2M(15M) 0.324ms
[17.489s][info][gc] GC(157) Pause Young (Allocation Failure) 6M->2M(15M) 0.440ms
[17.493s][info][gc] GC(158) Pause Young (Allocation Failure) 6M->2M(15M) 0.432ms
[17.497s][info][gc] GC(159) Pause Young (Allocation Failure) 6M->2M(15M) 0.497ms
[17.502s][info][gc] GC(160) Pause Young (Allocation Failure) 6M->2M(15M) 0.346ms
[17.507s][info][gc] GC(161) Pause Young (Allocation Failure) 6M->2M(15M) 0.302ms
[17.511s][info][gc] GC(162) Pause Young (Allocation Failure) 6M->2M(15M) 0.357ms
[17.517s][info][gc] GC(163) Pause Young (Allocation Failure) 6M->2M(15M) 0.357ms
[17.524s][info][gc] GC(164) Pause Young (Allocation Failure) 6M->2M(15M) 0.366ms
[17.534s][info][gc] GC(165) Pause Young (Allocation Failure) 6M->2M(15M) 0.366ms
[17.543s][info][gc] GC(166) Pause Young (Allocation Failure) 6M->2M(15M) 0.352ms
[17.551s][info][gc] GC(167) Pause Young (Allocation Failure) 6M->2M(15M) 0.413ms
[17.559s][info][gc] GC(168) Pause Young (Allocation Failure) 6M->2M(15M) 0.369ms
[17.569s][info][gc] GC(169) Pause Young (Allocation Failure) 6M->2M(15M) 0.304ms
[17.574s][info][gc] GC(170) Pause Young (Allocation Failure) 6M->2M(15M) 0.393ms
[17.578s][info][gc] GC(171) Pause Young (Allocation Failure) 6M->2M(15M) 0.358ms
[17.586s][info][gc] GC(172) Pause Young (Allocation Failure) 6M->2M(15M) 0.391ms
[17.593s][info][gc] GC(173) Pause Young (Allocation Failure) 6M->2M(15M) 0.355ms
[17.600s][info][gc] GC(174) Pause Young (Allocation Failure) 6M->2M(15M) 0.334ms
[17.608s][info][gc] GC(175) Pause Young (Allocation Failure) 6M->2M(15M) 0.346ms
[17.616s][info][gc] GC(176) Pause Young (Allocation Failure) 6M->2M(15M) 0.340ms
[17.628s][info][gc] GC(177) Pause Young (Allocation Failure) 6M->2M(15M) 0.378ms
[17.636s][info][gc] GC(178) Pause Young (Allocation Failure) 6M->2M(15M) 0.338ms
[17.645s][info][gc] GC(179) Pause Young (Allocation Failure) 6M->2M(15M) 0.293ms
[17.650s][info][gc] GC(180) Pause Young (Allocation Failure) 6M->2M(15M) 0.342ms
[17.655s][info][gc] GC(181) Pause Young (Allocation Failure) 6M->2M(15M) 0.349ms
[17.659s][info][gc] GC(182) Pause Young (Allocation Failure) 6M->2M(15M) 0.318ms
[17.663s][info][gc] GC(183) Pause Young (Allocation Failure) 6M->2M(15M) 0.333ms
[17.668s][info][gc] GC(184) Pause Young (Allocation Failure) 6M->2M(15M) 0.319ms
[17.672s][info][gc] GC(185) Pause Young (Allocation Failure) 6M->2M(15M) 0.309ms
[17.676s][info][gc] GC(186) Pause Young (Allocation Failure) 6M->2M(15M) 0.310ms
[17.680s][info][gc] GC(187) Pause Young (Allocation Failure) 6M->2M(15M) 0.317ms
[17.684s][info][gc] GC(188) Pause Young (Allocation Failure) 6M->2M(15M) 0.258ms
[17.688s][info][gc] GC(189) Pause Young (Allocation Failure) 6M->2M(15M) 0.350ms
[17.694s][info][gc] GC(190) Pause Young (Allocation Failure) 6M->2M(15M) 0.348ms
[17.698s][info][gc] GC(191) Pause Young (Allocation Failure) 6M->2M(15M) 0.238ms
[17.702s][info][gc] GC(192) Pause Young (Allocation Failure) 6M->2M(15M) 0.323ms
[17.706s][info][gc] GC(193) Pause Young (Allocation Failure) 6M->2M(15M) 0.322ms
[17.713s][info][gc] GC(194) Pause Young (Allocation Failure) 6M->2M(15M) 0.271ms
[17.717s][info][gc] GC(195) Pause Young (Allocation Failure) 6M->2M(15M) 0.310ms
[17.721s][info][gc] GC(196) Pause Young (Allocation Failure) 6M->2M(15M) 0.344ms
[17.726s][info][gc] GC(197) Pause Young (Allocation Failure) 6M->2M(15M) 0.271ms
[17.730s][info][gc] GC(198) Pause Young (Allocation Failure) 6M->2M(15M) 0.323ms
[17.734s][info][gc] GC(199) Pause Young (Allocation Failure) 6M->2M(15M) 0.324ms
[17.738s][info][gc] GC(200) Pause Young (Allocation Failure) 6M->2M(15M) 0.308ms
[17.743s][info][gc] GC(201) Pause Young (Allocation Failure) 6M->2M(15M) 0.333ms
[17.747s][info][gc] GC(202) Pause Young (Allocation Failure) 6M->2M(15M) 0.310ms
[17.751s][info][gc] GC(203) Pause Young (Allocation Failure) 6M->2M(15M) 0.295ms
[17.756s][info][gc] GC(204) Pause Young (Allocation Failure) 6M->2M(15M) 0.316ms
[17.760s][info][gc] GC(205) Pause Young (Allocation Failure) 6M->2M(15M) 0.257ms
[17.764s][info][gc] GC(206) Pause Young (Allocation Failure) 6M->2M(15M) 0.311ms
[17.779s][info][gc] GC(207) Pause Young (Allocation Failure) 6M->2M(15M) 0.346ms
[17.785s][info][gc] GC(208) Pause Young (Allocation Failure) 6M->2M(15M) 0.411ms
[17.795s][info][gc] GC(209) Pause Young (Allocation Failure) 6M->2M(15M) 0.393ms
[17.801s][info][gc] GC(210) Pause Young (Allocation Failure) 6M->2M(15M) 0.350ms
[17.818s][info][gc] GC(211) Pause Young (Allocation Failure) 6M->2M(15M) 0.273ms
[18.214s][info][gc] GC(212) Pause Young (Allocation Failure) 6M->2M(15M) 0.359ms
[18.233s][info][gc] GC(213) Pause Young (Allocation Failure) 6M->2M(15M) 0.354ms
[18.446s][info][gc] GC(214) Pause Young (Allocation Failure) 6M->2M(15M) 0.352ms
[18.514s][info][gc] GC(215) Pause Young (Allocation Failure) 6M->2M(15M) 0.526ms
[18.725s][info][gc] GC(216) Pause Young (Allocation Failure) 6M->2M(15M) 0.300ms
[18.732s][info][gc] GC(217) Pause Young (Allocation Failure) 6M->2M(15M) 0.337ms
[19.065s][info][gc] GC(218) Pause Young (Allocation Failure) 6M->2M(15M) 0.356ms
[19.080s][info][gc] GC(219) Pause Young (Allocation Failure) 6M->2M(15M) 0.298ms
[19.094s][info][gc] GC(220) Pause Young (Allocation Failure) 6M->2M(15M) 0.347ms
[19.105s][info][gc] GC(221) Pause Young (Allocation Failure) 6M->2M(15M) 0.304ms
[19.110s][info][gc] GC(222) Pause Young (Allocation Failure) 6M->2M(15M) 0.361ms
[19.116s][info][gc] GC(223) Pause Young (Allocation Failure) 6M->2M(15M) 0.349ms
[19.120s][info][gc] GC(224) Pause Young (Allocation Failure) 6M->2M(15M) 0.262ms
[19.125s][info][gc] GC(225) Pause Young (Allocation Failure) 6M->2M(15M) 0.353ms
[19.282s][info][gc] GC(226) Pause Young (Allocation Failure) 6M->2M(15M) 0.392ms
[19.286s][info][gc] GC(227) Pause Young (Allocation Failure) 6M->2M(15M) 0.345ms
[19.299s][info][gc] GC(228) Pause Young (Allocation Failure) 6M->2M(15M) 0.372ms
[19.305s][info][gc] GC(229) Pause Young (Allocation Failure) 6M->2M(15M) 0.292ms
[19.317s][info][gc] GC(230) Pause Young (Allocation Failure) 6M->2M(15M) 0.540ms
[19.334s][info][gc] GC(231) Pause Young (Allocation Failure) 6M->2M(15M) 0.289ms
[19.345s][info][gc] GC(232) Pause Young (Allocation Failure) 6M->2M(15M) 0.676ms
[19.351s][info][gc] GC(233) Pause Young (Allocation Failure) 6M->2M(15M) 0.352ms
[19.428s][info][gc] GC(234) Pause Young (Allocation Failure) 6M->2M(15M) 0.368ms
[19.453s][info][gc] GC(235) Pause Young (Allocation Failure) 6M->2M(15M) 0.345ms
[19.817s][info][gc] GC(236) Pause Young (Allocation Failure) 6M->2M(15M) 0.299ms
[19.823s][info][gc] GC(237) Pause Young (Allocation Failure) 6M->2M(15M) 0.490ms
[19.829s][info][gc] GC(238) Pause Young (Allocation Failure) 6M->2M(15M) 0.342ms
[19.833s][info][gc] GC(239) Pause Young (Allocation Failure) 6M->2M(15M) 0.282ms
[19.837s][info][gc] GC(240) Pause Young (Allocation Failure) 6M->2M(15M) 0.340ms
[19.845s][info][gc] GC(241) Pause Young (Allocation Failure) 6M->2M(15M) 0.390ms
[19.850s][info][gc] GC(242) Pause Young (Allocation Failure) 6M->2M(15M) 0.344ms
[19.854s][info][gc] GC(243) Pause Young (Allocation Failure) 6M->2M(15M) 0.356ms
[19.864s][info][gc] GC(244) Pause Young (Allocation Failure) 6M->2M(15M) 0.356ms
[19.868s][info][gc] GC(245) Pause Young (Allocation Failure) 6M->2M(15M) 0.353ms
[19.879s][info][gc] GC(246) Pause Young (Allocation Failure) 6M->2M(15M) 0.353ms
[19.884s][info][gc] GC(247) Pause Young (Allocation Failure) 6M->2M(15M) 0.277ms
[19.894s][info][gc] GC(248) Pause Young (Allocation Failure) 6M->2M(15M) 0.425ms
[19.898s][info][gc] GC(249) Pause Young (Allocation Failure) 6M->2M(15M) 0.338ms
[19.903s][info][gc] GC(250) Pause Young (Allocation Failure) 6M->2M(15M) 0.339ms
[19.913s][info][gc] GC(251) Pause Young (Allocation Failure) 6M->2M(15M) 0.341ms
[19.919s][info][gc] GC(252) Pause Young (Allocation Failure) 6M->2M(15M) 0.283ms
[19.929s][info][gc] GC(253) Pause Young (Allocation Failure) 6M->2M(15M) 0.485ms
[19.934s][info][gc] GC(254) Pause Young (Allocation Failure) 6M->2M(15M) 0.365ms
[19.938s][info][gc] GC(255) Pause Young (Allocation Failure) 6M->2M(15M) 0.287ms
[19.948s][info][gc] GC(256) Pause Young (Allocation Failure) 6M->2M(15M) 0.352ms
[19.953s][info][gc] GC(257) Pause Young (Allocation Failure) 6M->2M(15M) 0.509ms
[19.978s][info][gc] GC(258) Pause Young (Allocation Failure) 6M->2M(15M) 0.363ms
[20.003s][info][gc] GC(259) Pause Young (Allocation Failure) 6M->2M(15M) 0.356ms
[20.045s][info][gc] GC(260) Pause Young (Allocation Failure) 6M->2M(15M) 0.296ms
[20.053s][info][gc] GC(261) Pause Young (Allocation Failure) 6M->2M(15M) 0.347ms
[20.066s][info][gc] GC(262) Pause Young (Allocation Failure) 6M->2M(15M) 0.345ms
[20.071s][info][gc] GC(263) Pause Young (Allocation Failure) 6M->2M(15M) 0.417ms
[20.081s][info][gc] GC(264) Pause Young (Allocation Failure) 6M->2M(15M) 0.286ms
[20.086s][info][gc] GC(265) Pause Young (Allocation Failure) 6M->2M(15M) 0.355ms
[20.095s][info][gc] GC(266) Pause Young (Allocation Failure) 6M->2M(15M) 0.391ms
[20.104s][info][gc] GC(267) Pause Young (Allocation Failure) 6M->2M(15M) 0.357ms
[20.115s][info][gc] GC(268) Pause Young (Allocation Failure) 6M->2M(15M) 0.381ms
[20.119s][info][gc] GC(269) Pause Young (Allocation Failure) 6M->2M(15M) 0.328ms
[20.130s][info][gc] GC(270) Pause Young (Allocation Failure) 6M->2M(15M) 0.386ms
[20.135s][info][gc] GC(271) Pause Young (Allocation Failure) 6M->2M(15M) 0.349ms
[20.144s][info][gc] GC(272) Pause Young (Allocation Failure) 6M->2M(15M) 0.378ms
[20.149s][info][gc] GC(273) Pause Young (Allocation Failure) 6M->2M(15M) 0.363ms
[20.164s][info][gc] GC(274) Pause Young (Allocation Failure) 6M->2M(15M) 0.391ms
[20.169s][info][gc] GC(275) Pause Young (Allocation Failure) 6M->2M(15M) 0.358ms
[20.179s][info][gc] GC(276) Pause Young (Allocation Failure) 6M->2M(15M) 0.384ms
[20.183s][info][gc] GC(277) Pause Young (Allocation Failure) 6M->2M(15M) 0.295ms
[20.188s][info][gc] GC(278) Pause Young (Allocation Failure) 6M->2M(15M) 0.454ms
[20.198s][info][gc] GC(279) Pause Young (Allocation Failure) 6M->2M(15M) 0.350ms
[20.202s][info][gc] GC(280) Pause Young (Allocation Failure) 6M->2M(15M) 0.362ms
[20.212s][info][gc] GC(281) Pause Young (Allocation Failure) 6M->2M(15M) 0.350ms
[20.320s][info][gc] GC(282) Pause Young (Allocation Failure) 6M->2M(15M) 0.311ms
[20.355s][info][gc] GC(283) Pause Young (Allocation Failure) 6M->2M(15M) 0.376ms
[20.369s][info][gc] GC(284) Pause Young (Allocation Failure) 6M->2M(15M) 0.365ms
[20.381s][info][gc] GC(285) Pause Young (Allocation Failure) 6M->2M(15M) 0.357ms
[20.386s][info][gc] GC(286) Pause Young (Allocation Failure) 6M->2M(15M) 0.355ms
[20.397s][info][gc] GC(287) Pause Young (Allocation Failure) 6M->2M(15M) 0.368ms
[20.401s][info][gc] GC(288) Pause Young (Allocation Failure) 6M->2M(15M) 0.362ms
[20.410s][info][gc] GC(289) Pause Young (Allocation Failure) 6M->2M(15M) 0.329ms
[20.427s][info][gc] GC(290) Pause Young (Allocation Failure) 6M->2M(15M) 0.359ms
[20.435s][info][gc] GC(291) Pause Young (Allocation Failure) 6M->2M(15M) 0.362ms
[20.447s][info][gc] GC(292) Pause Young (Allocation Failure) 6M->2M(15M) 0.288ms
[20.452s][info][gc] GC(293) Pause Young (Allocation Failure) 6M->2M(15M) 0.348ms
[20.461s][info][gc] GC(294) Pause Young (Allocation Failure) 6M->2M(15M) 0.386ms
[20.466s][info][gc] GC(295) Pause Young (Allocation Failure) 6M->2M(15M) 0.351ms
[20.471s][info][gc] GC(296) Pause Young (Allocation Failure) 6M->2M(15M) 0.341ms
[20.484s][info][gc] GC(297) Pause Young (Allocation Failure) 6M->2M(15M) 0.352ms
[20.546s][info][gc] GC(298) Pause Young (Allocation Failure) 6M->2M(15M) 0.357ms
[20.566s][info][gc] GC(299) Pause Young (Allocation Failure) 6M->2M(15M) 0.303ms
[20.584s][info][gc] GC(300) Pause Young (Allocation Failure) 6M->2M(15M) 0.346ms
[20.598s][info][gc] GC(301) Pause Young (Allocation Failure) 6M->2M(15M) 0.346ms
[20.609s][info][gc] GC(302) Pause Young (Allocation Failure) 6M->2M(15M) 0.273ms
[20.618s][info][gc] GC(303) Pause Young (Allocation Failure) 6M->2M(15M) 0.342ms
[20.627s][info][gc] GC(304) Pause Young (Allocation Failure) 6M->2M(15M) 0.341ms
[20.643s][info][gc] GC(305) Pause Young (Allocation Failure) 6M->2M(15M) 0.300ms
[20.666s][info][gc] GC(306) Pause Young (Allocation Failure) 6M->2M(15M) 0.358ms
[20.718s][info][gc] GC(307) Pause Young (Allocation Failure) 6M->2M(15M) 0.326ms
[20.737s][info][gc] GC(308) Pause Young (Allocation Failure) 6M->2M(15M) 0.351ms
[20.778s][info][gc] GC(309) Pause Young (Allocation Failure) 6M->2M(15M) 0.380ms
[20.785s][info][gc] GC(310) Pause Young (Allocation Failure) 6M->2M(15M) 0.300ms
[20.883s][info][gc] GC(311) Pause Young (Allocation Failure) 6M->2M(15M) 0.357ms
[20.899s][info][gc] GC(312) Pause Young (Allocation Failure) 6M->2M(15M) 0.359ms
[20.915s][info][gc] GC(313) Pause Young (Allocation Failure) 6M->2M(15M) 0.347ms
[20.930s][info][gc] GC(314) Pause Young (Allocation Failure) 6M->2M(15M) 0.573ms
[20.935s][info][gc] GC(315) Pause Young (Allocation Failure) 6M->2M(15M) 0.326ms
[20.941s][info][gc] GC(316) Pause Young (Allocation Failure) 6M->2M(15M) 0.453ms
[20.948s][info][gc] GC(317) Pause Young (Allocation Failure) 7M->2M(15M) 0.382ms
[20.952s][info][gc] GC(318) Pause Young (Allocation Failure) 6M->2M(15M) 0.380ms
[21.065s][info][gc] GC(319) Pause Young (Allocation Failure) 7M->2M(15M) 0.439ms
[21.269s][info][gc] GC(320) Pause Young (Allocation Failure) 7M->2M(15M) 0.393ms
[21.391s][info][gc] GC(321) Pause Young (Allocation Failure) 6M->2M(15M) 0.308ms
[21.400s][info][gc] GC(322) Pause Young (Allocation Failure) 6M->2M(15M) 0.458ms
[21.410s][info][gc] GC(323) Pause Young (Allocation Failure) 7M->2M(15M) 0.643ms
[21.427s][info][gc] GC(324) Pause Young (Allocation Failure) 6M->2M(15M) 0.365ms
[21.435s][info][gc] GC(325) Pause Young (Allocation Failure) 6M->2M(15M) 0.418ms
[21.482s][info][gc] GC(326) Pause Young (Allocation Failure) 7M->2M(15M) 0.462ms
[21.499s][info][gc] GC(327) Pause Young (Allocation Failure) 7M->2M(15M) 0.345ms
[21.504s][info][gc] GC(328) Pause Young (Allocation Failure) 6M->2M(15M) 0.569ms
[21.510s][info][gc] GC(329) Pause Young (Allocation Failure) 7M->2M(15M) 0.446ms
[21.516s][info][gc] GC(330) Pause Young (Allocation Failure) 7M->2M(15M) 0.370ms
[21.523s][info][gc] GC(331) Pause Young (Allocation Failure) 7M->2M(15M) 0.348ms
[21.548s][info][gc] GC(332) Pause Young (Allocation Failure) 7M->2M(15M) 0.354ms
[21.621s][info][gc] GC(333) Pause Young (Allocation Failure) 7M->2M(15M) 0.708ms
[21.629s][info][gc] GC(334) Pause Young (Allocation Failure) 7M->2M(15M) 0.363ms
[21.634s][info][gc] GC(335) Pause Young (Allocation Failure) 7M->2M(15M) 0.348ms
[21.643s][info][gc] GC(336) Pause Young (Allocation Failure) 7M->2M(15M) 0.329ms
[21.649s][info][gc] GC(337) Pause Young (Allocation Failure) 7M->2M(15M) 0.370ms
[21.654s][info][gc] GC(338) Pause Young (Allocation Failure) 7M->2M(15M) 0.389ms
[21.662s][info][gc] GC(339) Pause Young (Allocation Failure) 7M->2M(15M) 0.290ms
[21.670s][info][gc] GC(340) Pause Young (Allocation Failure) 6M->2M(15M) 0.367ms
[21.783s][info][gc] GC(341) Pause Young (Allocation Failure) 7M->2M(15M) 0.352ms
[21.792s][info][gc] GC(342) Pause Young (Allocation Failure) 7M->2M(15M) 0.291ms
[21.813s][info][gc] GC(343) Pause Young (Allocation Failure) 6M->2M(15M) 0.381ms
[21.820s][info][gc] GC(344) Pause Young (Allocation Failure) 7M->2M(15M) 0.347ms
[21.831s][info][gc] GC(345) Pause Young (Allocation Failure) 7M->2M(15M) 0.291ms
[21.836s][info][gc] GC(346) Pause Young (Allocation Failure) 6M->2M(15M) 0.371ms
[21.849s][info][gc] GC(347) Pause Young (Allocation Failure) 7M->2M(15M) 0.358ms
[21.944s][info][gc] GC(348) Pause Young (Allocation Failure) 7M->2M(15M) 0.290ms
[21.981s][info][gc] GC(349) Pause Young (Allocation Failure) 6M->2M(15M) 0.359ms
[21.992s][info][gc] GC(350) Pause Young (Allocation Failure) 7M->2M(15M) 0.404ms
[21.998s][info][gc] GC(351) Pause Young (Allocation Failure) 7M->2M(15M) 0.312ms
[22.004s][info][gc] GC(352) Pause Young (Allocation Failure) 7M->2M(15M) 0.378ms
[22.012s][info][gc] GC(353) Pause Young (Allocation Failure) 7M->2M(15M) 0.464ms
[22.026s][info][gc] GC(354) Pause Young (Allocation Failure) 7M->2M(15M) 0.321ms
[22.036s][info][gc] GC(355) Pause Young (Allocation Failure) 7M->2M(15M) 0.369ms
[22.045s][info][gc] GC(356) Pause Young (Allocation Failure) 7M->2M(15M) 0.335ms
[22.053s][info][gc] GC(357) Pause Young (Allocation Failure) 7M->2M(15M) 0.335ms
[22.067s][info][gc] GC(358) Pause Young (Allocation Failure) 7M->2M(15M) 0.387ms
[22.073s][info][gc] GC(359) Pause Young (Allocation Failure) 7M->2M(15M) 0.338ms
[22.077s][info][gc] GC(360) Pause Young (Allocation Failure) 7M->2M(15M) 0.290ms
[22.197s][info][gc] GC(361) Pause Young (Allocation Failure) 7M->2M(15M) 0.458ms
[22.354s][info][gc] GC(362) Pause Young (Allocation Failure) 7M->2M(15M) 0.393ms
[22.380s][info][gc] GC(363) Pause Young (Allocation Failure) 7M->2M(15M) 0.304ms
[22.416s][info][gc] GC(364) Pause Young (Allocation Failure) 7M->2M(15M) 0.388ms
[22.425s][info][gc] GC(365) Pause Young (Allocation Failure) 7M->2M(15M) 0.354ms
[22.429s][info][gc] GC(366) Pause Young (Allocation Failure) 7M->2M(15M) 0.293ms
[22.433s][info][gc] GC(367) Pause Young (Allocation Failure) 7M->2M(15M) 0.352ms
[22.438s][info][gc] GC(368) Pause Young (Allocation Failure) 7M->2M(15M) 0.447ms
[22.442s][info][gc] GC(369) Pause Young (Allocation Failure) 7M->2M(15M) 0.330ms
[22.486s][info][gc] GC(370) Pause Young (Allocation Failure) 7M->2M(15M) 0.351ms
[22.497s][info][gc] GC(371) Pause Young (Allocation Failure) 7M->2M(15M) 0.293ms
[22.510s][info][gc] GC(372) Pause Young (Allocation Failure) 7M->2M(15M) 0.404ms
[22.523s][info][gc] GC(373) Pause Young (Allocation Failure) 7M->2M(15M) 0.355ms
[22.530s][info][gc] GC(374) Pause Young (Allocation Failure) 7M->2M(15M) 0.360ms
[22.538s][info][gc] GC(375) Pause Young (Allocation Failure) 7M->2M(15M) 0.359ms
[22.545s][info][gc] GC(376) Pause Young (Allocation Failure) 7M->2M(15M) 0.354ms
[22.788s][info][gc] GC(377) Pause Young (Allocation Failure) 7M->2M(15M) 0.369ms
[22.828s][info][gc] GC(378) Pause Young (Allocation Failure) 7M->2M(15M) 0.364ms
[22.842s][info][gc] GC(379) Pause Young (Allocation Failure) 7M->2M(15M) 0.333ms
[22.852s][info][gc] GC(380) Pause Young (Allocation Failure) 7M->2M(15M) 0.380ms
[22.861s][info][gc] GC(381) Pause Young (Allocation Failure) 7M->2M(15M) 0.392ms
[22.866s][info][gc] GC(382) Pause Young (Allocation Failure) 7M->2M(15M) 0.285ms
[22.871s][info][gc] GC(383) Pause Young (Allocation Failure) 7M->2M(15M) 0.385ms
[22.877s][info][gc] GC(384) Pause Young (Allocation Failure) 7M->2M(15M) 0.375ms
[22.983s][info][gc] GC(385) Pause Young (Allocation Failure) 7M->2M(15M) 0.327ms
[22.987s][info][gc] GC(386) Pause Young (Allocation Failure) 7M->2M(15M) 0.372ms
[24.779s][info][gc] GC(387) Pause Young (Allocation Failure) 7M->2M(15M) 0.363ms
[24.788s][info][gc] GC(388) Pause Young (Allocation Failure) 7M->2M(15M) 0.307ms
[24.795s][info][gc] GC(389) Pause Young (Allocation Failure) 7M->2M(15M) 0.342ms
[24.803s][info][gc] GC(390) Pause Young (Allocation Failure) 7M->2M(15M) 0.344ms
[24.808s][info][gc] GC(391) Pause Young (Allocation Failure) 7M->2M(15M) 0.347ms
[24.812s][info][gc] GC(392) Pause Young (Allocation Failure) 7M->2M(15M) 0.333ms
[24.816s][info][gc] GC(393) Pause Young (Allocation Failure) 7M->2M(15M) 0.281ms
[24.820s][info][gc] GC(394) Pause Young (Allocation Failure) 7M->2M(15M) 0.365ms
[24.837s][info][gc] GC(395) Pause Young (Allocation Failure) 7M->2M(15M) 0.312ms
[24.862s][info][gc] GC(396) Pause Young (Allocation Failure) 7M->2M(15M) 0.365ms
[24.869s][info][gc] GC(397) Pause Young (Allocation Failure) 7M->2M(15M) 0.349ms
[24.875s][info][gc] GC(398) Pause Young (Allocation Failure) 7M->2M(15M) 0.282ms
[24.883s][info][gc] GC(399) Pause Young (Allocation Failure) 7M->2M(15M) 0.354ms
[24.888s][info][gc] GC(400) Pause Young (Allocation Failure) 7M->2M(15M) 0.343ms
[24.893s][info][gc] GC(401) Pause Young (Allocation Failure) 7M->2M(15M) 0.353ms
[24.897s][info][gc] GC(402) Pause Young (Allocation Failure) 7M->2M(15M) 0.336ms
[24.962s][info][gc] GC(403) Pause Young (Allocation Failure) 7M->2M(15M) 0.282ms
[24.967s][info][gc] GC(404) Pause Young (Allocation Failure) 7M->2M(15M) 0.549ms
[24.972s][info][gc] GC(405) Pause Young (Allocation Failure) 7M->2M(15M) 0.324ms
[24.977s][info][gc] GC(406) Pause Young (Allocation Failure) 7M->2M(15M) 0.354ms
[24.981s][info][gc] GC(407) Pause Young (Allocation Failure) 7M->2M(15M) 0.339ms
[24.987s][info][gc] GC(408) Pause Young (Allocation Failure) 7M->2M(15M) 0.719ms
[24.993s][info][gc] GC(409) Pause Young (Allocation Failure) 7M->2M(15M) 0.347ms
[24.998s][info][gc] GC(410) Pause Young (Allocation Failure) 7M->2M(15M) 0.337ms
[25.085s][info][gc] GC(411) Pause Young (Allocation Failure) 7M->2M(15M) 0.331ms
[25.257s][info][gc] GC(412) Pause Young (Allocation Failure) 7M->2M(15M) 0.351ms
[25.266s][info][gc] GC(413) Pause Young (Allocation Failure) 7M->2M(15M) 0.368ms
[25.302s][info][gc] GC(414) Pause Young (Allocation Failure) 7M->2M(15M) 0.302ms
[25.466s][info][gc] GC(415) Pause Young (Allocation Failure) 7M->2M(15M) 0.358ms
[25.476s][info][gc] GC(416) Pause Young (Allocation Failure) 7M->2M(15M) 0.359ms
[25.484s][info][gc] GC(417) Pause Young (Allocation Failure) 7M->2M(15M) 0.339ms
[25.492s][info][gc] GC(418) Pause Young (Allocation Failure) 7M->2M(15M) 0.313ms
[25.642s][info][gc] GC(419) Pause Young (Allocation Failure) 7M->2M(15M) 0.350ms
[25.661s][info][gc] GC(420) Pause Young (Allocation Failure) 7M->2M(15M) 0.345ms
[25.668s][info][gc] GC(421) Pause Young (Allocation Failure) 7M->2M(15M) 0.334ms
[25.674s][info][gc] GC(422) Pause Young (Allocation Failure) 7M->2M(15M) 0.354ms
[25.679s][info][gc] GC(423) Pause Young (Allocation Failure) 7M->2M(15M) 0.306ms
[25.686s][info][gc] GC(424) Pause Young (Allocation Failure) 7M->2M(15M) 0.347ms
[25.720s][info][gc] GC(425) Pause Young (Allocation Failure) 7M->2M(15M) 0.362ms
[25.747s][info][gc] GC(426) Pause Young (Allocation Failure) 7M->2M(15M) 0.325ms
[25.753s][info][gc] GC(427) Pause Young (Allocation Failure) 7M->2M(15M) 0.351ms
[25.761s][info][gc] GC(428) Pause Young (Allocation Failure) 7M->2M(15M) 0.341ms
[25.765s][info][gc] GC(429) Pause Young (Allocation Failure) 7M->2M(15M) 0.353ms
[25.770s][info][gc] GC(430) Pause Young (Allocation Failure) 7M->2M(15M) 0.356ms
[25.782s][info][gc] GC(431) Pause Young (Allocation Failure) 7M->2M(15M) 0.304ms
[25.790s][info][gc] GC(432) Pause Young (Allocation Failure) 7M->2M(15M) 0.349ms
[25.795s][info][gc] GC(433) Pause Young (Allocation Failure) 7M->2M(15M) 0.345ms
[25.824s][info][gc] GC(434) Pause Young (Allocation Failure) 7M->2M(15M) 0.351ms
[25.831s][info][gc] GC(435) Pause Young (Allocation Failure) 7M->2M(15M) 0.556ms
[25.840s][info][gc] GC(436) Pause Young (Allocation Failure) 7M->2M(15M) 0.364ms
[25.849s][info][gc] GC(437) Pause Young (Allocation Failure) 7M->2M(15M) 0.276ms
[25.860s][info][gc] GC(438) Pause Young (Allocation Failure) 7M->2M(15M) 0.348ms
[25.870s][info][gc] GC(439) Pause Young (Allocation Failure) 7M->2M(15M) 0.351ms
[25.877s][info][gc] GC(440) Pause Young (Allocation Failure) 7M->2M(15M) 0.355ms
[25.882s][info][gc] GC(441) Pause Young (Allocation Failure) 7M->2M(15M) 0.349ms
[25.896s][info][gc] GC(442) Pause Young (Allocation Failure) 7M->2M(15M) 0.284ms
[25.901s][info][gc] GC(443) Pause Young (Allocation Failure) 7M->2M(15M) 0.354ms
[25.909s][info][gc] GC(444) Pause Young (Allocation Failure) 7M->2M(15M) 0.320ms
[25.915s][info][gc] GC(445) Pause Young (Allocation Failure) 7M->2M(15M) 0.358ms
[25.920s][info][gc] GC(446) Pause Young (Allocation Failure) 7M->2M(15M) 0.355ms
[25.929s][info][gc] GC(447) Pause Young (Allocation Failure) 7M->2M(15M) 0.430ms
[25.935s][info][gc] GC(448) Pause Young (Allocation Failure) 7M->2M(15M) 0.353ms
[25.945s][info][gc] GC(449) Pause Young (Allocation Failure) 7M->2M(15M) 0.505ms
[26.068s][info][gc] GC(450) Pause Young (Allocation Failure) 7M->2M(15M) 0.367ms
[26.092s][info][gc] GC(451) Pause Young (Allocation Failure) 7M->2M(15M) 0.355ms
[26.098s][info][gc] GC(452) Pause Young (Allocation Failure) 7M->2M(15M) 0.346ms
[26.102s][info][gc] GC(453) Pause Young (Allocation Failure) 7M->2M(15M) 0.341ms
[26.113s][info][gc] GC(454) Pause Young (Allocation Failure) 7M->2M(15M) 0.281ms
[26.118s][info][gc] GC(455) Pause Young (Allocation Failure) 7M->2M(15M) 0.354ms
[26.132s][info][gc] GC(456) Pause Young (Allocation Failure) 7M->2M(15M) 0.362ms
[26.144s][info][gc] GC(457) Pause Young (Allocation Failure) 7M->2M(15M) 0.278ms
[26.149s][info][gc] GC(458) Pause Young (Allocation Failure) 7M->2M(15M) 0.351ms
[26.153s][info][gc] GC(459) Pause Young (Allocation Failure) 7M->2M(15M) 0.321ms
[26.161s][info][gc] GC(460) Pause Young (Allocation Failure) 7M->2M(15M) 0.349ms
[26.168s][info][gc] GC(461) Pause Young (Allocation Failure) 7M->2M(15M) 0.357ms
[26.177s][info][gc] GC(462) Pause Young (Allocation Failure) 7M->2M(15M) 0.337ms
[26.186s][info][gc] GC(463) Pause Young (Allocation Failure) 7M->2M(15M) 0.258ms
[26.196s][info][gc] GC(464) Pause Young (Allocation Failure) 7M->2M(15M) 0.447ms
[26.201s][info][gc] GC(465) Pause Young (Allocation Failure) 7M->2M(15M) 0.352ms
[26.210s][info][gc] GC(466) Pause Young (Allocation Failure) 7M->2M(15M) 0.359ms
[26.219s][info][gc] GC(467) Pause Young (Allocation Failure) 7M->2M(15M) 0.336ms
[26.228s][info][gc] GC(468) Pause Young (Allocation Failure) 7M->2M(15M) 0.303ms
[26.233s][info][gc] GC(469) Pause Young (Allocation Failure) 7M->2M(15M) 0.341ms
[26.240s][info][gc] GC(470) Pause Young (Allocation Failure) 7M->2M(15M) 0.445ms
[26.244s][info][gc] GC(471) Pause Young (Allocation Failure) 7M->2M(15M) 0.347ms
[26.249s][info][gc] GC(472) Pause Young (Allocation Failure) 7M->2M(15M) 0.322ms
[26.266s][info][gc] GC(473) Pause Young (Allocation Failure) 7M->2M(15M) 0.349ms
[26.278s][info][gc] GC(474) Pause Young (Allocation Failure) 7M->2M(15M) 0.359ms
[26.286s][info][gc] GC(475) Pause Young (Allocation Failure) 7M->2M(15M) 0.319ms
[26.297s][info][gc] GC(476) Pause Young (Allocation Failure) 7M->2M(15M) 0.348ms
[26.302s][info][gc] GC(477) Pause Young (Allocation Failure) 7M->2M(15M) 0.342ms
[26.309s][info][gc] GC(478) Pause Young (Allocation Failure) 7M->2M(15M) 0.305ms
[26.320s][info][gc] GC(479) Pause Young (Allocation Failure) 7M->2M(15M) 0.349ms
[26.327s][info][gc] GC(480) Pause Young (Allocation Failure) 7M->2M(15M) 0.352ms
[26.331s][info][gc] GC(481) Pause Young (Allocation Failure) 7M->2M(15M) 0.363ms
[26.345s][info][gc] GC(482) Pause Young (Allocation Failure) 7M->2M(15M) 0.358ms
[26.350s][info][gc] GC(483) Pause Young (Allocation Failure) 7M->2M(15M) 0.345ms
[26.359s][info][gc] GC(484) Pause Young (Allocation Failure) 7M->2M(15M) 0.347ms
[26.365s][info][gc] GC(485) Pause Young (Allocation Failure) 7M->2M(15M) 0.358ms
[26.393s][info][gc] GC(486) Pause Young (Allocation Failure) 7M->2M(15M) 0.346ms
[26.408s][info][gc] GC(487) Pause Young (Allocation Failure) 7M->2M(15M) 0.356ms
[26.426s][info][gc] GC(488) Pause Young (Allocation Failure) 7M->2M(15M) 0.439ms
[26.434s][info][gc] GC(489) Pause Young (Allocation Failure) 7M->2M(15M) 0.293ms
[26.447s][info][gc] GC(490) Pause Young (Allocation Failure) 7M->2M(15M) 0.463ms
[26.452s][info][gc] GC(491) Pause Young (Allocation Failure) 7M->2M(15M) 0.351ms
[26.460s][info][gc] GC(492) Pause Young (Allocation Failure) 7M->2M(15M) 0.343ms
[26.465s][info][gc] GC(493) Pause Young (Allocation Failure) 7M->2M(15M) 0.342ms
[26.470s][info][gc] GC(494) Pause Young (Allocation Failure) 7M->2M(15M) 0.383ms
[26.481s][info][gc] GC(495) Pause Young (Allocation Failure) 7M->2M(15M) 0.290ms
[26.493s][info][gc] GC(496) Pause Young (Allocation Failure) 7M->2M(15M) 0.364ms
[26.506s][info][gc] GC(497) Pause Young (Allocation Failure) 7M->2M(15M) 0.398ms
[26.511s][info][gc] GC(498) Pause Young (Allocation Failure) 7M->2M(15M) 0.346ms
[26.515s][info][gc] GC(499) Pause Young (Allocation Failure) 7M->2M(15M) 0.357ms
[26.520s][info][gc] GC(500) Pause Young (Allocation Failure) 7M->2M(15M) 0.324ms
[26.529s][info][gc] GC(501) Pause Young (Allocation Failure) 7M->2M(15M) 0.339ms
[26.534s][info][gc] GC(502) Pause Young (Allocation Failure) 7M->2M(15M) 0.405ms
[26.541s][info][gc] GC(503) Pause Young (Allocation Failure) 7M->2M(15M) 0.274ms
[26.551s][info][gc] GC(504) Pause Young (Allocation Failure) 7M->2M(15M) 0.342ms
[26.560s][info][gc] GC(505) Pause Young (Allocation Failure) 7M->2M(15M) 0.555ms
[26.568s][info][gc] GC(506) Pause Young (Allocation Failure) 7M->2M(15M) 0.355ms
[26.578s][info][gc] GC(507) Pause Young (Allocation Failure) 7M->2M(15M) 0.335ms
[26.592s][info][gc] GC(508) Pause Young (Allocation Failure) 7M->2M(15M) 0.375ms
[26.602s][info][gc] GC(509) Pause Young (Allocation Failure) 7M->2M(15M) 0.351ms
[26.615s][info][gc] GC(510) Pause Young (Allocation Failure) 7M->2M(15M) 0.340ms
[26.634s][info][gc] GC(511) Pause Young (Allocation Failure) 7M->2M(15M) 0.285ms
[26.647s][info][gc] GC(512) Pause Young (Allocation Failure) 7M->2M(15M) 0.344ms
[26.660s][info][gc] GC(513) Pause Young (Allocation Failure) 7M->2M(15M) 0.342ms
[26.667s][info][gc] GC(514) Pause Young (Allocation Failure) 7M->2M(15M) 0.275ms
[26.678s][info][gc] GC(515) Pause Young (Allocation Failure) 7M->2M(15M) 0.339ms
[26.687s][info][gc] GC(516) Pause Young (Allocation Failure) 7M->2M(15M) 0.331ms
[26.691s][info][gc] GC(517) Pause Young (Allocation Failure) 7M->2M(15M) 0.348ms
[26.700s][info][gc] GC(518) Pause Young (Allocation Failure) 7M->2M(15M) 0.346ms
[26.712s][info][gc] GC(519) Pause Young (Allocation Failure) 7M->2M(15M) 0.355ms
[26.718s][info][gc] GC(520) Pause Young (Allocation Failure) 7M->2M(15M) 0.349ms
[26.724s][info][gc] GC(521) Pause Young (Allocation Failure) 7M->2M(15M) 0.295ms
[26.729s][info][gc] GC(522) Pause Young (Allocation Failure) 7M->2M(15M) 0.337ms
[26.737s][info][gc] GC(523) Pause Young (Allocation Failure) 7M->2M(15M) 0.352ms
[26.749s][info][gc] GC(524) Pause Young (Allocation Failure) 7M->2M(15M) 0.458ms
[26.786s][info][gc] GC(525) Pause Young (Allocation Failure) 7M->2M(15M) 0.340ms
[26.803s][info][gc] GC(526) Pause Young (Allocation Failure) 7M->2M(15M) 0.331ms
[26.810s][info][gc] GC(527) Pause Young (Allocation Failure) 7M->2M(15M) 0.332ms
[26.815s][info][gc] GC(528) Pause Young (Allocation Failure) 7M->2M(15M) 0.332ms
[26.820s][info][gc] GC(529) Pause Young (Allocation Failure) 7M->2M(15M) 0.307ms
[26.830s][info][gc] GC(530) Pause Young (Allocation Failure) 7M->2M(15M) 0.356ms
[26.835s][info][gc] GC(531) Pause Young (Allocation Failure) 7M->2M(15M) 0.336ms
[26.845s][info][gc] GC(532) Pause Young (Allocation Failure) 7M->2M(15M) 0.280ms
[26.856s][info][gc] GC(533) Pause Young (Allocation Failure) 7M->2M(15M) 0.350ms
[26.870s][info][gc] GC(534) Pause Young (Allocation Failure) 7M->2M(15M) 0.324ms
[26.878s][info][gc] GC(535) Pause Young (Allocation Failure) 7M->2M(15M) 0.362ms
[26.895s][info][gc] GC(536) Pause Young (Allocation Failure) 7M->2M(15M) 0.330ms
[26.915s][info][gc] GC(537) Pause Young (Allocation Failure) 7M->2M(15M) 0.349ms
[26.927s][info][gc] GC(538) Pause Young (Allocation Failure) 7M->2M(15M) 0.350ms
[26.936s][info][gc] GC(539) Pause Young (Allocation Failure) 7M->2M(15M) 0.371ms
[26.949s][info][gc] GC(540) Pause Young (Allocation Failure) 7M->2M(15M) 0.324ms
[26.957s][info][gc] GC(541) Pause Young (Allocation Failure) 7M->3M(15M) 0.395ms
[26.996s][info][gc] GC(542) Pause Young (Allocation Failure) 7M->2M(15M) 0.342ms
[27.004s][info][gc] GC(543) Pause Young (Allocation Failure) 7M->3M(15M) 0.416ms
[27.057s][info][gc] GC(544) Pause Young (Allocation Failure) 7M->2M(15M) 0.269ms
[27.064s][info][gc] GC(545) Pause Young (Allocation Failure) 7M->3M(15M) 0.364ms
[27.081s][info][gc] GC(546) Pause Young (Allocation Failure) 7M->2M(15M) 0.340ms
[27.090s][info][gc] GC(547) Pause Young (Allocation Failure) 7M->2M(15M) 0.302ms
[27.108s][info][gc] GC(548) Pause Young (Allocation Failure) 7M->3M(15M) 0.351ms
[27.116s][info][gc] GC(549) Pause Young (Allocation Failure) 7M->3M(15M) 0.336ms
[27.123s][info][gc] GC(550) Pause Young (Allocation Failure) 7M->3M(15M) 0.346ms
[27.128s][info][gc] GC(551) Pause Young (Allocation Failure) 7M->2M(15M) 0.336ms
[27.134s][info][gc] GC(552) Pause Young (Allocation Failure) 7M->2M(15M) 0.313ms
[27.168s][info][gc] GC(553) Pause Young (Allocation Failure) 7M->3M(15M) 0.347ms
[27.174s][info][gc] GC(554) Pause Young (Allocation Failure) 7M->3M(15M) 0.333ms
[27.180s][info][gc] GC(555) Pause Young (Allocation Failure) 7M->3M(15M) 0.374ms
[27.191s][info][gc] GC(556) Pause Young (Allocation Failure) 7M->2M(15M) 0.341ms
[27.201s][info][gc] GC(557) Pause Young (Allocation Failure) 7M->3M(15M) 0.340ms
[27.209s][info][gc] GC(558) Pause Young (Allocation Failure) 7M->3M(15M) 0.353ms
[27.213s][info][gc] GC(559) Pause Young (Allocation Failure) 7M->3M(15M) 0.310ms
[27.218s][info][gc] GC(560) Pause Young (Allocation Failure) 7M->3M(15M) 0.351ms
[27.225s][info][gc] GC(561) Pause Young (Allocation Failure) 7M->3M(15M) 0.357ms
[27.232s][info][gc] GC(562) Pause Young (Allocation Failure) 7M->2M(15M) 0.266ms
[27.236s][info][gc] GC(563) Pause Young (Allocation Failure) 7M->3M(15M) 0.339ms
[27.242s][info][gc] GC(564) Pause Young (Allocation Failure) 7M->3M(15M) 0.371ms
[27.248s][info][gc] GC(565) Pause Young (Allocation Failure) 7M->3M(15M) 0.318ms
[27.254s][info][gc] GC(566) Pause Young (Allocation Failure) 7M->3M(15M) 0.760ms
[27.259s][info][gc] GC(567) Pause Young (Allocation Failure) 7M->3M(15M) 0.330ms
[27.265s][info][gc] GC(568) Pause Young (Allocation Failure) 7M->2M(15M) 0.264ms
[27.271s][info][gc] GC(569) Pause Young (Allocation Failure) 7M->3M(15M) 0.615ms
[27.278s][info][gc] GC(570) Pause Young (Allocation Failure) 7M->3M(15M) 0.336ms
[27.286s][info][gc] GC(571) Pause Young (Allocation Failure) 7M->2M(15M) 0.422ms
[27.296s][info][gc] GC(572) Pause Young (Allocation Failure) 7M->3M(15M) 0.359ms
[27.302s][info][gc] GC(573) Pause Young (Allocation Failure) 7M->3M(15M) 0.316ms
[27.308s][info][gc] GC(574) Pause Young (Allocation Failure) 7M->3M(15M) 0.361ms
[27.312s][info][gc] GC(575) Pause Young (Allocation Failure) 7M->3M(15M) 0.342ms
[27.317s][info][gc] GC(576) Pause Young (Allocation Failure) 7M->3M(15M) 0.336ms
[27.328s][info][gc] GC(577) Pause Young (Allocation Failure) 7M->3M(15M) 0.348ms
[27.338s][info][gc] GC(578) Pause Young (Allocation Failure) 7M->2M(15M) 0.296ms
[27.346s][info][gc] GC(579) Pause Young (Allocation Failure) 7M->3M(15M) 0.347ms
[27.351s][info][gc] GC(580) Pause Young (Allocation Failure) 7M->3M(15M) 0.293ms
[27.357s][info][gc] GC(581) Pause Young (Allocation Failure) 7M->3M(15M) 0.376ms
[27.362s][info][gc] GC(582) Pause Young (Allocation Failure) 7M->3M(15M) 0.341ms
[27.367s][info][gc] GC(583) Pause Young (Allocation Failure) 7M->3M(15M) 0.342ms
[27.373s][info][gc] GC(584) Pause Young (Allocation Failure) 7M->3M(15M) 0.362ms
[27.381s][info][gc] GC(585) Pause Young (Allocation Failure) 7M->3M(15M) 0.352ms
[27.390s][info][gc] GC(586) Pause Young (Allocation Failure) 7M->3M(15M) 0.357ms
[27.396s][info][gc] GC(587) Pause Young (Allocation Failure) 7M->3M(15M) 0.345ms
[27.405s][info][gc] GC(588) Pause Young (Allocation Failure) 7M->3M(15M) 0.278ms
[27.410s][info][gc] GC(589) Pause Young (Allocation Failure) 7M->3M(15M) 0.347ms
[27.422s][info][gc] GC(590) Pause Young (Allocation Failure) 7M->3M(15M) 0.396ms
[27.444s][info][gc] GC(591) Pause Young (Allocation Failure) 7M->3M(15M) 0.309ms
[27.449s][info][gc] GC(592) Pause Young (Allocation Failure) 7M->3M(15M) 0.515ms
[27.455s][info][gc] GC(593) Pause Young (Allocation Failure) 7M->3M(15M) 0.372ms
[27.461s][info][gc] GC(594) Pause Young (Allocation Failure) 7M->3M(15M) 0.414ms
[27.467s][info][gc] GC(595) Pause Young (Allocation Failure) 7M->3M(15M) 0.365ms
[27.475s][info][gc] GC(596) Pause Young (Allocation Failure) 7M->3M(15M) 0.447ms
[27.486s][info][gc] GC(597) Pause Young (Allocation Failure) 7M->3M(15M) 0.250ms
[27.507s][info][gc] GC(598) Pause Young (Allocation Failure) 7M->3M(15M) 0.531ms
[27.512s][info][gc] GC(599) Pause Young (Allocation Failure) 7M->3M(15M) 0.329ms
[27.518s][info][gc] GC(600) Pause Young (Allocation Failure) 7M->3M(15M) 0.292ms
[27.526s][info][gc] GC(601) Pause Young (Allocation Failure) 7M->3M(15M) 0.345ms
[27.531s][info][gc] GC(602) Pause Young (Allocation Failure) 7M->3M(15M) 0.330ms
[27.536s][info][gc] GC(603) Pause Young (Allocation Failure) 7M->3M(15M) 0.343ms
[27.550s][info][gc] GC(604) Pause Young (Allocation Failure) 7M->3M(15M) 0.377ms
[27.561s][info][gc] GC(605) Pause Young (Allocation Failure) 7M->3M(15M) 0.542ms
[27.568s][info][gc] GC(606) Pause Young (Allocation Failure) 7M->3M(15M) 0.323ms
[27.581s][info][gc] GC(607) Pause Young (Allocation Failure) 7M->3M(15M) 0.351ms
[27.596s][info][gc] GC(608) Pause Young (Allocation Failure) 7M->3M(15M) 0.451ms
[27.603s][info][gc] GC(609) Pause Young (Allocation Failure) 7M->3M(15M) 0.290ms
[27.616s][info][gc] GC(610) Pause Young (Allocation Failure) 7M->3M(15M) 0.382ms
[27.630s][info][gc] GC(611) Pause Young (Allocation Failure) 7M->3M(15M) 0.346ms
[27.635s][info][gc] GC(612) Pause Young (Allocation Failure) 7M->3M(15M) 0.296ms
[27.643s][info][gc] GC(613) Pause Young (Allocation Failure) 7M->3M(15M) 0.360ms
[27.650s][info][gc] GC(614) Pause Young (Allocation Failure) 7M->3M(15M) 0.366ms
[27.659s][info][gc] GC(615) Pause Young (Allocation Failure) 7M->3M(15M) 0.398ms
[27.664s][info][gc] GC(616) Pause Young (Allocation Failure) 7M->3M(15M) 0.350ms
[27.668s][info][gc] GC(617) Pause Young (Allocation Failure) 7M->3M(15M) 0.267ms
[27.679s][info][gc] GC(618) Pause Young (Allocation Failure) 7M->3M(15M) 0.355ms
[27.686s][info][gc] GC(619) Pause Young (Allocation Failure) 7M->3M(15M) 0.273ms
[27.728s][info][gc] GC(620) Pause Young (Allocation Failure) 7M->3M(15M) 0.351ms
[27.736s][info][gc] GC(621) Pause Young (Allocation Failure) 7M->3M(15M) 0.348ms
[28.081s][info][gc] GC(622) Pause Young (Allocation Failure) 7M->3M(15M) 0.304ms
[28.182s][info][gc] GC(623) Pause Young (Allocation Failure) 7M->3M(15M) 0.364ms
[28.187s][info][gc] GC(624) Pause Young (Allocation Failure) 7M->3M(15M) 0.361ms
[28.302s][info][gc] GC(625) Pause Young (Allocation Failure) 7M->3M(15M) 0.355ms
[28.321s][info][gc] GC(626) Pause Young (Allocation Failure) 7M->3M(15M) 0.757ms
[28.399s][info][gc] GC(627) Pause Young (Allocation Failure) 7M->3M(15M) 0.526ms
[28.895s][info][gc] GC(628) Pause Young (Allocation Failure) 7M->3M(15M) 0.393ms
[28.968s][info][gc] GC(629) Pause Young (Allocation Failure) 7M->3M(15M) 0.457ms
[28.979s][info][gc] GC(630) Pause Young (Allocation Failure) 7M->3M(15M) 0.434ms
[28.988s][info][gc] GC(631) Pause Young (Allocation Failure) 7M->3M(15M) 0.505ms
[29.016s][info][gc] GC(632) Pause Young (Allocation Failure) 7M->3M(15M) 0.490ms
[29.038s][info][gc] GC(633) Pause Young (Allocation Failure) 7M->3M(15M) 0.947ms
[29.279s][info][gc] GC(634) Pause Young (Allocation Failure) 7M->3M(15M) 0.458ms
[29.295s][info][gc] GC(635) Pause Young (Allocation Failure) 7M->3M(15M) 0.431ms
[29.312s][info][gc] GC(636) Pause Young (Allocation Failure) 7M->3M(15M) 0.409ms
[29.328s][info][gc] GC(637) Pause Young (Allocation Failure) 7M->3M(15M) 0.496ms
[29.336s][info][gc] GC(638) Pause Young (Allocation Failure) 7M->3M(15M) 0.441ms
[29.366s][info][gc] GC(639) Pause Young (Allocation Failure) 7M->3M(15M) 0.519ms
[29.371s][info][gc] GC(640) Pause Young (Allocation Failure) 7M->3M(15M) 0.886ms
[29.422s][info][gc] GC(641) Pause Young (Allocation Failure) 7M->3M(15M) 0.499ms
[29.456s][info][gc] GC(642) Pause Young (Allocation Failure) 7M->3M(15M) 0.532ms
[29.468s][info][gc] GC(643) Pause Young (Allocation Failure) 7M->3M(15M) 0.337ms
[29.517s][info][gc] GC(644) Pause Young (Allocation Failure) 7M->3M(15M) 0.396ms
[29.542s][info][gc] GC(645) Pause Young (Allocation Failure) 7M->3M(15M) 0.582ms
[29.550s][info][gc] GC(646) Pause Young (Allocation Failure) 7M->3M(15M) 0.338ms
[29.564s][info][gc] GC(647) Pause Young (Allocation Failure) 7M->3M(15M) 0.333ms
[29.651s][info][gc] GC(648) Pause Young (Allocation Failure) 7M->3M(15M) 0.355ms
[29.656s][info][gc] GC(649) Pause Young (Allocation Failure) 7M->3M(15M) 0.344ms
[29.661s][info][gc] GC(650) Pause Young (Allocation Failure) 7M->3M(15M) 0.310ms
[29.667s][info][gc] GC(651) Pause Young (Allocation Failure) 7M->3M(15M) 0.349ms
[29.674s][info][gc] GC(652) Pause Young (Allocation Failure) 7M->3M(15M) 0.337ms
[29.679s][info][gc] GC(653) Pause Young (Allocation Failure) 7M->3M(15M) 0.300ms
[29.704s][info][gc] GC(654) Pause Young (Allocation Failure) 7M->3M(15M) 0.654ms
[29.725s][info][gc] GC(655) Pause Young (Allocation Failure) 7M->3M(15M) 0.408ms
[29.742s][info][gc] GC(656) Pause Young (Allocation Failure) 7M->3M(15M) 0.307ms
[29.747s][info][gc] GC(657) Pause Young (Allocation Failure) 7M->3M(15M) 0.366ms
[29.751s][info][gc] GC(658) Pause Young (Allocation Failure) 7M->3M(15M) 0.344ms
[29.790s][info][gc] GC(659) Pause Young (Allocation Failure) 7M->3M(15M) 0.280ms
[29.798s][info][gc] GC(660) Pause Young (Allocation Failure) 7M->3M(15M) 0.331ms
[29.808s][info][gc] GC(661) Pause Young (Allocation Failure) 7M->3M(15M) 0.464ms
[29.816s][info][gc] GC(662) Pause Young (Allocation Failure) 7M->3M(15M) 0.377ms
[29.823s][info][gc] GC(663) Pause Young (Allocation Failure) 7M->3M(15M) 0.351ms
[29.841s][info][gc] GC(664) Pause Young (Allocation Failure) 7M->3M(15M) 0.356ms
[29.850s][info][gc] GC(665) Pause Young (Allocation Failure) 7M->3M(15M) 0.363ms
[29.861s][info][gc] GC(666) Pause Young (Allocation Failure) 7M->3M(15M) 0.285ms
[29.869s][info][gc] GC(667) Pause Young (Allocation Failure) 7M->3M(15M) 0.373ms
[29.876s][info][gc] GC(668) Pause Young (Allocation Failure) 7M->3M(15M) 0.363ms
[29.880s][info][gc] GC(669) Pause Young (Allocation Failure) 7M->3M(15M) 0.288ms
[29.884s][info][gc] GC(670) Pause Young (Allocation Failure) 7M->3M(15M) 0.343ms
[29.889s][info][gc] GC(671) Pause Young (Allocation Failure) 7M->3M(15M) 0.341ms
[29.894s][info][gc] GC(672) Pause Young (Allocation Failure) 7M->3M(15M) 0.280ms
[29.902s][info][gc] GC(673) Pause Young (Allocation Failure) 7M->3M(15M) 0.453ms
[29.913s][info][gc] GC(674) Pause Young (Allocation Failure) 7M->3M(15M) 0.342ms
[29.919s][info][gc] GC(675) Pause Young (Allocation Failure) 7M->3M(15M) 0.338ms
[29.925s][info][gc] GC(676) Pause Young (Allocation Failure) 7M->3M(15M) 0.342ms
[29.930s][info][gc] GC(677) Pause Young (Allocation Failure) 7M->3M(15M) 0.349ms
[29.934s][info][gc] GC(678) Pause Young (Allocation Failure) 7M->3M(15M) 0.399ms
[29.949s][info][gc] GC(679) Pause Young (Allocation Failure) 7M->3M(15M) 0.367ms
[29.956s][info][gc] GC(680) Pause Young (Allocation Failure) 7M->3M(15M) 0.360ms
[29.963s][info][gc] GC(681) Pause Young (Allocation Failure) 7M->3M(15M) 0.370ms
[29.969s][info][gc] GC(682) Pause Young (Allocation Failure) 7M->3M(15M) 0.379ms
[29.980s][info][gc] GC(683) Pause Young (Allocation Failure) 7M->3M(15M) 0.334ms
[29.987s][info][gc] GC(684) Pause Young (Allocation Failure) 7M->3M(15M) 0.709ms
[29.995s][info][gc] GC(685) Pause Young (Allocation Failure) 7M->3M(15M) 0.288ms
[30.051s][info][gc] GC(686) Pause Young (Allocation Failure) 7M->3M(15M) 0.351ms
[30.059s][info][gc] GC(687) Pause Young (Allocation Failure) 7M->3M(15M) 0.330ms
[30.068s][info][gc] GC(688) Pause Young (Allocation Failure) 7M->3M(15M) 0.300ms
[30.077s][info][gc] GC(689) Pause Young (Allocation Failure) 7M->3M(15M) 0.380ms
[30.082s][info][gc] GC(690) Pause Young (Allocation Failure) 7M->3M(15M) 0.327ms
[30.096s][info][gc] GC(691) Pause Young (Allocation Failure) 7M->3M(15M) 0.568ms
[30.109s][info][gc] GC(692) Pause Young (Allocation Failure) 7M->3M(15M) 0.432ms
[30.123s][info][gc] GC(693) Pause Young (Allocation Failure) 7M->3M(15M) 0.352ms
[30.136s][info][gc] GC(694) Pause Young (Allocation Failure) 7M->3M(15M) 0.329ms
[30.149s][info][gc] GC(695) Pause Young (Allocation Failure) 7M->3M(15M) 0.346ms
[30.156s][info][gc] GC(696) Pause Young (Allocation Failure) 7M->3M(15M) 0.353ms
[30.163s][info][gc] GC(697) Pause Young (Allocation Failure) 7M->3M(15M) 0.299ms
[30.169s][info][gc] GC(698) Pause Young (Allocation Failure) 7M->3M(15M) 0.429ms
[30.180s][info][gc] GC(699) Pause Young (Allocation Failure) 7M->3M(15M) 0.333ms
[30.192s][info][gc] GC(700) Pause Young (Allocation Failure) 7M->3M(15M) 0.386ms
[30.203s][info][gc] GC(701) Pause Young (Allocation Failure) 7M->3M(15M) 0.410ms
[30.215s][info][gc] GC(702) Pause Young (Allocation Failure) 7M->3M(15M) 0.295ms
[30.231s][info][gc] GC(703) Pause Young (Allocation Failure) 7M->3M(15M) 0.371ms
[30.240s][info][gc] GC(704) Pause Young (Allocation Failure) 7M->3M(15M) 0.338ms
[30.264s][info][gc] GC(705) Pause Young (Allocation Failure) 7M->3M(15M) 0.352ms
[30.280s][info][gc] GC(706) Pause Young (Allocation Failure) 7M->3M(15M) 0.365ms
[30.333s][info][gc] GC(707) Pause Young (Allocation Failure) 7M->3M(15M) 0.435ms
[30.343s][info][gc] GC(708) Pause Young (Allocation Failure) 7M->3M(15M) 0.408ms
[30.354s][info][gc] GC(709) Pause Young (Allocation Failure) 7M->3M(15M) 1.325ms
[30.363s][info][gc] GC(710) Pause Young (Allocation Failure) 7M->3M(15M) 0.336ms
[30.377s][info][gc] GC(711) Pause Young (Allocation Failure) 7M->3M(15M) 0.490ms
[30.392s][info][gc] GC(712) Pause Young (Allocation Failure) 7M->3M(15M) 0.358ms
[30.404s][info][gc] GC(713) Pause Young (Allocation Failure) 7M->3M(15M) 0.747ms
[30.868s][info][gc] GC(714) Pause Young (Allocation Failure) 7M->3M(15M) 0.307ms
[30.895s][info][gc] GC(715) Pause Young (Allocation Failure) 7M->3M(15M) 0.342ms
[30.955s][info][gc] GC(716) Pause Young (Allocation Failure) 7M->3M(15M) 0.369ms
[30.970s][info][gc] GC(717) Pause Young (Allocation Failure) 7M->3M(15M) 1.044ms
[31.000s][info][gc] GC(718) Pause Young (Allocation Failure) 7M->3M(15M) 0.438ms
[31.015s][info][gc] GC(719) Pause Young (Allocation Failure) 7M->3M(15M) 0.389ms
[31.046s][info][gc] GC(720) Pause Young (Allocation Failure) 7M->3M(15M) 0.345ms
[31.059s][info][gc] GC(721) Pause Young (Allocation Failure) 7M->3M(15M) 0.413ms
[31.067s][info][gc] GC(722) Pause Young (Allocation Failure) 7M->3M(15M) 0.320ms
[31.076s][info][gc] GC(723) Pause Young (Allocation Failure) 7M->3M(15M) 0.494ms
[31.080s][info][gc] GC(724) Pause Young (Allocation Failure) 7M->3M(15M) 0.322ms
[31.088s][info][gc] GC(725) Pause Young (Allocation Failure) 7M->3M(15M) 0.249ms
[31.093s][info][gc] GC(726) Pause Young (Allocation Failure) 7M->3M(15M) 0.349ms
[31.098s][info][gc] GC(727) Pause Young (Allocation Failure) 7M->3M(15M) 0.298ms
[31.117s][info][gc] GC(728) Pause Young (Allocation Failure) 7M->3M(15M) 0.351ms
[31.161s][info][gc] GC(729) Pause Young (Allocation Failure) 7M->3M(15M) 0.362ms
[31.216s][info][gc] GC(730) Pause Young (Allocation Failure) 7M->3M(15M) 0.337ms
[31.249s][info][gc] GC(731) Pause Young (Allocation Failure) 7M->3M(15M) 0.470ms
[31.257s][info][gc] GC(732) Pause Young (Allocation Failure) 7M->3M(15M) 0.973ms
[31.266s][info][gc] GC(733) Pause Young (Allocation Failure) 7M->3M(15M) 0.408ms
[31.273s][info][gc] GC(734) Pause Young (Allocation Failure) 7M->3M(15M) 0.414ms
[31.381s][info][gc] GC(735) Pause Young (Allocation Failure) 7M->3M(15M) 0.346ms
[31.396s][info][gc] GC(736) Pause Young (Allocation Failure) 7M->3M(15M) 0.344ms
[31.438s][info][gc] GC(737) Pause Young (Allocation Failure) 7M->3M(15M) 7.339ms
[31.553s][info][gc] GC(738) Pause Young (Allocation Failure) 7M->3M(15M) 0.331ms
[31.567s][info][gc] GC(739) Pause Young (Allocation Failure) 7M->3M(15M) 0.362ms
[31.585s][info][gc] GC(740) Pause Young (Allocation Failure) 7M->3M(15M) 0.460ms
[31.720s][info][gc] GC(741) Pause Young (Allocation Failure) 7M->3M(15M) 0.699ms
[31.739s][info][gc] GC(742) Pause Young (Allocation Failure) 7M->3M(15M) 0.285ms
[31.748s][info][gc] GC(743) Pause Young (Allocation Failure) 7M->3M(15M) 0.376ms
[31.767s][info][gc] GC(744) Pause Young (Allocation Failure) 7M->3M(15M) 0.344ms
[31.779s][info][gc] GC(745) Pause Young (Allocation Failure) 7M->3M(15M) 0.342ms
[31.793s][info][gc] GC(746) Pause Young (Allocation Failure) 7M->3M(15M) 0.352ms
[31.809s][info][gc] GC(747) Pause Young (Allocation Failure) 7M->3M(15M) 0.315ms
[31.854s][info][gc] GC(748) Pause Young (Allocation Failure) 7M->3M(15M) 1.189ms
[31.879s][info][gc] GC(749) Pause Young (Allocation Failure) 7M->3M(15M) 0.469ms
[32.112s][info][gc] GC(750) Pause Young (Allocation Failure) 7M->3M(15M) 0.282ms
[32.134s][info][gc] GC(751) Pause Young (Allocation Failure) 7M->3M(15M) 0.331ms
[32.631s][info][gc] GC(752) Pause Young (Allocation Failure) 7M->3M(15M) 0.376ms
[32.654s][info][gc] GC(753) Pause Young (Allocation Failure) 7M->3M(15M) 0.284ms
[32.662s][info][gc] GC(754) Pause Young (Allocation Failure) 7M->3M(15M) 0.453ms
[32.706s][info][gc] GC(755) Pause Young (Allocation Failure) 7M->3M(15M) 0.360ms
[32.742s][info][gc] GC(756) Pause Young (Allocation Failure) 7M->3M(15M) 0.345ms
[32.763s][info][gc] GC(757) Pause Young (Allocation Failure) 7M->3M(15M) 0.386ms
[32.769s][info][gc] GC(758) Pause Young (Allocation Failure) 7M->3M(15M) 0.337ms
[33.069s][info][gc] GC(759) Pause Young (Allocation Failure) 7M->3M(15M) 0.358ms
[33.085s][info][gc] GC(760) Pause Young (Allocation Failure) 7M->3M(15M) 0.341ms
[33.112s][info][gc] GC(761) Pause Young (Allocation Failure) 7M->3M(15M) 0.385ms
[33.163s][info][gc] GC(762) Pause Young (Allocation Failure) 7M->3M(15M) 0.367ms
[33.184s][info][gc] GC(763) Pause Young (Allocation Failure) 7M->3M(15M) 0.352ms
[33.200s][info][gc] GC(764) Pause Young (Allocation Failure) 7M->3M(15M) 0.340ms
[33.226s][info][gc] GC(765) Pause Young (Allocation Failure) 7M->3M(15M) 0.392ms
[33.336s][info][gc] GC(766) Pause Young (Allocation Failure) 7M->3M(15M) 0.363ms
[33.350s][info][gc] GC(767) Pause Young (Allocation Failure) 7M->3M(15M) 0.325ms
[33.361s][info][gc] GC(768) Pause Young (Allocation Failure) 7M->3M(15M) 0.345ms
[33.368s][info][gc] GC(769) Pause Young (Allocation Failure) 7M->3M(15M) 0.378ms
[33.376s][info][gc] GC(770) Pause Young (Allocation Failure) 7M->3M(15M) 0.341ms
[33.383s][info][gc] GC(771) Pause Young (Allocation Failure) 7M->3M(15M) 1.275ms
[33.391s][info][gc] GC(772) Pause Young (Allocation Failure) 7M->3M(15M) 0.353ms
[33.614s][info][gc] GC(773) Pause Young (Allocation Failure) 7M->3M(15M) 0.349ms
[33.630s][info][gc] GC(774) Pause Young (Allocation Failure) 7M->3M(15M) 0.358ms
[33.643s][info][gc] GC(775) Pause Young (Allocation Failure) 7M->3M(15M) 0.343ms
[33.678s][info][gc] GC(776) Pause Young (Allocation Failure) 7M->3M(15M) 0.287ms
[33.688s][info][gc] GC(777) Pause Young (Allocation Failure) 7M->3M(15M) 0.350ms
[33.769s][info][gc] GC(778) Pause Young (Allocation Failure) 7M->3M(15M) 0.302ms
[33.780s][info][gc] GC(779) Pause Young (Allocation Failure) 7M->3M(15M) 0.348ms
[33.785s][info][gc] GC(780) Pause Young (Allocation Failure) 7M->3M(15M) 0.401ms
[33.895s][info][gc] GC(781) Pause Young (Allocation Failure) 7M->3M(15M) 0.358ms
[33.908s][info][gc] GC(782) Pause Young (Allocation Failure) 7M->3M(15M) 0.335ms
[33.915s][info][gc] GC(783) Pause Young (Allocation Failure) 7M->3M(15M) 0.424ms
[34.075s][info][gc] GC(784) Pause Young (Allocation Failure) 7M->3M(15M) 1.012ms
[34.130s][info][gc] GC(785) Pause Young (Allocation Failure) 7M->3M(15M) 0.343ms
[34.135s][info][gc] GC(786) Pause Young (Allocation Failure) 7M->3M(15M) 0.322ms
[34.148s][info][gc] GC(787) Pause Young (Allocation Failure) 7M->3M(15M) 0.290ms
[34.215s][info][gc] GC(788) Pause Young (Allocation Failure) 7M->3M(15M) 0.345ms
[34.219s][info][gc] GC(789) Pause Young (Allocation Failure) 7M->3M(15M) 0.317ms
[34.231s][info][gc] GC(790) Pause Young (Allocation Failure) 7M->3M(15M) 0.266ms
[34.240s][info][gc] GC(791) Pause Young (Allocation Failure) 7M->3M(15M) 0.339ms
[34.247s][info][gc] GC(792) Pause Young (Allocation Failure) 7M->3M(15M) 0.356ms
[34.259s][info][gc] GC(793) Pause Young (Allocation Failure) 7M->3M(15M) 0.339ms
[34.266s][info][gc] GC(794) Pause Young (Allocation Failure) 7M->3M(15M) 0.352ms
[34.453s][info][gc] GC(795) Pause Young (Allocation Failure) 7M->3M(15M) 0.525ms
[34.486s][info][gc] GC(796) Pause Young (Allocation Failure) 7M->3M(15M) 0.375ms
[34.550s][info][gc] GC(797) Pause Young (Allocation Failure) 7M->3M(15M) 0.350ms
[34.562s][info][gc] GC(798) Pause Young (Allocation Failure) 7M->3M(15M) 0.409ms
[34.569s][info][gc] GC(799) Pause Young (Allocation Failure) 7M->3M(15M) 0.261ms
[34.579s][info][gc] GC(800) Pause Young (Allocation Failure) 7M->3M(15M) 0.340ms
[34.594s][info][gc] GC(801) Pause Young (Allocation Failure) 7M->3M(15M) 0.389ms
[34.772s][info][gc] GC(802) Pause Young (Allocation Failure) 7M->3M(15M) 0.341ms
[34.814s][info][gc] GC(803) Pause Young (Allocation Failure) 7M->3M(15M) 0.343ms
[34.833s][info][gc] GC(804) Pause Young (Allocation Failure) 7M->3M(15M) 0.333ms
[34.843s][info][gc] GC(805) Pause Young (Allocation Failure) 7M->3M(15M) 0.359ms
[34.847s][info][gc] GC(806) Pause Young (Allocation Failure) 7M->3M(15M) 0.350ms
[34.860s][info][gc] GC(807) Pause Young (Allocation Failure) 7M->3M(15M) 0.333ms
[34.877s][info][gc] GC(808) Pause Young (Allocation Failure) 7M->3M(15M) 0.261ms
[34.985s][info][gc] GC(809) Pause Young (Allocation Failure) 7M->3M(15M) 0.343ms
[35.041s][info][gc] GC(810) Pause Young (Allocation Failure) 7M->3M(15M) 0.389ms
[35.059s][info][gc] GC(811) Pause Young (Allocation Failure) 7M->3M(15M) 0.349ms
[35.075s][info][gc] GC(812) Pause Young (Allocation Failure) 7M->3M(15M) 0.327ms
[35.092s][info][gc] GC(813) Pause Young (Allocation Failure) 7M->3M(15M) 0.374ms
[35.099s][info][gc] GC(814) Pause Young (Allocation Failure) 7M->3M(15M) 0.430ms
[35.108s][info][gc] GC(815) Pause Young (Allocation Failure) 7M->3M(15M) 0.351ms
[35.265s][info][gc] GC(816) Pause Young (Allocation Failure) 7M->3M(15M) 0.376ms
[35.279s][info][gc] GC(817) Pause Young (Allocation Failure) 7M->3M(15M) 0.363ms
[35.298s][info][gc] GC(818) Pause Young (Allocation Failure) 7M->3M(15M) 0.379ms
[35.312s][info][gc] GC(819) Pause Young (Allocation Failure) 7M->3M(15M) 0.355ms
[35.320s][info][gc] GC(820) Pause Young (Allocation Failure) 7M->3M(15M) 0.388ms
[35.330s][info][gc] GC(821) Pause Young (Allocation Failure) 7M->3M(15M) 0.366ms
[35.345s][info][gc] GC(822) Pause Young (Allocation Failure) 7M->3M(15M) 0.308ms
[36.145s][info][gc] GC(823) Pause Young (Allocation Failure) 7M->3M(15M) 0.365ms
[36.154s][info][gc] GC(824) Pause Young (Allocation Failure) 7M->3M(15M) 0.369ms
[36.162s][info][gc] GC(825) Pause Young (Allocation Failure) 7M->3M(15M) 0.314ms
[36.168s][info][gc] GC(826) Pause Young (Allocation Failure) 7M->3M(15M) 0.359ms
[36.177s][info][gc] GC(827) Pause Young (Allocation Failure) 7M->3M(15M) 0.376ms
[36.186s][info][gc] GC(828) Pause Young (Allocation Failure) 7M->3M(15M) 0.401ms
[36.192s][info][gc] GC(829) Pause Young (Allocation Failure) 7M->3M(15M) 0.341ms
[36.243s][info][gc] GC(830) Pause Young (Allocation Failure) 7M->3M(15M) 0.435ms
[36.248s][info][gc] GC(831) Pause Young (Allocation Failure) 7M->3M(15M) 0.314ms
[36.253s][info][gc] GC(832) Pause Young (Allocation Failure) 7M->3M(15M) 0.451ms
[36.258s][info][gc] GC(833) Pause Young (Allocation Failure) 7M->3M(15M) 0.355ms
[36.265s][info][gc] GC(834) Pause Young (Allocation Failure) 7M->3M(15M) 0.310ms
[36.269s][info][gc] GC(835) Pause Young (Allocation Failure) 7M->3M(15M) 0.350ms
[36.273s][info][gc] GC(836) Pause Young (Allocation Failure) 7M->3M(15M) 0.341ms
[36.538s][info][gc] GC(837) Pause Young (Allocation Failure) 7M->3M(15M) 0.314ms
[36.545s][info][gc] GC(838) Pause Young (Allocation Failure) 7M->3M(15M) 0.355ms
[36.554s][info][gc] GC(839) Pause Young (Allocation Failure) 7M->3M(15M) 0.369ms
[36.562s][info][gc] GC(840) Pause Young (Allocation Failure) 7M->3M(15M) 0.284ms
[36.569s][info][gc] GC(841) Pause Young (Allocation Failure) 7M->3M(15M) 0.340ms
[36.577s][info][gc] GC(842) Pause Young (Allocation Failure) 7M->3M(15M) 0.344ms
[36.584s][info][gc] GC(843) Pause Young (Allocation Failure) 7M->3M(15M) 0.350ms
[36.638s][info][gc] GC(844) Pause Young (Allocation Failure) 7M->3M(15M) 0.352ms
[36.645s][info][gc] GC(845) Pause Young (Allocation Failure) 7M->3M(15M) 0.339ms
[36.655s][info][gc] GC(846) Pause Young (Allocation Failure) 7M->3M(15M) 0.344ms
[36.660s][info][gc] GC(847) Pause Young (Allocation Failure) 7M->3M(15M) 0.362ms
[36.664s][info][gc] GC(848) Pause Young (Allocation Failure) 7M->3M(15M) 0.304ms
[36.669s][info][gc] GC(849) Pause Young (Allocation Failure) 7M->3M(15M) 0.422ms
[36.674s][info][gc] GC(850) Pause Young (Allocation Failure) 7M->3M(15M) 0.345ms
[36.678s][info][gc] GC(851) Pause Young (Allocation Failure) 7M->3M(15M) 0.268ms
[36.686s][info][gc] GC(852) Pause Young (Allocation Failure) 7M->3M(15M) 0.341ms
[36.693s][info][gc] GC(853) Pause Young (Allocation Failure) 7M->3M(15M) 0.358ms
[36.697s][info][gc] GC(854) Pause Young (Allocation Failure) 7M->3M(15M) 0.302ms
[36.701s][info][gc] GC(855) Pause Young (Allocation Failure) 7M->3M(15M) 0.330ms
[36.737s][info][gc] GC(856) Pause Young (Allocation Failure) 7M->3M(15M) 0.373ms
[36.744s][info][gc] GC(857) Pause Young (Allocation Failure) 7M->3M(15M) 0.339ms
[36.753s][info][gc] GC(858) Pause Young (Allocation Failure) 7M->3M(15M) 0.352ms
[36.761s][info][gc] GC(859) Pause Young (Allocation Failure) 7M->3M(15M) 0.348ms
[36.874s][info][gc] GC(860) Pause Young (Allocation Failure) 7M->3M(15M) 0.356ms
[36.882s][info][gc] GC(861) Pause Young (Allocation Failure) 7M->3M(15M) 0.361ms
[36.891s][info][gc] GC(862) Pause Young (Allocation Failure) 7M->3M(15M) 0.353ms
[36.899s][info][gc] GC(863) Pause Young (Allocation Failure) 7M->3M(15M) 0.355ms
[36.907s][info][gc] GC(864) Pause Young (Allocation Failure) 7M->3M(15M) 0.352ms
[36.914s][info][gc] GC(865) Pause Young (Allocation Failure) 7M->3M(15M) 0.308ms
[36.922s][info][gc] GC(866) Pause Young (Allocation Failure) 7M->3M(15M) 0.348ms
[37.204s][info][gc] GC(867) Pause Young (Allocation Failure) 7M->3M(15M) 0.347ms
[37.215s][info][gc] GC(868) Pause Young (Allocation Failure) 7M->3M(15M) 0.390ms
[37.226s][info][gc] GC(869) Pause Young (Allocation Failure) 7M->3M(15M) 0.359ms
[37.234s][info][gc] GC(870) Pause Young (Allocation Failure) 7M->3M(15M) 0.346ms
[37.239s][info][gc] GC(871) Pause Young (Allocation Failure) 7M->3M(15M) 0.298ms
[37.244s][info][gc] GC(872) Pause Young (Allocation Failure) 7M->3M(15M) 0.351ms
[37.249s][info][gc] GC(873) Pause Young (Allocation Failure) 7M->3M(15M) 0.347ms
[37.277s][info][gc] GC(874) Pause Young (Allocation Failure) 7M->3M(15M) 0.572ms
[37.282s][info][gc] GC(875) Pause Young (Allocation Failure) 7M->3M(15M) 0.343ms
[37.287s][info][gc] GC(876) Pause Young (Allocation Failure) 7M->3M(15M) 0.328ms
[37.292s][info][gc] GC(877) Pause Young (Allocation Failure) 7M->3M(15M) 0.354ms
[37.369s][info][gc] GC(878) Pause Young (Allocation Failure) 7M->3M(15M) 0.357ms
[37.382s][info][gc] GC(879) Pause Young (Allocation Failure) 7M->3M(15M) 0.324ms
[37.394s][info][gc] GC(880) Pause Young (Allocation Failure) 7M->3M(15M) 0.344ms
[37.443s][info][gc] GC(881) Pause Young (Allocation Failure) 7M->3M(15M) 0.337ms
[37.455s][info][gc] GC(882) Pause Young (Allocation Failure) 7M->3M(15M) 0.326ms
[37.465s][info][gc] GC(883) Pause Young (Allocation Failure) 7M->3M(15M) 0.350ms
[37.475s][info][gc] GC(884) Pause Young (Allocation Failure) 7M->3M(15M) 0.354ms
[37.486s][info][gc] GC(885) Pause Young (Allocation Failure) 7M->3M(15M) 0.359ms
[37.507s][info][gc] GC(886) Pause Young (Allocation Failure) 7M->3M(15M) 0.350ms
[38.138s][info][gc] GC(887) Pause Young (Allocation Failure) 7M->3M(15M) 0.373ms
[38.189s][info][gc] GC(888) Pause Young (Allocation Failure) 7M->3M(15M) 0.391ms
[38.611s][info][gc] GC(889) Pause Young (Allocation Failure) 7M->3M(15M) 0.674ms
[38.617s][info][gc] GC(890) Pause Young (Allocation Failure) 7M->3M(15M) 0.354ms
[38.621s][info][gc] GC(891) Pause Young (Allocation Failure) 7M->3M(15M) 0.271ms
[38.626s][info][gc] GC(892) Pause Young (Allocation Failure) 7M->3M(15M) 0.339ms
[38.631s][info][gc] GC(893) Pause Young (Allocation Failure) 7M->3M(15M) 0.330ms
[38.635s][info][gc] GC(894) Pause Young (Allocation Failure) 7M->3M(15M) 0.395ms
[38.728s][info][gc] GC(895) Pause Young (Allocation Failure) 7M->3M(15M) 0.407ms
[44.413s][info][gc] GC(896) Pause Young (Allocation Failure) 7M->3M(15M) 0.365ms
[44.418s][info][gc] GC(897) Pause Young (Allocation Failure) 7M->3M(15M) 0.406ms
[44.423s][info][gc] GC(898) Pause Young (Allocation Failure) 7M->3M(15M) 0.415ms
[44.429s][info][gc] GC(899) Pause Young (Allocation Failure) 7M->3M(15M) 0.467ms
[44.436s][info][gc] GC(900) Pause Young (Allocation Failure) 7M->3M(15M) 0.340ms
[44.443s][info][gc] GC(901) Pause Young (Allocation Failure) 7M->3M(15M) 0.264ms
[44.450s][info][gc] GC(902) Pause Young (Allocation Failure) 7M->3M(15M) 0.371ms
[44.455s][info][gc] GC(903) Pause Young (Allocation Failure) 7M->3M(15M) 0.364ms
[44.488s][info][gc] GC(904) Pause Young (Allocation Failure) 7M->3M(15M) 0.348ms
[44.508s][info][gc] GC(905) Pause Young (Allocation Failure) 7M->3M(15M) 0.371ms
[44.570s][info][gc] GC(906) Pause Young (Allocation Failure) 7M->3M(15M) 0.365ms
[44.586s][info][gc] GC(907) Pause Young (Allocation Failure) 7M->3M(15M) 0.265ms
[44.608s][info][gc] GC(908) Pause Young (Allocation Failure) 7M->3M(15M) 0.368ms
[44.617s][info][gc] GC(909) Pause Young (Allocation Failure) 7M->3M(15M) 0.341ms
[44.745s][info][gc] GC(910) Pause Young (Allocation Failure) 7M->3M(15M) 0.352ms
[44.765s][info][gc] GC(911) Pause Young (Allocation Failure) 7M->3M(15M) 0.365ms
[44.777s][info][gc] GC(912) Pause Young (Allocation Failure) 7M->3M(15M) 0.334ms
[44.784s][info][gc] GC(913) Pause Young (Allocation Failure) 7M->3M(15M) 0.336ms
[44.793s][info][gc] GC(914) Pause Young (Allocation Failure) 7M->3M(15M) 0.361ms
[44.801s][info][gc] GC(915) Pause Young (Allocation Failure) 7M->3M(15M) 0.312ms
[44.809s][info][gc] GC(916) Pause Young (Allocation Failure) 7M->3M(15M) 0.508ms
[44.820s][info][gc] GC(917) Pause Young (Allocation Failure) 7M->3M(15M) 0.412ms
[44.980s][info][gc] GC(918) Pause Young (Allocation Failure) 7M->3M(15M) 0.280ms
[44.989s][info][gc] GC(919) Pause Young (Allocation Failure) 7M->3M(15M) 0.378ms
[44.996s][info][gc] GC(920) Pause Young (Allocation Failure) 7M->3M(15M) 0.339ms
[45.004s][info][gc] GC(921) Pause Young (Allocation Failure) 7M->3M(15M) 0.267ms
[45.016s][info][gc] GC(922) Pause Young (Allocation Failure) 7M->3M(15M) 0.344ms
[45.033s][info][gc] GC(923) Pause Young (Allocation Failure) 7M->3M(15M) 0.468ms
[45.060s][info][gc] GC(924) Pause Young (Allocation Failure) 7M->3M(15M) 0.345ms
[46.959s][info][gc] GC(925) Pause Young (Allocation Failure) 7M->3M(15M) 0.346ms
[46.970s][info][gc] GC(926) Pause Young (Allocation Failure) 7M->3M(15M) 0.359ms
[46.974s][info][gc] GC(927) Pause Young (Allocation Failure) 7M->3M(15M) 0.345ms
[46.979s][info][gc] GC(928) Pause Young (Allocation Failure) 7M->3M(15M) 0.292ms
[46.983s][info][gc] GC(929) Pause Young (Allocation Failure) 7M->3M(15M) 0.348ms
[46.988s][info][gc] GC(930) Pause Young (Allocation Failure) 7M->3M(15M) 0.333ms
[47.009s][info][gc] GC(931) Pause Young (Allocation Failure) 7M->3M(15M) 0.293ms
[47.015s][info][gc] GC(932) Pause Young (Allocation Failure) 7M->3M(15M) 0.352ms
[47.270s][info][gc] GC(933) Pause Young (Allocation Failure) 7M->3M(15M) 0.278ms
[47.988s][info][gc] GC(934) Pause Young (Allocation Failure) 7M->3M(15M) 0.352ms
[47.995s][info][gc] GC(935) Pause Young (Allocation Failure) 7M->3M(15M) 0.327ms
[48.012s][info][gc] GC(936) Pause Young (Allocation Failure) 7M->3M(15M) 0.296ms
[48.130s][info][gc] GC(937) Pause Young (Allocation Failure) 7M->3M(15M) 0.374ms
[48.247s][info][gc] GC(938) Pause Young (Allocation Failure) 7M->3M(15M) 0.363ms
[48.362s][info][gc] GC(939) Pause Young (Allocation Failure) 7M->3M(15M) 0.356ms
[48.506s][info][gc] GC(940) Pause Young (Allocation Failure) 7M->3M(15M) 0.389ms
[48.717s][info][gc] GC(941) Pause Young (Allocation Failure) 7M->3M(15M) 0.571ms
[48.726s][info][gc] GC(942) Pause Young (Allocation Failure) 7M->3M(15M) 0.355ms
[48.733s][info][gc] GC(943) Pause Young (Allocation Failure) 7M->3M(15M) 0.339ms
[48.762s][info][gc] GC(944) Pause Young (Allocation Failure) 7M->3M(15M) 0.337ms
[48.771s][info][gc] GC(945) Pause Young (Allocation Failure) 7M->3M(15M) 0.358ms
[48.779s][info][gc] GC(946) Pause Young (Allocation Failure) 7M->3M(15M) 0.374ms
[48.786s][info][gc] GC(947) Pause Young (Allocation Failure) 7M->3M(15M) 0.353ms
[48.812s][info][gc] GC(948) Pause Young (Allocation Failure) 7M->3M(15M) 0.349ms
[48.849s][info][gc] GC(949) Pause Young (Allocation Failure) 7M->3M(15M) 0.373ms
[48.901s][info][gc] GC(950) Pause Young (Allocation Failure) 7M->3M(15M) 0.340ms
[48.910s][info][gc] GC(951) Pause Young (Allocation Failure) 7M->3M(15M) 0.352ms
[48.924s][info][gc] GC(952) Pause Young (Allocation Failure) 7M->3M(15M) 0.326ms
[48.933s][info][gc] GC(953) Pause Young (Allocation Failure) 7M->3M(15M) 0.349ms
[48.946s][info][gc] GC(954) Pause Young (Allocation Failure) 7M->3M(15M) 0.355ms
[48.964s][info][gc] GC(955) Pause Young (Allocation Failure) 7M->3M(15M) 0.355ms
[48.973s][info][gc] GC(956) Pause Young (Allocation Failure) 7M->3M(15M) 0.383ms
[48.993s][info][gc] GC(957) Pause Young (Allocation Failure) 7M->3M(15M) 0.542ms
[49.008s][info][gc] GC(958) Pause Young (Allocation Failure) 7M->3M(15M) 0.336ms
[49.038s][info][gc] GC(959) Pause Young (Allocation Failure) 7M->3M(15M) 0.369ms
[49.054s][info][gc] GC(960) Pause Young (Allocation Failure) 8M->3M(15M) 0.333ms
[49.058s][info][gc] GC(961) Pause Young (Allocation Failure) 7M->3M(15M) 0.262ms
[49.062s][info][gc] GC(962) Pause Young (Allocation Failure) 7M->3M(15M) 0.334ms
[49.104s][info][gc] GC(963) Pause Young (Allocation Failure) 7M->3M(15M) 0.363ms
[49.175s][info][gc] GC(964) Pause Young (Allocation Failure) 8M->3M(15M) 0.271ms
[49.197s][info][gc] GC(965) Pause Young (Allocation Failure) 7M->3M(15M) 0.344ms
[49.213s][info][gc] GC(966) Pause Young (Allocation Failure) 8M->3M(15M) 0.347ms
[49.236s][info][gc] GC(967) Pause Young (Allocation Failure) 7M->3M(15M) 0.343ms
[49.263s][info][gc] GC(968) Pause Young (Allocation Failure) 8M->3M(15M) 0.348ms
[49.277s][info][gc] GC(969) Pause Young (Allocation Failure) 7M->3M(15M) 0.293ms
[49.370s][info][gc] GC(970) Pause Young (Allocation Failure) 7M->3M(15M) 0.339ms
[49.410s][info][gc] GC(971) Pause Young (Allocation Failure) 8M->3M(15M) 0.304ms
[49.422s][info][gc] GC(972) Pause Young (Allocation Failure) 7M->3M(15M) 0.359ms
[49.429s][info][gc] GC(973) Pause Young (Allocation Failure) 8M->3M(15M) 0.428ms
[49.439s][info][gc] GC(974) Pause Young (Allocation Failure) 8M->3M(15M) 0.295ms
[49.447s][info][gc] GC(975) Pause Young (Allocation Failure) 7M->3M(15M) 0.359ms
[49.455s][info][gc] GC(976) Pause Young (Allocation Failure) 8M->3M(15M) 0.353ms
[49.467s][info][gc] GC(977) Pause Young (Allocation Failure) 8M->3M(15M) 0.303ms
[49.503s][info][gc] GC(978) Pause Young (Allocation Failure) 7M->3M(15M) 0.368ms
[49.533s][info][gc] GC(979) Pause Young (Allocation Failure) 8M->3M(15M) 0.362ms
[49.546s][info][gc] GC(980) Pause Young (Allocation Failure) 8M->3M(15M) 0.319ms
[49.569s][info][gc] GC(981) Pause Young (Allocation Failure) 8M->3M(15M) 0.364ms
[49.581s][info][gc] GC(982) Pause Young (Allocation Failure) 8M->3M(15M) 0.354ms
[50.137s][info][gc] GC(983) Pause Young (Allocation Failure) 8M->3M(15M) 0.433ms
[50.150s][info][gc] GC(984) Pause Young (Allocation Failure) 8M->3M(15M) 0.356ms
[50.159s][info][gc] GC(985) Pause Young (Allocation Failure) 8M->3M(15M) 0.326ms
[50.167s][info][gc] GC(986) Pause Young (Allocation Failure) 8M->3M(15M) 0.365ms
[50.176s][info][gc] GC(987) Pause Young (Allocation Failure) 8M->3M(15M) 0.361ms
[50.187s][info][gc] GC(988) Pause Young (Allocation Failure) 8M->3M(15M) 0.359ms
[50.194s][info][gc] GC(989) Pause Young (Allocation Failure) 8M->3M(15M) 0.356ms
[50.523s][info][gc] GC(990) Pause Young (Allocation Failure) 8M->3M(15M) 0.298ms
[50.534s][info][gc] GC(991) Pause Young (Allocation Failure) 8M->3M(15M) 0.366ms
[50.542s][info][gc] GC(992) Pause Young (Allocation Failure) 8M->3M(15M) 0.350ms
[50.549s][info][gc] GC(993) Pause Young (Allocation Failure) 8M->3M(15M) 0.262ms
[50.559s][info][gc] GC(994) Pause Young (Allocation Failure) 7M->3M(15M) 0.345ms
[50.566s][info][gc] GC(995) Pause Young (Allocation Failure) 8M->3M(15M) 0.375ms
[50.580s][info][gc] GC(996) Pause Young (Allocation Failure) 8M->3M(15M) 0.356ms
[50.598s][info][gc] GC(997) Pause Young (Allocation Failure) 8M->3M(15M) 0.362ms
[50.627s][info][gc] GC(998) Pause Young (Allocation Failure) 8M->3M(15M) 0.369ms
[50.633s][info][gc] GC(999) Pause Young (Allocation Failure) 8M->3M(15M) 0.331ms
[50.644s][info][gc] GC(1000) Pause Young (Allocation Failure) 8M->3M(15M) 0.367ms
[50.650s][info][gc] GC(1001) Pause Young (Allocation Failure) 8M->3M(15M) 0.355ms
[50.659s][info][gc] GC(1002) Pause Young (Allocation Failure) 8M->3M(15M) 0.305ms
[50.664s][info][gc] GC(1003) Pause Young (Allocation Failure) 8M->3M(15M) 0.343ms
[50.669s][info][gc] GC(1004) Pause Young (Allocation Failure) 8M->3M(15M) 0.360ms
[50.779s][info][gc] GC(1005) Pause Young (Allocation Failure) 8M->3M(15M) 0.308ms
[50.795s][info][gc] GC(1006) Pause Young (Allocation Failure) 8M->3M(15M) 0.362ms
[50.803s][info][gc] GC(1007) Pause Young (Allocation Failure) 8M->3M(15M) 0.282ms
[50.816s][info][gc] GC(1008) Pause Young (Allocation Failure) 8M->3M(15M) 0.363ms
[50.823s][info][gc] GC(1009) Pause Young (Allocation Failure) 8M->3M(15M) 0.358ms
[50.828s][info][gc] GC(1010) Pause Young (Allocation Failure) 8M->3M(15M) 0.362ms
[50.839s][info][gc] GC(1011) Pause Young (Allocation Failure) 8M->3M(15M) 0.356ms
[50.896s][info][gc] GC(1012) Pause Young (Allocation Failure) 8M->3M(15M) 0.334ms
[50.938s][info][gc] GC(1013) Pause Young (Allocation Failure) 8M->3M(15M) 0.361ms
[50.946s][info][gc] GC(1014) Pause Young (Allocation Failure) 8M->3M(15M) 0.354ms
[50.957s][info][gc] GC(1015) Pause Young (Allocation Failure) 8M->3M(15M) 0.392ms
[50.962s][info][gc] GC(1016) Pause Young (Allocation Failure) 8M->3M(15M) 0.347ms
[50.966s][info][gc] GC(1017) Pause Young (Allocation Failure) 8M->3M(15M) 0.288ms
[50.972s][info][gc] GC(1018) Pause Young (Allocation Failure) 8M->3M(15M) 0.373ms
[51.167s][info][gc] GC(1019) Pause Young (Allocation Failure) 8M->3M(15M) 0.327ms
[51.175s][info][gc] GC(1020) Pause Young (Allocation Failure) 8M->3M(15M) 0.356ms
[51.204s][info][gc] GC(1021) Pause Young (Allocation Failure) 8M->3M(15M) 0.363ms
[51.210s][info][gc] GC(1022) Pause Young (Allocation Failure) 8M->3M(15M) 0.350ms
[51.220s][info][gc] GC(1023) Pause Young (Allocation Failure) 8M->3M(15M) 0.354ms
[51.225s][info][gc] GC(1024) Pause Young (Allocation Failure) 8M->3M(15M) 0.366ms
[51.234s][info][gc] GC(1025) Pause Young (Allocation Failure) 8M->3M(15M) 0.434ms
[51.240s][info][gc] GC(1026) Pause Young (Allocation Failure) 8M->3M(15M) 0.277ms
[51.389s][info][gc] GC(1027) Pause Young (Allocation Failure) 8M->3M(15M) 0.573ms
[51.395s][info][gc] GC(1028) Pause Young (Allocation Failure) 8M->3M(15M) 0.288ms
[51.405s][info][gc] GC(1029) Pause Young (Allocation Failure) 8M->3M(15M) 0.342ms
[51.413s][info][gc] GC(1030) Pause Young (Allocation Failure) 8M->3M(15M) 0.351ms
[51.424s][info][gc] GC(1031) Pause Young (Allocation Failure) 8M->3M(15M) 0.332ms
[51.432s][info][gc] GC(1032) Pause Young (Allocation Failure) 8M->3M(15M) 0.339ms
[51.441s][info][gc] GC(1033) Pause Young (Allocation Failure) 8M->3M(15M) 0.354ms
[51.514s][info][gc] GC(1034) Pause Young (Allocation Failure) 8M->3M(15M) 0.343ms
[51.522s][info][gc] GC(1035) Pause Young (Allocation Failure) 8M->3M(15M) 0.269ms
[51.530s][info][gc] GC(1036) Pause Young (Allocation Failure) 8M->3M(15M) 0.382ms
[51.539s][info][gc] GC(1037) Pause Young (Allocation Failure) 8M->3M(15M) 0.331ms
[51.546s][info][gc] GC(1038) Pause Young (Allocation Failure) 8M->3M(15M) 0.381ms
[51.559s][info][gc] GC(1039) Pause Young (Allocation Failure) 8M->3M(15M) 0.340ms
[51.566s][info][gc] GC(1040) Pause Young (Allocation Failure) 8M->3M(15M) 0.306ms
[51.574s][info][gc] GC(1041) Pause Young (Allocation Failure) 8M->3M(15M) 0.375ms
[51.580s][info][gc] GC(1042) Pause Young (Allocation Failure) 8M->3M(15M) 0.367ms
[51.585s][info][gc] GC(1043) Pause Young (Allocation Failure) 8M->3M(15M) 0.356ms
[51.592s][info][gc] GC(1044) Pause Young (Allocation Failure) 8M->3M(15M) 0.357ms
[51.598s][info][gc] GC(1045) Pause Young (Allocation Failure) 8M->3M(15M) 0.346ms
[51.606s][info][gc] GC(1046) Pause Young (Allocation Failure) 8M->3M(15M) 0.339ms
[51.615s][info][gc] GC(1047) Pause Young (Allocation Failure) 8M->3M(15M) 0.359ms
[51.640s][info][gc] GC(1048) Pause Young (Allocation Failure) 8M->3M(15M) 0.365ms
[51.657s][info][gc] GC(1049) Pause Young (Allocation Failure) 8M->3M(15M) 0.345ms
[51.676s][info][gc] GC(1050) Pause Young (Allocation Failure) 8M->3M(15M) 0.348ms
[51.688s][info][gc] GC(1051) Pause Young (Allocation Failure) 8M->3M(15M) 0.363ms
[51.695s][info][gc] GC(1052) Pause Young (Allocation Failure) 8M->3M(15M) 0.352ms
[51.748s][info][gc] GC(1053) Pause Young (Allocation Failure) 8M->3M(15M) 0.423ms
[51.759s][info][gc] GC(1054) Pause Young (Allocation Failure) 8M->3M(15M) 0.350ms
[51.791s][info][gc] GC(1055) Pause Young (Allocation Failure) 8M->3M(15M) 0.360ms
[51.798s][info][gc] GC(1056) Pause Young (Allocation Failure) 8M->3M(15M) 0.369ms
[51.809s][info][gc] GC(1057) Pause Young (Allocation Failure) 8M->3M(15M) 0.358ms
[51.817s][info][gc] GC(1058) Pause Young (Allocation Failure) 8M->3M(15M) 0.475ms
[51.837s][info][gc] GC(1059) Pause Young (Allocation Failure) 8M->3M(15M) 0.386ms
[51.846s][info][gc] GC(1060) Pause Young (Allocation Failure) 8M->3M(15M) 0.321ms
[51.859s][info][gc] GC(1061) Pause Young (Allocation Failure) 8M->3M(15M) 0.376ms
[51.974s][info][gc] GC(1062) Pause Young (Allocation Failure) 8M->3M(15M) 0.365ms
[52.000s][info][gc] GC(1063) Pause Young (Allocation Failure) 8M->3M(15M) 0.268ms
[52.290s][info][gc] GC(1064) Pause Young (Allocation Failure) 8M->3M(15M) 0.332ms
[52.461s][info][gc] GC(1065) Pause Young (Allocation Failure) 8M->3M(15M) 0.362ms
[52.474s][info][gc] GC(1066) Pause Young (Allocation Failure) 8M->3M(15M) 0.355ms
[52.478s][info][gc] GC(1067) Pause Young (Allocation Failure) 8M->3M(15M) 0.348ms
[52.490s][info][gc] GC(1068) Pause Young (Allocation Failure) 8M->3M(15M) 0.359ms
[52.564s][info][gc] GC(1069) Pause Young (Allocation Failure) 8M->3M(15M) 0.288ms
[52.579s][info][gc] GC(1070) Pause Young (Allocation Failure) 8M->3M(15M) 0.342ms
[52.593s][info][gc] GC(1071) Pause Young (Allocation Failure) 8M->3M(15M) 0.288ms
[52.601s][info][gc] GC(1072) Pause Young (Allocation Failure) 8M->3M(15M) 0.411ms
[52.609s][info][gc] GC(1073) Pause Young (Allocation Failure) 8M->3M(15M) 0.357ms
[52.616s][info][gc] GC(1074) Pause Young (Allocation Failure) 8M->3M(15M) 0.354ms
[52.633s][info][gc] GC(1075) Pause Young (Allocation Failure) 8M->3M(15M) 0.361ms
[52.640s][info][gc] GC(1076) Pause Young (Allocation Failure) 8M->3M(15M) 0.381ms
[52.694s][info][gc] GC(1077) Pause Young (Allocation Failure) 8M->3M(15M) 0.270ms
[52.705s][info][gc] GC(1078) Pause Young (Allocation Failure) 8M->3M(15M) 0.333ms
[52.713s][info][gc] GC(1079) Pause Young (Allocation Failure) 8M->3M(15M) 0.332ms
[52.724s][info][gc] GC(1080) Pause Young (Allocation Failure) 8M->3M(15M) 0.351ms
[52.733s][info][gc] GC(1081) Pause Young (Allocation Failure) 8M->3M(15M) 0.516ms
[52.743s][info][gc] GC(1082) Pause Young (Allocation Failure) 8M->3M(15M) 0.374ms
[52.750s][info][gc] GC(1083) Pause Young (Allocation Failure) 8M->3M(15M) 0.358ms
[52.883s][info][gc] GC(1084) Pause Young (Allocation Failure) 8M->3M(15M) 0.356ms
[52.901s][info][gc] GC(1085) Pause Young (Allocation Failure) 8M->3M(15M) 0.593ms
[52.913s][info][gc] GC(1086) Pause Young (Allocation Failure) 8M->3M(15M) 0.363ms
[53.051s][info][gc] GC(1087) Pause Young (Allocation Failure) 8M->3M(15M) 0.423ms
[53.114s][info][gc] GC(1088) Pause Young (Allocation Failure) 8M->3M(15M) 0.361ms
[53.126s][info][gc] GC(1089) Pause Young (Allocation Failure) 8M->3M(15M) 0.318ms
[53.157s][info][gc] GC(1090) Pause Young (Allocation Failure) 8M->3M(15M) 0.343ms
[53.165s][info][gc] GC(1091) Pause Young (Allocation Failure) 8M->3M(15M) 0.331ms
[53.172s][info][gc] GC(1092) Pause Young (Allocation Failure) 8M->3M(15M) 0.416ms
[53.177s][info][gc] GC(1093) Pause Young (Allocation Failure) 8M->3M(15M) 0.342ms
[53.183s][info][gc] GC(1094) Pause Young (Allocation Failure) 8M->3M(15M) 0.361ms
[53.190s][info][gc] GC(1095) Pause Young (Allocation Failure) 8M->3M(15M) 0.343ms
[53.194s][info][gc] GC(1096) Pause Young (Allocation Failure) 8M->3M(15M) 0.361ms
[53.199s][info][gc] GC(1097) Pause Young (Allocation Failure) 8M->3M(15M) 0.350ms
[53.272s][info][gc] GC(1098) Pause Young (Allocation Failure) 8M->3M(15M) 0.353ms
[53.277s][info][gc] GC(1099) Pause Young (Allocation Failure) 8M->3M(15M) 0.409ms
[53.286s][info][gc] GC(1100) Pause Young (Allocation Failure) 8M->3M(15M) 0.355ms
[53.295s][info][gc] GC(1101) Pause Young (Allocation Failure) 8M->3M(15M) 0.287ms
[53.300s][info][gc] GC(1102) Pause Young (Allocation Failure) 8M->3M(15M) 0.358ms
[53.305s][info][gc] GC(1103) Pause Young (Allocation Failure) 8M->3M(15M) 0.326ms
[53.310s][info][gc] GC(1104) Pause Young (Allocation Failure) 8M->3M(15M) 0.306ms
[53.314s][info][gc] GC(1105) Pause Young (Allocation Failure) 8M->3M(15M) 0.367ms
[53.333s][info][gc] GC(1106) Pause Young (Allocation Failure) 8M->3M(15M) 0.338ms
[53.339s][info][gc] GC(1107) Pause Young (Allocation Failure) 8M->3M(15M) 0.301ms
[53.346s][info][gc] GC(1108) Pause Young (Allocation Failure) 8M->3M(15M) 0.352ms
[53.356s][info][gc] GC(1109) Pause Young (Allocation Failure) 8M->3M(15M) 0.357ms
[53.366s][info][gc] GC(1110) Pause Young (Allocation Failure) 8M->3M(15M) 0.349ms
[53.376s][info][gc] GC(1111) Pause Young (Allocation Failure) 8M->3M(15M) 0.350ms
[53.386s][info][gc] GC(1112) Pause Young (Allocation Failure) 8M->3M(15M) 0.353ms
[53.411s][info][gc] GC(1113) Pause Young (Allocation Failure) 8M->3M(15M) 0.360ms
[53.421s][info][gc] GC(1114) Pause Young (Allocation Failure) 8M->3M(15M) 0.346ms
[53.428s][info][gc] GC(1115) Pause Young (Allocation Failure) 8M->3M(15M) 0.339ms
[53.442s][info][gc] GC(1116) Pause Young (Allocation Failure) 8M->3M(15M) 0.361ms
[53.447s][info][gc] GC(1117) Pause Young (Allocation Failure) 8M->3M(15M) 0.364ms
[53.458s][info][gc] GC(1118) Pause Young (Allocation Failure) 8M->3M(15M) 0.351ms
[53.482s][info][gc] GC(1119) Pause Young (Allocation Failure) 8M->3M(15M) 0.351ms
[53.554s][info][gc] GC(1120) Pause Young (Allocation Failure) 8M->3M(15M) 0.344ms
[53.604s][info][gc] GC(1121) Pause Young (Allocation Failure) 8M->3M(15M) 0.293ms
[53.691s][info][gc] GC(1122) Pause Young (Allocation Failure) 8M->3M(15M) 0.361ms
[53.698s][info][gc] GC(1123) Pause Young (Allocation Failure) 8M->3M(15M) 0.336ms
[53.705s][info][gc] GC(1124) Pause Young (Allocation Failure) 8M->3M(15M) 0.381ms
[53.710s][info][gc] GC(1125) Pause Young (Allocation Failure) 8M->3M(15M) 0.342ms
[53.810s][info][gc] GC(1126) Pause Young (Allocation Failure) 8M->3M(15M) 0.291ms
[53.815s][info][gc] GC(1127) Pause Young (Allocation Failure) 8M->3M(15M) 0.352ms
[53.846s][info][gc] GC(1128) Pause Young (Allocation Failure) 8M->3M(15M) 0.356ms
[53.872s][info][gc] GC(1129) Pause Young (Allocation Failure) 8M->3M(15M) 0.326ms
[53.882s][info][gc] GC(1130) Pause Young (Allocation Failure) 8M->3M(15M) 0.343ms
[53.899s][info][gc] GC(1131) Pause Young (Allocation Failure) 8M->3M(15M) 0.365ms
[53.911s][info][gc] GC(1132) Pause Young (Allocation Failure) 8M->3M(15M) 0.359ms
[53.925s][info][gc] GC(1133) Pause Young (Allocation Failure) 8M->3M(15M) 0.338ms
[53.933s][info][gc] GC(1134) Pause Young (Allocation Failure) 8M->3M(15M) 0.677ms
[53.976s][info][gc] GC(1135) Pause Young (Allocation Failure) 8M->3M(15M) 0.356ms
[53.983s][info][gc] GC(1136) Pause Young (Allocation Failure) 8M->3M(15M) 0.556ms
[54.075s][info][gc] GC(1137) Pause Young (Allocation Failure) 8M->3M(15M) 0.343ms
[54.142s][info][gc] GC(1138) Pause Young (Allocation Failure) 8M->3M(15M) 0.320ms
[54.149s][info][gc] GC(1139) Pause Young (Allocation Failure) 8M->3M(15M) 0.354ms
[54.243s][info][gc] GC(1140) Pause Young (Allocation Failure) 8M->3M(15M) 0.344ms
[54.565s][info][gc] GC(1141) Pause Young (Allocation Failure) 8M->3M(15M) 0.372ms
[54.575s][info][gc] GC(1142) Pause Young (Allocation Failure) 8M->3M(15M) 0.350ms
[54.580s][info][gc] GC(1143) Pause Young (Allocation Failure) 8M->3M(15M) 0.269ms
[54.588s][info][gc] GC(1144) Pause Young (Allocation Failure) 8M->3M(15M) 0.342ms
[54.593s][info][gc] GC(1145) Pause Young (Allocation Failure) 8M->3M(15M) 0.331ms
[54.598s][info][gc] GC(1146) Pause Young (Allocation Failure) 8M->3M(15M) 0.351ms
[54.603s][info][gc] GC(1147) Pause Young (Allocation Failure) 8M->3M(15M) 0.417ms
[54.691s][info][gc] GC(1148) Pause Young (Allocation Failure) 8M->3M(15M) 0.299ms
[54.746s][info][gc] GC(1149) Pause Young (Allocation Failure) 8M->3M(15M) 0.371ms
[54.771s][info][gc] GC(1150) Pause Young (Allocation Failure) 8M->3M(15M) 0.346ms
[54.780s][info][gc] GC(1151) Pause Young (Allocation Failure) 8M->3M(15M) 0.348ms
[54.861s][info][gc] GC(1152) Pause Young (Allocation Failure) 8M->3M(15M) 0.366ms
[54.865s][info][gc] GC(1153) Pause Young (Allocation Failure) 8M->3M(15M) 0.329ms
[54.879s][info][gc] GC(1154) Pause Young (Allocation Failure) 8M->3M(15M) 0.399ms
[54.902s][info][gc] GC(1155) Pause Young (Allocation Failure) 8M->3M(15M) 0.404ms
[54.906s][info][gc] GC(1156) Pause Young (Allocation Failure) 8M->3M(15M) 0.297ms
[54.913s][info][gc] GC(1157) Pause Young (Allocation Failure) 8M->3M(15M) 0.393ms
[54.923s][info][gc] GC(1158) Pause Young (Allocation Failure) 8M->3M(15M) 0.388ms
[54.932s][info][gc] GC(1159) Pause Young (Allocation Failure) 8M->3M(15M) 0.303ms
[54.944s][info][gc] GC(1160) Pause Young (Allocation Failure) 8M->3M(15M) 0.648ms
[54.951s][info][gc] GC(1161) Pause Young (Allocation Failure) 8M->3M(15M) 0.364ms
[54.956s][info][gc] GC(1162) Pause Young (Allocation Failure) 8M->3M(15M) 0.275ms
[55.450s][info][gc] GC(1163) Pause Young (Allocation Failure) 8M->3M(15M) 0.377ms
[55.665s][info][gc] GC(1164) Pause Young (Allocation Failure) 8M->3M(15M) 0.365ms
[55.688s][info][gc] GC(1165) Pause Young (Allocation Failure) 8M->3M(15M) 0.354ms
[55.757s][info][gc] GC(1166) Pause Young (Allocation Failure) 8M->3M(15M) 0.369ms
[55.765s][info][gc] GC(1167) Pause Young (Allocation Failure) 8M->3M(15M) 0.320ms
[55.777s][info][gc] GC(1168) Pause Young (Allocation Failure) 8M->3M(15M) 0.341ms
[55.783s][info][gc] GC(1169) Pause Young (Allocation Failure) 8M->3M(15M) 0.401ms
[55.877s][info][gc] GC(1170) Pause Young (Allocation Failure) 8M->3M(15M) 0.351ms
[56.098s][info][gc] GC(1171) Pause Young (Allocation Failure) 8M->3M(15M) 0.352ms
[56.111s][info][gc] GC(1172) Pause Young (Allocation Failure) 8M->3M(15M) 0.285ms
[56.123s][info][gc] GC(1173) Pause Young (Allocation Failure) 8M->3M(15M) 0.459ms
[56.150s][info][gc] GC(1174) Pause Young (Allocation Failure) 8M->3M(15M) 0.469ms
[56.169s][info][gc] GC(1175) Pause Young (Allocation Failure) 8M->3M(15M) 0.321ms
[56.182s][info][gc] GC(1176) Pause Young (Allocation Failure) 8M->3M(15M) 0.360ms
[56.312s][info][gc] GC(1177) Pause Young (Allocation Failure) 8M->3M(15M) 0.355ms
[56.330s][info][gc] GC(1178) Pause Young (Allocation Failure) 8M->3M(15M) 0.364ms
[56.361s][info][gc] GC(1179) Pause Young (Allocation Failure) 8M->3M(15M) 0.380ms
[56.374s][info][gc] GC(1180) Pause Young (Allocation Failure) 8M->3M(15M) 0.338ms
[56.384s][info][gc] GC(1181) Pause Young (Allocation Failure) 8M->3M(15M) 0.329ms
[56.394s][info][gc] GC(1182) Pause Young (Allocation Failure) 8M->3M(15M) 0.368ms
[56.411s][info][gc] GC(1183) Pause Young (Allocation Failure) 8M->3M(15M) 0.351ms
[56.422s][info][gc] GC(1184) Pause Young (Allocation Failure) 8M->3M(15M) 0.386ms
[56.430s][info][gc] GC(1185) Pause Young (Allocation Failure) 8M->3M(15M) 0.399ms
[56.437s][info][gc] GC(1186) Pause Young (Allocation Failure) 8M->3M(15M) 0.435ms
[56.454s][info][gc] GC(1187) Pause Young (Allocation Failure) 8M->3M(15M) 0.313ms
[56.464s][info][gc] GC(1188) Pause Young (Allocation Failure) 8M->3M(15M) 0.305ms
[56.479s][info][gc] GC(1189) Pause Young (Allocation Failure) 8M->3M(15M) 0.452ms
[56.522s][info][gc] GC(1190) Pause Young (Allocation Failure) 8M->3M(15M) 0.353ms
[56.553s][info][gc] GC(1191) Pause Young (Allocation Failure) 8M->3M(15M) 0.314ms
[56.561s][info][gc] GC(1192) Pause Young (Allocation Failure) 8M->3M(15M) 0.367ms
[56.580s][info][gc] GC(1193) Pause Young (Allocation Failure) 8M->3M(15M) 0.365ms
[56.590s][info][gc] GC(1194) Pause Young (Allocation Failure) 8M->3M(15M) 0.332ms
[56.601s][info][gc] GC(1195) Pause Young (Allocation Failure) 8M->4M(15M) 0.374ms
[56.657s][info][gc] GC(1196) Pause Young (Allocation Failure) 8M->3M(15M) 0.344ms
[56.666s][info][gc] GC(1197) Pause Young (Allocation Failure) 8M->4M(15M) 0.351ms
[56.676s][info][gc] GC(1198) Pause Young (Allocation Failure) 8M->3M(15M) 0.362ms
[56.686s][info][gc] GC(1199) Pause Young (Allocation Failure) 8M->3M(15M) 0.328ms
[56.693s][info][gc] GC(1200) Pause Young (Allocation Failure) 8M->4M(15M) 0.348ms
[56.702s][info][gc] GC(1201) Pause Young (Allocation Failure) 8M->3M(15M) 0.382ms
[56.709s][info][gc] GC(1202) Pause Young (Allocation Failure) 8M->3M(15M) 0.296ms
[56.816s][info][gc] GC(1203) Pause Young (Allocation Failure) 8M->4M(15M) 0.340ms
[56.827s][info][gc] GC(1204) Pause Young (Allocation Failure) 8M->3M(15M) 0.364ms
[56.838s][info][gc] GC(1205) Pause Young (Allocation Failure) 8M->3M(15M) 0.267ms
[56.930s][info][gc] GC(1206) Pause Young (Allocation Failure) 8M->4M(15M) 0.362ms
[56.945s][info][gc] GC(1207) Pause Young (Allocation Failure) 8M->4M(15M) 0.371ms
[57.141s][info][gc] GC(1208) Pause Young (Allocation Failure) 8M->4M(15M) 0.371ms
[57.153s][info][gc] GC(1209) Pause Young (Allocation Failure) 8M->4M(15M) 0.357ms
[57.454s][info][gc] GC(1210) Pause Young (Allocation Failure) 8M->4M(15M) 0.366ms
[57.464s][info][gc] GC(1211) Pause Young (Allocation Failure) 8M->3M(15M) 0.281ms
[57.476s][info][gc] GC(1212) Pause Young (Allocation Failure) 8M->4M(15M) 0.359ms
[57.486s][info][gc] GC(1213) Pause Young (Allocation Failure) 8M->4M(15M) 0.369ms
[57.497s][info][gc] GC(1214) Pause Young (Allocation Failure) 8M->4M(15M) 0.344ms
[57.507s][info][gc] GC(1215) Pause Young (Allocation Failure) 8M->3M(15M) 0.293ms
[57.530s][info][gc] GC(1216) Pause Young (Allocation Failure) 8M->4M(15M) 0.349ms
[57.535s][info][gc] GC(1217) Pause Young (Allocation Failure) 8M->4M(15M) 0.334ms
[57.541s][info][gc] GC(1218) Pause Young (Allocation Failure) 8M->3M(15M) 0.324ms
[57.547s][info][gc] GC(1219) Pause Young (Allocation Failure) 8M->4M(15M) 0.421ms
[57.580s][info][gc] GC(1220) Pause Young (Allocation Failure) 8M->4M(15M) 0.392ms
[57.591s][info][gc] GC(1221) Pause Young (Allocation Failure) 8M->4M(15M) 0.353ms
[57.596s][info][gc] GC(1222) Pause Young (Allocation Failure) 8M->4M(15M) 0.337ms
[57.631s][info][gc] GC(1223) Pause Young (Allocation Failure) 8M->3M(15M) 0.298ms
[58.457s][info][gc] GC(1224) Pause Young (Allocation Failure) 8M->4M(15M) 0.371ms
[58.511s][info][gc] GC(1225) Pause Young (Allocation Failure) 8M->4M(15M) 0.338ms
[58.558s][info][gc] GC(1226) Pause Young (Allocation Failure) 8M->3M(15M) 0.267ms
[58.565s][info][gc] GC(1227) Pause Young (Allocation Failure) 8M->4M(15M) 0.359ms
[58.614s][info][gc] GC(1228) Pause Young (Allocation Failure) 8M->4M(15M) 0.303ms
[58.644s][info][gc] GC(1229) Pause Young (Allocation Failure) 8M->4M(15M) 0.351ms
[58.654s][info][gc] GC(1230) Pause Young (Allocation Failure) 8M->4M(15M) 0.369ms
[58.721s][info][gc] GC(1231) Pause Young (Allocation Failure) 8M->4M(15M) 0.361ms
[58.735s][info][gc] GC(1232) Pause Young (Allocation Failure) 8M->4M(15M) 0.490ms
[58.741s][info][gc] GC(1233) Pause Young (Allocation Failure) 8M->4M(15M) 0.355ms
[58.752s][info][gc] GC(1234) Pause Young (Allocation Failure) 8M->4M(15M) 0.343ms
[58.756s][info][gc] GC(1235) Pause Young (Allocation Failure) 8M->4M(15M) 0.305ms
[58.760s][info][gc] GC(1236) Pause Young (Allocation Failure) 8M->4M(15M) 0.362ms
[58.767s][info][gc] GC(1237) Pause Young (Allocation Failure) 8M->4M(15M) 0.338ms
[58.771s][info][gc] GC(1238) Pause Young (Allocation Failure) 8M->4M(15M) 0.336ms
[58.891s][info][gc] GC(1239) Pause Young (Allocation Failure) 8M->4M(15M) 0.375ms
[58.901s][info][gc] GC(1240) Pause Young (Allocation Failure) 8M->4M(15M) 0.360ms
[58.914s][info][gc] GC(1241) Pause Young (Allocation Failure) 8M->4M(15M) 0.369ms
[58.923s][info][gc] GC(1242) Pause Young (Allocation Failure) 8M->4M(15M) 0.266ms
[58.927s][info][gc] GC(1243) Pause Young (Allocation Failure) 8M->4M(15M) 0.359ms
[58.932s][info][gc] GC(1244) Pause Young (Allocation Failure) 8M->4M(15M) 0.330ms
[58.936s][info][gc] GC(1245) Pause Young (Allocation Failure) 8M->4M(15M) 0.348ms
[59.698s][info][gc] GC(1246) Pause Young (Allocation Failure) 8M->4M(15M) 0.336ms
[59.706s][info][gc] GC(1247) Pause Young (Allocation Failure) 8M->4M(15M) 0.267ms
[59.730s][info][gc] GC(1248) Pause Young (Allocation Failure) 8M->4M(15M) 0.455ms
[59.743s][info][gc] GC(1249) Pause Young (Allocation Failure) 8M->4M(15M) 0.322ms
[59.752s][info][gc] GC(1250) Pause Young (Allocation Failure) 8M->4M(15M) 0.452ms
[59.760s][info][gc] GC(1251) Pause Young (Allocation Failure) 8M->4M(15M) 0.351ms
[59.778s][info][gc] GC(1252) Pause Young (Allocation Failure) 8M->4M(15M) 0.481ms
[59.957s][info][gc] GC(1253) Pause Young (Allocation Failure) 8M->4M(15M) 0.709ms
[59.966s][info][gc] GC(1254) Pause Young (Allocation Failure) 8M->4M(15M) 0.310ms
[60.001s][info][gc] GC(1255) Pause Young (Allocation Failure) 8M->4M(15M) 0.266ms
[60.024s][info][gc] GC(1256) Pause Young (Allocation Failure) 8M->4M(15M) 0.314ms
[60.029s][info][gc] GC(1257) Pause Young (Allocation Failure) 8M->4M(15M) 0.309ms
[60.033s][info][gc] GC(1258) Pause Young (Allocation Failure) 8M->4M(15M) 0.446ms
[60.037s][info][gc] GC(1259) Pause Young (Allocation Failure) 8M->4M(15M) 0.323ms
[60.061s][info][gc] GC(1260) Pause Young (Allocation Failure) 8M->4M(15M) 0.383ms
[60.092s][info][gc] GC(1261) Pause Young (Allocation Failure) 8M->4M(15M) 0.366ms
[60.106s][info][gc] GC(1262) Pause Young (Allocation Failure) 8M->4M(15M) 0.334ms
[60.112s][info][gc] GC(1263) Pause Young (Allocation Failure) 8M->4M(15M) 0.342ms
[60.131s][info][gc] GC(1264) Pause Young (Allocation Failure) 8M->4M(15M) 0.332ms
[60.139s][info][gc] GC(1265) Pause Young (Allocation Failure) 8M->4M(15M) 0.295ms
[60.147s][info][gc] GC(1266) Pause Young (Allocation Failure) 8M->4M(15M) 0.339ms
[60.235s][info][gc] GC(1267) Pause Young (Allocation Failure) 8M->4M(15M) 0.340ms
[60.375s][info][gc] GC(1268) Pause Young (Allocation Failure) 8M->4M(15M) 0.363ms
[60.385s][info][gc] GC(1269) Pause Young (Allocation Failure) 8M->4M(15M) 0.365ms
[60.395s][info][gc] GC(1270) Pause Young (Allocation Failure) 8M->4M(15M) 0.340ms
[60.404s][info][gc] GC(1271) Pause Young (Allocation Failure) 8M->4M(15M) 0.354ms
[60.413s][info][gc] GC(1272) Pause Young (Allocation Failure) 8M->4M(15M) 0.348ms
[60.417s][info][gc] GC(1273) Pause Young (Allocation Failure) 8M->4M(15M) 0.342ms
[60.426s][info][gc] GC(1274) Pause Young (Allocation Failure) 8M->4M(15M) 0.354ms
[60.435s][info][gc] GC(1275) Pause Young (Allocation Failure) 8M->4M(15M) 0.553ms
[60.440s][info][gc] GC(1276) Pause Young (Allocation Failure) 8M->4M(15M) 0.321ms
[60.480s][info][gc] GC(1277) Pause Young (Allocation Failure) 8M->4M(15M) 0.349ms
[60.488s][info][gc] GC(1278) Pause Young (Allocation Failure) 8M->4M(15M) 0.379ms
[60.494s][info][gc] GC(1279) Pause Young (Allocation Failure) 8M->4M(15M) 0.326ms
[60.499s][info][gc] GC(1280) Pause Young (Allocation Failure) 8M->4M(15M) 0.337ms
[60.639s][info][gc] GC(1281) Pause Young (Allocation Failure) 8M->4M(15M) 0.352ms
[60.649s][info][gc] GC(1282) Pause Young (Allocation Failure) 8M->4M(15M) 0.348ms
[60.657s][info][gc] GC(1283) Pause Young (Allocation Failure) 8M->4M(15M) 0.341ms
[60.672s][info][gc] GC(1284) Pause Young (Allocation Failure) 8M->4M(15M) 0.346ms
[60.682s][info][gc] GC(1285) Pause Young (Allocation Failure) 8M->4M(15M) 0.290ms
[60.692s][info][gc] GC(1286) Pause Young (Allocation Failure) 8M->4M(15M) 0.351ms
[60.702s][info][gc] GC(1287) Pause Young (Allocation Failure) 8M->4M(15M) 0.344ms
[60.728s][info][gc] GC(1288) Pause Young (Allocation Failure) 8M->4M(15M) 0.521ms
[60.744s][info][gc] GC(1289) Pause Young (Allocation Failure) 8M->4M(15M) 0.355ms
[60.749s][info][gc] GC(1290) Pause Young (Allocation Failure) 8M->4M(15M) 0.325ms
[60.760s][info][gc] GC(1291) Pause Young (Allocation Failure) 8M->4M(15M) 0.269ms
[60.764s][info][gc] GC(1292) Pause Young (Allocation Failure) 8M->4M(15M) 0.344ms
[60.770s][info][gc] GC(1293) Pause Young (Allocation Failure) 8M->4M(15M) 0.290ms
[60.776s][info][gc] GC(1294) Pause Young (Allocation Failure) 8M->4M(15M) 0.352ms
[61.076s][info][gc] GC(1295) Pause Young (Allocation Failure) 8M->4M(15M) 0.355ms
[61.082s][info][gc] GC(1296) Pause Young (Allocation Failure) 8M->4M(15M) 0.277ms
[61.189s][info][gc] GC(1297) Pause Young (Allocation Failure) 8M->4M(15M) 0.351ms
[61.194s][info][gc] GC(1298) Pause Young (Allocation Failure) 8M->4M(15M) 0.336ms
[61.199s][info][gc] GC(1299) Pause Young (Allocation Failure) 8M->4M(15M) 0.368ms
[61.210s][info][gc] GC(1300) Pause Young (Allocation Failure) 8M->4M(15M) 0.280ms
[61.318s][info][gc] GC(1301) Pause Young (Allocation Failure) 8M->4M(15M) 0.355ms
[61.322s][info][gc] GC(1302) Pause Young (Allocation Failure) 8M->4M(15M) 0.346ms
[61.335s][info][gc] GC(1303) Pause Young (Allocation Failure) 8M->4M(15M) 0.309ms
[61.363s][info][gc] GC(1304) Pause Young (Allocation Failure) 8M->4M(15M) 0.374ms
[62.203s][info][gc] GC(1305) Pause Young (Allocation Failure) 8M->4M(15M) 0.355ms
[62.208s][info][gc] GC(1306) Pause Young (Allocation Failure) 8M->4M(15M) 0.334ms
[62.217s][info][gc] GC(1307) Pause Young (Allocation Failure) 8M->4M(15M) 0.429ms
[62.222s][info][gc] GC(1308) Pause Young (Allocation Failure) 8M->4M(15M) 0.434ms
[62.226s][info][gc] GC(1309) Pause Young (Allocation Failure) 8M->4M(15M) 0.289ms
[62.231s][info][gc] GC(1310) Pause Young (Allocation Failure) 8M->4M(15M) 0.330ms
[62.235s][info][gc] GC(1311) Pause Young (Allocation Failure) 8M->4M(15M) 0.359ms
[62.241s][info][gc] GC(1312) Pause Young (Allocation Failure) 8M->4M(15M) 0.473ms
[62.252s][info][gc] GC(1313) Pause Young (Allocation Failure) 8M->4M(15M) 0.345ms
[62.257s][info][gc] GC(1314) Pause Young (Allocation Failure) 8M->4M(15M) 0.344ms
[62.261s][info][gc] GC(1315) Pause Young (Allocation Failure) 8M->4M(15M) 0.260ms
[62.266s][info][gc] GC(1316) Pause Young (Allocation Failure) 8M->4M(15M) 0.354ms
[62.275s][info][gc] GC(1317) Pause Young (Allocation Failure) 8M->4M(15M) 0.460ms
[62.280s][info][gc] GC(1318) Pause Young (Allocation Failure) 8M->4M(15M) 0.377ms
[62.284s][info][gc] GC(1319) Pause Young (Allocation Failure) 8M->4M(15M) 0.340ms
[62.288s][info][gc] GC(1320) Pause Young (Allocation Failure) 8M->4M(15M) 0.298ms
[62.308s][info][gc] GC(1321) Pause Young (Allocation Failure) 8M->4M(15M) 0.349ms
[62.312s][info][gc] GC(1322) Pause Young (Allocation Failure) 8M->4M(15M) 0.317ms
[62.317s][info][gc] GC(1323) Pause Young (Allocation Failure) 8M->4M(15M) 0.339ms
[62.325s][info][gc] GC(1324) Pause Young (Allocation Failure) 8M->4M(15M) 0.418ms
[62.329s][info][gc] GC(1325) Pause Young (Allocation Failure) 8M->4M(15M) 0.262ms
[62.337s][info][gc] GC(1326) Pause Young (Allocation Failure) 8M->4M(15M) 0.350ms
[62.341s][info][gc] GC(1327) Pause Young (Allocation Failure) 8M->4M(15M) 0.308ms
[62.345s][info][gc] GC(1328) Pause Young (Allocation Failure) 8M->4M(15M) 0.356ms
[62.362s][info][gc] GC(1329) Pause Young (Allocation Failure) 8M->4M(15M) 0.358ms
[62.372s][info][gc] GC(1330) Pause Young (Allocation Failure) 8M->4M(15M) 0.507ms
[62.383s][info][gc] GC(1331) Pause Young (Allocation Failure) 8M->4M(15M) 0.804ms
[62.442s][info][gc] GC(1332) Pause Young (Allocation Failure) 8M->4M(15M) 0.450ms
[62.451s][info][gc] GC(1333) Pause Young (Allocation Failure) 8M->4M(15M) 0.398ms
[62.460s][info][gc] GC(1334) Pause Young (Allocation Failure) 8M->4M(15M) 0.543ms
[62.464s][info][gc] GC(1335) Pause Young (Allocation Failure) 8M->4M(15M) 0.338ms
[62.485s][info][gc] GC(1336) Pause Young (Allocation Failure) 8M->4M(15M) 0.424ms
[62.612s][info][gc] GC(1337) Pause Young (Allocation Failure) 8M->4M(15M) 0.337ms
[62.630s][info][gc] GC(1338) Pause Young (Allocation Failure) 8M->4M(15M) 0.441ms
[62.674s][info][gc] GC(1339) Pause Young (Allocation Failure) 8M->4M(15M) 0.327ms
[62.786s][info][gc] GC(1340) Pause Young (Allocation Failure) 8M->4M(15M) 0.384ms
[62.791s][info][gc] GC(1341) Pause Young (Allocation Failure) 8M->4M(15M) 0.481ms
[62.819s][info][gc] GC(1342) Pause Young (Allocation Failure) 8M->4M(15M) 0.339ms
[62.824s][info][gc] GC(1343) Pause Young (Allocation Failure) 8M->4M(15M) 0.367ms
[62.913s][info][gc] GC(1344) Pause Young (Allocation Failure) 8M->4M(15M) 0.334ms
[62.925s][info][gc] GC(1345) Pause Young (Allocation Failure) 8M->4M(15M) 0.377ms
[62.930s][info][gc] GC(1346) Pause Young (Allocation Failure) 8M->4M(15M) 0.356ms
[62.936s][info][gc] GC(1347) Pause Young (Allocation Failure) 8M->4M(15M) 0.327ms
[62.943s][info][gc] GC(1348) Pause Young (Allocation Failure) 8M->4M(15M) 0.340ms
[62.947s][info][gc] GC(1349) Pause Young (Allocation Failure) 8M->4M(15M) 0.391ms
[62.953s][info][gc] GC(1350) Pause Young (Allocation Failure) 8M->4M(15M) 0.336ms
[62.957s][info][gc] GC(1351) Pause Young (Allocation Failure) 8M->4M(15M) 0.362ms
[63.174s][info][gc] GC(1352) Pause Young (Allocation Failure) 8M->4M(15M) 0.334ms
[63.187s][info][gc] GC(1353) Pause Young (Allocation Failure) 8M->4M(15M) 0.350ms
[63.195s][info][gc] GC(1354) Pause Young (Allocation Failure) 8M->4M(15M) 0.276ms
[63.204s][info][gc] GC(1355) Pause Young (Allocation Failure) 8M->4M(15M) 0.349ms
[63.226s][info][gc] GC(1356) Pause Young (Allocation Failure) 8M->4M(15M) 0.308ms
[63.237s][info][gc] GC(1357) Pause Young (Allocation Failure) 8M->4M(15M) 0.275ms
[63.253s][info][gc] GC(1358) Pause Young (Allocation Failure) 8M->4M(15M) 0.355ms
[63.264s][info][gc] GC(1359) Pause Young (Allocation Failure) 8M->4M(15M) 0.296ms
[63.270s][info][gc] GC(1360) Pause Young (Allocation Failure) 8M->4M(15M) 0.446ms
[63.275s][info][gc] GC(1361) Pause Young (Allocation Failure) 8M->4M(15M) 0.318ms
[63.282s][info][gc] GC(1362) Pause Young (Allocation Failure) 8M->4M(15M) 0.329ms
[63.288s][info][gc] GC(1363) Pause Young (Allocation Failure) 8M->4M(15M) 0.351ms
[63.292s][info][gc] GC(1364) Pause Young (Allocation Failure) 8M->4M(15M) 0.247ms
[63.298s][info][gc] GC(1365) Pause Young (Allocation Failure) 8M->4M(15M) 0.342ms
[63.410s][info][gc] GC(1366) Pause Young (Allocation Failure) 8M->4M(15M) 0.402ms
[63.415s][info][gc] GC(1367) Pause Young (Allocation Failure) 8M->4M(15M) 0.289ms
[67.088s][info][gc] GC(1368) Pause Young (Allocation Failure) 8M->4M(15M) 0.347ms
[67.092s][info][gc] GC(1369) Pause Young (Allocation Failure) 8M->4M(15M) 0.364ms
[67.096s][info][gc] GC(1370) Pause Young (Allocation Failure) 8M->4M(15M) 0.262ms
[67.101s][info][gc] GC(1371) Pause Young (Allocation Failure) 8M->4M(15M) 0.337ms
[67.107s][info][gc] GC(1372) Pause Young (Allocation Failure) 8M->4M(15M) 0.334ms
[67.111s][info][gc] GC(1373) Pause Young (Allocation Failure) 8M->4M(15M) 0.312ms
[67.117s][info][gc] GC(1374) Pause Young (Allocation Failure) 8M->4M(15M) 0.362ms
[67.121s][info][gc] GC(1375) Pause Young (Allocation Failure) 8M->4M(15M) 0.367ms
[67.132s][info][gc] GC(1376) Pause Young (Allocation Failure) 8M->4M(15M) 0.364ms
[67.137s][info][gc] GC(1377) Pause Young (Allocation Failure) 8M->4M(15M) 0.345ms
[67.141s][info][gc] GC(1378) Pause Young (Allocation Failure) 8M->4M(15M) 0.287ms
[67.146s][info][gc] GC(1379) Pause Young (Allocation Failure) 8M->4M(15M) 0.354ms
[67.152s][info][gc] GC(1380) Pause Young (Allocation Failure) 8M->4M(15M) 0.358ms
[67.157s][info][gc] GC(1381) Pause Young (Allocation Failure) 8M->4M(15M) 0.278ms
[67.161s][info][gc] GC(1382) Pause Young (Allocation Failure) 8M->4M(15M) 0.313ms
[67.165s][info][gc] GC(1383) Pause Young (Allocation Failure) 8M->4M(15M) 0.391ms
[68.947s][info][gc] GC(1384) Pause Young (Allocation Failure) 8M->4M(15M) 0.469ms
[68.954s][info][gc] GC(1385) Pause Young (Allocation Failure) 8M->4M(15M) 0.390ms
[68.961s][info][gc] GC(1386) Pause Young (Allocation Failure) 8M->4M(15M) 0.353ms
[68.968s][info][gc] GC(1387) Pause Young (Allocation Failure) 8M->4M(15M) 0.313ms
[68.974s][info][gc] GC(1388) Pause Young (Allocation Failure) 8M->4M(15M) 0.338ms
[68.985s][info][gc] GC(1389) Pause Young (Allocation Failure) 8M->4M(15M) 0.340ms
[68.990s][info][gc] GC(1390) Pause Young (Allocation Failure) 8M->4M(15M) 0.312ms
[69.018s][info][gc] GC(1391) Pause Young (Allocation Failure) 8M->4M(15M) 0.328ms
[69.024s][info][gc] GC(1392) Pause Young (Allocation Failure) 8M->4M(15M) 0.346ms
[72.749s][info][gc] GC(1393) Pause Young (Allocation Failure) 8M->4M(15M) 0.264ms
[72.753s][info][gc] GC(1394) Pause Young (Allocation Failure) 8M->4M(15M) 0.325ms
[72.757s][info][gc] GC(1395) Pause Young (Allocation Failure) 8M->4M(15M) 0.318ms
[72.761s][info][gc] GC(1396) Pause Young (Allocation Failure) 8M->4M(15M) 0.234ms
[72.765s][info][gc] GC(1397) Pause Young (Allocation Failure) 8M->4M(15M) 0.383ms
[72.769s][info][gc] GC(1398) Pause Young (Allocation Failure) 8M->4M(15M) 0.327ms
[72.773s][info][gc] GC(1399) Pause Young (Allocation Failure) 8M->4M(15M) 0.222ms
[72.777s][info][gc] GC(1400) Pause Young (Allocation Failure) 8M->4M(15M) 0.308ms
[72.783s][info][gc] GC(1401) Pause Young (Allocation Failure) 8M->4M(15M) 0.334ms
[72.790s][info][gc] GC(1402) Pause Young (Allocation Failure) 8M->4M(15M) 0.351ms
[72.794s][info][gc] GC(1403) Pause Young (Allocation Failure) 8M->4M(15M) 0.287ms
[72.798s][info][gc] GC(1404) Pause Young (Allocation Failure) 8M->4M(15M) 0.327ms
[72.802s][info][gc] GC(1405) Pause Young (Allocation Failure) 8M->4M(15M) 0.320ms
[72.806s][info][gc] GC(1406) Pause Young (Allocation Failure) 8M->4M(15M) 0.243ms
[72.810s][info][gc] GC(1407) Pause Young (Allocation Failure) 8M->4M(15M) 0.324ms
[72.814s][info][gc] GC(1408) Pause Young (Allocation Failure) 8M->4M(15M) 0.320ms
[72.818s][info][gc] GC(1409) Pause Young (Allocation Failure) 8M->4M(15M) 0.353ms
[72.836s][info][gc] GC(1410) Pause Young (Allocation Failure) 8M->4M(15M) 0.339ms
[72.930s][info][gc] GC(1411) Pause Young (Allocation Failure) 8M->4M(15M) 0.349ms
[72.936s][info][gc] GC(1412) Pause Young (Allocation Failure) 8M->4M(15M) 0.420ms
[72.940s][info][gc] GC(1413) Pause Young (Allocation Failure) 8M->4M(15M) 0.307ms
[72.946s][info][gc] GC(1414) Pause Young (Allocation Failure) 8M->4M(15M) 0.318ms
[72.952s][info][gc] GC(1415) Pause Young (Allocation Failure) 8M->4M(15M) 0.392ms
[72.956s][info][gc] GC(1416) Pause Young (Allocation Failure) 8M->4M(15M) 0.328ms
[72.960s][info][gc] GC(1417) Pause Young (Allocation Failure) 8M->4M(15M) 0.283ms
[72.964s][info][gc] GC(1418) Pause Young (Allocation Failure) 8M->4M(15M) 0.319ms
[72.996s][info][gc] GC(1419) Pause Young (Allocation Failure) 8M->4M(15M) 0.365ms
[73.008s][info][gc] GC(1420) Pause Young (Allocation Failure) 8M->4M(15M) 0.346ms
[73.015s][info][gc] GC(1421) Pause Young (Allocation Failure) 8M->4M(15M) 0.774ms
[73.029s][info][gc] GC(1422) Pause Young (Allocation Failure) 8M->4M(15M) 0.285ms
[73.036s][info][gc] GC(1423) Pause Young (Allocation Failure) 8M->4M(15M) 0.350ms
[73.045s][info][gc] GC(1424) Pause Young (Allocation Failure) 8M->4M(15M) 0.362ms
[73.059s][info][gc] GC(1425) Pause Young (Allocation Failure) 8M->4M(15M) 0.375ms
[73.375s][info][gc] GC(1426) Pause Young (Allocation Failure) 8M->4M(15M) 0.620ms
[73.389s][info][gc] GC(1427) Pause Young (Allocation Failure) 8M->4M(15M) 0.369ms
[73.394s][info][gc] GC(1428) Pause Young (Allocation Failure) 8M->4M(15M) 0.351ms
[73.404s][info][gc] GC(1429) Pause Young (Allocation Failure) 8M->4M(15M) 0.359ms
[73.409s][info][gc] GC(1430) Pause Young (Allocation Failure) 8M->4M(15M) 0.346ms
[73.414s][info][gc] GC(1431) Pause Young (Allocation Failure) 8M->4M(15M) 0.365ms
[73.434s][info][gc] GC(1432) Pause Young (Allocation Failure) 8M->4M(15M) 0.346ms
[73.438s][info][gc] GC(1433) Pause Young (Allocation Failure) 8M->4M(15M) 0.295ms
[73.512s][info][gc] GC(1434) Pause Young (Allocation Failure) 8M->4M(15M) 0.364ms
[73.517s][info][gc] GC(1435) Pause Young (Allocation Failure) 8M->4M(15M) 0.327ms
[73.916s][info][gc] GC(1436) Pause Young (Allocation Failure) 8M->4M(15M) 0.333ms
[73.920s][info][gc] GC(1437) Pause Young (Allocation Failure) 8M->4M(15M) 0.333ms
[73.925s][info][gc] GC(1438) Pause Young (Allocation Failure) 8M->4M(15M) 0.348ms
[73.929s][info][gc] GC(1439) Pause Young (Allocation Failure) 8M->4M(15M) 0.257ms
[73.934s][info][gc] GC(1440) Pause Young (Allocation Failure) 8M->4M(15M) 0.342ms
[73.939s][info][gc] GC(1441) Pause Young (Allocation Failure) 8M->4M(15M) 0.637ms
[73.944s][info][gc] GC(1442) Pause Young (Allocation Failure) 8M->4M(15M) 0.344ms
[73.949s][info][gc] GC(1443) Pause Young (Allocation Failure) 8M->4M(15M) 0.338ms
[73.953s][info][gc] GC(1444) Pause Young (Allocation Failure) 8M->4M(15M) 0.341ms
[73.976s][info][gc] GC(1445) Pause Young (Allocation Failure) 8M->4M(15M) 0.265ms
[73.986s][info][gc] GC(1446) Pause Young (Allocation Failure) 8M->4M(15M) 0.344ms
[73.996s][info][gc] GC(1447) Pause Young (Allocation Failure) 8M->4M(15M) 0.992ms
[74.006s][info][gc] GC(1448) Pause Young (Allocation Failure) 8M->4M(15M) 0.360ms
[74.016s][info][gc] GC(1449) Pause Young (Allocation Failure) 8M->4M(15M) 1.398ms
[74.025s][info][gc] GC(1450) Pause Young (Allocation Failure) 8M->4M(15M) 0.277ms
[74.037s][info][gc] GC(1451) Pause Young (Allocation Failure) 8M->4M(15M) 0.344ms
[74.046s][info][gc] GC(1452) Pause Young (Allocation Failure) 8M->4M(15M) 0.335ms
[74.056s][info][gc] GC(1453) Pause Young (Allocation Failure) 8M->4M(15M) 0.271ms
[74.068s][info][gc] GC(1454) Pause Young (Allocation Failure) 8M->4M(15M) 0.339ms
[74.083s][info][gc] GC(1455) Pause Young (Allocation Failure) 8M->4M(15M) 0.338ms
[74.092s][info][gc] GC(1456) Pause Young (Allocation Failure) 8M->4M(15M) 0.343ms
[74.102s][info][gc] GC(1457) Pause Young (Allocation Failure) 8M->4M(15M) 0.328ms
[74.155s][info][gc] GC(1458) Pause Young (Allocation Failure) 8M->4M(15M) 0.349ms
[74.163s][info][gc] GC(1459) Pause Young (Allocation Failure) 8M->4M(15M) 0.260ms
[74.170s][info][gc] GC(1460) Pause Young (Allocation Failure) 8M->4M(15M) 0.343ms
[74.179s][info][gc] GC(1461) Pause Young (Allocation Failure) 8M->4M(15M) 0.398ms
[74.188s][info][gc] GC(1462) Pause Young (Allocation Failure) 8M->4M(15M) 0.324ms
[74.196s][info][gc] GC(1463) Pause Young (Allocation Failure) 8M->4M(15M) 0.387ms
[74.205s][info][gc] GC(1464) Pause Young (Allocation Failure) 8M->4M(15M) 0.391ms
[74.227s][info][gc] GC(1465) Pause Young (Allocation Failure) 8M->4M(15M) 0.352ms
[74.235s][info][gc] GC(1466) Pause Young (Allocation Failure) 8M->4M(15M) 0.324ms
[74.242s][info][gc] GC(1467) Pause Young (Allocation Failure) 8M->4M(15M) 0.337ms
[74.251s][info][gc] GC(1468) Pause Young (Allocation Failure) 8M->4M(15M) 0.251ms
[74.259s][info][gc] GC(1469) Pause Young (Allocation Failure) 8M->4M(15M) 0.331ms
[74.267s][info][gc] GC(1470) Pause Young (Allocation Failure) 8M->4M(15M) 0.524ms
[74.275s][info][gc] GC(1471) Pause Young (Allocation Failure) 8M->4M(15M) 0.337ms
[74.283s][info][gc] GC(1472) Pause Young (Allocation Failure) 8M->4M(15M) 0.336ms
[74.293s][info][gc] GC(1473) Pause Young (Allocation Failure) 8M->4M(15M) 0.311ms
[74.302s][info][gc] GC(1474) Pause Young (Allocation Failure) 8M->4M(15M) 0.335ms
[74.312s][info][gc] GC(1475) Pause Young (Allocation Failure) 8M->4M(15M) 0.339ms
[74.322s][info][gc] GC(1476) Pause Young (Allocation Failure) 8M->4M(15M) 0.354ms
[74.331s][info][gc] GC(1477) Pause Young (Allocation Failure) 8M->4M(15M) 0.327ms
[74.341s][info][gc] GC(1478) Pause Young (Allocation Failure) 8M->4M(15M) 0.293ms
[74.346s][info][gc] GC(1479) Pause Young (Allocation Failure) 8M->4M(15M) 0.336ms
[74.357s][info][gc] GC(1480) Pause Young (Allocation Failure) 8M->4M(15M) 0.341ms
[74.365s][info][gc] GC(1481) Pause Young (Allocation Failure) 8M->4M(15M) 0.758ms
[74.374s][info][gc] GC(1482) Pause Young (Allocation Failure) 8M->4M(15M) 0.342ms
[74.384s][info][gc] GC(1483) Pause Young (Allocation Failure) 8M->4M(15M) 0.328ms
[74.392s][info][gc] GC(1484) Pause Young (Allocation Failure) 8M->4M(15M) 0.358ms
[74.402s][info][gc] GC(1485) Pause Young (Allocation Failure) 8M->4M(15M) 0.385ms
[74.412s][info][gc] GC(1486) Pause Young (Allocation Failure) 8M->4M(15M) 0.315ms
[74.427s][info][gc] GC(1487) Pause Young (Allocation Failure) 8M->4M(15M) 0.342ms
[74.437s][info][gc] GC(1488) Pause Young (Allocation Failure) 8M->4M(15M) 0.334ms
[74.446s][info][gc] GC(1489) Pause Young (Allocation Failure) 8M->4M(15M) 0.312ms
[74.454s][info][gc] GC(1490) Pause Young (Allocation Failure) 8M->4M(15M) 0.342ms
[74.466s][info][gc] GC(1491) Pause Young (Allocation Failure) 8M->4M(15M) 0.379ms
[74.474s][info][gc] GC(1492) Pause Young (Allocation Failure) 8M->4M(15M) 0.314ms
[74.484s][info][gc] GC(1493) Pause Young (Allocation Failure) 8M->4M(15M) 0.360ms
[74.505s][info][gc] GC(1494) Pause Young (Allocation Failure) 8M->4M(15M) 0.333ms
[74.513s][info][gc] GC(1495) Pause Young (Allocation Failure) 8M->4M(15M) 0.382ms
[74.522s][info][gc] GC(1496) Pause Young (Allocation Failure) 8M->4M(15M) 0.360ms
[74.533s][info][gc] GC(1497) Pause Young (Allocation Failure) 8M->4M(15M) 0.339ms
[74.542s][info][gc] GC(1498) Pause Young (Allocation Failure) 8M->4M(15M) 0.315ms
[74.551s][info][gc] GC(1499) Pause Young (Allocation Failure) 8M->4M(15M) 0.605ms
[74.561s][info][gc] GC(1500) Pause Young (Allocation Failure) 8M->4M(15M) 0.333ms
[74.569s][info][gc] GC(1501) Pause Young (Allocation Failure) 8M->4M(15M) 0.275ms
[74.587s][info][gc] GC(1502) Pause Young (Allocation Failure) 8M->4M(15M) 0.663ms
[74.592s][info][gc] GC(1503) Pause Young (Allocation Failure) 8M->4M(15M) 0.307ms
[74.596s][info][gc] GC(1504) Pause Young (Allocation Failure) 8M->4M(15M) 0.336ms
[74.601s][info][gc] GC(1505) Pause Young (Allocation Failure) 8M->4M(15M) 0.338ms
[74.607s][info][gc] GC(1506) Pause Young (Allocation Failure) 8M->4M(15M) 0.337ms
[74.612s][info][gc] GC(1507) Pause Young (Allocation Failure) 8M->4M(15M) 0.337ms
[74.618s][info][gc] GC(1508) Pause Young (Allocation Failure) 8M->4M(15M) 0.735ms
[74.649s][info][gc] GC(1509) Pause Young (Allocation Failure) 8M->4M(15M) 0.821ms
[74.655s][info][gc] GC(1510) Pause Young (Allocation Failure) 9M->4M(15M) 0.365ms
[74.752s][info][gc] GC(1511) Pause Young (Allocation Failure) 8M->4M(15M) 0.341ms
[74.759s][info][gc] GC(1512) Pause Young (Allocation Failure) 8M->4M(15M) 0.356ms
[74.768s][info][gc] GC(1513) Pause Young (Allocation Failure) 8M->4M(15M) 0.337ms
[74.776s][info][gc] GC(1514) Pause Young (Allocation Failure) 8M->4M(15M) 0.358ms
[74.784s][info][gc] GC(1515) Pause Young (Allocation Failure) 9M->4M(15M) 0.336ms
[74.791s][info][gc] GC(1516) Pause Young (Allocation Failure) 8M->4M(15M) 0.287ms
[74.798s][info][gc] GC(1517) Pause Young (Allocation Failure) 8M->4M(15M) 0.577ms
[74.811s][info][gc] GC(1518) Pause Young (Allocation Failure) 9M->4M(15M) 0.352ms
[74.818s][info][gc] GC(1519) Pause Young (Allocation Failure) 8M->4M(15M) 0.248ms
[74.825s][info][gc] GC(1520) Pause Young (Allocation Failure) 8M->4M(15M) 0.365ms
[74.833s][info][gc] GC(1521) Pause Young (Allocation Failure) 8M->4M(15M) 0.314ms
[74.842s][info][gc] GC(1522) Pause Young (Allocation Failure) 8M->4M(15M) 0.352ms
[74.849s][info][gc] GC(1523) Pause Young (Allocation Failure) 9M->4M(15M) 0.308ms
[74.856s][info][gc] GC(1524) Pause Young (Allocation Failure) 8M->4M(15M) 0.352ms
[75.627s][info][gc] GC(1525) Pause Young (Allocation Failure) 9M->4M(15M) 0.347ms
[75.635s][info][gc] GC(1526) Pause Young (Allocation Failure) 9M->4M(15M) 0.377ms
[75.646s][info][gc] GC(1527) Pause Young (Allocation Failure) 9M->4M(15M) 0.372ms
[75.700s][info][gc] GC(1528) Pause Young (Allocation Failure) 9M->4M(15M) 0.361ms
[75.708s][info][gc] GC(1529) Pause Young (Allocation Failure) 9M->4M(15M) 0.363ms
[75.835s][info][gc] GC(1530) Pause Young (Allocation Failure) 9M->4M(15M) 0.361ms
[75.843s][info][gc] GC(1531) Pause Young (Allocation Failure) 9M->4M(15M) 0.363ms
[75.894s][info][gc] GC(1532) Pause Young (Allocation Failure) 9M->4M(15M) 0.353ms
[75.901s][info][gc] GC(1533) Pause Young (Allocation Failure) 9M->4M(15M) 0.360ms
[75.911s][info][gc] GC(1534) Pause Young (Allocation Failure) 9M->4M(15M) 0.314ms
[75.918s][info][gc] GC(1535) Pause Young (Allocation Failure) 8M->4M(15M) 0.393ms
[75.927s][info][gc] GC(1536) Pause Young (Allocation Failure) 9M->4M(15M) 0.344ms
[75.934s][info][gc] GC(1537) Pause Young (Allocation Failure) 9M->4M(15M) 0.337ms
[75.941s][info][gc] GC(1538) Pause Young (Allocation Failure) 9M->4M(15M) 0.400ms
[75.987s][info][gc] GC(1539) Pause Young (Allocation Failure) 9M->4M(15M) 0.358ms
[75.994s][info][gc] GC(1540) Pause Young (Allocation Failure) 9M->4M(15M) 0.307ms
[76.002s][info][gc] GC(1541) Pause Young (Allocation Failure) 8M->4M(15M) 0.360ms
[76.009s][info][gc] GC(1542) Pause Young (Allocation Failure) 9M->4M(15M) 0.365ms
[76.018s][info][gc] GC(1543) Pause Young (Allocation Failure) 9M->4M(15M) 0.278ms
[76.025s][info][gc] GC(1544) Pause Young (Allocation Failure) 8M->4M(15M) 0.365ms
[76.034s][info][gc] GC(1545) Pause Young (Allocation Failure) 9M->4M(15M) 0.319ms
[76.044s][info][gc] GC(1546) Pause Young (Allocation Failure) 9M->4M(15M) 0.365ms
[76.054s][info][gc] GC(1547) Pause Young (Allocation Failure) 9M->4M(15M) 0.359ms
[76.063s][info][gc] GC(1548) Pause Young (Allocation Failure) 9M->4M(15M) 0.356ms
[76.071s][info][gc] GC(1549) Pause Young (Allocation Failure) 9M->4M(15M) 0.362ms
[76.115s][info][gc] GC(1550) Pause Young (Allocation Failure) 9M->4M(15M) 0.378ms
[76.123s][info][gc] GC(1551) Pause Young (Allocation Failure) 9M->4M(15M) 0.355ms
[76.130s][info][gc] GC(1552) Pause Young (Allocation Failure) 9M->4M(15M) 0.335ms
[76.137s][info][gc] GC(1553) Pause Young (Allocation Failure) 9M->4M(15M) 0.386ms
[76.142s][info][gc] GC(1554) Pause Young (Allocation Failure) 9M->4M(15M) 0.349ms
[76.146s][info][gc] GC(1555) Pause Young (Allocation Failure) 9M->4M(15M) 0.381ms
[76.151s][info][gc] GC(1556) Pause Young (Allocation Failure) 9M->4M(15M) 0.351ms
[76.156s][info][gc] GC(1557) Pause Young (Allocation Failure) 9M->4M(15M) 0.318ms
[76.160s][info][gc] GC(1558) Pause Young (Allocation Failure) 9M->4M(15M) 0.400ms
[76.165s][info][gc] GC(1559) Pause Young (Allocation Failure) 9M->4M(15M) 0.320ms
[76.170s][info][gc] GC(1560) Pause Young (Allocation Failure) 9M->4M(15M) 0.305ms
[76.174s][info][gc] GC(1561) Pause Young (Allocation Failure) 9M->4M(15M) 0.342ms
[76.179s][info][gc] GC(1562) Pause Young (Allocation Failure) 9M->4M(15M) 0.370ms
[76.183s][info][gc] GC(1563) Pause Young (Allocation Failure) 9M->4M(15M) 0.270ms
[76.187s][info][gc] GC(1564) Pause Young (Allocation Failure) 9M->4M(15M) 0.331ms
[76.192s][info][gc] GC(1565) Pause Young (Allocation Failure) 9M->4M(15M) 0.305ms
[76.196s][info][gc] GC(1566) Pause Young (Allocation Failure) 9M->4M(15M) 0.338ms
[76.200s][info][gc] GC(1567) Pause Young (Allocation Failure) 9M->4M(15M) 0.545ms
[76.205s][info][gc] GC(1568) Pause Young (Allocation Failure) 9M->4M(15M) 0.326ms
[76.210s][info][gc] GC(1569) Pause Young (Allocation Failure) 9M->4M(15M) 0.352ms
[76.215s][info][gc] GC(1570) Pause Young (Allocation Failure) 9M->4M(15M) 0.357ms
[76.219s][info][gc] GC(1571) Pause Young (Allocation Failure) 9M->4M(15M) 0.395ms
[76.224s][info][gc] GC(1572) Pause Young (Allocation Failure) 9M->4M(15M) 0.384ms
[76.228s][info][gc] GC(1573) Pause Young (Allocation Failure) 9M->4M(15M) 0.325ms
[76.233s][info][gc] GC(1574) Pause Young (Allocation Failure) 9M->4M(15M) 0.356ms
[76.237s][info][gc] GC(1575) Pause Young (Allocation Failure) 9M->4M(15M) 0.681ms
[76.242s][info][gc] GC(1576) Pause Young (Allocation Failure) 9M->4M(15M) 0.398ms
[76.247s][info][gc] GC(1577) Pause Young (Allocation Failure) 9M->4M(15M) 0.348ms
[76.252s][info][gc] GC(1578) Pause Young (Allocation Failure) 9M->4M(15M) 0.312ms
[76.256s][info][gc] GC(1579) Pause Young (Allocation Failure) 9M->4M(15M) 0.348ms
[76.261s][info][gc] GC(1580) Pause Young (Allocation Failure) 9M->4M(15M) 0.339ms
[76.267s][info][gc] GC(1581) Pause Young (Allocation Failure) 9M->4M(15M) 0.255ms
[76.271s][info][gc] GC(1582) Pause Young (Allocation Failure) 9M->4M(15M) 0.344ms
[76.276s][info][gc] GC(1583) Pause Young (Allocation Failure) 9M->4M(15M) 0.362ms
[76.280s][info][gc] GC(1584) Pause Young (Allocation Failure) 9M->4M(15M) 0.260ms
[76.286s][info][gc] GC(1585) Pause Young (Allocation Failure) 9M->4M(15M) 0.358ms
[76.293s][info][gc] GC(1586) Pause Young (Allocation Failure) 9M->4M(15M) 0.354ms
[76.299s][info][gc] GC(1587) Pause Young (Allocation Failure) 9M->4M(15M) 0.349ms
[76.306s][info][gc] GC(1588) Pause Young (Allocation Failure) 9M->4M(15M) 0.332ms
[76.311s][info][gc] GC(1589) Pause Young (Allocation Failure) 9M->4M(15M) 0.348ms
[76.319s][info][gc] GC(1590) Pause Young (Allocation Failure) 9M->4M(15M) 0.380ms
[76.323s][info][gc] GC(1591) Pause Young (Allocation Failure) 9M->4M(15M) 0.342ms
[76.332s][info][gc] GC(1592) Pause Young (Allocation Failure) 9M->4M(15M) 0.271ms
[76.337s][info][gc] GC(1593) Pause Young (Allocation Failure) 9M->4M(15M) 0.518ms
[76.344s][info][gc] GC(1594) Pause Young (Allocation Failure) 9M->4M(15M) 0.319ms
[76.352s][info][gc] GC(1595) Pause Young (Allocation Failure) 9M->4M(15M) 0.378ms
[76.359s][info][gc] GC(1596) Pause Young (Allocation Failure) 9M->4M(15M) 0.346ms
[76.364s][info][gc] GC(1597) Pause Young (Allocation Failure) 9M->4M(15M) 0.505ms
[76.370s][info][gc] GC(1598) Pause Young (Allocation Failure) 9M->4M(15M) 0.403ms
[76.376s][info][gc] GC(1599) Pause Young (Allocation Failure) 9M->4M(15M) 0.340ms
[76.382s][info][gc] GC(1600) Pause Young (Allocation Failure) 9M->4M(15M) 0.335ms
[76.388s][info][gc] GC(1601) Pause Young (Allocation Failure) 9M->4M(15M) 0.351ms
[76.393s][info][gc] GC(1602) Pause Young (Allocation Failure) 9M->4M(15M) 0.501ms
[76.399s][info][gc] GC(1603) Pause Young (Allocation Failure) 9M->4M(15M) 0.285ms
[76.405s][info][gc] GC(1604) Pause Young (Allocation Failure) 9M->4M(15M) 0.438ms
[76.411s][info][gc] GC(1605) Pause Young (Allocation Failure) 9M->4M(15M) 0.310ms
[76.422s][info][gc] GC(1606) Pause Young (Allocation Failure) 9M->4M(15M) 1.012ms
[76.435s][info][gc] GC(1607) Pause Young (Allocation Failure) 9M->4M(15M) 0.458ms
[76.450s][info][gc] GC(1608) Pause Young (Allocation Failure) 9M->4M(15M) 0.276ms
[76.477s][info][gc] GC(1609) Pause Young (Allocation Failure) 9M->4M(15M) 0.354ms
[76.493s][info][gc] GC(1610) Pause Young (Allocation Failure) 9M->4M(15M) 1.540ms
[76.507s][info][gc] GC(1611) Pause Young (Allocation Failure) 9M->4M(15M) 0.302ms
[76.520s][info][gc] GC(1612) Pause Young (Allocation Failure) 9M->4M(15M) 0.338ms
[76.533s][info][gc] GC(1613) Pause Young (Allocation Failure) 9M->4M(15M) 0.365ms
[76.547s][info][gc] GC(1614) Pause Young (Allocation Failure) 9M->4M(15M) 1.770ms
[76.579s][info][gc] GC(1615) Pause Young (Allocation Failure) 9M->4M(15M) 0.291ms
[76.608s][info][gc] GC(1616) Pause Young (Allocation Failure) 9M->4M(15M) 0.347ms
[76.624s][info][gc] GC(1617) Pause Young (Allocation Failure) 9M->4M(15M) 0.310ms
[76.642s][info][gc] GC(1618) Pause Young (Allocation Failure) 9M->4M(15M) 1.075ms
[76.662s][info][gc] GC(1619) Pause Young (Allocation Failure) 9M->4M(15M) 0.358ms
[76.668s][info][gc] GC(1620) Pause Young (Allocation Failure) 9M->4M(15M) 0.314ms
[76.677s][info][gc] GC(1621) Pause Young (Allocation Failure) 9M->4M(15M) 0.393ms
[76.693s][info][gc] GC(1622) Pause Young (Allocation Failure) 9M->4M(15M) 0.334ms
[76.705s][info][gc] GC(1623) Pause Young (Allocation Failure) 9M->4M(15M) 0.303ms
[76.711s][info][gc] GC(1624) Pause Young (Allocation Failure) 9M->4M(15M) 0.364ms
[76.719s][info][gc] GC(1625) Pause Young (Allocation Failure) 9M->4M(15M) 0.351ms
[76.728s][info][gc] GC(1626) Pause Young (Allocation Failure) 9M->4M(15M) 0.342ms
[76.736s][info][gc] GC(1627) Pause Young (Allocation Failure) 9M->4M(15M) 0.255ms
[76.743s][info][gc] GC(1628) Pause Young (Allocation Failure) 9M->4M(15M) 0.356ms
[76.749s][info][gc] GC(1629) Pause Young (Allocation Failure) 9M->4M(15M) 0.312ms
[76.769s][info][gc] GC(1630) Pause Young (Allocation Failure) 9M->4M(15M) 0.352ms
[76.775s][info][gc] GC(1631) Pause Young (Allocation Failure) 9M->4M(15M) 0.343ms
[76.780s][info][gc] GC(1632) Pause Young (Allocation Failure) 9M->4M(15M) 0.259ms
[76.787s][info][gc] GC(1633) Pause Young (Allocation Failure) 9M->4M(15M) 0.354ms
[76.792s][info][gc] GC(1634) Pause Young (Allocation Failure) 9M->4M(15M) 0.356ms
[76.797s][info][gc] GC(1635) Pause Young (Allocation Failure) 9M->4M(15M) 0.352ms
[76.803s][info][gc] GC(1636) Pause Young (Allocation Failure) 9M->4M(15M) 0.338ms
[76.816s][info][gc] GC(1637) Pause Young (Allocation Failure) 9M->4M(15M) 0.295ms
[76.823s][info][gc] GC(1638) Pause Young (Allocation Failure) 9M->4M(15M) 0.346ms
[76.829s][info][gc] GC(1639) Pause Young (Allocation Failure) 9M->4M(15M) 0.373ms
[76.835s][info][gc] GC(1640) Pause Young (Allocation Failure) 9M->4M(15M) 0.298ms
[76.841s][info][gc] GC(1641) Pause Young (Allocation Failure) 9M->4M(15M) 0.366ms
[76.847s][info][gc] GC(1642) Pause Young (Allocation Failure) 9M->4M(15M) 0.332ms
[76.855s][info][gc] GC(1643) Pause Young (Allocation Failure) 9M->4M(15M) 0.303ms
[76.863s][info][gc] GC(1644) Pause Young (Allocation Failure) 9M->4M(15M) 0.358ms
[76.880s][info][gc] GC(1645) Pause Young (Allocation Failure) 9M->4M(15M) 0.371ms
[76.887s][info][gc] GC(1646) Pause Young (Allocation Failure) 9M->4M(15M) 0.415ms
[76.895s][info][gc] GC(1647) Pause Young (Allocation Failure) 9M->4M(15M) 0.349ms
[76.905s][info][gc] GC(1648) Pause Young (Allocation Failure) 9M->4M(15M) 0.613ms
[76.912s][info][gc] GC(1649) Pause Young (Allocation Failure) 9M->4M(15M) 0.263ms
[76.920s][info][gc] GC(1650) Pause Young (Allocation Failure) 9M->4M(15M) 0.352ms
[76.925s][info][gc] GC(1651) Pause Young (Allocation Failure) 9M->4M(15M) 0.287ms
[76.934s][info][gc] GC(1652) Pause Young (Allocation Failure) 9M->4M(15M) 0.367ms
[76.957s][info][gc] GC(1653) Pause Young (Allocation Failure) 9M->4M(15M) 0.343ms
[76.971s][info][gc] GC(1654) Pause Young (Allocation Failure) 9M->4M(15M) 0.357ms
[76.976s][info][gc] GC(1655) Pause Young (Allocation Failure) 9M->4M(15M) 0.346ms
[76.984s][info][gc] GC(1656) Pause Young (Allocation Failure) 9M->4M(15M) 0.349ms
[76.988s][info][gc] GC(1657) Pause Young (Allocation Failure) 9M->4M(15M) 0.338ms
[76.992s][info][gc] GC(1658) Pause Young (Allocation Failure) 9M->4M(15M) 0.328ms
[77.001s][info][gc] GC(1659) Pause Young (Allocation Failure) 9M->4M(15M) 0.354ms
[77.024s][info][gc] GC(1660) Pause Young (Allocation Failure) 9M->4M(15M) 0.335ms
[77.034s][info][gc] GC(1661) Pause Young (Allocation Failure) 9M->4M(15M) 0.395ms
[77.041s][info][gc] GC(1662) Pause Young (Allocation Failure) 9M->4M(15M) 0.262ms
[77.052s][info][gc] GC(1663) Pause Young (Allocation Failure) 9M->4M(15M) 0.347ms
[77.070s][info][gc] GC(1664) Pause Young (Allocation Failure) 9M->4M(15M) 0.326ms
[77.077s][info][gc] GC(1665) Pause Young (Allocation Failure) 9M->4M(15M) 0.347ms
[77.135s][info][gc] GC(1666) Pause Young (Allocation Failure) 9M->4M(15M) 0.770ms
[77.158s][info][gc] GC(1667) Pause Young (Allocation Failure) 9M->4M(15M) 0.290ms
[77.165s][info][gc] GC(1668) Pause Young (Allocation Failure) 9M->4M(15M) 0.345ms
[77.175s][info][gc] GC(1669) Pause Young (Allocation Failure) 9M->4M(15M) 0.344ms
[77.182s][info][gc] GC(1670) Pause Young (Allocation Failure) 9M->4M(15M) 0.523ms
[77.189s][info][gc] GC(1671) Pause Young (Allocation Failure) 9M->4M(15M) 0.331ms
[77.196s][info][gc] GC(1672) Pause Young (Allocation Failure) 9M->4M(15M) 0.492ms
[77.204s][info][gc] GC(1673) Pause Young (Allocation Failure) 9M->4M(15M) 0.280ms
[77.216s][info][gc] GC(1674) Pause Young (Allocation Failure) 9M->4M(15M) 0.333ms
[77.223s][info][gc] GC(1675) Pause Young (Allocation Failure) 9M->4M(15M) 0.357ms
[77.232s][info][gc] GC(1676) Pause Young (Allocation Failure) 9M->4M(15M) 0.318ms
[77.267s][info][gc] GC(1677) Pause Young (Allocation Failure) 9M->4M(15M) 0.564ms
[77.273s][info][gc] GC(1678) Pause Young (Allocation Failure) 9M->4M(15M) 0.330ms
[77.277s][info][gc] GC(1679) Pause Young (Allocation Failure) 9M->4M(15M) 0.402ms
[77.282s][info][gc] GC(1680) Pause Young (Allocation Failure) 9M->4M(15M) 0.376ms
[77.292s][info][gc] GC(1681) Pause Young (Allocation Failure) 9M->4M(15M) 0.370ms
[77.301s][info][gc] GC(1682) Pause Young (Allocation Failure) 9M->4M(15M) 0.369ms
[77.319s][info][gc] GC(1683) Pause Young (Allocation Failure) 9M->4M(15M) 0.358ms
[77.323s][info][gc] GC(1684) Pause Young (Allocation Failure) 9M->4M(15M) 0.340ms
[77.328s][info][gc] GC(1685) Pause Young (Allocation Failure) 9M->4M(15M) 0.271ms
[77.353s][info][gc] GC(1686) Pause Young (Allocation Failure) 9M->4M(15M) 0.388ms
[77.358s][info][gc] GC(1687) Pause Young (Allocation Failure) 9M->4M(15M) 0.353ms
[77.362s][info][gc] GC(1688) Pause Young (Allocation Failure) 9M->4M(15M) 0.277ms
[77.372s][info][gc] GC(1689) Pause Young (Allocation Failure) 9M->4M(15M) 0.376ms
[77.376s][info][gc] GC(1690) Pause Young (Allocation Failure) 9M->4M(15M) 0.316ms
[77.381s][info][gc] GC(1691) Pause Young (Allocation Failure) 9M->4M(15M) 1.162ms
[77.386s][info][gc] GC(1692) Pause Young (Allocation Failure) 9M->4M(15M) 0.351ms
[77.390s][info][gc] GC(1693) Pause Young (Allocation Failure) 9M->4M(15M) 0.297ms
[77.394s][info][gc] GC(1694) Pause Young (Allocation Failure) 9M->4M(15M) 0.350ms
[77.399s][info][gc] GC(1695) Pause Young (Allocation Failure) 9M->4M(15M) 0.335ms
[77.404s][info][gc] GC(1696) Pause Young (Allocation Failure) 9M->4M(15M) 0.323ms
[77.410s][info][gc] GC(1697) Pause Young (Allocation Failure) 9M->4M(15M) 0.271ms
[77.418s][info][gc] GC(1698) Pause Young (Allocation Failure) 9M->4M(15M) 0.353ms
[77.422s][info][gc] GC(1699) Pause Young (Allocation Failure) 9M->4M(15M) 0.304ms
[77.427s][info][gc] GC(1700) Pause Young (Allocation Failure) 9M->4M(15M) 0.725ms
[77.432s][info][gc] GC(1701) Pause Young (Allocation Failure) 9M->4M(15M) 0.351ms
[77.436s][info][gc] GC(1702) Pause Young (Allocation Failure) 9M->4M(15M) 0.264ms
[77.441s][info][gc] GC(1703) Pause Young (Allocation Failure) 9M->4M(15M) 0.348ms
[77.446s][info][gc] GC(1704) Pause Young (Allocation Failure) 9M->4M(15M) 0.322ms
[77.454s][info][gc] GC(1705) Pause Young (Allocation Failure) 9M->4M(15M) 0.349ms
[77.463s][info][gc] GC(1706) Pause Young (Allocation Failure) 9M->4M(15M) 0.374ms
[77.467s][info][gc] GC(1707) Pause Young (Allocation Failure) 9M->4M(15M) 0.349ms
[77.472s][info][gc] GC(1708) Pause Young (Allocation Failure) 9M->4M(15M) 0.349ms
[77.476s][info][gc] GC(1709) Pause Young (Allocation Failure) 9M->4M(15M) 0.307ms
[77.480s][info][gc] GC(1710) Pause Young (Allocation Failure) 9M->4M(15M) 0.337ms
[77.486s][info][gc] GC(1711) Pause Young (Allocation Failure) 9M->4M(15M) 0.343ms
[77.490s][info][gc] GC(1712) Pause Young (Allocation Failure) 9M->4M(15M) 0.323ms
[77.504s][info][gc] GC(1713) Pause Young (Allocation Failure) 9M->4M(15M) 0.395ms
[77.511s][info][gc] GC(1714) Pause Young (Allocation Failure) 9M->4M(15M) 0.367ms
[77.517s][info][gc] GC(1715) Pause Young (Allocation Failure) 9M->4M(15M) 0.287ms
[77.533s][info][gc] GC(1716) Pause Young (Allocation Failure) 9M->4M(15M) 0.356ms
[77.537s][info][gc] GC(1717) Pause Young (Allocation Failure) 9M->4M(15M) 0.349ms
[77.541s][info][gc] GC(1718) Pause Young (Allocation Failure) 9M->4M(15M) 0.325ms
[77.546s][info][gc] GC(1719) Pause Young (Allocation Failure) 9M->4M(15M) 0.367ms
[77.550s][info][gc] GC(1720) Pause Young (Allocation Failure) 9M->4M(15M) 0.348ms
[77.557s][info][gc] GC(1721) Pause Young (Allocation Failure) 9M->4M(15M) 0.302ms
[77.562s][info][gc] GC(1722) Pause Young (Allocation Failure) 9M->4M(15M) 0.365ms
[77.566s][info][gc] GC(1723) Pause Young (Allocation Failure) 9M->4M(15M) 0.336ms
[77.571s][info][gc] GC(1724) Pause Young (Allocation Failure) 9M->4M(15M) 0.270ms
[77.575s][info][gc] GC(1725) Pause Young (Allocation Failure) 9M->4M(15M) 0.345ms
[77.607s][info][gc] GC(1726) Pause Young (Allocation Failure) 9M->4M(15M) 0.353ms
[77.611s][info][gc] GC(1727) Pause Young (Allocation Failure) 9M->4M(15M) 0.280ms
[77.616s][info][gc] GC(1728) Pause Young (Allocation Failure) 9M->4M(15M) 0.358ms
[77.620s][info][gc] GC(1729) Pause Young (Allocation Failure) 9M->4M(15M) 0.335ms
[77.625s][info][gc] GC(1730) Pause Young (Allocation Failure) 9M->4M(15M) 0.385ms
[77.629s][info][gc] GC(1731) Pause Young (Allocation Failure) 9M->4M(15M) 0.385ms
[77.634s][info][gc] GC(1732) Pause Young (Allocation Failure) 9M->4M(15M) 0.268ms
[77.638s][info][gc] GC(1733) Pause Young (Allocation Failure) 9M->4M(15M) 0.349ms
[77.643s][info][gc] GC(1734) Pause Young (Allocation Failure) 9M->4M(15M) 0.359ms
[77.648s][info][gc] GC(1735) Pause Young (Allocation Failure) 9M->4M(15M) 0.767ms
[77.653s][info][gc] GC(1736) Pause Young (Allocation Failure) 9M->4M(15M) 0.349ms
[77.657s][info][gc] GC(1737) Pause Young (Allocation Failure) 9M->4M(15M) 0.348ms
[77.662s][info][gc] GC(1738) Pause Young (Allocation Failure) 9M->4M(15M) 0.338ms
[77.667s][info][gc] GC(1739) Pause Young (Allocation Failure) 9M->4M(15M) 0.344ms
[77.671s][info][gc] GC(1740) Pause Young (Allocation Failure) 9M->4M(15M) 0.295ms
[77.676s][info][gc] GC(1741) Pause Young (Allocation Failure) 9M->4M(15M) 0.334ms
[77.680s][info][gc] GC(1742) Pause Young (Allocation Failure) 9M->4M(15M) 0.321ms
[77.685s][info][gc] GC(1743) Pause Young (Allocation Failure) 9M->4M(15M) 0.260ms
[77.689s][info][gc] GC(1744) Pause Young (Allocation Failure) 9M->4M(15M) 0.348ms
[77.694s][info][gc] GC(1745) Pause Young (Allocation Failure) 9M->4M(15M) 0.337ms
[77.698s][info][gc] GC(1746) Pause Young (Allocation Failure) 9M->4M(15M) 0.294ms
[77.703s][info][gc] GC(1747) Pause Young (Allocation Failure) 9M->5M(15M) 0.340ms
[77.707s][info][gc] GC(1748) Pause Young (Allocation Failure) 9M->4M(15M) 0.336ms
[77.711s][info][gc] GC(1749) Pause Young (Allocation Failure) 9M->4M(15M) 0.304ms
[77.716s][info][gc] GC(1750) Pause Young (Allocation Failure) 9M->5M(15M) 0.353ms
[77.720s][info][gc] GC(1751) Pause Young (Allocation Failure) 9M->4M(15M) 0.347ms
[77.725s][info][gc] GC(1752) Pause Young (Allocation Failure) 9M->4M(15M) 0.314ms
[77.729s][info][gc] GC(1753) Pause Young (Allocation Failure) 9M->5M(15M) 0.386ms
[77.734s][info][gc] GC(1754) Pause Young (Allocation Failure) 9M->4M(15M) 0.354ms
[77.738s][info][gc] GC(1755) Pause Young (Allocation Failure) 9M->5M(15M) 0.352ms
[77.743s][info][gc] GC(1756) Pause Young (Allocation Failure) 9M->5M(15M) 0.351ms
[77.748s][info][gc] GC(1757) Pause Young (Allocation Failure) 9M->5M(15M) 0.351ms
[77.753s][info][gc] GC(1758) Pause Young (Allocation Failure) 9M->5M(15M) 0.359ms
[77.757s][info][gc] GC(1759) Pause Young (Allocation Failure) 9M->5M(15M) 0.348ms
[77.762s][info][gc] GC(1760) Pause Young (Allocation Failure) 9M->4M(15M) 0.288ms
[77.766s][info][gc] GC(1761) Pause Young (Allocation Failure) 9M->5M(15M) 0.335ms
[77.771s][info][gc] GC(1762) Pause Young (Allocation Failure) 9M->5M(15M) 0.360ms
[77.775s][info][gc] GC(1763) Pause Young (Allocation Failure) 9M->5M(15M) 0.353ms
[77.779s][info][gc] GC(1764) Pause Young (Allocation Failure) 9M->5M(15M) 0.350ms
[77.784s][info][gc] GC(1765) Pause Young (Allocation Failure) 9M->4M(15M) 0.311ms
[77.788s][info][gc] GC(1766) Pause Young (Allocation Failure) 9M->5M(15M) 0.359ms
[77.800s][info][gc] GC(1767) Pause Young (Allocation Failure) 9M->5M(15M) 0.332ms
[77.809s][info][gc] GC(1768) Pause Young (Allocation Failure) 9M->5M(15M) 0.303ms
[77.816s][info][gc] GC(1769) Pause Young (Allocation Failure) 9M->5M(15M) 0.340ms
[77.820s][info][gc] GC(1770) Pause Young (Allocation Failure) 9M->5M(15M) 0.334ms
[77.824s][info][gc] GC(1771) Pause Young (Allocation Failure) 9M->5M(15M) 0.316ms
[77.829s][info][gc] GC(1772) Pause Young (Allocation Failure) 9M->5M(15M) 0.344ms
[77.833s][info][gc] GC(1773) Pause Young (Allocation Failure) 9M->5M(15M) 0.352ms
[77.838s][info][gc] GC(1774) Pause Young (Allocation Failure) 9M->5M(15M) 0.356ms
[77.843s][info][gc] GC(1775) Pause Young (Allocation Failure) 9M->5M(15M) 0.339ms
[77.908s][info][gc] GC(1776) Pause Young (Allocation Failure) 9M->5M(15M) 0.466ms
[77.916s][info][gc] GC(1777) Pause Young (Allocation Failure) 9M->4M(15M) 0.622ms
[77.925s][info][gc] GC(1778) Pause Young (Allocation Failure) 9M->5M(15M) 0.675ms
[77.933s][info][gc] GC(1779) Pause Young (Allocation Failure) 9M->5M(15M) 0.468ms
[77.940s][info][gc] GC(1780) Pause Young (Allocation Failure) 9M->5M(15M) 0.288ms
[77.947s][info][gc] GC(1781) Pause Young (Allocation Failure) 9M->5M(15M) 0.399ms
[77.957s][info][gc] GC(1782) Pause Young (Allocation Failure) 9M->5M(15M) 0.324ms
[77.976s][info][gc] GC(1783) Pause Young (Allocation Failure) 9M->5M(15M) 0.365ms
[78.003s][info][gc] GC(1784) Pause Young (Allocation Failure) 9M->5M(15M) 0.330ms
[78.010s][info][gc] GC(1785) Pause Young (Allocation Failure) 9M->5M(15M) 0.308ms
[78.020s][info][gc] GC(1786) Pause Young (Allocation Failure) 9M->5M(15M) 0.363ms
[78.027s][info][gc] GC(1787) Pause Young (Allocation Failure) 9M->5M(15M) 0.330ms
[78.034s][info][gc] GC(1788) Pause Young (Allocation Failure) 9M->5M(15M) 0.299ms
[78.046s][info][gc] GC(1789) Pause Young (Allocation Failure) 9M->5M(15M) 0.369ms
[78.061s][info][gc] GC(1790) Pause Young (Allocation Failure) 9M->5M(15M) 0.372ms
[78.067s][info][gc] GC(1791) Pause Young (Allocation Failure) 9M->5M(15M) 0.385ms
[78.072s][info][gc] GC(1792) Pause Young (Allocation Failure) 9M->5M(15M) 0.343ms
[78.081s][info][gc] GC(1793) Pause Young (Allocation Failure) 9M->5M(15M) 0.686ms
[78.086s][info][gc] GC(1794) Pause Young (Allocation Failure) 9M->5M(15M) 0.336ms
[78.090s][info][gc] GC(1795) Pause Young (Allocation Failure) 9M->5M(15M) 0.364ms
[78.100s][info][gc] GC(1796) Pause Young (Allocation Failure) 9M->5M(15M) 0.334ms
[78.105s][info][gc] GC(1797) Pause Young (Allocation Failure) 9M->5M(15M) 0.341ms
[78.118s][info][gc] GC(1798) Pause Young (Allocation Failure) 9M->5M(15M) 0.309ms
[78.126s][info][gc] GC(1799) Pause Young (Allocation Failure) 9M->5M(15M) 0.346ms
[78.135s][info][gc] GC(1800) Pause Young (Allocation Failure) 9M->5M(15M) 0.365ms
[78.142s][info][gc] GC(1801) Pause Young (Allocation Failure) 9M->5M(15M) 0.270ms
[78.153s][info][gc] GC(1802) Pause Young (Allocation Failure) 9M->5M(15M) 0.340ms
[78.163s][info][gc] GC(1803) Pause Young (Allocation Failure) 9M->5M(15M) 0.363ms
[78.171s][info][gc] GC(1804) Pause Young (Allocation Failure) 9M->5M(15M) 0.366ms
[78.175s][info][gc] GC(1805) Pause Young (Allocation Failure) 9M->5M(15M) 0.352ms
[78.184s][info][gc] GC(1806) Pause Young (Allocation Failure) 9M->5M(15M) 0.310ms
[78.188s][info][gc] GC(1807) Pause Young (Allocation Failure) 9M->5M(15M) 0.388ms
[78.193s][info][gc] GC(1808) Pause Young (Allocation Failure) 9M->5M(15M) 0.335ms
[78.197s][info][gc] GC(1809) Pause Young (Allocation Failure) 9M->5M(15M) 0.402ms
[78.203s][info][gc] GC(1810) Pause Young (Allocation Failure) 9M->5M(15M) 0.353ms
[78.207s][info][gc] GC(1811) Pause Young (Allocation Failure) 9M->5M(15M) 0.354ms
[78.212s][info][gc] GC(1812) Pause Young (Allocation Failure) 9M->5M(15M) 0.332ms
[78.218s][info][gc] GC(1813) Pause Young (Allocation Failure) 9M->5M(15M) 0.341ms
[78.225s][info][gc] GC(1814) Pause Young (Allocation Failure) 9M->5M(15M) 0.341ms
[78.229s][info][gc] GC(1815) Pause Young (Allocation Failure) 9M->5M(15M) 0.367ms
[78.234s][info][gc] GC(1816) Pause Young (Allocation Failure) 9M->5M(15M) 0.300ms
[78.238s][info][gc] GC(1817) Pause Young (Allocation Failure) 9M->5M(15M) 0.346ms
[78.242s][info][gc] GC(1818) Pause Young (Allocation Failure) 9M->5M(15M) 0.344ms
[78.247s][info][gc] GC(1819) Pause Young (Allocation Failure) 9M->5M(15M) 0.294ms
[78.252s][info][gc] GC(1820) Pause Young (Allocation Failure) 9M->5M(15M) 0.411ms
[78.256s][info][gc] GC(1821) Pause Young (Allocation Failure) 9M->5M(15M) 0.344ms
[78.263s][info][gc] GC(1822) Pause Young (Allocation Failure) 9M->5M(15M) 0.347ms
[78.268s][info][gc] GC(1823) Pause Young (Allocation Failure) 9M->5M(15M) 0.333ms
[78.272s][info][gc] GC(1824) Pause Young (Allocation Failure) 9M->5M(15M) 0.289ms
[78.276s][info][gc] GC(1825) Pause Young (Allocation Failure) 9M->5M(15M) 0.539ms
[78.281s][info][gc] GC(1826) Pause Young (Allocation Failure) 9M->5M(15M) 1.108ms
[78.286s][info][gc] GC(1827) Pause Young (Allocation Failure) 9M->5M(15M) 0.299ms
[78.290s][info][gc] GC(1828) Pause Young (Allocation Failure) 9M->5M(15M) 0.344ms
[78.295s][info][gc] GC(1829) Pause Young (Allocation Failure) 9M->5M(15M) 0.366ms
[78.302s][info][gc] GC(1830) Pause Young (Allocation Failure) 9M->5M(15M) 0.302ms
[78.306s][info][gc] GC(1831) Pause Young (Allocation Failure) 9M->5M(15M) 0.356ms
[78.311s][info][gc] GC(1832) Pause Young (Allocation Failure) 9M->5M(15M) 0.342ms
[78.316s][info][gc] GC(1833) Pause Young (Allocation Failure) 9M->5M(15M) 0.477ms
[78.321s][info][gc] GC(1834) Pause Young (Allocation Failure) 9M->5M(15M) 0.337ms
[78.325s][info][gc] GC(1835) Pause Young (Allocation Failure) 9M->5M(15M) 0.377ms
[78.329s][info][gc] GC(1836) Pause Young (Allocation Failure) 9M->5M(15M) 0.370ms
[78.334s][info][gc] GC(1837) Pause Young (Allocation Failure) 9M->5M(15M) 0.349ms
[78.338s][info][gc] GC(1838) Pause Young (Allocation Failure) 9M->5M(15M) 0.279ms
[78.343s][info][gc] GC(1839) Pause Young (Allocation Failure) 9M->5M(15M) 0.329ms
[78.347s][info][gc] GC(1840) Pause Young (Allocation Failure) 9M->5M(15M) 0.356ms
[78.352s][info][gc] GC(1841) Pause Young (Allocation Failure) 9M->5M(15M) 0.352ms
[78.357s][info][gc] GC(1842) Pause Young (Allocation Failure) 9M->5M(15M) 0.337ms
[78.361s][info][gc] GC(1843) Pause Young (Allocation Failure) 9M->5M(15M) 0.349ms
[78.367s][info][gc] GC(1844) Pause Young (Allocation Failure) 9M->5M(15M) 0.342ms
[78.371s][info][gc] GC(1845) Pause Young (Allocation Failure) 9M->5M(15M) 0.306ms
[78.375s][info][gc] GC(1846) Pause Young (Allocation Failure) 9M->5M(15M) 0.345ms
[78.380s][info][gc] GC(1847) Pause Young (Allocation Failure) 9M->5M(15M) 0.309ms
[78.384s][info][gc] GC(1848) Pause Young (Allocation Failure) 9M->5M(15M) 0.351ms
[78.389s][info][gc] GC(1849) Pause Young (Allocation Failure) 9M->5M(15M) 0.355ms
[78.394s][info][gc] GC(1850) Pause Young (Allocation Failure) 9M->5M(15M) 0.322ms
[78.400s][info][gc] GC(1851) Pause Young (Allocation Failure) 9M->5M(15M) 0.350ms
[78.405s][info][gc] GC(1852) Pause Young (Allocation Failure) 9M->5M(15M) 0.331ms
[78.409s][info][gc] GC(1853) Pause Young (Allocation Failure) 9M->5M(15M) 0.256ms
[78.414s][info][gc] GC(1854) Pause Young (Allocation Failure) 9M->5M(15M) 0.326ms
[78.418s][info][gc] GC(1855) Pause Young (Allocation Failure) 9M->5M(15M) 0.348ms
[78.422s][info][gc] GC(1856) Pause Young (Allocation Failure) 9M->5M(15M) 0.266ms
[78.427s][info][gc] GC(1857) Pause Young (Allocation Failure) 9M->5M(15M) 0.351ms
[78.432s][info][gc] GC(1858) Pause Young (Allocation Failure) 9M->5M(15M) 0.348ms
[78.436s][info][gc] GC(1859) Pause Young (Allocation Failure) 9M->5M(15M) 0.295ms
[78.441s][info][gc] GC(1860) Pause Young (Allocation Failure) 9M->5M(15M) 0.361ms
[78.445s][info][gc] GC(1861) Pause Young (Allocation Failure) 9M->5M(15M) 0.459ms
[78.450s][info][gc] GC(1862) Pause Young (Allocation Failure) 9M->5M(15M) 0.320ms
[78.455s][info][gc] GC(1863) Pause Young (Allocation Failure) 9M->5M(15M) 0.344ms
[78.460s][info][gc] GC(1864) Pause Young (Allocation Failure) 9M->5M(15M) 0.339ms
[78.464s][info][gc] GC(1865) Pause Young (Allocation Failure) 9M->5M(15M) 0.631ms
[78.469s][info][gc] GC(1866) Pause Young (Allocation Failure) 9M->5M(15M) 0.366ms
[78.473s][info][gc] GC(1867) Pause Young (Allocation Failure) 9M->5M(15M) 0.371ms
[78.478s][info][gc] GC(1868) Pause Young (Allocation Failure) 9M->5M(15M) 0.320ms
[78.483s][info][gc] GC(1869) Pause Young (Allocation Failure) 9M->5M(15M) 0.354ms
[78.487s][info][gc] GC(1870) Pause Young (Allocation Failure) 9M->5M(15M) 0.322ms
[78.494s][info][gc] GC(1871) Pause Young (Allocation Failure) 9M->5M(15M) 0.404ms
[78.504s][info][gc] GC(1872) Pause Young (Allocation Failure) 9M->5M(15M) 0.356ms
[78.515s][info][gc] GC(1873) Pause Young (Allocation Failure) 9M->5M(15M) 1.275ms
[78.524s][info][gc] GC(1874) Pause Young (Allocation Failure) 9M->5M(15M) 0.299ms
[78.536s][info][gc] GC(1875) Pause Young (Allocation Failure) 9M->5M(15M) 0.346ms
[78.543s][info][gc] GC(1876) Pause Young (Allocation Failure) 9M->5M(15M) 0.357ms
[78.551s][info][gc] GC(1877) Pause Young (Allocation Failure) 9M->5M(15M) 0.301ms
[78.572s][info][gc] GC(1878) Pause Young (Allocation Failure) 9M->5M(15M) 0.355ms
[78.578s][info][gc] GC(1879) Pause Young (Allocation Failure) 9M->5M(15M) 0.334ms
[78.585s][info][gc] GC(1880) Pause Young (Allocation Failure) 9M->5M(15M) 0.256ms
[78.592s][info][gc] GC(1881) Pause Young (Allocation Failure) 9M->5M(15M) 0.325ms
[78.599s][info][gc] GC(1882) Pause Young (Allocation Failure) 9M->5M(15M) 0.335ms
[78.606s][info][gc] GC(1883) Pause Young (Allocation Failure) 9M->5M(15M) 0.356ms
[78.614s][info][gc] GC(1884) Pause Young (Allocation Failure) 9M->5M(15M) 0.342ms
[78.629s][info][gc] GC(1885) Pause Young (Allocation Failure) 9M->5M(15M) 0.701ms
[78.637s][info][gc] GC(1886) Pause Young (Allocation Failure) 9M->5M(15M) 0.369ms
[78.644s][info][gc] GC(1887) Pause Young (Allocation Failure) 9M->5M(15M) 0.367ms
[78.651s][info][gc] GC(1888) Pause Young (Allocation Failure) 9M->5M(15M) 0.289ms
[78.658s][info][gc] GC(1889) Pause Young (Allocation Failure) 9M->5M(15M) 0.345ms
[78.675s][info][gc] GC(1890) Pause Young (Allocation Failure) 9M->5M(15M) 0.356ms
[78.692s][info][gc] GC(1891) Pause Young (Allocation Failure) 9M->5M(15M) 0.318ms
[78.741s][info][gc] GC(1892) Pause Young (Allocation Failure) 9M->5M(15M) 0.303ms
[78.746s][info][gc] GC(1893) Pause Young (Allocation Failure) 9M->5M(15M) 0.361ms
[78.758s][info][gc] GC(1894) Pause Young (Allocation Failure) 9M->5M(15M) 0.327ms
[78.768s][info][gc] GC(1895) Pause Young (Allocation Failure) 9M->5M(15M) 0.359ms
[78.773s][info][gc] GC(1896) Pause Young (Allocation Failure) 9M->5M(15M) 0.383ms
[78.779s][info][gc] GC(1897) Pause Young (Allocation Failure) 9M->5M(15M) 0.344ms
[78.784s][info][gc] GC(1898) Pause Young (Allocation Failure) 9M->5M(15M) 0.401ms
[78.789s][info][gc] GC(1899) Pause Young (Allocation Failure) 9M->5M(15M) 0.361ms
[78.802s][info][gc] GC(1900) Pause Young (Allocation Failure) 9M->5M(15M) 0.906ms
[78.810s][info][gc] GC(1901) Pause Young (Allocation Failure) 9M->5M(15M) 0.307ms
[78.815s][info][gc] GC(1902) Pause Young (Allocation Failure) 9M->5M(15M) 0.351ms
[78.820s][info][gc] GC(1903) Pause Young (Allocation Failure) 9M->5M(15M) 0.357ms
[78.826s][info][gc] GC(1904) Pause Young (Allocation Failure) 9M->5M(15M) 0.537ms
[78.830s][info][gc] GC(1905) Pause Young (Allocation Failure) 9M->5M(15M) 0.417ms
[78.835s][info][gc] GC(1906) Pause Young (Allocation Failure) 9M->5M(15M) 0.320ms
[78.840s][info][gc] GC(1907) Pause Young (Allocation Failure) 9M->5M(15M) 0.349ms
[78.892s][info][gc] GC(1908) Pause Young (Allocation Failure) 9M->5M(15M) 0.352ms
[78.901s][info][gc] GC(1909) Pause Young (Allocation Failure) 9M->5M(15M) 0.537ms
[78.911s][info][gc] GC(1910) Pause Young (Allocation Failure) 9M->5M(15M) 0.345ms
[78.920s][info][gc] GC(1911) Pause Young (Allocation Failure) 9M->5M(15M) 0.345ms
[78.930s][info][gc] GC(1912) Pause Young (Allocation Failure) 9M->5M(15M) 0.321ms
[78.939s][info][gc] GC(1913) Pause Young (Allocation Failure) 9M->5M(15M) 0.339ms
[78.957s][info][gc] GC(1914) Pause Young (Allocation Failure) 9M->5M(15M) 0.376ms
[79.003s][info][gc] GC(1915) Pause Young (Allocation Failure) 9M->5M(15M) 0.296ms
[79.011s][info][gc] GC(1916) Pause Young (Allocation Failure) 9M->5M(15M) 0.271ms
[79.019s][info][gc] GC(1917) Pause Young (Allocation Failure) 9M->5M(15M) 0.347ms
[79.026s][info][gc] GC(1918) Pause Young (Allocation Failure) 9M->5M(15M) 0.343ms
[79.036s][info][gc] GC(1919) Pause Young (Allocation Failure) 9M->5M(15M) 0.281ms
[79.047s][info][gc] GC(1920) Pause Young (Allocation Failure) 9M->5M(15M) 0.758ms
[79.058s][info][gc] GC(1921) Pause Young (Allocation Failure) 9M->5M(15M) 1.394ms
[79.079s][info][gc] GC(1922) Pause Young (Allocation Failure) 9M->5M(15M) 0.267ms
[79.144s][info][gc] GC(1923) Pause Young (Allocation Failure) 9M->5M(15M) 0.340ms
[79.154s][info][gc] GC(1924) Pause Young (Allocation Failure) 9M->5M(15M) 0.396ms
[79.163s][info][gc] GC(1925) Pause Young (Allocation Failure) 9M->5M(15M) 0.366ms
[79.173s][info][gc] GC(1926) Pause Young (Allocation Failure) 9M->5M(15M) 0.382ms
[79.179s][info][gc] GC(1927) Pause Young (Allocation Failure) 9M->5M(15M) 0.306ms
[79.184s][info][gc] GC(1928) Pause Young (Allocation Failure) 9M->5M(15M) 0.351ms
[79.192s][info][gc] GC(1929) Pause Young (Allocation Failure) 9M->5M(15M) 0.357ms
[79.200s][info][gc] GC(1930) Pause Young (Allocation Failure) 9M->5M(15M) 0.329ms
[79.207s][info][gc] GC(1931) Pause Young (Allocation Failure) 9M->5M(15M) 0.322ms
[79.217s][info][gc] GC(1932) Pause Young (Allocation Failure) 9M->5M(15M) 0.471ms
[79.221s][info][gc] GC(1933) Pause Young (Allocation Failure) 9M->5M(15M) 0.350ms
[79.225s][info][gc] GC(1934) Pause Young (Allocation Failure) 9M->5M(15M) 0.274ms
[79.232s][info][gc] GC(1935) Pause Young (Allocation Failure) 9M->5M(15M) 0.333ms
[79.237s][info][gc] GC(1936) Pause Young (Allocation Failure) 9M->5M(15M) 0.343ms
[79.243s][info][gc] GC(1937) Pause Young (Allocation Failure) 9M->5M(15M) 0.273ms
[79.248s][info][gc] GC(1938) Pause Young (Allocation Failure) 9M->5M(15M) 0.360ms
[79.253s][info][gc] GC(1939) Pause Young (Allocation Failure) 9M->5M(15M) 0.407ms
[79.257s][info][gc] GC(1940) Pause Young (Allocation Failure) 9M->5M(15M) 0.331ms
[79.262s][info][gc] GC(1941) Pause Young (Allocation Failure) 9M->5M(15M) 0.355ms
[79.267s][info][gc] GC(1942) Pause Young (Allocation Failure) 9M->5M(15M) 0.318ms
[79.272s][info][gc] GC(1943) Pause Young (Allocation Failure) 9M->5M(15M) 0.325ms
[79.276s][info][gc] GC(1944) Pause Young (Allocation Failure) 9M->5M(15M) 0.331ms
[79.282s][info][gc] GC(1945) Pause Young (Allocation Failure) 9M->5M(15M) 0.257ms
[79.291s][info][gc] GC(1946) Pause Young (Allocation Failure) 9M->5M(15M) 0.339ms
[79.299s][info][gc] GC(1947) Pause Young (Allocation Failure) 9M->5M(15M) 0.331ms
[79.304s][info][gc] GC(1948) Pause Young (Allocation Failure) 9M->5M(15M) 0.369ms
[79.308s][info][gc] GC(1949) Pause Young (Allocation Failure) 9M->5M(15M) 0.340ms
[79.313s][info][gc] GC(1950) Pause Young (Allocation Failure) 9M->5M(15M) 0.277ms
[79.320s][info][gc] GC(1951) Pause Young (Allocation Failure) 9M->5M(15M) 0.360ms
[79.326s][info][gc] GC(1952) Pause Young (Allocation Failure) 9M->5M(15M) 0.342ms
[79.343s][info][gc] GC(1953) Pause Young (Allocation Failure) 9M->5M(15M) 0.356ms
[79.348s][info][gc] GC(1954) Pause Young (Allocation Failure) 9M->5M(15M) 0.620ms
[79.352s][info][gc] GC(1955) Pause Young (Allocation Failure) 9M->5M(15M) 0.349ms
[79.357s][info][gc] GC(1956) Pause Young (Allocation Failure) 9M->5M(15M) 0.342ms
[79.361s][info][gc] GC(1957) Pause Young (Allocation Failure) 9M->5M(15M) 0.358ms
[79.366s][info][gc] GC(1958) Pause Young (Allocation Failure) 9M->5M(15M) 0.363ms
[79.370s][info][gc] GC(1959) Pause Young (Allocation Failure) 9M->5M(15M) 0.293ms
[79.374s][info][gc] GC(1960) Pause Young (Allocation Failure) 9M->5M(15M) 0.338ms
[79.378s][info][gc] GC(1961) Pause Young (Allocation Failure) 9M->5M(15M) 0.329ms
[79.383s][info][gc] GC(1962) Pause Young (Allocation Failure) 9M->5M(15M) 0.351ms
[79.387s][info][gc] GC(1963) Pause Young (Allocation Failure) 9M->5M(15M) 0.346ms
[79.392s][info][gc] GC(1964) Pause Young (Allocation Failure) 9M->5M(15M) 0.333ms
[79.418s][info][gc] GC(1965) Pause Young (Allocation Failure) 9M->5M(15M) 0.319ms
[79.424s][info][gc] GC(1966) Pause Young (Allocation Failure) 9M->5M(15M) 0.361ms
[79.428s][info][gc] GC(1967) Pause Young (Allocation Failure) 9M->5M(15M) 0.348ms
[79.434s][info][gc] GC(1968) Pause Young (Allocation Failure) 9M->5M(15M) 0.332ms
[79.454s][info][gc] GC(1969) Pause Young (Allocation Failure) 9M->5M(15M) 0.365ms
[79.461s][info][gc] GC(1970) Pause Young (Allocation Failure) 9M->5M(15M) 0.358ms
[79.479s][info][gc] GC(1971) Pause Young (Allocation Failure) 9M->5M(15M) 0.366ms
[79.486s][info][gc] GC(1972) Pause Young (Allocation Failure) 9M->5M(15M) 0.384ms
[79.490s][info][gc] GC(1973) Pause Young (Allocation Failure) 9M->5M(15M) 0.328ms
[79.498s][info][gc] GC(1974) Pause Young (Allocation Failure) 9M->5M(15M) 0.435ms
[79.505s][info][gc] GC(1975) Pause Young (Allocation Failure) 9M->5M(15M) 0.342ms
[79.511s][info][gc] GC(1976) Pause Young (Allocation Failure) 9M->5M(15M) 0.300ms
[79.526s][info][gc] GC(1977) Pause Young (Allocation Failure) 9M->5M(15M) 0.365ms
[79.535s][info][gc] GC(1978) Pause Young (Allocation Failure) 9M->5M(15M) 0.324ms
[79.541s][info][gc] GC(1979) Pause Young (Allocation Failure) 9M->5M(15M) 0.353ms
[79.546s][info][gc] GC(1980) Pause Young (Allocation Failure) 9M->5M(15M) 0.353ms
[79.551s][info][gc] GC(1981) Pause Young (Allocation Failure) 9M->5M(15M) 0.299ms
[79.556s][info][gc] GC(1982) Pause Young (Allocation Failure) 9M->5M(15M) 0.348ms
[79.561s][info][gc] GC(1983) Pause Young (Allocation Failure) 9M->5M(15M) 0.322ms
[79.566s][info][gc] GC(1984) Pause Young (Allocation Failure) 9M->5M(15M) 0.356ms
[79.570s][info][gc] GC(1985) Pause Young (Allocation Failure) 9M->5M(15M) 0.338ms
[79.574s][info][gc] GC(1986) Pause Young (Allocation Failure) 9M->5M(15M) 0.326ms
[79.579s][info][gc] GC(1987) Pause Young (Allocation Failure) 9M->5M(15M) 0.356ms
[79.584s][info][gc] GC(1988) Pause Young (Allocation Failure) 9M->5M(15M) 0.340ms
[79.588s][info][gc] GC(1989) Pause Young (Allocation Failure) 9M->5M(15M) 0.362ms
[79.594s][info][gc] GC(1990) Pause Young (Allocation Failure) 9M->5M(15M) 0.347ms
[79.599s][info][gc] GC(1991) Pause Young (Allocation Failure) 9M->5M(15M) 0.353ms
[79.604s][info][gc] GC(1992) Pause Young (Allocation Failure) 9M->5M(15M) 0.347ms
[79.608s][info][gc] GC(1993) Pause Young (Allocation Failure) 9M->5M(15M) 0.303ms
[79.613s][info][gc] GC(1994) Pause Young (Allocation Failure) 9M->5M(15M) 0.353ms
[79.619s][info][gc] GC(1995) Pause Young (Allocation Failure) 9M->5M(15M) 0.331ms
[79.626s][info][gc] GC(1996) Pause Young (Allocation Failure) 9M->5M(15M) 0.263ms
[79.632s][info][gc] GC(1997) Pause Young (Allocation Failure) 9M->5M(15M) 0.343ms
[79.637s][info][gc] GC(1998) Pause Young (Allocation Failure) 9M->5M(15M) 0.339ms
[79.642s][info][gc] GC(1999) Pause Young (Allocation Failure) 9M->5M(15M) 0.357ms
[79.653s][info][gc] GC(2000) Pause Young (Allocation Failure) 9M->5M(15M) 0.337ms
[79.658s][info][gc] GC(2001) Pause Young (Allocation Failure) 9M->5M(15M) 0.379ms
[79.663s][info][gc] GC(2002) Pause Young (Allocation Failure) 9M->5M(15M) 0.265ms
[79.669s][info][gc] GC(2003) Pause Young (Allocation Failure) 9M->5M(15M) 0.454ms
[79.675s][info][gc] GC(2004) Pause Young (Allocation Failure) 9M->5M(15M) 0.347ms
[79.680s][info][gc] GC(2005) Pause Young (Allocation Failure) 9M->5M(15M) 0.273ms
[79.685s][info][gc] GC(2006) Pause Young (Allocation Failure) 9M->5M(15M) 0.356ms
[79.691s][info][gc] GC(2007) Pause Young (Allocation Failure) 9M->5M(15M) 0.342ms
[79.696s][info][gc] GC(2008) Pause Young (Allocation Failure) 9M->5M(15M) 0.304ms
[79.709s][info][gc] GC(2009) Pause Young (Allocation Failure) 9M->5M(15M) 0.354ms
[79.718s][info][gc] GC(2010) Pause Young (Allocation Failure) 9M->5M(15M) 0.348ms
[80.145s][info][gc] GC(2011) Pause Young (Allocation Failure) 9M->5M(15M) 0.770ms
[80.163s][info][gc] GC(2012) Pause Young (Allocation Failure) 9M->5M(15M) 0.378ms
[80.308s][info][gc] GC(2013) Pause Young (Allocation Failure) 9M->5M(15M) 0.327ms
[80.318s][info][gc] GC(2014) Pause Young (Allocation Failure) 9M->5M(15M) 0.365ms
[80.433s][info][gc] GC(2015) Pause Young (Allocation Failure) 9M->5M(15M) 0.377ms
[80.551s][info][gc] GC(2016) Pause Young (Allocation Failure) 9M->5M(15M) 0.339ms
[80.558s][info][gc] GC(2017) Pause Young (Allocation Failure) 9M->5M(15M) 0.287ms
[80.565s][info][gc] GC(2018) Pause Young (Allocation Failure) 9M->5M(15M) 0.396ms
[80.572s][info][gc] GC(2019) Pause Young (Allocation Failure) 9M->5M(15M) 0.377ms
[80.579s][info][gc] GC(2020) Pause Young (Allocation Failure) 9M->5M(15M) 0.267ms
[80.588s][info][gc] GC(2021) Pause Young (Allocation Failure) 9M->5M(15M) 0.394ms
[80.615s][info][gc] GC(2022) Pause Young (Allocation Failure) 9M->5M(15M) 0.345ms
[80.622s][info][gc] GC(2023) Pause Young (Allocation Failure) 9M->5M(15M) 0.363ms
[80.631s][info][gc] GC(2024) Pause Young (Allocation Failure) 9M->5M(15M) 0.350ms
[80.639s][info][gc] GC(2025) Pause Young (Allocation Failure) 9M->5M(15M) 0.297ms
[80.647s][info][gc] GC(2026) Pause Young (Allocation Failure) 9M->5M(15M) 0.661ms
[80.657s][info][gc] GC(2027) Pause Young (Allocation Failure) 9M->5M(15M) 0.360ms
[80.669s][info][gc] GC(2028) Pause Young (Allocation Failure) 9M->5M(15M) 0.265ms
[80.677s][info][gc] GC(2029) Pause Young (Allocation Failure) 9M->5M(15M) 0.354ms
[80.685s][info][gc] GC(2030) Pause Young (Allocation Failure) 9M->5M(15M) 0.346ms
[80.689s][info][gc] GC(2031) Pause Young (Allocation Failure) 9M->5M(15M) 0.460ms
[80.695s][info][gc] GC(2032) Pause Young (Allocation Failure) 9M->5M(15M) 0.420ms
[80.699s][info][gc] GC(2033) Pause Young (Allocation Failure) 9M->5M(15M) 0.275ms
[80.707s][info][gc] GC(2034) Pause Young (Allocation Failure) 9M->5M(15M) 0.374ms
[80.712s][info][gc] GC(2035) Pause Young (Allocation Failure) 9M->5M(15M) 0.340ms
[80.716s][info][gc] GC(2036) Pause Young (Allocation Failure) 9M->5M(15M) 0.287ms
[80.721s][info][gc] GC(2037) Pause Young (Allocation Failure) 9M->5M(15M) 0.358ms
[80.725s][info][gc] GC(2038) Pause Young (Allocation Failure) 9M->5M(15M) 0.351ms
[80.730s][info][gc] GC(2039) Pause Young (Allocation Failure) 9M->5M(15M) 0.263ms
[80.734s][info][gc] GC(2040) Pause Young (Allocation Failure) 9M->5M(15M) 0.345ms
[80.739s][info][gc] GC(2041) Pause Young (Allocation Failure) 9M->5M(15M) 0.345ms
[80.743s][info][gc] GC(2042) Pause Young (Allocation Failure) 9M->5M(15M) 0.312ms
[80.749s][info][gc] GC(2043) Pause Young (Allocation Failure) 9M->5M(15M) 0.338ms
[80.755s][info][gc] GC(2044) Pause Young (Allocation Failure) 9M->5M(15M) 0.380ms
[80.759s][info][gc] GC(2045) Pause Young (Allocation Failure) 9M->5M(15M) 0.264ms
[80.764s][info][gc] GC(2046) Pause Young (Allocation Failure) 9M->5M(15M) 0.419ms
[80.768s][info][gc] GC(2047) Pause Young (Allocation Failure) 9M->5M(15M) 0.386ms
[80.772s][info][gc] GC(2048) Pause Young (Allocation Failure) 9M->5M(15M) 0.333ms
[80.776s][info][gc] GC(2049) Pause Young (Allocation Failure) 9M->5M(15M) 0.341ms
[80.781s][info][gc] GC(2050) Pause Young (Allocation Failure) 9M->5M(15M) 0.296ms
[80.785s][info][gc] GC(2051) Pause Young (Allocation Failure) 9M->5M(15M) 0.348ms
[80.790s][info][gc] GC(2052) Pause Young (Allocation Failure) 9M->5M(15M) 0.329ms
[80.794s][info][gc] GC(2053) Pause Young (Allocation Failure) 9M->5M(15M) 0.337ms
[80.798s][info][gc] GC(2054) Pause Young (Allocation Failure) 9M->5M(15M) 0.322ms
[80.804s][info][gc] GC(2055) Pause Young (Allocation Failure) 9M->5M(15M) 0.347ms
[80.808s][info][gc] GC(2056) Pause Young (Allocation Failure) 9M->5M(15M) 0.269ms
[80.812s][info][gc] GC(2057) Pause Young (Allocation Failure) 9M->5M(15M) 0.320ms
[80.817s][info][gc] GC(2058) Pause Young (Allocation Failure) 9M->5M(15M) 0.338ms
[80.821s][info][gc] GC(2059) Pause Young (Allocation Failure) 9M->5M(15M) 0.322ms
[80.825s][info][gc] GC(2060) Pause Young (Allocation Failure) 9M->5M(15M) 0.315ms
[80.829s][info][gc] GC(2061) Pause Young (Allocation Failure) 9M->5M(15M) 0.267ms
[80.836s][info][gc] GC(2062) Pause Young (Allocation Failure) 9M->5M(15M) 0.336ms
[80.840s][info][gc] GC(2063) Pause Young (Allocation Failure) 9M->5M(15M) 0.351ms
[80.844s][info][gc] GC(2064) Pause Young (Allocation Failure) 9M->5M(15M) 0.285ms
[80.849s][info][gc] GC(2065) Pause Young (Allocation Failure) 9M->5M(15M) 0.341ms
[80.854s][info][gc] GC(2066) Pause Young (Allocation Failure) 9M->5M(15M) 0.324ms
[80.859s][info][gc] GC(2067) Pause Young (Allocation Failure) 9M->5M(15M) 0.281ms
[80.863s][info][gc] GC(2068) Pause Young (Allocation Failure) 9M->5M(15M) 0.398ms
[80.868s][info][gc] GC(2069) Pause Young (Allocation Failure) 9M->5M(15M) 0.358ms
[80.872s][info][gc] GC(2070) Pause Young (Allocation Failure) 9M->5M(15M) 0.281ms
[80.876s][info][gc] GC(2071) Pause Young (Allocation Failure) 9M->5M(15M) 0.331ms
[80.881s][info][gc] GC(2072) Pause Young (Allocation Failure) 9M->5M(15M) 0.350ms
[80.885s][info][gc] GC(2073) Pause Young (Allocation Failure) 9M->5M(15M) 0.274ms
[80.889s][info][gc] GC(2074) Pause Young (Allocation Failure) 9M->5M(15M) 0.313ms
[80.894s][info][gc] GC(2075) Pause Young (Allocation Failure) 9M->5M(15M) 0.332ms
[80.898s][info][gc] GC(2076) Pause Young (Allocation Failure) 9M->5M(15M) 0.338ms
[80.902s][info][gc] GC(2077) Pause Young (Allocation Failure) 9M->5M(15M) 0.321ms
[80.906s][info][gc] GC(2078) Pause Young (Allocation Failure) 9M->5M(15M) 0.275ms
[80.911s][info][gc] GC(2079) Pause Young (Allocation Failure) 9M->5M(15M) 0.351ms
[80.915s][info][gc] GC(2080) Pause Young (Allocation Failure) 9M->5M(15M) 0.342ms
[80.919s][info][gc] GC(2081) Pause Young (Allocation Failure) 9M->5M(15M) 0.260ms
[80.923s][info][gc] GC(2082) Pause Young (Allocation Failure) 9M->5M(15M) 0.344ms
[80.928s][info][gc] GC(2083) Pause Young (Allocation Failure) 9M->5M(15M) 0.291ms
[80.932s][info][gc] GC(2084) Pause Young (Allocation Failure) 9M->5M(15M) 0.337ms
[80.936s][info][gc] GC(2085) Pause Young (Allocation Failure) 9M->5M(15M) 0.337ms
[80.941s][info][gc] GC(2086) Pause Young (Allocation Failure) 9M->5M(15M) 0.359ms
[80.945s][info][gc] GC(2087) Pause Young (Allocation Failure) 9M->5M(15M) 0.348ms
[80.950s][info][gc] GC(2088) Pause Young (Allocation Failure) 9M->5M(15M) 0.339ms
[80.954s][info][gc] GC(2089) Pause Young (Allocation Failure) 9M->5M(15M) 0.309ms
[80.958s][info][gc] GC(2090) Pause Young (Allocation Failure) 9M->5M(15M) 0.349ms
[80.963s][info][gc] GC(2091) Pause Young (Allocation Failure) 9M->5M(15M) 0.361ms
[80.967s][info][gc] GC(2092) Pause Young (Allocation Failure) 9M->5M(15M) 0.352ms
[80.971s][info][gc] GC(2093) Pause Young (Allocation Failure) 9M->5M(15M) 0.357ms
[80.976s][info][gc] GC(2094) Pause Young (Allocation Failure) 9M->5M(15M) 0.345ms
[80.980s][info][gc] GC(2095) Pause Young (Allocation Failure) 9M->5M(15M) 0.338ms
[80.984s][info][gc] GC(2096) Pause Young (Allocation Failure) 9M->5M(15M) 0.257ms
[80.988s][info][gc] GC(2097) Pause Young (Allocation Failure) 9M->5M(15M) 0.330ms
[81.002s][info][gc] GC(2098) Pause Young (Allocation Failure) 9M->5M(15M) 0.374ms
[81.006s][info][gc] GC(2099) Pause Young (Allocation Failure) 9M->5M(15M) 0.343ms
[81.012s][info][gc] GC(2100) Pause Young (Allocation Failure) 9M->5M(15M) 0.350ms
[81.017s][info][gc] GC(2101) Pause Young (Allocation Failure) 9M->5M(15M) 0.345ms
[81.025s][info][gc] GC(2102) Pause Young (Allocation Failure) 9M->5M(15M) 0.307ms
[81.030s][info][gc] GC(2103) Pause Young (Allocation Failure) 9M->5M(15M) 0.333ms
[81.036s][info][gc] GC(2104) Pause Young (Allocation Failure) 9M->5M(15M) 0.355ms
[81.042s][info][gc] GC(2105) Pause Young (Allocation Failure) 9M->5M(15M) 0.317ms
[81.048s][info][gc] GC(2106) Pause Young (Allocation Failure) 9M->5M(15M) 0.358ms
[81.056s][info][gc] GC(2107) Pause Young (Allocation Failure) 9M->5M(15M) 0.358ms
[81.063s][info][gc] GC(2108) Pause Young (Allocation Failure) 9M->5M(15M) 0.280ms
[81.071s][info][gc] GC(2109) Pause Young (Allocation Failure) 9M->5M(15M) 0.360ms
[81.079s][info][gc] GC(2110) Pause Young (Allocation Failure) 9M->5M(15M) 0.356ms
[81.099s][info][gc] GC(2111) Pause Young (Allocation Failure) 9M->5M(15M) 0.272ms
[81.106s][info][gc] GC(2112) Pause Young (Allocation Failure) 9M->5M(15M) 0.339ms
[81.114s][info][gc] GC(2113) Pause Young (Allocation Failure) 9M->5M(15M) 0.740ms
[81.119s][info][gc] GC(2114) Pause Young (Allocation Failure) 9M->5M(15M) 0.340ms
[81.123s][info][gc] GC(2115) Pause Young (Allocation Failure) 9M->5M(15M) 0.345ms
[81.127s][info][gc] GC(2116) Pause Young (Allocation Failure) 9M->5M(15M) 0.285ms
[81.132s][info][gc] GC(2117) Pause Young (Allocation Failure) 9M->5M(15M) 0.342ms
[81.139s][info][gc] GC(2118) Pause Young (Allocation Failure) 9M->5M(15M) 0.347ms
[81.146s][info][gc] GC(2119) Pause Young (Allocation Failure) 9M->5M(15M) 0.360ms
[81.153s][info][gc] GC(2120) Pause Young (Allocation Failure) 9M->5M(15M) 0.339ms
[81.158s][info][gc] GC(2121) Pause Young (Allocation Failure) 9M->5M(15M) 0.318ms
[81.162s][info][gc] GC(2122) Pause Young (Allocation Failure) 9M->5M(15M) 0.352ms
[81.167s][info][gc] GC(2123) Pause Young (Allocation Failure) 9M->5M(15M) 0.336ms
[81.171s][info][gc] GC(2124) Pause Young (Allocation Failure) 9M->5M(15M) 0.316ms
[81.175s][info][gc] GC(2125) Pause Young (Allocation Failure) 9M->5M(15M) 0.363ms
[81.182s][info][gc] GC(2126) Pause Young (Allocation Failure) 9M->5M(15M) 0.333ms
[81.187s][info][gc] GC(2127) Pause Young (Allocation Failure) 9M->5M(15M) 0.267ms
[81.193s][info][gc] GC(2128) Pause Young (Allocation Failure) 9M->5M(15M) 0.338ms
[81.200s][info][gc] GC(2129) Pause Young (Allocation Failure) 9M->5M(15M) 0.385ms
[81.205s][info][gc] GC(2130) Pause Young (Allocation Failure) 9M->5M(15M) 0.453ms
[81.210s][info][gc] GC(2131) Pause Young (Allocation Failure) 9M->5M(15M) 0.289ms
[81.216s][info][gc] GC(2132) Pause Young (Allocation Failure) 9M->5M(15M) 0.371ms
[81.222s][info][gc] GC(2133) Pause Young (Allocation Failure) 9M->5M(15M) 0.341ms
[81.227s][info][gc] GC(2134) Pause Young (Allocation Failure) 9M->5M(15M) 0.333ms
[81.233s][info][gc] GC(2135) Pause Young (Allocation Failure) 9M->5M(15M) 0.315ms
[81.241s][info][gc] GC(2136) Pause Young (Allocation Failure) 9M->5M(15M) 0.359ms
[81.247s][info][gc] GC(2137) Pause Young (Allocation Failure) 9M->5M(15M) 0.364ms
[81.252s][info][gc] GC(2138) Pause Young (Allocation Failure) 9M->5M(15M) 0.265ms
[81.258s][info][gc] GC(2139) Pause Young (Allocation Failure) 9M->5M(15M) 0.351ms
[81.268s][info][gc] GC(2140) Pause Young (Allocation Failure) 9M->5M(15M) 0.336ms
[81.273s][info][gc] GC(2141) Pause Young (Allocation Failure) 9M->5M(15M) 0.270ms
[81.279s][info][gc] GC(2142) Pause Young (Allocation Failure) 9M->5M(15M) 0.358ms
[81.285s][info][gc] GC(2143) Pause Young (Allocation Failure) 9M->5M(15M) 0.470ms
[81.289s][info][gc] GC(2144) Pause Young (Allocation Failure) 9M->5M(15M) 0.338ms
[81.295s][info][gc] GC(2145) Pause Young (Allocation Failure) 9M->5M(15M) 0.376ms
[81.299s][info][gc] GC(2146) Pause Young (Allocation Failure) 9M->5M(15M) 0.303ms
[81.304s][info][gc] GC(2147) Pause Young (Allocation Failure) 9M->5M(15M) 0.332ms
[81.332s][info][gc] GC(2148) Pause Young (Allocation Failure) 9M->5M(15M) 0.341ms
[81.337s][info][gc] GC(2149) Pause Young (Allocation Failure) 9M->5M(15M) 0.398ms
[81.345s][info][gc] GC(2150) Pause Young (Allocation Failure) 9M->5M(15M) 0.341ms
[81.349s][info][gc] GC(2151) Pause Young (Allocation Failure) 9M->5M(15M) 0.381ms
[81.357s][info][gc] GC(2152) Pause Young (Allocation Failure) 9M->5M(15M) 0.395ms
[81.366s][info][gc] GC(2153) Pause Young (Allocation Failure) 9M->5M(15M) 0.494ms
[81.376s][info][gc] GC(2154) Pause Young (Allocation Failure) 9M->5M(15M) 0.474ms
[81.384s][info][gc] GC(2155) Pause Young (Allocation Failure) 9M->5M(15M) 0.540ms
[81.392s][info][gc] GC(2156) Pause Young (Allocation Failure) 9M->5M(15M) 0.399ms
[81.402s][info][gc] GC(2157) Pause Young (Allocation Failure) 9M->5M(15M) 0.389ms
[81.411s][info][gc] GC(2158) Pause Young (Allocation Failure) 9M->5M(15M) 0.404ms
[81.420s][info][gc] GC(2159) Pause Young (Allocation Failure) 9M->5M(15M) 0.474ms
[81.428s][info][gc] GC(2160) Pause Young (Allocation Failure) 9M->5M(15M) 0.310ms
[81.440s][info][gc] GC(2161) Pause Young (Allocation Failure) 9M->5M(15M) 0.431ms
[81.449s][info][gc] GC(2162) Pause Young (Allocation Failure) 9M->5M(15M) 0.393ms
[81.457s][info][gc] GC(2163) Pause Young (Allocation Failure) 9M->5M(15M) 0.353ms
[81.463s][info][gc] GC(2164) Pause Young (Allocation Failure) 9M->5M(15M) 0.362ms
[81.469s][info][gc] GC(2165) Pause Young (Allocation Failure) 9M->5M(15M) 0.349ms
[81.473s][info][gc] GC(2166) Pause Young (Allocation Failure) 9M->5M(15M) 0.277ms
[81.477s][info][gc] GC(2167) Pause Young (Allocation Failure) 9M->5M(15M) 0.352ms
[81.482s][info][gc] GC(2168) Pause Young (Allocation Failure) 9M->5M(15M) 0.363ms
[81.487s][info][gc] GC(2169) Pause Young (Allocation Failure) 9M->5M(15M) 0.317ms
[81.491s][info][gc] GC(2170) Pause Young (Allocation Failure) 9M->5M(15M) 0.344ms
[81.498s][info][gc] GC(2171) Pause Young (Allocation Failure) 9M->5M(15M) 0.379ms
[81.504s][info][gc] GC(2172) Pause Young (Allocation Failure) 9M->5M(15M) 0.287ms
[81.513s][info][gc] GC(2173) Pause Young (Allocation Failure) 9M->5M(15M) 0.352ms
[81.520s][info][gc] GC(2174) Pause Young (Allocation Failure) 9M->5M(15M) 0.341ms
[81.526s][info][gc] GC(2175) Pause Young (Allocation Failure) 9M->5M(15M) 0.313ms
[81.537s][info][gc] GC(2176) Pause Young (Allocation Failure) 9M->5M(15M) 0.441ms
[81.548s][info][gc] GC(2177) Pause Young (Allocation Failure) 9M->5M(15M) 0.371ms
[81.552s][info][gc] GC(2178) Pause Young (Allocation Failure) 9M->5M(15M) 0.285ms
[81.558s][info][gc] GC(2179) Pause Young (Allocation Failure) 9M->5M(15M) 0.440ms
[81.566s][info][gc] GC(2180) Pause Young (Allocation Failure) 9M->5M(15M) 0.488ms
[81.574s][info][gc] GC(2181) Pause Young (Allocation Failure) 9M->5M(15M) 0.405ms
[81.583s][info][gc] GC(2182) Pause Young (Allocation Failure) 9M->5M(15M) 0.431ms
[81.591s][info][gc] GC(2183) Pause Young (Allocation Failure) 9M->5M(15M) 0.466ms
[81.598s][info][gc] GC(2184) Pause Young (Allocation Failure) 9M->5M(15M) 0.328ms
[81.606s][info][gc] GC(2185) Pause Young (Allocation Failure) 9M->5M(15M) 0.407ms
[81.615s][info][gc] GC(2186) Pause Young (Allocation Failure) 9M->5M(15M) 0.453ms
[81.623s][info][gc] GC(2187) Pause Young (Allocation Failure) 9M->5M(15M) 0.430ms
[81.635s][info][gc] GC(2188) Pause Young (Allocation Failure) 9M->5M(15M) 0.385ms
[81.640s][info][gc] GC(2189) Pause Young (Allocation Failure) 9M->5M(15M) 0.463ms
[81.648s][info][gc] GC(2190) Pause Young (Allocation Failure) 9M->5M(15M) 0.424ms
[81.653s][info][gc] GC(2191) Pause Young (Allocation Failure) 9M->5M(15M) 0.342ms
[81.657s][info][gc] GC(2192) Pause Young (Allocation Failure) 9M->5M(15M) 0.352ms
[81.663s][info][gc] GC(2193) Pause Young (Allocation Failure) 9M->5M(15M) 0.358ms
[81.668s][info][gc] GC(2194) Pause Young (Allocation Failure) 9M->5M(15M) 0.336ms
[81.674s][info][gc] GC(2195) Pause Young (Allocation Failure) 9M->5M(15M) 0.358ms
[81.679s][info][gc] GC(2196) Pause Young (Allocation Failure) 9M->5M(15M) 0.346ms
[81.683s][info][gc] GC(2197) Pause Young (Allocation Failure) 9M->5M(15M) 0.274ms
[81.687s][info][gc] GC(2198) Pause Young (Allocation Failure) 9M->5M(15M) 0.327ms
[81.692s][info][gc] GC(2199) Pause Young (Allocation Failure) 9M->5M(15M) 0.337ms
[81.696s][info][gc] GC(2200) Pause Young (Allocation Failure) 9M->5M(15M) 0.360ms
[81.700s][info][gc] GC(2201) Pause Young (Allocation Failure) 9M->5M(15M) 0.334ms
[81.705s][info][gc] GC(2202) Pause Young (Allocation Failure) 9M->5M(15M) 0.392ms
[81.710s][info][gc] GC(2203) Pause Young (Allocation Failure) 9M->5M(15M) 0.344ms
[81.715s][info][gc] GC(2204) Pause Young (Allocation Failure) 9M->5M(15M) 0.304ms
[81.719s][info][gc] GC(2205) Pause Young (Allocation Failure) 9M->5M(15M) 0.352ms
[81.723s][info][gc] GC(2206) Pause Young (Allocation Failure) 9M->5M(15M) 0.315ms
[81.727s][info][gc] GC(2207) Pause Young (Allocation Failure) 9M->5M(15M) 0.326ms
[81.732s][info][gc] GC(2208) Pause Young (Allocation Failure) 9M->5M(15M) 0.313ms
[81.736s][info][gc] GC(2209) Pause Young (Allocation Failure) 9M->5M(15M) 0.349ms
[81.740s][info][gc] GC(2210) Pause Young (Allocation Failure) 9M->5M(15M) 0.326ms
[81.744s][info][gc] GC(2211) Pause Young (Allocation Failure) 9M->5M(15M) 0.333ms
[81.749s][info][gc] GC(2212) Pause Young (Allocation Failure) 9M->5M(15M) 0.349ms
[81.753s][info][gc] GC(2213) Pause Young (Allocation Failure) 9M->5M(15M) 0.304ms
[81.758s][info][gc] GC(2214) Pause Young (Allocation Failure) 9M->5M(15M) 0.368ms
[81.767s][info][gc] GC(2215) Pause Young (Allocation Failure) 9M->5M(15M) 0.364ms
[81.774s][info][gc] GC(2216) Pause Young (Allocation Failure) 9M->5M(15M) 0.289ms
[81.782s][info][gc] GC(2217) Pause Young (Allocation Failure) 9M->5M(15M) 0.347ms
[81.789s][info][gc] GC(2218) Pause Young (Allocation Failure) 9M->5M(15M) 0.339ms
[81.796s][info][gc] GC(2219) Pause Young (Allocation Failure) 9M->5M(15M) 0.274ms
[81.991s][info][gc] GC(2220) Pause Young (Allocation Failure) 9M->5M(15M) 0.770ms
[82.009s][info][gc] GC(2221) Pause Young (Allocation Failure) 9M->5M(15M) 0.391ms
[82.019s][info][gc] GC(2222) Pause Young (Allocation Failure) 9M->5M(15M) 0.352ms
[82.026s][info][gc] GC(2223) Pause Young (Allocation Failure) 9M->5M(15M) 0.358ms
[82.034s][info][gc] GC(2224) Pause Young (Allocation Failure) 9M->5M(15M) 0.382ms
[82.041s][info][gc] GC(2225) Pause Young (Allocation Failure) 9M->5M(15M) 0.352ms
[82.048s][info][gc] GC(2226) Pause Young (Allocation Failure) 9M->5M(15M) 0.343ms
[82.056s][info][gc] GC(2227) Pause Young (Allocation Failure) 9M->5M(15M) 0.284ms
[82.068s][info][gc] GC(2228) Pause Young (Allocation Failure) 9M->5M(15M) 0.338ms
[82.076s][info][gc] GC(2229) Pause Young (Allocation Failure) 9M->5M(15M) 0.342ms
[82.083s][info][gc] GC(2230) Pause Young (Allocation Failure) 9M->5M(15M) 0.248ms
[82.122s][info][gc] GC(2231) Pause Young (Allocation Failure) 9M->5M(15M) 0.368ms
[82.131s][info][gc] GC(2232) Pause Young (Allocation Failure) 9M->5M(15M) 0.389ms
[82.139s][info][gc] GC(2233) Pause Young (Allocation Failure) 9M->5M(15M) 0.273ms
[82.145s][info][gc] GC(2234) Pause Young (Allocation Failure) 9M->5M(15M) 0.346ms
[82.153s][info][gc] GC(2235) Pause Young (Allocation Failure) 9M->5M(15M) 0.314ms
[82.160s][info][gc] GC(2236) Pause Young (Allocation Failure) 9M->5M(15M) 0.370ms
[82.168s][info][gc] GC(2237) Pause Young (Allocation Failure) 9M->5M(15M) 0.340ms
[82.173s][info][gc] GC(2238) Pause Young (Allocation Failure) 9M->5M(15M) 0.365ms
[82.179s][info][gc] GC(2239) Pause Young (Allocation Failure) 9M->5M(15M) 0.338ms
[82.183s][info][gc] GC(2240) Pause Young (Allocation Failure) 9M->5M(15M) 0.312ms
[82.190s][info][gc] GC(2241) Pause Young (Allocation Failure) 9M->5M(15M) 0.382ms
[82.195s][info][gc] GC(2242) Pause Young (Allocation Failure) 9M->5M(15M) 0.340ms
[82.202s][info][gc] GC(2243) Pause Young (Allocation Failure) 9M->5M(15M) 0.357ms
[82.209s][info][gc] GC(2244) Pause Young (Allocation Failure) 9M->5M(15M) 0.357ms
[82.217s][info][gc] GC(2245) Pause Young (Allocation Failure) 9M->5M(15M) 0.353ms
[82.225s][info][gc] GC(2246) Pause Young (Allocation Failure) 9M->5M(15M) 0.342ms
[82.233s][info][gc] GC(2247) Pause Young (Allocation Failure) 9M->5M(15M) 0.342ms
[82.241s][info][gc] GC(2248) Pause Young (Allocation Failure) 9M->5M(15M) 0.349ms
[82.245s][info][gc] GC(2249) Pause Young (Allocation Failure) 9M->5M(15M) 0.299ms
[82.250s][info][gc] GC(2250) Pause Young (Allocation Failure) 9M->5M(15M) 0.338ms
[82.254s][info][gc] GC(2251) Pause Young (Allocation Failure) 9M->5M(15M) 0.352ms
[82.259s][info][gc] GC(2252) Pause Young (Allocation Failure) 9M->5M(15M) 0.352ms
[82.266s][info][gc] GC(2253) Pause Young (Allocation Failure) 10M->5M(15M) 0.331ms
[82.271s][info][gc] GC(2254) Pause Young (Allocation Failure) 9M->5M(15M) 0.366ms
[82.276s][info][gc] GC(2255) Pause Young (Allocation Failure) 10M->5M(15M) 0.396ms
[82.280s][info][gc] GC(2256) Pause Young (Allocation Failure) 9M->5M(15M) 0.390ms
[82.284s][info][gc] GC(2257) Pause Young (Allocation Failure) 9M->5M(15M) 0.263ms
[82.288s][info][gc] GC(2258) Pause Young (Allocation Failure) 9M->5M(15M) 0.356ms
[82.293s][info][gc] GC(2259) Pause Young (Allocation Failure) 10M->5M(15M) 0.322ms
[82.297s][info][gc] GC(2260) Pause Young (Allocation Failure) 9M->5M(15M) 0.347ms
[82.302s][info][gc] GC(2261) Pause Young (Allocation Failure) 10M->5M(15M) 0.342ms
[82.307s][info][gc] GC(2262) Pause Young (Allocation Failure) 9M->5M(15M) 0.287ms
[82.340s][info][gc] GC(2263) Pause Young (Allocation Failure) 9M->5M(15M) 0.352ms
[82.347s][info][gc] GC(2264) Pause Young (Allocation Failure) 10M->5M(15M) 0.448ms
[82.355s][info][gc] GC(2265) Pause Young (Allocation Failure) 9M->5M(15M) 0.374ms
[82.363s][info][gc] GC(2266) Pause Young (Allocation Failure) 9M->5M(15M) 0.418ms
[82.370s][info][gc] GC(2267) Pause Young (Allocation Failure) 10M->5M(15M) 0.381ms
[82.375s][info][gc] GC(2268) Pause Young (Allocation Failure) 10M->5M(15M) 0.374ms
[82.379s][info][gc] GC(2269) Pause Young (Allocation Failure) 10M->5M(15M) 0.356ms
[82.386s][info][gc] GC(2270) Pause Young (Allocation Failure) 10M->5M(15M) 0.345ms
[82.396s][info][gc] GC(2271) Pause Young (Allocation Failure) 10M->5M(15M) 0.328ms
[82.400s][info][gc] GC(2272) Pause Young (Allocation Failure) 10M->5M(15M) 0.274ms
[82.405s][info][gc] GC(2273) Pause Young (Allocation Failure) 9M->5M(15M) 0.355ms
[82.409s][info][gc] GC(2274) Pause Young (Allocation Failure) 10M->5M(15M) 0.340ms
[82.414s][info][gc] GC(2275) Pause Young (Allocation Failure) 10M->5M(15M) 0.396ms
[82.418s][info][gc] GC(2276) Pause Young (Allocation Failure) 10M->5M(15M) 0.340ms
[82.424s][info][gc] GC(2277) Pause Young (Allocation Failure) 10M->5M(15M) 0.298ms
[82.439s][info][gc] GC(2278) Pause Young (Allocation Failure) 9M->5M(15M) 0.361ms
[82.443s][info][gc] GC(2279) Pause Young (Allocation Failure) 10M->5M(15M) 0.359ms
[82.448s][info][gc] GC(2280) Pause Young (Allocation Failure) 10M->5M(15M) 0.337ms
[82.452s][info][gc] GC(2281) Pause Young (Allocation Failure) 10M->5M(15M) 0.356ms
[82.457s][info][gc] GC(2282) Pause Young (Allocation Failure) 10M->5M(15M) 0.342ms
[82.461s][info][gc] GC(2283) Pause Young (Allocation Failure) 10M->5M(15M) 0.356ms
[82.465s][info][gc] GC(2284) Pause Young (Allocation Failure) 10M->5M(15M) 0.350ms
[82.470s][info][gc] GC(2285) Pause Young (Allocation Failure) 10M->5M(15M) 0.318ms
[82.474s][info][gc] GC(2286) Pause Young (Allocation Failure) 10M->5M(15M) 0.353ms
[82.479s][info][gc] GC(2287) Pause Young (Allocation Failure) 10M->5M(15M) 0.354ms
[82.483s][info][gc] GC(2288) Pause Young (Allocation Failure) 10M->5M(15M) 0.326ms
[82.487s][info][gc] GC(2289) Pause Young (Allocation Failure) 10M->5M(15M) 0.362ms
[82.491s][info][gc] GC(2290) Pause Young (Allocation Failure) 10M->5M(15M) 0.345ms
[82.496s][info][gc] GC(2291) Pause Young (Allocation Failure) 10M->5M(15M) 0.258ms
[82.501s][info][gc] GC(2292) Pause Young (Allocation Failure) 9M->5M(15M) 0.630ms
[82.506s][info][gc] GC(2293) Pause Young (Allocation Failure) 10M->5M(15M) 0.356ms
[82.510s][info][gc] GC(2294) Pause Young (Allocation Failure) 10M->5M(15M) 0.293ms
[82.515s][info][gc] GC(2295) Pause Young (Allocation Failure) 10M->5M(15M) 0.403ms
[82.521s][info][gc] GC(2296) Pause Young (Allocation Failure) 10M->5M(15M) 0.495ms
[82.528s][info][gc] GC(2297) Pause Young (Allocation Failure) 10M->5M(15M) 0.407ms
[82.535s][info][gc] GC(2298) Pause Young (Allocation Failure) 10M->5M(15M) 0.529ms
[82.543s][info][gc] GC(2299) Pause Young (Allocation Failure) 10M->5M(15M) 0.403ms
[82.549s][info][gc] GC(2300) Pause Young (Allocation Failure) 10M->5M(15M) 0.281ms
[82.554s][info][gc] GC(2301) Pause Young (Allocation Failure) 9M->5M(15M) 0.390ms
[82.559s][info][gc] GC(2302) Pause Young (Allocation Failure) 10M->5M(15M) 0.275ms
[82.563s][info][gc] GC(2303) Pause Young (Allocation Failure) 10M->5M(15M) 0.345ms
[82.567s][info][gc] GC(2304) Pause Young (Allocation Failure) 10M->5M(15M) 0.353ms
[82.572s][info][gc] GC(2305) Pause Young (Allocation Failure) 10M->5M(15M) 0.341ms
[82.576s][info][gc] GC(2306) Pause Young (Allocation Failure) 10M->5M(15M) 0.338ms
[82.581s][info][gc] GC(2307) Pause Young (Allocation Failure) 10M->5M(15M) 0.333ms
[82.586s][info][gc] GC(2308) Pause Young (Allocation Failure) 10M->5M(15M) 0.337ms
[82.590s][info][gc] GC(2309) Pause Young (Allocation Failure) 10M->5M(15M) 0.375ms
[82.596s][info][gc] GC(2310) Pause Young (Allocation Failure) 10M->5M(15M) 0.370ms
[82.601s][info][gc] GC(2311) Pause Young (Allocation Failure) 10M->5M(15M) 0.264ms
[82.605s][info][gc] GC(2312) Pause Young (Allocation Failure) 10M->5M(15M) 0.345ms
[82.609s][info][gc] GC(2313) Pause Young (Allocation Failure) 10M->5M(15M) 0.280ms
[82.614s][info][gc] GC(2314) Pause Young (Allocation Failure) 10M->5M(15M) 0.367ms
[82.618s][info][gc] GC(2315) Pause Young (Allocation Failure) 10M->5M(15M) 0.347ms
[82.622s][info][gc] GC(2316) Pause Young (Allocation Failure) 10M->5M(15M) 0.283ms
[82.626s][info][gc] GC(2317) Pause Young (Allocation Failure) 10M->5M(15M) 0.336ms
[82.631s][info][gc] GC(2318) Pause Young (Allocation Failure) 10M->5M(15M) 0.344ms
[82.635s][info][gc] GC(2319) Pause Young (Allocation Failure) 10M->5M(15M) 0.303ms
[82.639s][info][gc] GC(2320) Pause Young (Allocation Failure) 10M->5M(15M) 0.341ms
[82.644s][info][gc] GC(2321) Pause Young (Allocation Failure) 10M->5M(15M) 0.324ms
[82.649s][info][gc] GC(2322) Pause Young (Allocation Failure) 10M->5M(15M) 0.349ms
[82.653s][info][gc] GC(2323) Pause Young (Allocation Failure) 10M->5M(15M) 0.339ms
[82.657s][info][gc] GC(2324) Pause Young (Allocation Failure) 10M->5M(15M) 0.283ms
[82.661s][info][gc] GC(2325) Pause Young (Allocation Failure) 10M->5M(15M) 0.350ms
[82.666s][info][gc] GC(2326) Pause Young (Allocation Failure) 10M->5M(15M) 0.330ms
[82.670s][info][gc] GC(2327) Pause Young (Allocation Failure) 10M->5M(15M) 0.326ms
[82.674s][info][gc] GC(2328) Pause Young (Allocation Failure) 10M->5M(15M) 0.369ms
[82.679s][info][gc] GC(2329) Pause Young (Allocation Failure) 10M->5M(15M) 0.329ms
[82.683s][info][gc] GC(2330) Pause Young (Allocation Failure) 10M->5M(15M) 0.285ms
[82.687s][info][gc] GC(2331) Pause Young (Allocation Failure) 10M->5M(15M) 0.322ms
[82.691s][info][gc] GC(2332) Pause Young (Allocation Failure) 10M->5M(15M) 0.327ms
[82.695s][info][gc] GC(2333) Pause Young (Allocation Failure) 10M->5M(15M) 0.332ms
[82.700s][info][gc] GC(2334) Pause Young (Allocation Failure) 10M->5M(15M) 0.321ms
[82.704s][info][gc] GC(2335) Pause Young (Allocation Failure) 10M->5M(15M) 0.313ms
[82.709s][info][gc] GC(2336) Pause Young (Allocation Failure) 10M->5M(15M) 0.351ms
[82.713s][info][gc] GC(2337) Pause Young (Allocation Failure) 10M->5M(15M) 0.345ms
[82.717s][info][gc] GC(2338) Pause Young (Allocation Failure) 10M->5M(15M) 0.324ms
[82.722s][info][gc] GC(2339) Pause Young (Allocation Failure) 10M->5M(15M) 0.344ms
[82.726s][info][gc] GC(2340) Pause Young (Allocation Failure) 10M->5M(15M) 0.338ms
[82.730s][info][gc] GC(2341) Pause Young (Allocation Failure) 10M->5M(15M) 0.261ms
[82.734s][info][gc] GC(2342) Pause Young (Allocation Failure) 10M->5M(15M) 0.347ms
[82.739s][info][gc] GC(2343) Pause Young (Allocation Failure) 10M->5M(15M) 0.348ms
[82.744s][info][gc] GC(2344) Pause Young (Allocation Failure) 10M->5M(15M) 0.347ms
[82.748s][info][gc] GC(2345) Pause Young (Allocation Failure) 10M->5M(15M) 0.371ms
[82.752s][info][gc] GC(2346) Pause Young (Allocation Failure) 10M->5M(15M) 0.348ms
[82.757s][info][gc] GC(2347) Pause Young (Allocation Failure) 10M->5M(15M) 0.362ms
[82.762s][info][gc] GC(2348) Pause Young (Allocation Failure) 10M->5M(15M) 0.368ms
[82.766s][info][gc] GC(2349) Pause Young (Allocation Failure) 10M->5M(15M) 0.342ms
[82.770s][info][gc] GC(2350) Pause Young (Allocation Failure) 10M->5M(15M) 0.276ms
[82.775s][info][gc] GC(2351) Pause Young (Allocation Failure) 10M->5M(15M) 0.345ms
[82.779s][info][gc] GC(2352) Pause Young (Allocation Failure) 10M->5M(15M) 0.359ms
[82.783s][info][gc] GC(2353) Pause Young (Allocation Failure) 10M->5M(15M) 0.372ms
[82.788s][info][gc] GC(2354) Pause Young (Allocation Failure) 10M->5M(15M) 0.354ms
[82.792s][info][gc] GC(2355) Pause Young (Allocation Failure) 10M->5M(15M) 0.310ms
[82.798s][info][gc] GC(2356) Pause Young (Allocation Failure) 10M->5M(15M) 0.366ms
[82.802s][info][gc] GC(2357) Pause Young (Allocation Failure) 10M->5M(15M) 0.363ms
[82.808s][info][gc] GC(2358) Pause Young (Allocation Failure) 10M->5M(15M) 0.311ms
[82.812s][info][gc] GC(2359) Pause Young (Allocation Failure) 10M->5M(15M) 0.282ms
[82.816s][info][gc] GC(2360) Pause Young (Allocation Failure) 10M->5M(15M) 0.346ms
[82.821s][info][gc] GC(2361) Pause Young (Allocation Failure) 10M->5M(15M) 0.345ms
[82.825s][info][gc] GC(2362) Pause Young (Allocation Failure) 10M->5M(15M) 0.316ms
[82.829s][info][gc] GC(2363) Pause Young (Allocation Failure) 10M->5M(15M) 0.348ms
[82.834s][info][gc] GC(2364) Pause Young (Allocation Failure) 10M->5M(15M) 0.341ms
[82.838s][info][gc] GC(2365) Pause Young (Allocation Failure) 10M->5M(15M) 0.259ms
[82.843s][info][gc] GC(2366) Pause Young (Allocation Failure) 10M->5M(15M) 0.344ms
[82.847s][info][gc] GC(2367) Pause Young (Allocation Failure) 10M->5M(15M) 0.347ms
[82.852s][info][gc] GC(2368) Pause Young (Allocation Failure) 10M->5M(15M) 0.284ms
[82.856s][info][gc] GC(2369) Pause Young (Allocation Failure) 10M->5M(15M) 0.356ms
[82.860s][info][gc] GC(2370) Pause Young (Allocation Failure) 10M->5M(15M) 0.340ms
[82.865s][info][gc] GC(2371) Pause Young (Allocation Failure) 10M->5M(15M) 0.435ms
[82.869s][info][gc] GC(2372) Pause Young (Allocation Failure) 10M->5M(15M) 0.336ms
[82.874s][info][gc] GC(2373) Pause Young (Allocation Failure) 10M->5M(15M) 0.296ms
[82.878s][info][gc] GC(2374) Pause Young (Allocation Failure) 10M->5M(15M) 0.349ms
[82.882s][info][gc] GC(2375) Pause Young (Allocation Failure) 10M->5M(15M) 0.320ms
[82.887s][info][gc] GC(2376) Pause Young (Allocation Failure) 10M->5M(15M) 0.337ms
[82.891s][info][gc] GC(2377) Pause Young (Allocation Failure) 10M->5M(15M) 0.358ms
[82.895s][info][gc] GC(2378) Pause Young (Allocation Failure) 10M->5M(15M) 0.330ms
[82.900s][info][gc] GC(2379) Pause Young (Allocation Failure) 10M->5M(15M) 0.324ms
[82.904s][info][gc] GC(2380) Pause Young (Allocation Failure) 10M->5M(15M) 0.347ms
[82.908s][info][gc] GC(2381) Pause Young (Allocation Failure) 10M->5M(15M) 0.343ms
[82.912s][info][gc] GC(2382) Pause Young (Allocation Failure) 10M->5M(15M) 0.314ms
[82.917s][info][gc] GC(2383) Pause Young (Allocation Failure) 10M->5M(15M) 0.404ms
[82.921s][info][gc] GC(2384) Pause Young (Allocation Failure) 10M->5M(15M) 0.335ms
[82.925s][info][gc] GC(2385) Pause Young (Allocation Failure) 10M->5M(15M) 0.335ms
[82.930s][info][gc] GC(2386) Pause Young (Allocation Failure) 10M->5M(15M) 0.362ms
[82.934s][info][gc] GC(2387) Pause Young (Allocation Failure) 10M->5M(15M) 0.287ms
[82.939s][info][gc] GC(2388) Pause Young (Allocation Failure) 10M->5M(15M) 0.352ms
[82.944s][info][gc] GC(2389) Pause Young (Allocation Failure) 10M->5M(15M) 0.334ms
[82.949s][info][gc] GC(2390) Pause Young (Allocation Failure) 10M->5M(15M) 0.289ms
[82.953s][info][gc] GC(2391) Pause Young (Allocation Failure) 10M->5M(15M) 0.359ms
[82.958s][info][gc] GC(2392) Pause Young (Allocation Failure) 10M->5M(15M) 0.335ms
[82.962s][info][gc] GC(2393) Pause Young (Allocation Failure) 10M->5M(15M) 0.297ms
[82.966s][info][gc] GC(2394) Pause Young (Allocation Failure) 10M->5M(15M) 0.356ms
[82.971s][info][gc] GC(2395) Pause Young (Allocation Failure) 10M->5M(15M) 0.343ms
[82.975s][info][gc] GC(2396) Pause Young (Allocation Failure) 10M->5M(15M) 0.395ms
[82.979s][info][gc] GC(2397) Pause Young (Allocation Failure) 10M->5M(15M) 0.366ms
[82.983s][info][gc] GC(2398) Pause Young (Allocation Failure) 10M->5M(15M) 0.331ms
[82.988s][info][gc] GC(2399) Pause Young (Allocation Failure) 10M->5M(15M) 0.261ms
[82.992s][info][gc] GC(2400) Pause Young (Allocation Failure) 10M->5M(15M) 0.347ms
[82.996s][info][gc] GC(2401) Pause Young (Allocation Failure) 10M->5M(15M) 0.351ms
[83.002s][info][gc] GC(2402) Pause Young (Allocation Failure) 10M->5M(15M) 0.262ms
[83.006s][info][gc] GC(2403) Pause Young (Allocation Failure) 10M->5M(15M) 0.343ms
[83.011s][info][gc] GC(2404) Pause Young (Allocation Failure) 10M->5M(15M) 0.308ms
[83.016s][info][gc] GC(2405) Pause Young (Allocation Failure) 10M->5M(15M) 0.359ms
[83.021s][info][gc] GC(2406) Pause Young (Allocation Failure) 10M->5M(15M) 0.357ms
[83.025s][info][gc] GC(2407) Pause Young (Allocation Failure) 10M->5M(15M) 0.269ms
[83.029s][info][gc] GC(2408) Pause Young (Allocation Failure) 10M->5M(15M) 0.345ms
[83.034s][info][gc] GC(2409) Pause Young (Allocation Failure) 10M->5M(15M) 0.298ms
[83.039s][info][gc] GC(2410) Pause Young (Allocation Failure) 10M->5M(15M) 0.334ms
[83.043s][info][gc] GC(2411) Pause Young (Allocation Failure) 10M->5M(15M) 0.355ms
[83.048s][info][gc] GC(2412) Pause Young (Allocation Failure) 10M->5M(15M) 0.277ms
[83.052s][info][gc] GC(2413) Pause Young (Allocation Failure) 10M->5M(15M) 0.342ms
[83.057s][info][gc] GC(2414) Pause Young (Allocation Failure) 10M->5M(15M) 0.355ms
[83.061s][info][gc] GC(2415) Pause Young (Allocation Failure) 10M->5M(15M) 0.334ms
[83.066s][info][gc] GC(2416) Pause Young (Allocation Failure) 10M->5M(15M) 0.280ms
[83.070s][info][gc] GC(2417) Pause Young (Allocation Failure) 10M->5M(15M) 0.348ms
[83.074s][info][gc] GC(2418) Pause Young (Allocation Failure) 10M->5M(15M) 0.359ms
[83.079s][info][gc] GC(2419) Pause Young (Allocation Failure) 10M->5M(15M) 0.288ms
[83.083s][info][gc] GC(2420) Pause Young (Allocation Failure) 10M->5M(15M) 0.363ms
[83.121s][info][gc] GC(2421) Pause Young (Allocation Failure) 10M->5M(15M) 0.298ms
[83.128s][info][gc] GC(2422) Pause Young (Allocation Failure) 10M->5M(15M) 0.340ms
[83.136s][info][gc] GC(2423) Pause Young (Allocation Failure) 10M->5M(15M) 0.351ms
[83.143s][info][gc] GC(2424) Pause Young (Allocation Failure) 10M->5M(15M) 0.302ms
[83.148s][info][gc] GC(2425) Pause Young (Allocation Failure) 10M->5M(15M) 0.348ms
[83.152s][info][gc] GC(2426) Pause Young (Allocation Failure) 10M->5M(15M) 0.343ms
[83.157s][info][gc] GC(2427) Pause Young (Allocation Failure) 10M->5M(15M) 0.266ms
[83.162s][info][gc] GC(2428) Pause Young (Allocation Failure) 10M->5M(15M) 0.353ms
[83.167s][info][gc] GC(2429) Pause Young (Allocation Failure) 10M->5M(15M) 0.369ms
[83.172s][info][gc] GC(2430) Pause Young (Allocation Failure) 10M->5M(15M) 0.363ms
[83.176s][info][gc] GC(2431) Pause Young (Allocation Failure) 10M->5M(15M) 0.365ms
[83.180s][info][gc] GC(2432) Pause Young (Allocation Failure) 10M->5M(15M) 0.347ms
[83.185s][info][gc] GC(2433) Pause Young (Allocation Failure) 10M->5M(15M) 0.361ms
[83.189s][info][gc] GC(2434) Pause Young (Allocation Failure) 10M->5M(15M) 0.353ms
[83.193s][info][gc] GC(2435) Pause Young (Allocation Failure) 10M->5M(15M) 0.392ms
[83.204s][info][gc] GC(2436) Pause Young (Allocation Failure) 10M->5M(15M) 0.336ms
[83.212s][info][gc] GC(2437) Pause Young (Allocation Failure) 10M->5M(15M) 0.325ms
[83.220s][info][gc] GC(2438) Pause Young (Allocation Failure) 10M->5M(15M) 0.368ms
[83.227s][info][gc] GC(2439) Pause Young (Allocation Failure) 10M->5M(15M) 0.344ms
[83.235s][info][gc] GC(2440) Pause Young (Allocation Failure) 10M->5M(15M) 0.298ms
[83.241s][info][gc] GC(2441) Pause Young (Allocation Failure) 10M->5M(15M) 0.329ms
[83.249s][info][gc] GC(2442) Pause Young (Allocation Failure) 10M->5M(15M) 0.363ms
[83.274s][info][gc] GC(2443) Pause Young (Allocation Failure) 10M->5M(15M) 0.298ms
[83.280s][info][gc] GC(2444) Pause Young (Allocation Failure) 10M->5M(15M) 0.331ms
[83.287s][info][gc] GC(2445) Pause Young (Allocation Failure) 10M->5M(15M) 0.330ms
[83.294s][info][gc] GC(2446) Pause Young (Allocation Failure) 10M->5M(15M) 0.309ms
[83.301s][info][gc] GC(2447) Pause Young (Allocation Failure) 10M->5M(15M) 0.333ms
[83.308s][info][gc] GC(2448) Pause Young (Allocation Failure) 10M->5M(15M) 0.337ms
[83.315s][info][gc] GC(2449) Pause Young (Allocation Failure) 10M->5M(15M) 0.321ms
[83.322s][info][gc] GC(2450) Pause Young (Allocation Failure) 10M->5M(15M) 0.342ms
[83.344s][info][gc] GC(2451) Pause Young (Allocation Failure) 10M->5M(15M) 0.332ms
[83.351s][info][gc] GC(2452) Pause Young (Allocation Failure) 10M->5M(15M) 0.277ms
[83.358s][info][gc] GC(2453) Pause Young (Allocation Failure) 10M->5M(15M) 0.337ms
[83.364s][info][gc] GC(2454) Pause Young (Allocation Failure) 10M->5M(15M) 0.332ms
[83.375s][info][gc] GC(2455) Pause Young (Allocation Failure) 10M->5M(15M) 0.292ms
[83.384s][info][gc] GC(2456) Pause Young (Allocation Failure) 10M->5M(15M) 0.485ms
[83.392s][info][gc] GC(2457) Pause Young (Allocation Failure) 10M->5M(15M) 0.357ms
[83.409s][info][gc] GC(2458) Pause Young (Allocation Failure) 10M->5M(15M) 0.317ms
[83.417s][info][gc] GC(2459) Pause Young (Allocation Failure) 10M->5M(15M) 0.336ms
[83.424s][info][gc] GC(2460) Pause Young (Allocation Failure) 10M->5M(15M) 0.327ms
[83.428s][info][gc] GC(2461) Pause Young (Allocation Failure) 10M->5M(15M) 0.360ms
[83.435s][info][gc] GC(2462) Pause Young (Allocation Failure) 10M->5M(15M) 0.344ms
[83.440s][info][gc] GC(2463) Pause Young (Allocation Failure) 10M->5M(15M) 0.310ms
[83.445s][info][gc] GC(2464) Pause Young (Allocation Failure) 10M->5M(15M) 0.348ms
[83.451s][info][gc] GC(2465) Pause Young (Allocation Failure) 10M->5M(15M) 0.337ms
[83.461s][info][gc] GC(2466) Pause Young (Allocation Failure) 10M->5M(15M) 0.290ms
[83.468s][info][gc] GC(2467) Pause Young (Allocation Failure) 10M->5M(15M) 0.339ms
[83.476s][info][gc] GC(2468) Pause Young (Allocation Failure) 10M->5M(15M) 0.340ms
[83.489s][info][gc] GC(2469) Pause Young (Allocation Failure) 10M->5M(15M) 0.581ms
[83.500s][info][gc] GC(2470) Pause Young (Allocation Failure) 10M->5M(15M) 0.364ms
[83.509s][info][gc] GC(2471) Pause Young (Allocation Failure) 10M->5M(15M) 0.542ms
[83.516s][info][gc] GC(2472) Pause Young (Allocation Failure) 10M->5M(15M) 0.394ms
[83.532s][info][gc] GC(2473) Pause Young (Allocation Failure) 10M->5M(15M) 0.327ms
[83.547s][info][gc] GC(2474) Pause Young (Allocation Failure) 10M->5M(15M) 2.256ms
[83.564s][info][gc] GC(2475) Pause Young (Allocation Failure) 10M->5M(15M) 0.336ms
[83.658s][info][gc] GC(2476) Pause Young (Allocation Failure) 10M->5M(15M) 0.262ms
[83.672s][info][gc] GC(2477) Pause Young (Allocation Failure) 10M->5M(15M) 0.338ms
[83.694s][info][gc] GC(2478) Pause Young (Allocation Failure) 10M->5M(15M) 0.888ms
[83.709s][info][gc] GC(2479) Pause Young (Allocation Failure) 10M->5M(15M) 0.289ms
[83.736s][info][gc] GC(2480) Pause Young (Allocation Failure) 10M->5M(15M) 0.355ms
[83.741s][info][gc] GC(2481) Pause Young (Allocation Failure) 10M->5M(15M) 0.305ms
[83.747s][info][gc] GC(2482) Pause Young (Allocation Failure) 10M->5M(15M) 0.847ms
[83.754s][info][gc] GC(2483) Pause Young (Allocation Failure) 10M->5M(15M) 0.376ms
[83.758s][info][gc] GC(2484) Pause Young (Allocation Failure) 10M->6M(15M) 0.369ms
[83.763s][info][gc] GC(2485) Pause Young (Allocation Failure) 10M->5M(15M) 0.361ms
[83.768s][info][gc] GC(2486) Pause Young (Allocation Failure) 10M->5M(15M) 0.325ms
[83.772s][info][gc] GC(2487) Pause Young (Allocation Failure) 10M->5M(15M) 0.288ms
[83.776s][info][gc] GC(2488) Pause Young (Allocation Failure) 10M->5M(15M) 0.325ms
[83.781s][info][gc] GC(2489) Pause Young (Allocation Failure) 10M->5M(15M) 0.623ms
[83.785s][info][gc] GC(2490) Pause Young (Allocation Failure) 10M->6M(15M) 0.343ms
[83.791s][info][gc] GC(2491) Pause Young (Allocation Failure) 10M->5M(15M) 0.346ms
[83.807s][info][gc] GC(2492) Pause Young (Allocation Failure) 10M->5M(15M) 0.301ms
[83.825s][info][gc] GC(2493) Pause Young (Allocation Failure) 10M->6M(15M) 0.394ms
[83.873s][info][gc] GC(2494) Pause Young (Allocation Failure) 10M->6M(15M) 0.354ms
[83.957s][info][gc] GC(2495) Pause Young (Allocation Failure) 10M->5M(15M) 0.718ms
[83.976s][info][gc] GC(2496) Pause Young (Allocation Failure) 10M->5M(15M) 0.340ms
[84.229s][info][gc] GC(2497) Pause Young (Allocation Failure) 10M->6M(15M) 0.354ms
[84.276s][info][gc] GC(2498) Pause Young (Allocation Failure) 10M->6M(15M) 0.390ms
[84.287s][info][gc] GC(2499) Pause Young (Allocation Failure) 10M->6M(15M) 0.382ms
[84.299s][info][gc] GC(2500) Pause Young (Allocation Failure) 10M->6M(15M) 0.543ms
[84.340s][info][gc] GC(2501) Pause Young (Allocation Failure) 10M->5M(15M) 0.325ms
[84.373s][info][gc] GC(2502) Pause Young (Allocation Failure) 10M->6M(15M) 0.402ms
[84.383s][info][gc] GC(2503) Pause Young (Allocation Failure) 10M->5M(15M) 0.312ms
[84.394s][info][gc] GC(2504) Pause Young (Allocation Failure) 10M->6M(15M) 1.063ms
[84.406s][info][gc] GC(2505) Pause Young (Allocation Failure) 10M->6M(15M) 0.398ms
[84.417s][info][gc] GC(2506) Pause Young (Allocation Failure) 10M->6M(15M) 0.429ms
[84.436s][info][gc] GC(2507) Pause Young (Allocation Failure) 10M->6M(15M) 0.370ms
[84.446s][info][gc] GC(2508) Pause Young (Allocation Failure) 10M->6M(15M) 0.357ms
[84.468s][info][gc] GC(2509) Pause Young (Allocation Failure) 10M->6M(15M) 0.339ms
[84.477s][info][gc] GC(2510) Pause Young (Allocation Failure) 10M->6M(15M) 0.360ms
[84.488s][info][gc] GC(2511) Pause Young (Allocation Failure) 10M->6M(15M) 0.348ms
[84.512s][info][gc] GC(2512) Pause Young (Allocation Failure) 10M->6M(15M) 0.328ms
[84.522s][info][gc] GC(2513) Pause Young (Allocation Failure) 10M->6M(15M) 0.391ms
[84.545s][info][gc] GC(2514) Pause Young (Allocation Failure) 10M->6M(15M) 0.357ms
[84.557s][info][gc] GC(2515) Pause Young (Allocation Failure) 10M->6M(15M) 0.383ms
[84.567s][info][gc] GC(2516) Pause Young (Allocation Failure) 10M->6M(15M) 0.343ms
[84.577s][info][gc] GC(2517) Pause Young (Allocation Failure) 10M->6M(15M) 0.379ms
[84.588s][info][gc] GC(2518) Pause Young (Allocation Failure) 10M->6M(15M) 0.378ms
[84.599s][info][gc] GC(2519) Pause Young (Allocation Failure) 10M->6M(15M) 0.481ms
[84.617s][info][gc] GC(2520) Pause Young (Allocation Failure) 10M->6M(15M) 0.368ms
[84.635s][info][gc] GC(2521) Pause Young (Allocation Failure) 10M->6M(15M) 0.346ms
[84.641s][info][gc] GC(2522) Pause Young (Allocation Failure) 10M->6M(15M) 0.603ms
[84.646s][info][gc] GC(2523) Pause Young (Allocation Failure) 10M->6M(15M) 0.288ms
[84.653s][info][gc] GC(2524) Pause Young (Allocation Failure) 10M->6M(15M) 0.362ms
[84.658s][info][gc] GC(2525) Pause Young (Allocation Failure) 10M->6M(15M) 0.329ms
[84.662s][info][gc] GC(2526) Pause Young (Allocation Failure) 10M->6M(15M) 0.266ms
[84.668s][info][gc] GC(2527) Pause Young (Allocation Failure) 10M->6M(15M) 0.333ms
[84.676s][info][gc] GC(2528) Pause Young (Allocation Failure) 10M->6M(15M) 0.368ms
[84.688s][info][gc] GC(2529) Pause Young (Allocation Failure) 10M->6M(15M) 0.380ms
[84.692s][info][gc] GC(2530) Pause Young (Allocation Failure) 10M->6M(15M) 0.361ms
[84.698s][info][gc] GC(2531) Pause Young (Allocation Failure) 10M->6M(15M) 0.364ms
[84.703s][info][gc] GC(2532) Pause Young (Allocation Failure) 10M->6M(15M) 0.414ms
[84.709s][info][gc] GC(2533) Pause Young (Allocation Failure) 10M->6M(15M) 0.350ms
[84.717s][info][gc] GC(2534) Pause Young (Allocation Failure) 10M->6M(15M) 0.321ms
[84.722s][info][gc] GC(2535) Pause Young (Allocation Failure) 10M->6M(15M) 0.348ms
[84.729s][info][gc] GC(2536) Pause Young (Allocation Failure) 10M->6M(15M) 0.348ms
[84.734s][info][gc] GC(2537) Pause Young (Allocation Failure) 10M->6M(15M) 0.256ms
[84.741s][info][gc] GC(2538) Pause Young (Allocation Failure) 10M->6M(15M) 0.356ms
[84.748s][info][gc] GC(2539) Pause Young (Allocation Failure) 10M->6M(15M) 0.344ms
[84.754s][info][gc] GC(2540) Pause Young (Allocation Failure) 10M->6M(15M) 0.372ms
[84.760s][info][gc] GC(2541) Pause Young (Allocation Failure) 10M->6M(15M) 0.383ms
[84.765s][info][gc] GC(2542) Pause Young (Allocation Failure) 10M->6M(15M) 0.360ms
[84.770s][info][gc] GC(2543) Pause Young (Allocation Failure) 10M->6M(15M) 0.339ms
[84.777s][info][gc] GC(2544) Pause Young (Allocation Failure) 10M->6M(15M) 0.353ms
[84.783s][info][gc] GC(2545) Pause Young (Allocation Failure) 10M->6M(15M) 0.387ms
[84.789s][info][gc] GC(2546) Pause Young (Allocation Failure) 10M->6M(15M) 0.268ms
[84.794s][info][gc] GC(2547) Pause Young (Allocation Failure) 10M->6M(15M) 0.335ms
[84.806s][info][gc] GC(2548) Pause Young (Allocation Failure) 10M->6M(15M) 0.345ms
[84.814s][info][gc] GC(2549) Pause Young (Allocation Failure) 10M->6M(15M) 0.394ms
[84.819s][info][gc] GC(2550) Pause Young (Allocation Failure) 10M->6M(15M) 0.509ms
[84.826s][info][gc] GC(2551) Pause Young (Allocation Failure) 10M->6M(15M) 0.332ms
[84.832s][info][gc] GC(2552) Pause Young (Allocation Failure) 10M->6M(15M) 0.405ms
[84.838s][info][gc] GC(2553) Pause Young (Allocation Failure) 10M->6M(15M) 0.350ms
[84.845s][info][gc] GC(2554) Pause Young (Allocation Failure) 10M->6M(15M) 0.260ms
[84.851s][info][gc] GC(2555) Pause Young (Allocation Failure) 10M->6M(15M) 0.382ms
[84.857s][info][gc] GC(2556) Pause Young (Allocation Failure) 10M->6M(15M) 0.356ms
[84.862s][info][gc] GC(2557) Pause Young (Allocation Failure) 10M->6M(15M) 0.259ms
[84.869s][info][gc] GC(2558) Pause Young (Allocation Failure) 10M->6M(15M) 0.347ms
[84.879s][info][gc] GC(2559) Pause Young (Allocation Failure) 10M->6M(15M) 0.455ms
[84.889s][info][gc] GC(2560) Pause Young (Allocation Failure) 10M->6M(15M) 0.361ms
[84.897s][info][gc] GC(2561) Pause Young (Allocation Failure) 10M->6M(15M) 0.340ms
[84.903s][info][gc] GC(2562) Pause Young (Allocation Failure) 10M->6M(15M) 0.291ms
[84.909s][info][gc] GC(2563) Pause Young (Allocation Failure) 10M->6M(15M) 0.360ms
[84.916s][info][gc] GC(2564) Pause Young (Allocation Failure) 10M->6M(15M) 0.393ms
[84.921s][info][gc] GC(2565) Pause Young (Allocation Failure) 10M->6M(15M) 0.305ms
[84.926s][info][gc] GC(2566) Pause Young (Allocation Failure) 10M->6M(15M) 0.346ms
[84.932s][info][gc] GC(2567) Pause Young (Allocation Failure) 10M->6M(15M) 0.335ms
[84.937s][info][gc] GC(2568) Pause Young (Allocation Failure) 10M->6M(15M) 0.353ms
[84.942s][info][gc] GC(2569) Pause Young (Allocation Failure) 10M->6M(15M) 0.337ms
[84.947s][info][gc] GC(2570) Pause Young (Allocation Failure) 10M->6M(15M) 0.278ms
[84.951s][info][gc] GC(2571) Pause Young (Allocation Failure) 10M->6M(15M) 0.343ms
[84.956s][info][gc] GC(2572) Pause Young (Allocation Failure) 10M->6M(15M) 0.353ms
[84.960s][info][gc] GC(2573) Pause Young (Allocation Failure) 10M->6M(15M) 0.282ms
[84.964s][info][gc] GC(2574) Pause Young (Allocation Failure) 10M->6M(15M) 0.345ms
[84.968s][info][gc] GC(2575) Pause Young (Allocation Failure) 10M->6M(15M) 0.339ms
[84.973s][info][gc] GC(2576) Pause Young (Allocation Failure) 10M->6M(15M) 0.261ms
[84.977s][info][gc] GC(2577) Pause Young (Allocation Failure) 10M->6M(15M) 0.352ms
[84.982s][info][gc] GC(2578) Pause Young (Allocation Failure) 10M->6M(15M) 0.297ms
[84.987s][info][gc] GC(2579) Pause Young (Allocation Failure) 10M->6M(15M) 0.359ms
[84.992s][info][gc] GC(2580) Pause Young (Allocation Failure) 10M->6M(15M) 0.375ms
[84.997s][info][gc] GC(2581) Pause Young (Allocation Failure) 10M->6M(15M) 0.356ms
[85.001s][info][gc] GC(2582) Pause Young (Allocation Failure) 10M->6M(15M) 0.344ms
[85.005s][info][gc] GC(2583) Pause Young (Allocation Failure) 10M->6M(15M) 0.351ms
[85.010s][info][gc] GC(2584) Pause Young (Allocation Failure) 10M->6M(15M) 0.283ms
[85.015s][info][gc] GC(2585) Pause Young (Allocation Failure) 10M->6M(15M) 0.343ms
[85.022s][info][gc] GC(2586) Pause Young (Allocation Failure) 10M->6M(15M) 0.308ms
[85.027s][info][gc] GC(2587) Pause Young (Allocation Failure) 10M->6M(15M) 0.345ms
[85.033s][info][gc] GC(2588) Pause Young (Allocation Failure) 10M->6M(15M) 0.332ms
[85.038s][info][gc] GC(2589) Pause Young (Allocation Failure) 10M->6M(15M) 0.298ms
[85.044s][info][gc] GC(2590) Pause Young (Allocation Failure) 10M->6M(15M) 0.399ms
[85.052s][info][gc] GC(2591) Pause Young (Allocation Failure) 10M->6M(15M) 0.746ms
[85.061s][info][gc] GC(2592) Pause Young (Allocation Failure) 10M->6M(15M) 0.310ms
[85.069s][info][gc] GC(2593) Pause Young (Allocation Failure) 10M->6M(15M) 0.358ms
[85.074s][info][gc] GC(2594) Pause Young (Allocation Failure) 10M->6M(15M) 0.346ms
[85.081s][info][gc] GC(2595) Pause Young (Allocation Failure) 10M->6M(15M) 0.289ms
[85.086s][info][gc] GC(2596) Pause Young (Allocation Failure) 10M->6M(15M) 0.345ms
[85.103s][info][gc] GC(2597) Pause Young (Allocation Failure) 10M->6M(15M) 0.366ms
[85.118s][info][gc] GC(2598) Pause Young (Allocation Failure) 10M->6M(15M) 0.367ms
[85.130s][info][gc] GC(2599) Pause Young (Allocation Failure) 10M->6M(15M) 0.497ms
[85.137s][info][gc] GC(2600) Pause Young (Allocation Failure) 10M->6M(15M) 0.374ms
[85.142s][info][gc] GC(2601) Pause Young (Allocation Failure) 10M->6M(15M) 0.335ms
[85.149s][info][gc] GC(2602) Pause Young (Allocation Failure) 10M->6M(15M) 0.321ms
[85.154s][info][gc] GC(2603) Pause Young (Allocation Failure) 10M->6M(15M) 0.351ms
[85.161s][info][gc] GC(2604) Pause Young (Allocation Failure) 10M->6M(15M) 0.354ms
[85.167s][info][gc] GC(2605) Pause Young (Allocation Failure) 10M->6M(15M) 0.285ms
[85.171s][info][gc] GC(2606) Pause Young (Allocation Failure) 10M->6M(15M) 0.621ms
[85.177s][info][gc] GC(2607) Pause Young (Allocation Failure) 10M->6M(15M) 0.342ms
[85.183s][info][gc] GC(2608) Pause Young (Allocation Failure) 10M->6M(15M) 0.448ms
[85.189s][info][gc] GC(2609) Pause Young (Allocation Failure) 10M->6M(15M) 0.353ms
[85.197s][info][gc] GC(2610) Pause Young (Allocation Failure) 10M->6M(15M) 0.521ms
[85.202s][info][gc] GC(2611) Pause Young (Allocation Failure) 10M->6M(15M) 0.317ms
[85.208s][info][gc] GC(2612) Pause Young (Allocation Failure) 10M->6M(15M) 0.554ms
[85.214s][info][gc] GC(2613) Pause Young (Allocation Failure) 10M->6M(15M) 0.345ms
[85.220s][info][gc] GC(2614) Pause Young (Allocation Failure) 10M->6M(15M) 0.311ms
[85.225s][info][gc] GC(2615) Pause Young (Allocation Failure) 10M->6M(15M) 0.345ms
[85.230s][info][gc] GC(2616) Pause Young (Allocation Failure) 10M->6M(15M) 0.338ms
[85.236s][info][gc] GC(2617) Pause Young (Allocation Failure) 10M->6M(15M) 0.283ms
[85.242s][info][gc] GC(2618) Pause Young (Allocation Failure) 10M->6M(15M) 0.347ms
[85.247s][info][gc] GC(2619) Pause Young (Allocation Failure) 10M->6M(15M) 0.533ms
[85.253s][info][gc] GC(2620) Pause Young (Allocation Failure) 10M->6M(15M) 0.345ms
[85.258s][info][gc] GC(2621) Pause Young (Allocation Failure) 10M->6M(15M) 0.339ms
[85.266s][info][gc] GC(2622) Pause Young (Allocation Failure) 10M->6M(15M) 0.348ms
[85.273s][info][gc] GC(2623) Pause Young (Allocation Failure) 10M->6M(15M) 0.377ms
[85.278s][info][gc] GC(2624) Pause Young (Allocation Failure) 10M->6M(15M) 0.281ms
[85.285s][info][gc] GC(2625) Pause Young (Allocation Failure) 10M->6M(15M) 0.377ms
[85.289s][info][gc] GC(2626) Pause Young (Allocation Failure) 10M->6M(15M) 0.338ms
[85.295s][info][gc] GC(2627) Pause Young (Allocation Failure) 10M->6M(15M) 0.306ms
[85.302s][info][gc] GC(2628) Pause Young (Allocation Failure) 10M->6M(15M) 0.349ms
[85.307s][info][gc] GC(2629) Pause Young (Allocation Failure) 10M->6M(15M) 0.607ms
[85.312s][info][gc] GC(2630) Pause Young (Allocation Failure) 10M->6M(15M) 0.350ms
[85.318s][info][gc] GC(2631) Pause Young (Allocation Failure) 11M->6M(15M) 0.348ms
[85.323s][info][gc] GC(2632) Pause Young (Allocation Failure) 10M->6M(15M) 0.323ms
[85.328s][info][gc] GC(2633) Pause Young (Allocation Failure) 10M->6M(15M) 0.353ms
[85.333s][info][gc] GC(2634) Pause Young (Allocation Failure) 11M->6M(15M) 0.348ms
[85.337s][info][gc] GC(2635) Pause Young (Allocation Failure) 11M->6M(15M) 0.332ms
[85.342s][info][gc] GC(2636) Pause Young (Allocation Failure) 11M->6M(15M) 0.365ms
[85.347s][info][gc] GC(2637) Pause Young (Allocation Failure) 11M->6M(15M) 0.363ms
[85.351s][info][gc] GC(2638) Pause Young (Allocation Failure) 10M->6M(15M) 0.275ms
[85.357s][info][gc] GC(2639) Pause Young (Allocation Failure) 10M->6M(15M) 0.359ms
[85.361s][info][gc] GC(2640) Pause Young (Allocation Failure) 11M->6M(15M) 0.348ms
[85.365s][info][gc] GC(2641) Pause Young (Allocation Failure) 11M->6M(15M) 0.305ms
[85.369s][info][gc] GC(2642) Pause Young (Allocation Failure) 10M->6M(15M) 0.349ms
[85.374s][info][gc] GC(2643) Pause Young (Allocation Failure) 11M->6M(15M) 0.348ms
[85.378s][info][gc] GC(2644) Pause Young (Allocation Failure) 11M->6M(15M) 0.270ms
[85.382s][info][gc] GC(2645) Pause Young (Allocation Failure) 10M->6M(15M) 0.372ms
[85.386s][info][gc] GC(2646) Pause Young (Allocation Failure) 11M->6M(15M) 0.340ms
[85.390s][info][gc] GC(2647) Pause Young (Allocation Failure) 11M->6M(15M) 0.342ms
[85.395s][info][gc] GC(2648) Pause Young (Allocation Failure) 11M->6M(15M) 0.346ms
[85.399s][info][gc] GC(2649) Pause Young (Allocation Failure) 11M->6M(15M) 0.313ms
[85.403s][info][gc] GC(2650) Pause Young (Allocation Failure) 11M->6M(15M) 0.339ms
[85.408s][info][gc] GC(2651) Pause Young (Allocation Failure) 11M->6M(15M) 0.337ms
[85.412s][info][gc] GC(2652) Pause Young (Allocation Failure) 11M->6M(15M) 0.307ms
[85.416s][info][gc] GC(2653) Pause Young (Allocation Failure) 10M->6M(15M) 0.359ms
[85.421s][info][gc] GC(2654) Pause Young (Allocation Failure) 11M->6M(15M) 0.546ms
[85.426s][info][gc] GC(2655) Pause Young (Allocation Failure) 11M->6M(15M) 0.281ms
[85.430s][info][gc] GC(2656) Pause Young (Allocation Failure) 10M->6M(15M) 0.343ms
[85.435s][info][gc] GC(2657) Pause Young (Allocation Failure) 11M->6M(15M) 0.338ms
[85.442s][info][gc] GC(2658) Pause Young (Allocation Failure) 11M->6M(15M) 0.321ms
[85.450s][info][gc] GC(2659) Pause Young (Allocation Failure) 11M->6M(15M) 0.334ms
[85.454s][info][gc] GC(2660) Pause Young (Allocation Failure) 11M->6M(15M) 0.334ms
[85.461s][info][gc] GC(2661) Pause Young (Allocation Failure) 11M->6M(15M) 0.398ms
[85.470s][info][gc] GC(2662) Pause Young (Allocation Failure) 11M->6M(15M) 0.344ms
[85.474s][info][gc] GC(2663) Pause Young (Allocation Failure) 11M->6M(15M) 0.323ms
[85.479s][info][gc] GC(2664) Pause Young (Allocation Failure) 11M->6M(15M) 0.359ms
[85.485s][info][gc] GC(2665) Pause Young (Allocation Failure) 11M->6M(15M) 0.354ms
[85.491s][info][gc] GC(2666) Pause Young (Allocation Failure) 11M->6M(15M) 0.335ms
[85.500s][info][gc] GC(2667) Pause Young (Allocation Failure) 11M->6M(15M) 0.356ms
[85.507s][info][gc] GC(2668) Pause Young (Allocation Failure) 11M->6M(15M) 0.363ms
[85.535s][info][gc] GC(2669) Pause Young (Allocation Failure) 11M->6M(15M) 0.370ms
[85.567s][info][gc] GC(2670) Pause Young (Allocation Failure) 11M->6M(15M) 0.345ms
[85.587s][info][gc] GC(2671) Pause Young (Allocation Failure) 11M->6M(15M) 0.281ms
[85.594s][info][gc] GC(2672) Pause Young (Allocation Failure) 11M->6M(15M) 0.370ms
[85.604s][info][gc] GC(2673) Pause Young (Allocation Failure) 11M->6M(15M) 0.348ms
[85.610s][info][gc] GC(2674) Pause Young (Allocation Failure) 11M->6M(15M) 0.353ms
[85.619s][info][gc] GC(2675) Pause Young (Allocation Failure) 11M->6M(15M) 0.357ms
[85.625s][info][gc] GC(2676) Pause Young (Allocation Failure) 11M->6M(15M) 1.846ms
[85.632s][info][gc] GC(2677) Pause Young (Allocation Failure) 11M->6M(15M) 0.359ms
[85.637s][info][gc] GC(2678) Pause Young (Allocation Failure) 11M->6M(15M) 0.334ms
[85.641s][info][gc] GC(2679) Pause Young (Allocation Failure) 11M->6M(15M) 0.349ms
[85.645s][info][gc] GC(2680) Pause Young (Allocation Failure) 11M->6M(15M) 0.340ms
[85.650s][info][gc] GC(2681) Pause Young (Allocation Failure) 11M->6M(15M) 0.353ms
[85.655s][info][gc] GC(2682) Pause Young (Allocation Failure) 11M->6M(15M) 0.276ms
[85.659s][info][gc] GC(2683) Pause Young (Allocation Failure) 11M->6M(15M) 0.340ms
[85.663s][info][gc] GC(2684) Pause Young (Allocation Failure) 11M->6M(15M) 0.347ms
[85.667s][info][gc] GC(2685) Pause Young (Allocation Failure) 11M->6M(15M) 0.289ms
[85.672s][info][gc] GC(2686) Pause Young (Allocation Failure) 11M->6M(15M) 0.347ms
[85.676s][info][gc] GC(2687) Pause Young (Allocation Failure) 11M->6M(15M) 0.361ms
[85.681s][info][gc] GC(2688) Pause Young (Allocation Failure) 11M->6M(15M) 0.304ms
[85.689s][info][gc] GC(2689) Pause Young (Allocation Failure) 11M->6M(15M) 0.362ms
[85.697s][info][gc] GC(2690) Pause Young (Allocation Failure) 11M->6M(15M) 0.347ms
[85.713s][info][gc] GC(2691) Pause Young (Allocation Failure) 11M->6M(15M) 0.370ms
[85.766s][info][gc] GC(2692) Pause Young (Allocation Failure) 11M->6M(15M) 0.341ms
[85.988s][info][gc] GC(2693) Pause Young (Allocation Failure) 11M->6M(15M) 0.354ms
[85.995s][info][gc] GC(2694) Pause Young (Allocation Failure) 11M->6M(15M) 0.289ms
[86.006s][info][gc] GC(2695) Pause Young (Allocation Failure) 11M->6M(15M) 0.338ms
[86.013s][info][gc] GC(2696) Pause Young (Allocation Failure) 11M->6M(15M) 0.617ms
[86.021s][info][gc] GC(2697) Pause Young (Allocation Failure) 11M->6M(15M) 0.352ms
[86.029s][info][gc] GC(2698) Pause Young (Allocation Failure) 11M->6M(15M) 0.364ms
[86.094s][info][gc] GC(2699) Pause Young (Allocation Failure) 11M->6M(15M) 0.352ms
[86.101s][info][gc] GC(2700) Pause Young (Allocation Failure) 11M->6M(15M) 0.270ms
[86.106s][info][gc] GC(2701) Pause Young (Allocation Failure) 11M->6M(15M) 0.359ms
[86.121s][info][gc] GC(2702) Pause Young (Allocation Failure) 11M->6M(15M) 0.293ms
[86.129s][info][gc] GC(2703) Pause Young (Allocation Failure) 11M->6M(15M) 0.342ms
[86.146s][info][gc] GC(2704) Pause Young (Allocation Failure) 11M->6M(15M) 0.377ms
[86.258s][info][gc] GC(2705) Pause Young (Allocation Failure) 11M->6M(15M) 0.341ms
[86.264s][info][gc] GC(2706) Pause Young (Allocation Failure) 11M->6M(15M) 1.705ms
[86.353s][info][gc] GC(2707) Pause Young (Allocation Failure) 11M->6M(15M) 0.361ms
[86.367s][info][gc] GC(2708) Pause Young (Allocation Failure) 11M->6M(15M) 0.284ms
[86.380s][info][gc] GC(2709) Pause Young (Allocation Failure) 11M->6M(15M) 0.695ms
[86.391s][info][gc] GC(2710) Pause Young (Allocation Failure) 11M->6M(15M) 0.360ms
[86.397s][info][gc] GC(2711) Pause Young (Allocation Failure) 11M->6M(15M) 0.716ms
[86.402s][info][gc] GC(2712) Pause Young (Allocation Failure) 11M->6M(15M) 0.352ms
[86.407s][info][gc] GC(2713) Pause Young (Allocation Failure) 11M->6M(15M) 0.342ms
[86.411s][info][gc] GC(2714) Pause Young (Allocation Failure) 11M->6M(15M) 0.253ms
[86.418s][info][gc] GC(2715) Pause Young (Allocation Failure) 11M->6M(15M) 0.343ms
[86.426s][info][gc] GC(2716) Pause Young (Allocation Failure) 11M->6M(15M) 0.355ms
[86.438s][info][gc] GC(2717) Pause Young (Allocation Failure) 11M->6M(15M) 0.367ms
[86.456s][info][gc] GC(2718) Pause Young (Allocation Failure) 11M->6M(15M) 0.336ms
[86.466s][info][gc] GC(2719) Pause Young (Allocation Failure) 11M->6M(15M) 0.343ms
[86.475s][info][gc] GC(2720) Pause Young (Allocation Failure) 11M->6M(15M) 0.646ms
[86.489s][info][gc] GC(2721) Pause Young (Allocation Failure) 11M->6M(15M) 0.353ms
[86.502s][info][gc] GC(2722) Pause Young (Allocation Failure) 11M->6M(15M) 0.304ms
[86.538s][info][gc] GC(2723) Pause Young (Allocation Failure) 11M->6M(15M) 0.359ms
[86.801s][info][gc] GC(2724) Pause Young (Allocation Failure) 11M->6M(15M) 0.371ms
[86.811s][info][gc] GC(2725) Pause Young (Allocation Failure) 11M->6M(15M) 0.338ms
[87.204s][info][gc] GC(2726) Pause Young (Allocation Failure) 11M->6M(15M) 0.814ms
[87.219s][info][gc] GC(2727) Pause Young (Allocation Failure) 11M->6M(15M) 1.030ms
[87.282s][info][gc] GC(2728) Pause Young (Allocation Failure) 11M->6M(15M) 0.403ms
[87.310s][info][gc] GC(2729) Pause Young (Allocation Failure) 11M->6M(15M) 0.392ms
[87.323s][info][gc] GC(2730) Pause Young (Allocation Failure) 11M->6M(15M) 0.495ms
[87.338s][info][gc] GC(2731) Pause Young (Allocation Failure) 11M->6M(15M) 0.577ms
[87.350s][info][gc] GC(2732) Pause Young (Allocation Failure) 11M->6M(15M) 0.378ms
[87.362s][info][gc] GC(2733) Pause Young (Allocation Failure) 11M->6M(15M) 0.323ms
[87.404s][info][gc] GC(2734) Pause Young (Allocation Failure) 11M->6M(15M) 0.413ms
[87.416s][info][gc] GC(2735) Pause Young (Allocation Failure) 11M->6M(15M) 0.380ms
[87.429s][info][gc] GC(2736) Pause Young (Allocation Failure) 11M->6M(15M) 0.295ms
[87.440s][info][gc] GC(2737) Pause Young (Allocation Failure) 11M->6M(15M) 1.023ms
[87.450s][info][gc] GC(2738) Pause Young (Allocation Failure) 11M->6M(15M) 0.398ms
[87.457s][info][gc] GC(2739) Pause Young (Allocation Failure) 11M->6M(15M) 0.487ms
[87.462s][info][gc] GC(2740) Pause Young (Allocation Failure) 11M->6M(15M) 0.360ms
[87.485s][info][gc] GC(2741) Pause Young (Allocation Failure) 11M->6M(15M) 0.365ms
[87.492s][info][gc] GC(2742) Pause Young (Allocation Failure) 11M->6M(15M) 0.672ms
[87.505s][info][gc] GC(2743) Pause Young (Allocation Failure) 11M->6M(15M) 0.410ms
[87.519s][info][gc] GC(2744) Pause Young (Allocation Failure) 11M->6M(15M) 0.341ms
[87.526s][info][gc] GC(2745) Pause Young (Allocation Failure) 11M->6M(15M) 0.349ms
[87.533s][info][gc] GC(2746) Pause Young (Allocation Failure) 11M->6M(15M) 0.276ms
[87.540s][info][gc] GC(2747) Pause Young (Allocation Failure) 11M->6M(15M) 0.348ms
[87.550s][info][gc] GC(2748) Pause Young (Allocation Failure) 11M->6M(15M) 0.320ms
[87.558s][info][gc] GC(2749) Pause Young (Allocation Failure) 11M->6M(15M) 0.361ms
[87.566s][info][gc] GC(2750) Pause Young (Allocation Failure) 11M->6M(15M) 0.347ms
[87.578s][info][gc] GC(2751) Pause Young (Allocation Failure) 11M->6M(15M) 0.286ms
[87.594s][info][gc] GC(2752) Pause Young (Allocation Failure) 11M->6M(15M) 0.337ms
[87.607s][info][gc] GC(2753) Pause Young (Allocation Failure) 11M->6M(15M) 0.520ms
[87.614s][info][gc] GC(2754) Pause Young (Allocation Failure) 11M->6M(15M) 0.296ms
[87.621s][info][gc] GC(2755) Pause Young (Allocation Failure) 11M->6M(15M) 0.397ms
[87.643s][info][gc] GC(2756) Pause Young (Allocation Failure) 11M->6M(15M) 0.337ms
[87.654s][info][gc] GC(2757) Pause Young (Allocation Failure) 11M->6M(15M) 0.292ms
[87.662s][info][gc] GC(2758) Pause Young (Allocation Failure) 11M->6M(15M) 0.353ms
[87.672s][info][gc] GC(2759) Pause Young (Allocation Failure) 11M->6M(15M) 0.435ms
[87.679s][info][gc] GC(2760) Pause Young (Allocation Failure) 11M->6M(15M) 0.348ms
[87.689s][info][gc] GC(2761) Pause Young (Allocation Failure) 11M->6M(15M) 0.358ms
[87.693s][info][gc] GC(2762) Pause Young (Allocation Failure) 11M->6M(15M) 0.345ms
[87.709s][info][gc] GC(2763) Pause Young (Allocation Failure) 11M->6M(15M) 0.346ms
[87.717s][info][gc] GC(2764) Pause Young (Allocation Failure) 11M->6M(15M) 0.367ms
[87.722s][info][gc] GC(2765) Pause Young (Allocation Failure) 11M->6M(15M) 0.346ms
[87.730s][info][gc] GC(2766) Pause Young (Allocation Failure) 11M->6M(15M) 0.380ms
[87.738s][info][gc] GC(2767) Pause Young (Allocation Failure) 11M->6M(15M) 0.280ms
[87.748s][info][gc] GC(2768) Pause Young (Allocation Failure) 11M->6M(15M) 0.405ms
[87.757s][info][gc] GC(2769) Pause Young (Allocation Failure) 11M->6M(15M) 0.395ms
[87.767s][info][gc] GC(2770) Pause Young (Allocation Failure) 11M->6M(15M) 0.287ms
[87.773s][info][gc] GC(2771) Pause Young (Allocation Failure) 11M->6M(15M) 0.356ms
[87.778s][info][gc] GC(2772) Pause Young (Allocation Failure) 11M->6M(15M) 0.339ms
[87.783s][info][gc] GC(2773) Pause Young (Allocation Failure) 11M->6M(15M) 0.297ms
[87.787s][info][gc] GC(2774) Pause Young (Allocation Failure) 11M->6M(15M) 0.353ms
[87.791s][info][gc] GC(2775) Pause Young (Allocation Failure) 11M->6M(15M) 0.333ms
[87.796s][info][gc] GC(2776) Pause Young (Allocation Failure) 11M->6M(15M) 0.304ms
[87.800s][info][gc] GC(2777) Pause Young (Allocation Failure) 11M->6M(15M) 0.358ms
[87.806s][info][gc] GC(2778) Pause Young (Allocation Failure) 11M->6M(15M) 0.347ms
[87.812s][info][gc] GC(2779) Pause Young (Allocation Failure) 11M->6M(15M) 0.344ms
[87.817s][info][gc] GC(2780) Pause Young (Allocation Failure) 11M->6M(15M) 0.334ms
[87.823s][info][gc] GC(2781) Pause Young (Allocation Failure) 11M->6M(15M) 0.296ms
[87.828s][info][gc] GC(2782) Pause Young (Allocation Failure) 11M->6M(15M) 0.369ms
[87.835s][info][gc] GC(2783) Pause Young (Allocation Failure) 11M->6M(15M) 0.315ms
[87.839s][info][gc] GC(2784) Pause Young (Allocation Failure) 11M->6M(15M) 0.444ms
[87.844s][info][gc] GC(2785) Pause Young (Allocation Failure) 11M->6M(15M) 0.367ms
[87.852s][info][gc] GC(2786) Pause Young (Allocation Failure) 11M->6M(15M) 0.347ms
[87.859s][info][gc] GC(2787) Pause Young (Allocation Failure) 11M->6M(15M) 0.381ms
[87.866s][info][gc] GC(2788) Pause Young (Allocation Failure) 11M->6M(15M) 0.319ms
[87.873s][info][gc] GC(2789) Pause Young (Allocation Failure) 11M->6M(15M) 0.462ms
[87.878s][info][gc] GC(2790) Pause Young (Allocation Failure) 11M->6M(15M) 0.345ms
[87.886s][info][gc] GC(2791) Pause Young (Allocation Failure) 11M->6M(15M) 0.311ms
[87.894s][info][gc] GC(2792) Pause Young (Allocation Failure) 11M->6M(15M) 0.368ms
[87.901s][info][gc] GC(2793) Pause Young (Allocation Failure) 11M->6M(15M) 0.372ms
[87.912s][info][gc] GC(2794) Pause Young (Allocation Failure) 11M->6M(15M) 0.332ms
[87.919s][info][gc] GC(2795) Pause Young (Allocation Failure) 11M->6M(15M) 0.347ms
[87.925s][info][gc] GC(2796) Pause Young (Allocation Failure) 11M->6M(15M) 0.356ms
[87.932s][info][gc] GC(2797) Pause Young (Allocation Failure) 11M->6M(15M) 0.662ms
[87.938s][info][gc] GC(2798) Pause Young (Allocation Failure) 11M->6M(15M) 0.333ms
[87.945s][info][gc] GC(2799) Pause Young (Allocation Failure) 11M->6M(15M) 0.320ms
[87.953s][info][gc] GC(2800) Pause Young (Allocation Failure) 11M->6M(15M) 0.272ms
[87.959s][info][gc] GC(2801) Pause Young (Allocation Failure) 11M->6M(15M) 0.426ms
[87.966s][info][gc] GC(2802) Pause Young (Allocation Failure) 11M->6M(15M) 0.327ms
[87.973s][info][gc] GC(2803) Pause Young (Allocation Failure) 11M->6M(15M) 0.352ms
[87.982s][info][gc] GC(2804) Pause Young (Allocation Failure) 11M->6M(15M) 0.345ms
[87.993s][info][gc] GC(2805) Pause Young (Allocation Failure) 11M->6M(15M) 0.277ms
[87.998s][info][gc] GC(2806) Pause Young (Allocation Failure) 11M->6M(15M) 0.351ms
[88.002s][info][gc] GC(2807) Pause Young (Allocation Failure) 11M->6M(15M) 0.348ms
[88.006s][info][gc] GC(2808) Pause Young (Allocation Failure) 11M->6M(15M) 0.302ms
[88.011s][info][gc] GC(2809) Pause Young (Allocation Failure) 11M->6M(15M) 0.330ms
[88.016s][info][gc] GC(2810) Pause Young (Allocation Failure) 11M->6M(15M) 0.338ms
[88.021s][info][gc] GC(2811) Pause Young (Allocation Failure) 11M->6M(15M) 0.317ms
[88.026s][info][gc] GC(2812) Pause Young (Allocation Failure) 11M->6M(15M) 0.343ms
[88.031s][info][gc] GC(2813) Pause Young (Allocation Failure) 11M->6M(15M) 0.358ms
[88.037s][info][gc] GC(2814) Pause Young (Allocation Failure) 11M->6M(15M) 0.282ms
[88.042s][info][gc] GC(2815) Pause Young (Allocation Failure) 11M->6M(15M) 0.360ms
[88.048s][info][gc] GC(2816) Pause Young (Allocation Failure) 11M->6M(15M) 0.348ms
[88.052s][info][gc] GC(2817) Pause Young (Allocation Failure) 11M->6M(15M) 0.339ms
[88.056s][info][gc] GC(2818) Pause Young (Allocation Failure) 11M->6M(15M) 0.347ms
[88.061s][info][gc] GC(2819) Pause Young (Allocation Failure) 11M->6M(15M) 0.388ms
[88.067s][info][gc] GC(2820) Pause Young (Allocation Failure) 11M->6M(15M) 0.272ms
[88.072s][info][gc] GC(2821) Pause Young (Allocation Failure) 11M->6M(15M) 0.352ms
[88.076s][info][gc] GC(2822) Pause Young (Allocation Failure) 11M->6M(15M) 0.269ms
[88.082s][info][gc] GC(2823) Pause Young (Allocation Failure) 11M->6M(15M) 0.342ms
[88.089s][info][gc] GC(2824) Pause Young (Allocation Failure) 11M->6M(15M) 0.323ms
[88.094s][info][gc] GC(2825) Pause Young (Allocation Failure) 11M->6M(15M) 0.354ms
[88.099s][info][gc] GC(2826) Pause Young (Allocation Failure) 11M->6M(15M) 0.354ms
[88.103s][info][gc] GC(2827) Pause Young (Allocation Failure) 11M->6M(15M) 0.351ms
[88.108s][info][gc] GC(2828) Pause Young (Allocation Failure) 11M->6M(15M) 0.354ms
[88.113s][info][gc] GC(2829) Pause Young (Allocation Failure) 11M->6M(15M) 0.413ms
[88.117s][info][gc] GC(2830) Pause Young (Allocation Failure) 11M->6M(15M) 0.342ms
[88.121s][info][gc] GC(2831) Pause Young (Allocation Failure) 11M->6M(15M) 0.309ms
[88.127s][info][gc] GC(2832) Pause Young (Allocation Failure) 11M->6M(15M) 0.349ms
[88.131s][info][gc] GC(2833) Pause Young (Allocation Failure) 11M->6M(15M) 0.345ms
[88.136s][info][gc] GC(2834) Pause Young (Allocation Failure) 11M->6M(15M) 0.295ms
[88.140s][info][gc] GC(2835) Pause Young (Allocation Failure) 11M->6M(15M) 0.380ms
[88.144s][info][gc] GC(2836) Pause Young (Allocation Failure) 11M->6M(15M) 0.337ms
[88.150s][info][gc] GC(2837) Pause Young (Allocation Failure) 11M->6M(15M) 0.276ms
[88.154s][info][gc] GC(2838) Pause Young (Allocation Failure) 11M->6M(15M) 0.328ms
[88.160s][info][gc] GC(2839) Pause Young (Allocation Failure) 11M->6M(15M) 0.356ms
[88.166s][info][gc] GC(2840) Pause Young (Allocation Failure) 11M->6M(15M) 0.355ms
[88.172s][info][gc] GC(2841) Pause Young (Allocation Failure) 11M->6M(15M) 0.346ms
[88.178s][info][gc] GC(2842) Pause Young (Allocation Failure) 11M->6M(15M) 0.309ms
[88.182s][info][gc] GC(2843) Pause Young (Allocation Failure) 11M->6M(15M) 0.352ms
[88.187s][info][gc] GC(2844) Pause Young (Allocation Failure) 11M->6M(15M) 0.354ms
[88.191s][info][gc] GC(2845) Pause Young (Allocation Failure) 11M->6M(15M) 0.307ms
[88.197s][info][gc] GC(2846) Pause Young (Allocation Failure) 11M->6M(15M) 0.350ms
[88.203s][info][gc] GC(2847) Pause Young (Allocation Failure) 11M->6M(15M) 0.331ms
[88.208s][info][gc] GC(2848) Pause Young (Allocation Failure) 11M->6M(15M) 0.299ms
[88.214s][info][gc] GC(2849) Pause Young (Allocation Failure) 11M->6M(15M) 0.353ms
[88.218s][info][gc] GC(2850) Pause Young (Allocation Failure) 11M->6M(15M) 0.411ms
[88.223s][info][gc] GC(2851) Pause Young (Allocation Failure) 11M->6M(15M) 0.301ms
[88.228s][info][gc] GC(2852) Pause Young (Allocation Failure) 11M->6M(15M) 0.372ms
[88.233s][info][gc] GC(2853) Pause Young (Allocation Failure) 11M->6M(15M) 0.284ms
[88.237s][info][gc] GC(2854) Pause Young (Allocation Failure) 11M->6M(15M) 0.354ms
[88.242s][info][gc] GC(2855) Pause Young (Allocation Failure) 11M->6M(15M) 0.349ms
[88.246s][info][gc] GC(2856) Pause Young (Allocation Failure) 11M->6M(15M) 0.426ms
[88.252s][info][gc] GC(2857) Pause Young (Allocation Failure) 11M->6M(15M) 0.356ms
[88.256s][info][gc] GC(2858) Pause Young (Allocation Failure) 11M->7M(15M) 0.352ms
[88.262s][info][gc] GC(2859) Pause Young (Allocation Failure) 11M->6M(15M) 0.381ms
[88.267s][info][gc] GC(2860) Pause Young (Allocation Failure) 11M->6M(15M) 0.318ms
[88.271s][info][gc] GC(2861) Pause Young (Allocation Failure) 11M->6M(15M) 0.264ms
[88.275s][info][gc] GC(2862) Pause Young (Allocation Failure) 11M->6M(15M) 0.337ms
[88.279s][info][gc] GC(2863) Pause Young (Allocation Failure) 11M->6M(15M) 0.299ms
[88.284s][info][gc] GC(2864) Pause Young (Allocation Failure) 11M->6M(15M) 0.348ms
[88.290s][info][gc] GC(2865) Pause Young (Allocation Failure) 11M->6M(15M) 0.311ms
[88.294s][info][gc] GC(2866) Pause Young (Allocation Failure) 11M->7M(15M) 0.348ms
[88.299s][info][gc] GC(2867) Pause Young (Allocation Failure) 11M->6M(15M) 0.352ms
[88.304s][info][gc] GC(2868) Pause Young (Allocation Failure) 11M->7M(15M) 0.341ms
[88.308s][info][gc] GC(2869) Pause Young (Allocation Failure) 11M->6M(15M) 0.353ms
[88.313s][info][gc] GC(2870) Pause Young (Allocation Failure) 11M->6M(15M) 0.371ms
[88.318s][info][gc] GC(2871) Pause Young (Allocation Failure) 11M->7M(15M) 0.348ms
[88.323s][info][gc] GC(2872) Pause Young (Allocation Failure) 11M->7M(15M) 0.348ms
[88.327s][info][gc] GC(2873) Pause Young (Allocation Failure) 11M->6M(15M) 0.312ms
[88.333s][info][gc] GC(2874) Pause Young (Allocation Failure) 11M->7M(15M) 0.351ms
[88.338s][info][gc] GC(2875) Pause Young (Allocation Failure) 11M->7M(15M) 0.334ms
[88.342s][info][gc] GC(2876) Pause Young (Allocation Failure) 11M->7M(15M) 0.352ms
[88.346s][info][gc] GC(2877) Pause Young (Allocation Failure) 11M->7M(15M) 0.700ms
[88.351s][info][gc] GC(2878) Pause Young (Allocation Failure) 11M->7M(15M) 0.338ms
[88.355s][info][gc] GC(2879) Pause Young (Allocation Failure) 11M->6M(15M) 0.265ms
[88.359s][info][gc] GC(2880) Pause Young (Allocation Failure) 11M->7M(15M) 0.332ms
[88.364s][info][gc] GC(2881) Pause Young (Allocation Failure) 11M->7M(15M) 0.363ms
[88.370s][info][gc] GC(2882) Pause Young (Allocation Failure) 11M->6M(15M) 0.263ms
[88.375s][info][gc] GC(2883) Pause Young (Allocation Failure) 11M->7M(15M) 0.345ms
[88.379s][info][gc] GC(2884) Pause Young (Allocation Failure) 11M->7M(15M) 0.328ms
[88.384s][info][gc] GC(2885) Pause Young (Allocation Failure) 11M->7M(15M) 0.350ms
[88.388s][info][gc] GC(2886) Pause Young (Allocation Failure) 11M->7M(15M) 0.337ms
[88.393s][info][gc] GC(2887) Pause Young (Allocation Failure) 11M->7M(15M) 0.355ms
[88.397s][info][gc] GC(2888) Pause Young (Allocation Failure) 11M->7M(15M) 0.351ms
[88.402s][info][gc] GC(2889) Pause Young (Allocation Failure) 11M->7M(15M) 0.345ms
[88.406s][info][gc] GC(2890) Pause Young (Allocation Failure) 11M->6M(15M) 0.282ms
[88.411s][info][gc] GC(2891) Pause Young (Allocation Failure) 11M->7M(15M) 0.338ms
[88.416s][info][gc] GC(2892) Pause Young (Allocation Failure) 11M->7M(15M) 0.339ms
[88.420s][info][gc] GC(2893) Pause Young (Allocation Failure) 11M->6M(15M) 0.273ms
[88.425s][info][gc] GC(2894) Pause Young (Allocation Failure) 11M->7M(15M) 0.355ms
[88.429s][info][gc] GC(2895) Pause Young (Allocation Failure) 11M->7M(15M) 0.336ms
[88.434s][info][gc] GC(2896) Pause Young (Allocation Failure) 11M->7M(15M) 0.346ms
[88.438s][info][gc] GC(2897) Pause Young (Allocation Failure) 11M->7M(15M) 0.346ms
[88.442s][info][gc] GC(2898) Pause Young (Allocation Failure) 11M->6M(15M) 0.277ms
[88.447s][info][gc] GC(2899) Pause Young (Allocation Failure) 11M->7M(15M) 0.345ms
[88.451s][info][gc] GC(2900) Pause Young (Allocation Failure) 11M->7M(15M) 0.321ms
[88.456s][info][gc] GC(2901) Pause Young (Allocation Failure) 11M->7M(15M) 0.369ms
[88.461s][info][gc] GC(2902) Pause Young (Allocation Failure) 11M->7M(15M) 0.340ms
[88.467s][info][gc] GC(2903) Pause Young (Allocation Failure) 11M->7M(15M) 0.316ms
[88.471s][info][gc] GC(2904) Pause Young (Allocation Failure) 11M->6M(15M) 0.302ms
[88.475s][info][gc] GC(2905) Pause Young (Allocation Failure) 11M->7M(15M) 0.352ms
[88.480s][info][gc] GC(2906) Pause Young (Allocation Failure) 11M->7M(15M) 0.349ms
[88.485s][info][gc] GC(2907) Pause Young (Allocation Failure) 11M->7M(15M) 0.280ms
[88.492s][info][gc] GC(2908) Pause Young (Allocation Failure) 11M->7M(15M) 0.347ms
[88.497s][info][gc] GC(2909) Pause Young (Allocation Failure) 11M->7M(15M) 0.419ms
[88.501s][info][gc] GC(2910) Pause Young (Allocation Failure) 11M->7M(15M) 0.258ms
[88.508s][info][gc] GC(2911) Pause Young (Allocation Failure) 11M->7M(15M) 0.338ms
[88.513s][info][gc] GC(2912) Pause Young (Allocation Failure) 11M->7M(15M) 0.469ms
[88.521s][info][gc] GC(2913) Pause Young (Allocation Failure) 11M->7M(15M) 0.273ms
[88.527s][info][gc] GC(2914) Pause Young (Allocation Failure) 11M->7M(15M) 0.341ms
[88.532s][info][gc] GC(2915) Pause Young (Allocation Failure) 11M->7M(15M) 0.361ms
[88.537s][info][gc] GC(2916) Pause Young (Allocation Failure) 11M->7M(15M) 0.359ms
[88.541s][info][gc] GC(2917) Pause Young (Allocation Failure) 11M->7M(15M) 0.357ms
[88.546s][info][gc] GC(2918) Pause Young (Allocation Failure) 11M->7M(15M) 0.454ms
[88.551s][info][gc] GC(2919) Pause Young (Allocation Failure) 11M->7M(15M) 0.340ms
[88.555s][info][gc] GC(2920) Pause Young (Allocation Failure) 11M->7M(15M) 0.340ms
[88.559s][info][gc] GC(2921) Pause Young (Allocation Failure) 11M->7M(15M) 0.335ms
[88.564s][info][gc] GC(2922) Pause Young (Allocation Failure) 11M->7M(15M) 0.305ms
[88.569s][info][gc] GC(2923) Pause Young (Allocation Failure) 11M->7M(15M) 0.353ms
[88.573s][info][gc] GC(2924) Pause Young (Allocation Failure) 11M->7M(15M) 0.347ms
[88.577s][info][gc] GC(2925) Pause Young (Allocation Failure) 11M->7M(15M) 0.316ms
[88.582s][info][gc] GC(2926) Pause Young (Allocation Failure) 11M->7M(15M) 0.378ms
[88.586s][info][gc] GC(2927) Pause Young (Allocation Failure) 11M->7M(15M) 0.360ms
[88.602s][info][gc] GC(2928) Pause Young (Allocation Failure) 11M->7M(15M) 1.448ms
[88.607s][info][gc] GC(2929) Pause Young (Allocation Failure) 11M->7M(15M) 0.446ms
[88.613s][info][gc] GC(2930) Pause Young (Allocation Failure) 11M->7M(15M) 0.631ms
[88.620s][info][gc] GC(2931) Pause Young (Allocation Failure) 11M->7M(15M) 0.329ms
[88.627s][info][gc] GC(2932) Pause Young (Allocation Failure) 11M->7M(15M) 0.345ms
[88.636s][info][gc] GC(2933) Pause Young (Allocation Failure) 11M->7M(15M) 0.336ms
[88.645s][info][gc] GC(2934) Pause Young (Allocation Failure) 11M->7M(15M) 0.317ms
[88.651s][info][gc] GC(2935) Pause Young (Allocation Failure) 11M->7M(15M) 0.358ms
[88.660s][info][gc] GC(2936) Pause Young (Allocation Failure) 11M->7M(15M) 0.354ms
[88.668s][info][gc] GC(2937) Pause Young (Allocation Failure) 11M->7M(15M) 0.314ms
[88.675s][info][gc] GC(2938) Pause Young (Allocation Failure) 11M->7M(15M) 0.344ms
[88.683s][info][gc] GC(2939) Pause Young (Allocation Failure) 11M->7M(15M) 0.365ms
[88.694s][info][gc] GC(2940) Pause Young (Allocation Failure) 11M->7M(15M) 0.373ms
[88.702s][info][gc] GC(2941) Pause Young (Allocation Failure) 11M->7M(15M) 0.411ms
[88.710s][info][gc] GC(2942) Pause Young (Allocation Failure) 11M->7M(15M) 0.363ms
[88.719s][info][gc] GC(2943) Pause Young (Allocation Failure) 11M->7M(15M) 0.428ms
[88.726s][info][gc] GC(2944) Pause Young (Allocation Failure) 11M->7M(15M) 0.320ms
[88.730s][info][gc] GC(2945) Pause Young (Allocation Failure) 11M->7M(15M) 0.363ms
[88.734s][info][gc] GC(2946) Pause Young (Allocation Failure) 11M->7M(15M) 0.354ms
[88.738s][info][gc] GC(2947) Pause Young (Allocation Failure) 11M->7M(15M) 0.335ms
[88.743s][info][gc] GC(2948) Pause Young (Allocation Failure) 11M->7M(15M) 0.352ms
[88.747s][info][gc] GC(2949) Pause Young (Allocation Failure) 11M->7M(15M) 0.304ms
[88.751s][info][gc] GC(2950) Pause Young (Allocation Failure) 11M->7M(15M) 0.354ms
[88.756s][info][gc] GC(2951) Pause Young (Allocation Failure) 11M->7M(15M) 0.340ms
[88.762s][info][gc] GC(2952) Pause Young (Allocation Failure) 11M->7M(15M) 0.289ms
[88.766s][info][gc] GC(2953) Pause Young (Allocation Failure) 11M->7M(15M) 0.352ms
[88.771s][info][gc] GC(2954) Pause Young (Allocation Failure) 11M->7M(15M) 0.336ms
[88.776s][info][gc] GC(2955) Pause Young (Allocation Failure) 11M->7M(15M) 0.292ms
[88.780s][info][gc] GC(2956) Pause Young (Allocation Failure) 11M->7M(15M) 0.398ms
[88.785s][info][gc] GC(2957) Pause Young (Allocation Failure) 11M->7M(15M) 0.336ms
[88.789s][info][gc] GC(2958) Pause Young (Allocation Failure) 11M->7M(15M) 0.373ms
[88.793s][info][gc] GC(2959) Pause Young (Allocation Failure) 11M->7M(15M) 0.275ms
[88.798s][info][gc] GC(2960) Pause Young (Allocation Failure) 11M->7M(15M) 0.369ms
[88.806s][info][gc] GC(2961) Pause Young (Allocation Failure) 11M->7M(15M) 0.365ms
[88.811s][info][gc] GC(2962) Pause Young (Allocation Failure) 11M->7M(15M) 0.286ms
[88.816s][info][gc] GC(2963) Pause Young (Allocation Failure) 11M->7M(15M) 0.355ms
[88.821s][info][gc] GC(2964) Pause Young (Allocation Failure) 11M->7M(15M) 0.343ms
[88.825s][info][gc] GC(2965) Pause Young (Allocation Failure) 11M->7M(15M) 0.349ms
[88.830s][info][gc] GC(2966) Pause Young (Allocation Failure) 11M->7M(15M) 0.349ms
[88.835s][info][gc] GC(2967) Pause Young (Allocation Failure) 11M->7M(15M) 0.342ms
[88.839s][info][gc] GC(2968) Pause Young (Allocation Failure) 11M->7M(15M) 0.342ms
[88.844s][info][gc] GC(2969) Pause Young (Allocation Failure) 11M->7M(15M) 0.348ms
[88.852s][info][gc] GC(2970) Pause Young (Allocation Failure) 11M->7M(15M) 0.348ms
[88.861s][info][gc] GC(2971) Pause Young (Allocation Failure) 11M->7M(15M) 0.408ms
[88.871s][info][gc] GC(2972) Pause Young (Allocation Failure) 11M->7M(15M) 0.398ms
[88.879s][info][gc] GC(2973) Pause Young (Allocation Failure) 11M->7M(15M) 0.347ms
[88.890s][info][gc] GC(2974) Pause Young (Allocation Failure) 11M->7M(15M) 0.381ms
[88.903s][info][gc] GC(2975) Pause Young (Allocation Failure) 11M->7M(15M) 0.333ms
[88.916s][info][gc] GC(2976) Pause Young (Allocation Failure) 11M->7M(15M) 0.390ms
[88.925s][info][gc] GC(2977) Pause Young (Allocation Failure) 11M->7M(15M) 0.349ms
[88.939s][info][gc] GC(2978) Pause Young (Allocation Failure) 11M->7M(15M) 0.288ms
[88.953s][info][gc] GC(2979) Pause Young (Allocation Failure) 11M->7M(15M) 0.375ms
[88.965s][info][gc] GC(2980) Pause Young (Allocation Failure) 11M->7M(15M) 0.416ms
[88.974s][info][gc] GC(2981) Pause Young (Allocation Failure) 11M->7M(15M) 0.352ms
[88.982s][info][gc] GC(2982) Pause Young (Allocation Failure) 11M->7M(15M) 0.490ms
[88.992s][info][gc] GC(2983) Pause Young (Allocation Failure) 11M->7M(15M) 0.801ms
[89.004s][info][gc] GC(2984) Pause Young (Allocation Failure) 11M->7M(15M) 0.364ms
[89.016s][info][gc] GC(2985) Pause Young (Allocation Failure) 11M->7M(15M) 0.385ms
[89.026s][info][gc] GC(2986) Pause Young (Allocation Failure) 11M->7M(15M) 0.373ms
[89.037s][info][gc] GC(2987) Pause Young (Allocation Failure) 11M->7M(15M) 0.384ms
[89.048s][info][gc] GC(2988) Pause Young (Allocation Failure) 11M->7M(15M) 0.414ms
[89.058s][info][gc] GC(2989) Pause Young (Allocation Failure) 11M->7M(15M) 0.315ms
[89.071s][info][gc] GC(2990) Pause Young (Allocation Failure) 11M->7M(15M) 0.351ms
[89.081s][info][gc] GC(2991) Pause Young (Allocation Failure) 11M->7M(15M) 0.349ms
[89.140s][info][gc] GC(2992) Pause Young (Allocation Failure) 11M->7M(15M) 0.382ms
[89.153s][info][gc] GC(2993) Pause Young (Allocation Failure) 11M->7M(15M) 0.344ms
[89.162s][info][gc] GC(2994) Pause Young (Allocation Failure) 11M->7M(15M) 0.318ms
[89.177s][info][gc] GC(2995) Pause Young (Allocation Failure) 11M->7M(15M) 0.356ms
[89.201s][info][gc] GC(2996) Pause Young (Allocation Failure) 11M->7M(15M) 0.374ms
[89.211s][info][gc] GC(2997) Pause Young (Allocation Failure) 11M->7M(15M) 0.319ms
[89.222s][info][gc] GC(2998) Pause Young (Allocation Failure) 11M->7M(15M) 0.387ms
[89.234s][info][gc] GC(2999) Pause Young (Allocation Failure) 11M->7M(15M) 0.388ms
[89.239s][info][gc] GC(3000) Pause Young (Allocation Failure) 11M->7M(15M) 0.268ms
[89.245s][info][gc] GC(3001) Pause Young (Allocation Failure) 11M->7M(15M) 0.346ms
[89.251s][info][gc] GC(3002) Pause Young (Allocation Failure) 11M->7M(15M) 0.292ms
[89.256s][info][gc] GC(3003) Pause Young (Allocation Failure) 11M->7M(15M) 0.355ms
[89.264s][info][gc] GC(3004) Pause Young (Allocation Failure) 11M->7M(15M) 0.366ms
[89.269s][info][gc] GC(3005) Pause Young (Allocation Failure) 11M->7M(15M) 0.340ms
[89.275s][info][gc] GC(3006) Pause Young (Allocation Failure) 11M->7M(15M) 0.358ms
[89.281s][info][gc] GC(3007) Pause Young (Allocation Failure) 11M->7M(15M) 0.340ms
[89.285s][info][gc] GC(3008) Pause Young (Allocation Failure) 11M->7M(15M) 0.277ms
[89.289s][info][gc] GC(3009) Pause Young (Allocation Failure) 11M->7M(15M) 0.372ms
[89.293s][info][gc] GC(3010) Pause Young (Allocation Failure) 11M->7M(15M) 0.321ms
[89.298s][info][gc] GC(3011) Pause Young (Allocation Failure) 11M->7M(15M) 0.356ms
[89.302s][info][gc] GC(3012) Pause Young (Allocation Failure) 11M->7M(15M) 0.345ms
[89.310s][info][gc] GC(3013) Pause Young (Allocation Failure) 11M->7M(15M) 0.325ms
[89.315s][info][gc] GC(3014) Pause Young (Allocation Failure) 11M->7M(15M) 0.361ms
[89.320s][info][gc] GC(3015) Pause Young (Allocation Failure) 11M->7M(15M) 0.349ms
[89.324s][info][gc] GC(3016) Pause Young (Allocation Failure) 11M->7M(15M) 0.349ms
[89.330s][info][gc] GC(3017) Pause Young (Allocation Failure) 11M->7M(15M) 0.359ms
[89.335s][info][gc] GC(3018) Pause Young (Allocation Failure) 11M->7M(15M) 0.307ms
[89.340s][info][gc] GC(3019) Pause Young (Allocation Failure) 11M->7M(15M) 0.340ms
[89.345s][info][gc] GC(3020) Pause Young (Allocation Failure) 11M->7M(15M) 0.338ms
[89.350s][info][gc] GC(3021) Pause Young (Allocation Failure) 11M->7M(15M) 0.366ms
[89.355s][info][gc] GC(3022) Pause Young (Allocation Failure) 11M->7M(15M) 0.342ms
[89.359s][info][gc] GC(3023) Pause Young (Allocation Failure) 11M->7M(15M) 0.528ms
[89.364s][info][gc] GC(3024) Pause Young (Allocation Failure) 11M->7M(15M) 0.272ms
[89.368s][info][gc] GC(3025) Pause Young (Allocation Failure) 11M->7M(15M) 0.343ms
[89.374s][info][gc] GC(3026) Pause Young (Allocation Failure) 11M->7M(15M) 0.344ms
[89.378s][info][gc] GC(3027) Pause Young (Allocation Failure) 11M->7M(15M) 0.326ms
[89.382s][info][gc] GC(3028) Pause Young (Allocation Failure) 11M->7M(15M) 0.345ms
[89.387s][info][gc] GC(3029) Pause Young (Allocation Failure) 11M->7M(15M) 0.347ms
[89.391s][info][gc] GC(3030) Pause Young (Allocation Failure) 11M->7M(15M) 0.411ms
[89.396s][info][gc] GC(3031) Pause Young (Allocation Failure) 11M->7M(15M) 0.351ms
[89.401s][info][gc] GC(3032) Pause Young (Allocation Failure) 11M->7M(15M) 0.359ms
[89.405s][info][gc] GC(3033) Pause Young (Allocation Failure) 11M->7M(15M) 0.362ms
[89.410s][info][gc] GC(3034) Pause Young (Allocation Failure) 11M->7M(15M) 0.351ms
[89.414s][info][gc] GC(3035) Pause Young (Allocation Failure) 11M->7M(15M) 0.331ms
[89.419s][info][gc] GC(3036) Pause Young (Allocation Failure) 11M->7M(15M) 0.351ms
[89.423s][info][gc] GC(3037) Pause Young (Allocation Failure) 11M->7M(15M) 0.353ms
[89.428s][info][gc] GC(3038) Pause Young (Allocation Failure) 11M->7M(15M) 0.292ms
[89.432s][info][gc] GC(3039) Pause Young (Allocation Failure) 11M->7M(15M) 0.537ms
[89.437s][info][gc] GC(3040) Pause Young (Allocation Failure) 11M->7M(15M) 0.348ms
[89.441s][info][gc] GC(3041) Pause Young (Allocation Failure) 11M->7M(15M) 0.339ms
[89.445s][info][gc] GC(3042) Pause Young (Allocation Failure) 11M->7M(15M) 0.349ms
[89.450s][info][gc] GC(3043) Pause Young (Allocation Failure) 11M->7M(15M) 0.362ms
[89.456s][info][gc] GC(3044) Pause Young (Allocation Failure) 11M->7M(15M) 0.306ms
[89.460s][info][gc] GC(3045) Pause Young (Allocation Failure) 11M->7M(15M) 0.330ms
[89.466s][info][gc] GC(3046) Pause Young (Allocation Failure) 11M->7M(15M) 0.357ms
[89.470s][info][gc] GC(3047) Pause Young (Allocation Failure) 11M->7M(15M) 0.264ms
[89.475s][info][gc] GC(3048) Pause Young (Allocation Failure) 11M->7M(15M) 0.353ms
[89.479s][info][gc] GC(3049) Pause Young (Allocation Failure) 11M->7M(15M) 0.362ms
[89.484s][info][gc] GC(3050) Pause Young (Allocation Failure) 11M->7M(15M) 0.339ms
[89.488s][info][gc] GC(3051) Pause Young (Allocation Failure) 11M->7M(15M) 0.246ms
[89.493s][info][gc] GC(3052) Pause Young (Allocation Failure) 11M->7M(15M) 0.344ms
[89.497s][info][gc] GC(3053) Pause Young (Allocation Failure) 11M->7M(15M) 0.298ms
[89.501s][info][gc] GC(3054) Pause Young (Allocation Failure) 11M->7M(15M) 0.349ms
[89.508s][info][gc] GC(3055) Pause Young (Allocation Failure) 11M->7M(15M) 0.646ms
[89.517s][info][gc] GC(3056) Pause Young (Allocation Failure) 11M->7M(15M) 0.316ms
[89.524s][info][gc] GC(3057) Pause Young (Allocation Failure) 11M->7M(15M) 0.360ms
[89.533s][info][gc] GC(3058) Pause Young (Allocation Failure) 11M->7M(15M) 0.441ms
[89.545s][info][gc] GC(3059) Pause Young (Allocation Failure) 11M->7M(15M) 0.289ms
[89.552s][info][gc] GC(3060) Pause Young (Allocation Failure) 11M->7M(15M) 0.339ms
[89.559s][info][gc] GC(3061) Pause Young (Allocation Failure) 11M->7M(15M) 0.362ms
[89.569s][info][gc] GC(3062) Pause Young (Allocation Failure) 11M->7M(15M) 0.355ms
[89.575s][info][gc] GC(3063) Pause Young (Allocation Failure) 11M->7M(15M) 0.339ms
[89.582s][info][gc] GC(3064) Pause Young (Allocation Failure) 11M->7M(15M) 0.292ms
[89.587s][info][gc] GC(3065) Pause Young (Allocation Failure) 11M->7M(15M) 0.360ms
[89.593s][info][gc] GC(3066) Pause Young (Allocation Failure) 11M->7M(15M) 0.356ms
[89.609s][info][gc] GC(3067) Pause Young (Allocation Failure) 11M->7M(15M) 0.310ms
[89.618s][info][gc] GC(3068) Pause Young (Allocation Failure) 11M->7M(15M) 0.364ms
[89.626s][info][gc] GC(3069) Pause Young (Allocation Failure) 11M->7M(15M) 0.361ms
[89.638s][info][gc] GC(3070) Pause Young (Allocation Failure) 11M->7M(15M) 0.369ms
[89.654s][info][gc] GC(3071) Pause Young (Allocation Failure) 11M->7M(15M) 0.407ms
[89.667s][info][gc] GC(3072) Pause Young (Allocation Failure) 11M->7M(15M) 0.860ms
[89.674s][info][gc] GC(3073) Pause Young (Allocation Failure) 11M->7M(15M) 0.343ms
[89.680s][info][gc] GC(3074) Pause Young (Allocation Failure) 11M->7M(15M) 1.055ms
[89.686s][info][gc] GC(3075) Pause Young (Allocation Failure) 11M->7M(15M) 0.422ms
[89.692s][info][gc] GC(3076) Pause Young (Allocation Failure) 11M->7M(15M) 0.353ms
[89.701s][info][gc] GC(3077) Pause Young (Allocation Failure) 11M->7M(15M) 0.337ms
[89.710s][info][gc] GC(3078) Pause Young (Allocation Failure) 11M->7M(15M) 0.366ms
[89.718s][info][gc] GC(3079) Pause Young (Allocation Failure) 11M->7M(15M) 0.440ms
[89.727s][info][gc] GC(3080) Pause Young (Allocation Failure) 11M->7M(15M) 0.306ms
[89.735s][info][gc] GC(3081) Pause Young (Allocation Failure) 11M->7M(15M) 0.354ms
[89.741s][info][gc] GC(3082) Pause Young (Allocation Failure) 11M->7M(15M) 0.340ms
[89.748s][info][gc] GC(3083) Pause Young (Allocation Failure) 11M->7M(15M) 0.364ms
[89.754s][info][gc] GC(3084) Pause Young (Allocation Failure) 11M->7M(15M) 0.298ms
[89.759s][info][gc] GC(3085) Pause Young (Allocation Failure) 11M->7M(15M) 0.601ms
[89.766s][info][gc] GC(3086) Pause Young (Allocation Failure) 11M->7M(15M) 0.341ms
[89.773s][info][gc] GC(3087) Pause Young (Allocation Failure) 11M->7M(15M) 0.358ms
[89.778s][info][gc] GC(3088) Pause Young (Allocation Failure) 11M->7M(15M) 0.340ms
[89.785s][info][gc] GC(3089) Pause Young (Allocation Failure) 11M->7M(15M) 0.275ms
[89.792s][info][gc] GC(3090) Pause Young (Allocation Failure) 11M->7M(15M) 0.634ms
[89.798s][info][gc] GC(3091) Pause Young (Allocation Failure) 11M->7M(15M) 0.302ms
[89.805s][info][gc] GC(3092) Pause Young (Allocation Failure) 11M->7M(15M) 0.347ms
[89.813s][info][gc] GC(3093) Pause Young (Allocation Failure) 11M->7M(15M) 0.724ms
[89.818s][info][gc] GC(3094) Pause Young (Allocation Failure) 11M->7M(15M) 0.293ms
[89.822s][info][gc] GC(3095) Pause Young (Allocation Failure) 11M->7M(15M) 0.351ms
[89.828s][info][gc] GC(3096) Pause Young (Allocation Failure) 11M->7M(15M) 0.333ms
[89.834s][info][gc] GC(3097) Pause Young (Allocation Failure) 11M->7M(15M) 0.307ms
[89.839s][info][gc] GC(3098) Pause Young (Allocation Failure) 11M->7M(15M) 0.350ms
[89.844s][info][gc] GC(3099) Pause Young (Allocation Failure) 11M->7M(15M) 0.334ms
[89.849s][info][gc] GC(3100) Pause Young (Allocation Failure) 11M->7M(15M) 0.306ms
[89.854s][info][gc] GC(3101) Pause Young (Allocation Failure) 11M->7M(15M) 0.356ms
[89.870s][info][gc] GC(3102) Pause Young (Allocation Failure) 11M->7M(15M) 0.347ms
[89.874s][info][gc] GC(3103) Pause Young (Allocation Failure) 11M->7M(15M) 0.260ms
[89.879s][info][gc] GC(3104) Pause Young (Allocation Failure) 11M->7M(15M) 0.364ms
[89.884s][info][gc] GC(3105) Pause Young (Allocation Failure) 11M->7M(15M) 0.356ms
[89.889s][info][gc] GC(3106) Pause Young (Allocation Failure) 11M->7M(15M) 0.325ms
[89.894s][info][gc] GC(3107) Pause Young (Allocation Failure) 11M->7M(15M) 0.383ms
[89.899s][info][gc] GC(3108) Pause Young (Allocation Failure) 11M->7M(15M) 0.359ms
[89.904s][info][gc] GC(3109) Pause Young (Allocation Failure) 11M->7M(15M) 0.394ms
[89.910s][info][gc] GC(3110) Pause Young (Allocation Failure) 11M->7M(15M) 0.381ms
[89.918s][info][gc] GC(3111) Pause Young (Allocation Failure) 11M->7M(15M) 0.330ms
[89.927s][info][gc] GC(3112) Pause Young (Allocation Failure) 11M->7M(15M) 0.352ms
[89.936s][info][gc] GC(3113) Pause Young (Allocation Failure) 11M->7M(15M) 0.367ms
[89.944s][info][gc] GC(3114) Pause Young (Allocation Failure) 11M->7M(15M) 0.314ms
[89.952s][info][gc] GC(3115) Pause Young (Allocation Failure) 11M->7M(15M) 0.342ms
[89.969s][info][gc] GC(3116) Pause Young (Allocation Failure) 11M->7M(15M) 0.349ms
[89.976s][info][gc] GC(3117) Pause Young (Allocation Failure) 11M->7M(15M) 0.339ms
[89.981s][info][gc] GC(3118) Pause Young (Allocation Failure) 11M->7M(15M) 0.353ms
[89.989s][info][gc] GC(3119) Pause Young (Allocation Failure) 11M->7M(15M) 0.345ms
[89.997s][info][gc] GC(3120) Pause Young (Allocation Failure) 11M->7M(15M) 0.329ms
[90.004s][info][gc] GC(3121) Pause Young (Allocation Failure) 11M->7M(15M) 0.353ms
[90.009s][info][gc] GC(3122) Pause Young (Allocation Failure) 11M->7M(15M) 0.346ms
[90.013s][info][gc] GC(3123) Pause Young (Allocation Failure) 11M->7M(15M) 0.335ms
[90.017s][info][gc] GC(3124) Pause Young (Allocation Failure) 11M->7M(15M) 0.359ms
[90.022s][info][gc] GC(3125) Pause Young (Allocation Failure) 11M->7M(15M) 0.347ms
[90.026s][info][gc] GC(3126) Pause Young (Allocation Failure) 11M->7M(15M) 0.344ms
[90.032s][info][gc] GC(3127) Pause Young (Allocation Failure) 11M->7M(15M) 0.342ms
[90.036s][info][gc] GC(3128) Pause Young (Allocation Failure) 11M->7M(15M) 0.375ms
[90.042s][info][gc] GC(3129) Pause Young (Allocation Failure) 11M->7M(15M) 0.288ms
[90.048s][info][gc] GC(3130) Pause Young (Allocation Failure) 11M->7M(15M) 0.363ms
[90.053s][info][gc] GC(3131) Pause Young (Allocation Failure) 11M->7M(15M) 0.350ms
[90.059s][info][gc] GC(3132) Pause Young (Allocation Failure) 11M->7M(15M) 0.347ms
[90.066s][info][gc] GC(3133) Pause Young (Allocation Failure) 11M->7M(15M) 0.363ms
[90.072s][info][gc] GC(3134) Pause Young (Allocation Failure) 11M->7M(15M) 0.359ms
[90.078s][info][gc] GC(3135) Pause Young (Allocation Failure) 11M->7M(15M) 0.357ms
[90.086s][info][gc] GC(3136) Pause Young (Allocation Failure) 11M->7M(15M) 0.364ms
[90.092s][info][gc] GC(3137) Pause Young (Allocation Failure) 11M->7M(15M) 0.302ms
[90.098s][info][gc] GC(3138) Pause Young (Allocation Failure) 11M->7M(15M) 0.341ms
[90.120s][info][gc] GC(3139) Pause Young (Allocation Failure) 11M->7M(15M) 0.360ms
[90.126s][info][gc] GC(3140) Pause Young (Allocation Failure) 11M->7M(15M) 0.286ms
[90.134s][info][gc] GC(3141) Pause Young (Allocation Failure) 11M->7M(15M) 0.353ms
[90.141s][info][gc] GC(3142) Pause Young (Allocation Failure) 11M->7M(15M) 0.368ms
[90.147s][info][gc] GC(3143) Pause Young (Allocation Failure) 11M->7M(15M) 0.340ms
[90.153s][info][gc] GC(3144) Pause Young (Allocation Failure) 11M->7M(15M) 0.353ms
[90.159s][info][gc] GC(3145) Pause Young (Allocation Failure) 11M->7M(15M) 0.435ms
[90.166s][info][gc] GC(3146) Pause Young (Allocation Failure) 11M->7M(15M) 0.305ms
[90.172s][info][gc] GC(3147) Pause Young (Allocation Failure) 11M->7M(15M) 0.566ms
[90.178s][info][gc] GC(3148) Pause Young (Allocation Failure) 11M->7M(15M) 0.340ms
[90.184s][info][gc] GC(3149) Pause Young (Allocation Failure) 11M->7M(15M) 0.345ms
[90.190s][info][gc] GC(3150) Pause Young (Allocation Failure) 11M->7M(15M) 0.353ms
[90.195s][info][gc] GC(3151) Pause Young (Allocation Failure) 11M->7M(15M) 0.492ms
[90.203s][info][gc] GC(3152) Pause Young (Allocation Failure) 11M->7M(15M) 0.351ms
[90.209s][info][gc] GC(3153) Pause Young (Allocation Failure) 11M->7M(15M) 0.350ms
[90.216s][info][gc] GC(3154) Pause Young (Allocation Failure) 11M->7M(15M) 0.360ms
[90.222s][info][gc] GC(3155) Pause Young (Allocation Failure) 11M->7M(15M) 0.385ms
[90.227s][info][gc] GC(3156) Pause Young (Allocation Failure) 11M->7M(15M) 0.451ms
[90.235s][info][gc] GC(3157) Pause Young (Allocation Failure) 11M->7M(15M) 0.365ms
[90.241s][info][gc] GC(3158) Pause Young (Allocation Failure) 11M->7M(15M) 0.349ms
[90.248s][info][gc] GC(3159) Pause Young (Allocation Failure) 11M->7M(15M) 0.639ms
[90.253s][info][gc] GC(3160) Pause Young (Allocation Failure) 11M->7M(15M) 0.362ms
[90.257s][info][gc] GC(3161) Pause Young (Allocation Failure) 11M->7M(15M) 0.336ms
[90.264s][info][gc] GC(3162) Pause Young (Allocation Failure) 11M->7M(15M) 0.276ms
[90.268s][info][gc] GC(3163) Pause Young (Allocation Failure) 11M->7M(15M) 0.344ms
[90.273s][info][gc] GC(3164) Pause Young (Allocation Failure) 11M->7M(15M) 0.351ms
[90.277s][info][gc] GC(3165) Pause Young (Allocation Failure) 11M->7M(15M) 0.374ms
[90.281s][info][gc] GC(3166) Pause Young (Allocation Failure) 11M->7M(15M) 0.347ms
[90.286s][info][gc] GC(3167) Pause Young (Allocation Failure) 11M->7M(15M) 0.283ms
[90.290s][info][gc] GC(3168) Pause Young (Allocation Failure) 11M->7M(15M) 0.415ms
[90.294s][info][gc] GC(3169) Pause Young (Allocation Failure) 11M->7M(15M) 0.355ms
[90.298s][info][gc] GC(3170) Pause Young (Allocation Failure) 11M->7M(15M) 0.291ms
[90.303s][info][gc] GC(3171) Pause Young (Allocation Failure) 11M->7M(15M) 0.351ms
[90.307s][info][gc] GC(3172) Pause Young (Allocation Failure) 11M->7M(15M) 0.350ms
[90.312s][info][gc] GC(3173) Pause Young (Allocation Failure) 11M->7M(15M) 0.291ms
[90.318s][info][gc] GC(3174) Pause Young (Allocation Failure) 11M->7M(15M) 0.346ms
[90.322s][info][gc] GC(3175) Pause Young (Allocation Failure) 11M->7M(15M) 0.281ms
[90.327s][info][gc] GC(3176) Pause Young (Allocation Failure) 11M->7M(15M) 0.357ms
[90.332s][info][gc] GC(3177) Pause Young (Allocation Failure) 11M->7M(15M) 0.369ms
[90.336s][info][gc] GC(3178) Pause Young (Allocation Failure) 11M->7M(15M) 0.305ms
[90.340s][info][gc] GC(3179) Pause Young (Allocation Failure) 11M->7M(15M) 0.355ms
[90.344s][info][gc] GC(3180) Pause Young (Allocation Failure) 11M->7M(15M) 0.346ms
[90.350s][info][gc] GC(3181) Pause Young (Allocation Failure) 11M->7M(15M) 0.305ms
[90.355s][info][gc] GC(3182) Pause Young (Allocation Failure) 11M->7M(15M) 0.351ms
[90.360s][info][gc] GC(3183) Pause Young (Allocation Failure) 11M->7M(15M) 0.327ms
[90.364s][info][gc] GC(3184) Pause Young (Allocation Failure) 11M->7M(15M) 0.351ms
[90.368s][info][gc] GC(3185) Pause Young (Allocation Failure) 11M->7M(15M) 0.349ms
[90.373s][info][gc] GC(3186) Pause Young (Allocation Failure) 11M->7M(15M) 0.264ms
[90.377s][info][gc] GC(3187) Pause Young (Allocation Failure) 11M->7M(15M) 0.354ms
[90.381s][info][gc] GC(3188) Pause Young (Allocation Failure) 11M->7M(15M) 0.356ms
[90.385s][info][gc] GC(3189) Pause Young (Allocation Failure) 11M->7M(15M) 0.301ms
[90.391s][info][gc] GC(3190) Pause Young (Allocation Failure) 11M->7M(15M) 0.386ms
[90.400s][info][gc] GC(3191) Pause Young (Allocation Failure) 11M->7M(15M) 0.391ms
[90.409s][info][gc] GC(3192) Pause Young (Allocation Failure) 11M->7M(15M) 0.319ms
[90.420s][info][gc] GC(3193) Pause Young (Allocation Failure) 11M->7M(15M) 0.353ms
[90.430s][info][gc] GC(3194) Pause Young (Allocation Failure) 11M->7M(15M) 1.209ms
[90.439s][info][gc] GC(3195) Pause Young (Allocation Failure) 11M->7M(15M) 0.398ms
[90.450s][info][gc] GC(3196) Pause Young (Allocation Failure) 11M->7M(15M) 0.398ms
[90.459s][info][gc] GC(3197) Pause Young (Allocation Failure) 11M->7M(15M) 0.369ms
[90.471s][info][gc] GC(3198) Pause Young (Allocation Failure) 11M->7M(15M) 0.410ms
[90.480s][info][gc] GC(3199) Pause Young (Allocation Failure) 11M->7M(15M) 0.378ms
[90.494s][info][gc] GC(3200) Pause Young (Allocation Failure) 11M->7M(15M) 0.374ms
[90.503s][info][gc] GC(3201) Pause Young (Allocation Failure) 11M->7M(15M) 0.368ms
[90.511s][info][gc] GC(3202) Pause Young (Allocation Failure) 11M->7M(15M) 0.336ms
[90.520s][info][gc] GC(3203) Pause Young (Allocation Failure) 11M->7M(15M) 0.420ms
[90.529s][info][gc] GC(3204) Pause Young (Allocation Failure) 11M->7M(15M) 0.390ms
[90.545s][info][gc] GC(3205) Pause Young (Allocation Failure) 11M->7M(15M) 0.394ms
[90.555s][info][gc] GC(3206) Pause Young (Allocation Failure) 11M->7M(15M) 0.436ms
[90.563s][info][gc] GC(3207) Pause Young (Allocation Failure) 11M->7M(15M) 0.530ms
[90.569s][info][gc] GC(3208) Pause Young (Allocation Failure) 11M->7M(15M) 0.347ms
[90.576s][info][gc] GC(3209) Pause Young (Allocation Failure) 11M->7M(15M) 0.329ms
[90.581s][info][gc] GC(3210) Pause Young (Allocation Failure) 11M->7M(15M) 0.525ms
[90.586s][info][gc] GC(3211) Pause Young (Allocation Failure) 11M->7M(15M) 0.353ms
[90.591s][info][gc] GC(3212) Pause Young (Allocation Failure) 11M->7M(15M) 0.267ms
[90.595s][info][gc] GC(3213) Pause Young (Allocation Failure) 11M->7M(15M) 0.377ms
[90.600s][info][gc] GC(3214) Pause Young (Allocation Failure) 11M->7M(15M) 0.272ms
[90.605s][info][gc] GC(3215) Pause Young (Allocation Failure) 11M->7M(15M) 0.347ms
[90.609s][info][gc] GC(3216) Pause Young (Allocation Failure) 11M->7M(15M) 0.352ms
[90.614s][info][gc] GC(3217) Pause Young (Allocation Failure) 11M->7M(15M) 0.297ms
[90.618s][info][gc] GC(3218) Pause Young (Allocation Failure) 11M->7M(15M) 0.352ms
[90.633s][info][gc] GC(3219) Pause Young (Allocation Failure) 11M->7M(15M) 0.378ms
[90.637s][info][gc] GC(3220) Pause Young (Allocation Failure) 11M->7M(15M) 0.365ms
[90.646s][info][gc] GC(3221) Pause Young (Allocation Failure) 11M->7M(15M) 0.666ms
[90.652s][info][gc] GC(3222) Pause Young (Allocation Failure) 11M->7M(15M) 0.332ms
[90.663s][info][gc] GC(3223) Pause Young (Allocation Failure) 11M->7M(15M) 0.797ms
[90.671s][info][gc] GC(3224) Pause Young (Allocation Failure) 11M->7M(15M) 0.766ms
[90.677s][info][gc] GC(3225) Pause Young (Allocation Failure) 11M->7M(15M) 0.322ms
[90.685s][info][gc] GC(3226) Pause Young (Allocation Failure) 11M->7M(15M) 0.413ms
[90.692s][info][gc] GC(3227) Pause Young (Allocation Failure) 11M->7M(15M) 0.381ms
[90.698s][info][gc] GC(3228) Pause Young (Allocation Failure) 11M->7M(15M) 0.320ms
[90.705s][info][gc] GC(3229) Pause Young (Allocation Failure) 11M->7M(15M) 0.378ms
[90.711s][info][gc] GC(3230) Pause Young (Allocation Failure) 11M->7M(15M) 0.366ms
[90.718s][info][gc] GC(3231) Pause Young (Allocation Failure) 11M->7M(15M) 0.346ms
[90.726s][info][gc] GC(3232) Pause Young (Allocation Failure) 11M->7M(15M) 0.360ms
[90.734s][info][gc] GC(3233) Pause Young (Allocation Failure) 11M->7M(15M) 0.360ms
[90.742s][info][gc] GC(3234) Pause Young (Allocation Failure) 11M->7M(15M) 0.460ms
[90.750s][info][gc] GC(3235) Pause Young (Allocation Failure) 11M->7M(15M) 0.356ms
[90.757s][info][gc] GC(3236) Pause Young (Allocation Failure) 11M->7M(15M) 0.356ms
[90.763s][info][gc] GC(3237) Pause Young (Allocation Failure) 11M->7M(15M) 0.565ms
[90.770s][info][gc] GC(3238) Pause Young (Allocation Failure) 11M->7M(15M) 0.361ms
[90.777s][info][gc] GC(3239) Pause Young (Allocation Failure) 11M->7M(15M) 0.346ms
[90.785s][info][gc] GC(3240) Pause Young (Allocation Failure) 11M->7M(15M) 0.341ms
[90.793s][info][gc] GC(3241) Pause Young (Allocation Failure) 11M->7M(15M) 0.389ms
[90.802s][info][gc] GC(3242) Pause Young (Allocation Failure) 11M->7M(15M) 0.350ms
[90.808s][info][gc] GC(3243) Pause Young (Allocation Failure) 11M->7M(15M) 0.359ms
[90.816s][info][gc] GC(3244) Pause Young (Allocation Failure) 11M->7M(15M) 0.990ms
[90.826s][info][gc] GC(3245) Pause Young (Allocation Failure) 11M->7M(15M) 0.352ms
[90.831s][info][gc] GC(3246) Pause Young (Allocation Failure) 11M->7M(15M) 0.341ms
[90.835s][info][gc] GC(3247) Pause Young (Allocation Failure) 11M->7M(15M) 0.360ms
[90.839s][info][gc] GC(3248) Pause Young (Allocation Failure) 11M->7M(15M) 0.332ms
[90.844s][info][gc] GC(3249) Pause Young (Allocation Failure) 11M->7M(15M) 0.371ms
[90.849s][info][gc] GC(3250) Pause Young (Allocation Failure) 11M->7M(15M) 0.338ms
[90.853s][info][gc] GC(3251) Pause Young (Allocation Failure) 11M->7M(15M) 0.372ms
[90.857s][info][gc] GC(3252) Pause Young (Allocation Failure) 11M->7M(15M) 0.364ms
[90.861s][info][gc] GC(3253) Pause Young (Allocation Failure) 11M->7M(15M) 0.334ms
[90.867s][info][gc] GC(3254) Pause Young (Allocation Failure) 11M->7M(15M) 0.345ms
[90.871s][info][gc] GC(3255) Pause Young (Allocation Failure) 11M->7M(15M) 0.368ms
[90.875s][info][gc] GC(3256) Pause Young (Allocation Failure) 11M->7M(15M) 0.350ms
[90.882s][info][gc] GC(3257) Pause Young (Allocation Failure) 11M->7M(15M) 0.355ms
[90.886s][info][gc] GC(3258) Pause Young (Allocation Failure) 11M->7M(15M) 0.363ms
[90.891s][info][gc] GC(3259) Pause Young (Allocation Failure) 11M->7M(15M) 0.337ms
[90.895s][info][gc] GC(3260) Pause Young (Allocation Failure) 11M->7M(15M) 0.651ms
[90.901s][info][gc] GC(3261) Pause Young (Allocation Failure) 11M->7M(15M) 0.342ms
[90.906s][info][gc] GC(3262) Pause Young (Allocation Failure) 11M->7M(15M) 0.289ms
[90.911s][info][gc] GC(3263) Pause Young (Allocation Failure) 11M->7M(15M) 0.377ms
[90.918s][info][gc] GC(3264) Pause Young (Allocation Failure) 11M->7M(15M) 0.336ms
[90.925s][info][gc] GC(3265) Pause Young (Allocation Failure) 11M->7M(15M) 0.352ms
[90.931s][info][gc] GC(3266) Pause Young (Allocation Failure) 11M->7M(15M) 0.488ms
[90.937s][info][gc] GC(3267) Pause Young (Allocation Failure) 11M->7M(15M) 0.288ms
[90.942s][info][gc] GC(3268) Pause Young (Allocation Failure) 11M->7M(15M) 0.362ms
[90.949s][info][gc] GC(3269) Pause Young (Allocation Failure) 11M->7M(15M) 0.368ms
[90.953s][info][gc] GC(3270) Pause Young (Allocation Failure) 11M->7M(15M) 0.258ms
[90.959s][info][gc] GC(3271) Pause Young (Allocation Failure) 11M->7M(15M) 0.345ms
[90.963s][info][gc] GC(3272) Pause Young (Allocation Failure) 11M->7M(15M) 0.594ms
[90.970s][info][gc] GC(3273) Pause Young (Allocation Failure) 11M->7M(15M) 0.308ms
[90.974s][info][gc] GC(3274) Pause Young (Allocation Failure) 11M->7M(15M) 0.354ms
[90.981s][info][gc] GC(3275) Pause Young (Allocation Failure) 11M->7M(15M) 0.356ms
[90.986s][info][gc] GC(3276) Pause Young (Allocation Failure) 11M->7M(15M) 0.340ms
[90.991s][info][gc] GC(3277) Pause Young (Allocation Failure) 11M->7M(15M) 0.345ms
[90.997s][info][gc] GC(3278) Pause Young (Allocation Failure) 11M->7M(15M) 0.390ms
[91.002s][info][gc] GC(3279) Pause Young (Allocation Failure) 11M->7M(15M) 0.289ms
[91.006s][info][gc] GC(3280) Pause Young (Allocation Failure) 11M->7M(15M) 0.337ms
[91.011s][info][gc] GC(3281) Pause Young (Allocation Failure) 11M->7M(15M) 0.323ms
[91.016s][info][gc] GC(3282) Pause Young (Allocation Failure) 11M->7M(15M) 0.359ms
[91.021s][info][gc] GC(3283) Pause Young (Allocation Failure) 11M->7M(15M) 0.340ms
[91.026s][info][gc] GC(3284) Pause Young (Allocation Failure) 11M->7M(15M) 0.378ms
[91.031s][info][gc] GC(3285) Pause Young (Allocation Failure) 11M->7M(15M) 0.348ms
[91.036s][info][gc] GC(3286) Pause Young (Allocation Failure) 11M->7M(15M) 0.261ms
[91.040s][info][gc] GC(3287) Pause Young (Allocation Failure) 11M->7M(15M) 0.355ms
[91.044s][info][gc] GC(3288) Pause Young (Allocation Failure) 11M->7M(15M) 0.341ms
[91.049s][info][gc] GC(3289) Pause Young (Allocation Failure) 11M->7M(15M) 0.280ms
[91.058s][info][gc] GC(3290) Pause Young (Allocation Failure) 11M->7M(15M) 0.393ms
[91.063s][info][gc] GC(3291) Pause Young (Allocation Failure) 11M->7M(15M) 0.413ms
[91.069s][info][gc] GC(3292) Pause Young (Allocation Failure) 11M->7M(15M) 0.373ms
[91.073s][info][gc] GC(3293) Pause Young (Allocation Failure) 11M->7M(15M) 0.366ms
[91.078s][info][gc] GC(3294) Pause Young (Allocation Failure) 11M->7M(15M) 0.337ms
[91.083s][info][gc] GC(3295) Pause Young (Allocation Failure) 11M->7M(15M) 0.368ms
[91.088s][info][gc] GC(3296) Pause Young (Allocation Failure) 11M->7M(15M) 0.342ms
[91.092s][info][gc] GC(3297) Pause Young (Allocation Failure) 11M->7M(15M) 0.291ms
[91.097s][info][gc] GC(3298) Pause Young (Allocation Failure) 11M->7M(15M) 0.505ms
[91.101s][info][gc] GC(3299) Pause Young (Allocation Failure) 11M->7M(15M) 0.382ms
[91.117s][info][gc] GC(3300) Pause Young (Allocation Failure) 11M->7M(15M) 0.352ms
[91.127s][info][gc] GC(3301) Pause Young (Allocation Failure) 11M->7M(15M) 0.287ms
[91.132s][info][gc] GC(3302) Pause Young (Allocation Failure) 11M->7M(15M) 0.358ms
[91.137s][info][gc] GC(3303) Pause Young (Allocation Failure) 11M->7M(15M) 0.297ms
[91.141s][info][gc] GC(3304) Pause Young (Allocation Failure) 11M->7M(15M) 0.360ms
[91.145s][info][gc] GC(3305) Pause Young (Allocation Failure) 11M->7M(15M) 0.355ms
[91.150s][info][gc] GC(3306) Pause Young (Allocation Failure) 11M->7M(15M) 0.295ms
[91.154s][info][gc] GC(3307) Pause Young (Allocation Failure) 11M->7M(15M) 0.436ms
[91.160s][info][gc] GC(3308) Pause Young (Allocation Failure) 11M->7M(15M) 0.350ms
[91.164s][info][gc] GC(3309) Pause Young (Allocation Failure) 11M->7M(15M) 0.307ms
[91.169s][info][gc] GC(3310) Pause Young (Allocation Failure) 11M->7M(15M) 0.362ms
[91.174s][info][gc] GC(3311) Pause Young (Allocation Failure) 11M->7M(15M) 0.350ms
[91.178s][info][gc] GC(3312) Pause Young (Allocation Failure) 11M->7M(15M) 0.275ms
[91.183s][info][gc] GC(3313) Pause Young (Allocation Failure) 11M->7M(15M) 0.362ms
[91.187s][info][gc] GC(3314) Pause Young (Allocation Failure) 11M->7M(15M) 0.320ms
[91.191s][info][gc] GC(3315) Pause Young (Allocation Failure) 11M->7M(15M) 0.355ms
[91.195s][info][gc] GC(3316) Pause Young (Allocation Failure) 11M->7M(15M) 0.373ms
[91.200s][info][gc] GC(3317) Pause Young (Allocation Failure) 11M->7M(15M) 0.301ms
[91.204s][info][gc] GC(3318) Pause Young (Allocation Failure) 11M->7M(15M) 0.347ms
[91.209s][info][gc] GC(3319) Pause Young (Allocation Failure) 11M->7M(15M) 0.342ms
[91.213s][info][gc] GC(3320) Pause Young (Allocation Failure) 11M->7M(15M) 0.347ms
[91.217s][info][gc] GC(3321) Pause Young (Allocation Failure) 11M->7M(15M) 0.349ms
[91.221s][info][gc] GC(3322) Pause Young (Allocation Failure) 11M->7M(15M) 0.260ms
[91.226s][info][gc] GC(3323) Pause Young (Allocation Failure) 11M->7M(15M) 0.354ms
[91.231s][info][gc] GC(3324) Pause Young (Allocation Failure) 11M->7M(15M) 0.352ms
[91.235s][info][gc] GC(3325) Pause Young (Allocation Failure) 11M->7M(15M) 0.276ms
[91.240s][info][gc] GC(3326) Pause Young (Allocation Failure) 11M->7M(15M) 0.362ms
[91.246s][info][gc] GC(3327) Pause Young (Allocation Failure) 11M->7M(15M) 0.334ms
[91.251s][info][gc] GC(3328) Pause Young (Allocation Failure) 11M->7M(15M) 0.354ms
[91.256s][info][gc] GC(3329) Pause Young (Allocation Failure) 11M->7M(15M) 0.356ms
[91.260s][info][gc] GC(3330) Pause Young (Allocation Failure) 11M->7M(15M) 0.274ms
[91.266s][info][gc] GC(3331) Pause Young (Allocation Failure) 11M->7M(15M) 0.356ms
[91.270s][info][gc] GC(3332) Pause Young (Allocation Failure) 11M->7M(15M) 0.341ms
[91.276s][info][gc] GC(3333) Pause Young (Allocation Failure) 11M->7M(15M) 0.344ms
[91.281s][info][gc] GC(3334) Pause Young (Allocation Failure) 11M->7M(15M) 0.354ms
[91.287s][info][gc] GC(3335) Pause Young (Allocation Failure) 11M->7M(15M) 0.338ms
[91.293s][info][gc] GC(3336) Pause Young (Allocation Failure) 11M->7M(15M) 0.337ms
[91.298s][info][gc] GC(3337) Pause Young (Allocation Failure) 11M->7M(15M) 0.349ms
[91.302s][info][gc] GC(3338) Pause Young (Allocation Failure) 11M->7M(15M) 0.345ms
[91.308s][info][gc] GC(3339) Pause Young (Allocation Failure) 11M->7M(15M) 0.312ms
[91.314s][info][gc] GC(3340) Pause Young (Allocation Failure) 11M->7M(15M) 0.377ms
[91.318s][info][gc] GC(3341) Pause Young (Allocation Failure) 11M->7M(15M) 0.344ms
[91.325s][info][gc] GC(3342) Pause Young (Allocation Failure) 11M->7M(15M) 0.338ms
[91.331s][info][gc] GC(3343) Pause Young (Allocation Failure) 11M->7M(15M) 0.349ms
[91.337s][info][gc] GC(3344) Pause Young (Allocation Failure) 11M->7M(15M) 0.383ms
[91.343s][info][gc] GC(3345) Pause Young (Allocation Failure) 11M->7M(15M) 0.378ms
[91.349s][info][gc] GC(3346) Pause Young (Allocation Failure) 11M->7M(15M) 0.358ms
[91.353s][info][gc] GC(3347) Pause Young (Allocation Failure) 11M->7M(15M) 0.357ms
[91.359s][info][gc] GC(3348) Pause Young (Allocation Failure) 11M->7M(15M) 0.375ms
[91.364s][info][gc] GC(3349) Pause Young (Allocation Failure) 11M->7M(15M) 0.351ms
[91.370s][info][gc] GC(3350) Pause Young (Allocation Failure) 11M->7M(15M) 0.323ms
[91.375s][info][gc] GC(3351) Pause Young (Allocation Failure) 11M->7M(15M) 0.456ms
[91.380s][info][gc] GC(3352) Pause Young (Allocation Failure) 11M->7M(15M) 0.367ms
[91.386s][info][gc] GC(3353) Pause Young (Allocation Failure) 11M->7M(15M) 0.357ms
[91.391s][info][gc] GC(3354) Pause Young (Allocation Failure) 11M->7M(15M) 0.597ms
[91.397s][info][gc] GC(3355) Pause Young (Allocation Failure) 11M->7M(15M) 0.303ms
[91.402s][info][gc] GC(3356) Pause Young (Allocation Failure) 11M->7M(15M) 0.418ms
[91.408s][info][gc] GC(3357) Pause Young (Allocation Failure) 11M->7M(15M) 0.387ms
[91.414s][info][gc] GC(3358) Pause Young (Allocation Failure) 11M->7M(15M) 0.377ms
[91.421s][info][gc] GC(3359) Pause Young (Allocation Failure) 11M->7M(15M) 0.368ms
[91.426s][info][gc] GC(3360) Pause Young (Allocation Failure) 11M->7M(15M) 0.351ms
[91.433s][info][gc] GC(3361) Pause Young (Allocation Failure) 11M->7M(15M) 0.270ms
[91.439s][info][gc] GC(3362) Pause Young (Allocation Failure) 11M->7M(15M) 0.662ms
[91.446s][info][gc] GC(3363) Pause Young (Allocation Failure) 11M->7M(15M) 0.448ms
[91.451s][info][gc] GC(3364) Pause Young (Allocation Failure) 11M->7M(15M) 0.374ms
[91.458s][info][gc] GC(3365) Pause Young (Allocation Failure) 12M->7M(15M) 0.351ms
[91.462s][info][gc] GC(3366) Pause Young (Allocation Failure) 11M->7M(15M) 0.397ms
[91.469s][info][gc] GC(3367) Pause Young (Allocation Failure) 11M->7M(15M) 0.292ms
[91.474s][info][gc] GC(3368) Pause Young (Allocation Failure) 11M->7M(15M) 0.360ms
[91.480s][info][gc] GC(3369) Pause Young (Allocation Failure) 11M->7M(15M) 0.368ms
[91.486s][info][gc] GC(3370) Pause Young (Allocation Failure) 12M->7M(15M) 0.280ms
[91.492s][info][gc] GC(3371) Pause Young (Allocation Failure) 11M->7M(15M) 0.629ms
[91.498s][info][gc] GC(3372) Pause Young (Allocation Failure) 11M->7M(15M) 0.413ms
[91.504s][info][gc] GC(3373) Pause Young (Allocation Failure) 11M->7M(15M) 0.312ms
[91.509s][info][gc] GC(3374) Pause Young (Allocation Failure) 11M->7M(15M) 0.360ms
[91.513s][info][gc] GC(3375) Pause Young (Allocation Failure) 11M->7M(15M) 0.342ms
[91.517s][info][gc] GC(3376) Pause Young (Allocation Failure) 12M->7M(15M) 0.349ms
[91.522s][info][gc] GC(3377) Pause Young (Allocation Failure) 12M->7M(15M) 0.342ms
[91.529s][info][gc] GC(3378) Pause Young (Allocation Failure) 12M->7M(15M) 0.349ms
[91.536s][info][gc] GC(3379) Pause Young (Allocation Failure) 11M->7M(15M) 0.347ms
[91.541s][info][gc] GC(3380) Pause Young (Allocation Failure) 12M->7M(15M) 0.327ms
[91.545s][info][gc] GC(3381) Pause Young (Allocation Failure) 11M->7M(15M) 0.336ms
[91.550s][info][gc] GC(3382) Pause Young (Allocation Failure) 12M->7M(15M) 0.363ms
[91.554s][info][gc] GC(3383) Pause Young (Allocation Failure) 12M->7M(15M) 0.254ms
[91.558s][info][gc] GC(3384) Pause Young (Allocation Failure) 11M->7M(15M) 0.350ms
[91.563s][info][gc] GC(3385) Pause Young (Allocation Failure) 12M->7M(15M) 0.335ms
[91.567s][info][gc] GC(3386) Pause Young (Allocation Failure) 11M->7M(15M) 0.349ms
[91.571s][info][gc] GC(3387) Pause Young (Allocation Failure) 12M->7M(15M) 0.346ms
[91.575s][info][gc] GC(3388) Pause Young (Allocation Failure) 12M->7M(15M) 0.289ms
[91.580s][info][gc] GC(3389) Pause Young (Allocation Failure) 11M->7M(15M) 0.353ms
[91.584s][info][gc] GC(3390) Pause Young (Allocation Failure) 12M->7M(15M) 0.349ms
[91.588s][info][gc] GC(3391) Pause Young (Allocation Failure) 12M->7M(15M) 0.351ms
[91.593s][info][gc] GC(3392) Pause Young (Allocation Failure) 12M->7M(15M) 0.342ms
[91.598s][info][gc] GC(3393) Pause Young (Allocation Failure) 12M->7M(15M) 0.368ms
[91.602s][info][gc] GC(3394) Pause Young (Allocation Failure) 12M->7M(15M) 0.318ms
[91.612s][info][gc] GC(3395) Pause Young (Allocation Failure) 12M->7M(15M) 0.611ms
[91.625s][info][gc] GC(3396) Pause Young (Allocation Failure) 12M->7M(15M) 0.390ms
[91.636s][info][gc] GC(3397) Pause Young (Allocation Failure) 12M->7M(15M) 0.376ms
[91.644s][info][gc] GC(3398) Pause Young (Allocation Failure) 11M->7M(15M) 0.363ms
[91.654s][info][gc] GC(3399) Pause Young (Allocation Failure) 12M->7M(15M) 0.364ms
[91.664s][info][gc] GC(3400) Pause Young (Allocation Failure) 12M->7M(15M) 0.404ms
[91.675s][info][gc] GC(3401) Pause Young (Allocation Failure) 11M->7M(15M) 1.592ms
[91.685s][info][gc] GC(3402) Pause Young (Allocation Failure) 12M->7M(15M) 0.397ms
[91.694s][info][gc] GC(3403) Pause Young (Allocation Failure) 12M->7M(15M) 0.320ms
[91.704s][info][gc] GC(3404) Pause Young (Allocation Failure) 12M->7M(15M) 0.413ms
[91.713s][info][gc] GC(3405) Pause Young (Allocation Failure) 12M->7M(15M) 0.414ms
[91.721s][info][gc] GC(3406) Pause Young (Allocation Failure) 12M->7M(15M) 0.349ms
[91.731s][info][gc] GC(3407) Pause Young (Allocation Failure) 12M->7M(15M) 0.407ms
[91.742s][info][gc] GC(3408) Pause Young (Allocation Failure) 12M->7M(15M) 0.385ms
[91.752s][info][gc] GC(3409) Pause Young (Allocation Failure) 12M->7M(15M) 0.394ms
[91.761s][info][gc] GC(3410) Pause Young (Allocation Failure) 12M->7M(15M) 0.359ms
[91.773s][info][gc] GC(3411) Pause Young (Allocation Failure) 12M->7M(15M) 0.423ms
[91.782s][info][gc] GC(3412) Pause Young (Allocation Failure) 12M->7M(15M) 0.395ms
[91.791s][info][gc] GC(3413) Pause Young (Allocation Failure) 12M->7M(15M) 0.396ms
[91.801s][info][gc] GC(3414) Pause Young (Allocation Failure) 12M->7M(15M) 0.391ms
[91.811s][info][gc] GC(3415) Pause Young (Allocation Failure) 12M->7M(15M) 0.458ms
[91.821s][info][gc] GC(3416) Pause Young (Allocation Failure) 12M->7M(15M) 0.376ms
[91.832s][info][gc] GC(3417) Pause Young (Allocation Failure) 12M->7M(15M) 0.888ms
[91.842s][info][gc] GC(3418) Pause Young (Allocation Failure) 12M->7M(15M) 0.344ms
[91.852s][info][gc] GC(3419) Pause Young (Allocation Failure) 12M->7M(15M) 0.366ms
[91.861s][info][gc] GC(3420) Pause Young (Allocation Failure) 12M->7M(15M) 0.376ms
[91.872s][info][gc] GC(3421) Pause Young (Allocation Failure) 12M->7M(15M) 0.416ms
[91.886s][info][gc] GC(3422) Pause Young (Allocation Failure) 12M->7M(15M) 0.377ms
[91.897s][info][gc] GC(3423) Pause Young (Allocation Failure) 12M->7M(15M) 0.354ms
[91.906s][info][gc] GC(3424) Pause Young (Allocation Failure) 12M->7M(15M) 0.491ms
[91.917s][info][gc] GC(3425) Pause Young (Allocation Failure) 12M->7M(15M) 0.400ms
[91.925s][info][gc] GC(3426) Pause Young (Allocation Failure) 12M->7M(15M) 0.382ms
[91.932s][info][gc] GC(3427) Pause Young (Allocation Failure) 12M->7M(15M) 0.367ms
[91.943s][info][gc] GC(3428) Pause Young (Allocation Failure) 12M->7M(15M) 0.426ms
[91.953s][info][gc] GC(3429) Pause Young (Allocation Failure) 12M->7M(15M) 0.368ms
[91.961s][info][gc] GC(3430) Pause Young (Allocation Failure) 12M->7M(15M) 0.384ms
[91.972s][info][gc] GC(3431) Pause Young (Allocation Failure) 12M->7M(15M) 0.406ms
[91.982s][info][gc] GC(3432) Pause Young (Allocation Failure) 12M->7M(15M) 0.388ms
[91.992s][info][gc] GC(3433) Pause Young (Allocation Failure) 12M->7M(15M) 0.371ms
[92.007s][info][gc] GC(3434) Pause Young (Allocation Failure) 12M->7M(15M) 0.409ms
[92.019s][info][gc] GC(3435) Pause Young (Allocation Failure) 12M->7M(15M) 0.384ms
[92.027s][info][gc] GC(3436) Pause Young (Allocation Failure) 12M->7M(15M) 0.412ms
[92.038s][info][gc] GC(3437) Pause Young (Allocation Failure) 12M->7M(15M) 0.390ms
[92.062s][info][gc] GC(3438) Pause Young (Allocation Failure) 12M->7M(15M) 0.595ms
[92.071s][info][gc] GC(3439) Pause Young (Allocation Failure) 12M->7M(15M) 0.370ms
[92.084s][info][gc] GC(3440) Pause Young (Allocation Failure) 12M->7M(15M) 0.389ms
[92.089s][info][gc] GC(3441) Pause Young (Allocation Failure) 12M->7M(15M) 0.323ms
[92.094s][info][gc] GC(3442) Pause Young (Allocation Failure) 12M->7M(15M) 0.388ms
[92.100s][info][gc] GC(3443) Pause Young (Allocation Failure) 12M->7M(15M) 0.340ms
[92.105s][info][gc] GC(3444) Pause Young (Allocation Failure) 12M->7M(15M) 0.366ms
[92.110s][info][gc] GC(3445) Pause Young (Allocation Failure) 12M->7M(15M) 0.383ms
[92.116s][info][gc] GC(3446) Pause Young (Allocation Failure) 12M->7M(15M) 0.310ms
[92.121s][info][gc] GC(3447) Pause Young (Allocation Failure) 12M->7M(15M) 0.392ms
[92.127s][info][gc] GC(3448) Pause Young (Allocation Failure) 12M->7M(15M) 0.374ms
[92.133s][info][gc] GC(3449) Pause Young (Allocation Failure) 12M->7M(15M) 0.336ms
[92.139s][info][gc] GC(3450) Pause Young (Allocation Failure) 12M->7M(15M) 0.375ms
[92.144s][info][gc] GC(3451) Pause Young (Allocation Failure) 12M->7M(15M) 0.363ms
[92.157s][info][gc] GC(3452) Pause Young (Allocation Failure) 12M->7M(15M) 0.376ms
[92.169s][info][gc] GC(3453) Pause Young (Allocation Failure) 12M->7M(15M) 0.317ms
[92.177s][info][gc] GC(3454) Pause Young (Allocation Failure) 12M->7M(15M) 0.406ms
[92.187s][info][gc] GC(3455) Pause Young (Allocation Failure) 12M->7M(15M) 0.373ms
[92.195s][info][gc] GC(3456) Pause Young (Allocation Failure) 12M->7M(15M) 0.432ms
[92.202s][info][gc] GC(3457) Pause Young (Allocation Failure) 12M->7M(15M) 0.382ms
[92.208s][info][gc] GC(3458) Pause Young (Allocation Failure) 12M->7M(15M) 0.356ms
[92.213s][info][gc] GC(3459) Pause Young (Allocation Failure) 12M->7M(15M) 0.373ms
[92.218s][info][gc] GC(3460) Pause Young (Allocation Failure) 12M->7M(15M) 0.369ms
[92.222s][info][gc] GC(3461) Pause Young (Allocation Failure) 12M->7M(15M) 0.305ms
[92.230s][info][gc] GC(3462) Pause Young (Allocation Failure) 12M->7M(15M) 0.440ms
[92.235s][info][gc] GC(3463) Pause Young (Allocation Failure) 12M->7M(15M) 0.568ms
[92.241s][info][gc] GC(3464) Pause Young (Allocation Failure) 12M->7M(15M) 0.314ms
[92.246s][info][gc] GC(3465) Pause Young (Allocation Failure) 12M->7M(15M) 0.423ms
[92.251s][info][gc] GC(3466) Pause Young (Allocation Failure) 12M->7M(15M) 0.367ms
[92.256s][info][gc] GC(3467) Pause Young (Allocation Failure) 12M->7M(15M) 0.316ms
[92.261s][info][gc] GC(3468) Pause Young (Allocation Failure) 12M->7M(15M) 0.398ms
[92.266s][info][gc] GC(3469) Pause Young (Allocation Failure) 12M->7M(15M) 0.379ms
[92.273s][info][gc] GC(3470) Pause Young (Allocation Failure) 12M->7M(15M) 0.353ms
[92.285s][info][gc] GC(3471) Pause Young (Allocation Failure) 12M->7M(15M) 0.372ms
[92.294s][info][gc] GC(3472) Pause Young (Allocation Failure) 12M->7M(15M) 0.421ms
[92.307s][info][gc] GC(3473) Pause Young (Allocation Failure) 12M->7M(15M) 0.367ms
[92.319s][info][gc] GC(3474) Pause Young (Allocation Failure) 12M->7M(15M) 0.418ms
[92.329s][info][gc] GC(3475) Pause Young (Allocation Failure) 12M->7M(15M) 0.932ms
[92.337s][info][gc] GC(3476) Pause Young (Allocation Failure) 12M->7M(15M) 0.298ms
[92.345s][info][gc] GC(3477) Pause Young (Allocation Failure) 12M->7M(15M) 0.398ms
[92.357s][info][gc] GC(3478) Pause Young (Allocation Failure) 12M->7M(15M) 0.395ms
[92.364s][info][gc] GC(3479) Pause Young (Allocation Failure) 12M->7M(15M) 0.386ms
[92.369s][info][gc] GC(3480) Pause Young (Allocation Failure) 12M->7M(15M) 0.445ms
[92.374s][info][gc] GC(3481) Pause Young (Allocation Failure) 12M->7M(15M) 0.421ms
[92.381s][info][gc] GC(3482) Pause Young (Allocation Failure) 12M->7M(15M) 0.356ms
[92.390s][info][gc] GC(3483) Pause Young (Allocation Failure) 12M->7M(15M) 0.417ms
[92.401s][info][gc] GC(3484) Pause Young (Allocation Failure) 12M->7M(15M) 0.440ms
[92.410s][info][gc] GC(3485) Pause Young (Allocation Failure) 12M->7M(15M) 0.475ms
[92.421s][info][gc] GC(3486) Pause Young (Allocation Failure) 12M->7M(15M) 0.386ms
[92.433s][info][gc] GC(3487) Pause Young (Allocation Failure) 12M->7M(15M) 0.388ms
[92.442s][info][gc] GC(3488) Pause Young (Allocation Failure) 12M->7M(15M) 0.410ms
[92.454s][info][gc] GC(3489) Pause Young (Allocation Failure) 12M->7M(15M) 0.389ms
[92.463s][info][gc] GC(3490) Pause Young (Allocation Failure) 12M->7M(15M) 0.353ms
[92.471s][info][gc] GC(3491) Pause Young (Allocation Failure) 12M->7M(15M) 0.377ms
[92.481s][info][gc] GC(3492) Pause Young (Allocation Failure) 12M->7M(15M) 0.409ms
[92.489s][info][gc] GC(3493) Pause Young (Allocation Failure) 12M->7M(15M) 0.351ms
[92.498s][info][gc] GC(3494) Pause Young (Allocation Failure) 12M->7M(15M) 0.415ms
[92.508s][info][gc] GC(3495) Pause Young (Allocation Failure) 12M->7M(15M) 0.407ms
[92.520s][info][gc] GC(3496) Pause Young (Allocation Failure) 12M->7M(15M) 0.434ms
[92.531s][info][gc] GC(3497) Pause Young (Allocation Failure) 12M->7M(15M) 0.418ms
[92.554s][info][gc] GC(3498) Pause Young (Allocation Failure) 12M->7M(15M) 0.378ms
[92.564s][info][gc] GC(3499) Pause Young (Allocation Failure) 12M->7M(15M) 0.454ms
[92.574s][info][gc] GC(3500) Pause Young (Allocation Failure) 12M->7M(15M) 0.392ms
[92.586s][info][gc] GC(3501) Pause Young (Allocation Failure) 12M->7M(15M) 0.379ms
[92.595s][info][gc] GC(3502) Pause Young (Allocation Failure) 12M->7M(15M) 0.393ms
[92.606s][info][gc] GC(3503) Pause Young (Allocation Failure) 12M->7M(15M) 0.393ms
[92.615s][info][gc] GC(3504) Pause Young (Allocation Failure) 12M->7M(15M) 0.369ms
[92.626s][info][gc] GC(3505) Pause Young (Allocation Failure) 12M->7M(15M) 0.391ms
[92.634s][info][gc] GC(3506) Pause Young (Allocation Failure) 12M->7M(15M) 0.420ms
[92.660s][info][gc] GC(3507) Pause Young (Allocation Failure) 12M->7M(15M) 0.409ms
[92.673s][info][gc] GC(3508) Pause Young (Allocation Failure) 12M->7M(15M) 0.458ms
[92.682s][info][gc] GC(3509) Pause Young (Allocation Failure) 12M->7M(15M) 0.415ms
[92.690s][info][gc] GC(3510) Pause Young (Allocation Failure) 12M->7M(15M) 0.379ms
[92.699s][info][gc] GC(3511) Pause Young (Allocation Failure) 12M->7M(15M) 0.424ms
[92.709s][info][gc] GC(3512) Pause Young (Allocation Failure) 12M->7M(15M) 0.396ms
[92.728s][info][gc] GC(3513) Pause Young (Allocation Failure) 12M->7M(15M) 0.404ms
[92.787s][info][gc] GC(3514) Pause Young (Allocation Failure) 12M->7M(15M) 0.398ms
[92.798s][info][gc] GC(3515) Pause Young (Allocation Failure) 12M->7M(15M) 0.426ms
[92.810s][info][gc] GC(3516) Pause Young (Allocation Failure) 12M->7M(15M) 0.447ms
[92.822s][info][gc] GC(3517) Pause Young (Allocation Failure) 12M->7M(15M) 0.418ms
[92.829s][info][gc] GC(3518) Pause Young (Allocation Failure) 12M->7M(15M) 0.944ms
[92.848s][info][gc] GC(3519) Pause Young (Allocation Failure) 12M->7M(15M) 0.390ms
[92.898s][info][gc] GC(3520) Pause Young (Allocation Failure) 12M->7M(15M) 0.520ms
[92.966s][info][gc] GC(3521) Pause Young (Allocation Failure) 12M->7M(15M) 0.430ms
[93.002s][info][gc] GC(3522) Pause Young (Allocation Failure) 12M->7M(15M) 0.430ms
[93.011s][info][gc] GC(3523) Pause Young (Allocation Failure) 12M->7M(15M) 0.391ms
[93.020s][info][gc] GC(3524) Pause Young (Allocation Failure) 12M->7M(15M) 0.339ms
[93.030s][info][gc] GC(3525) Pause Young (Allocation Failure) 12M->7M(15M) 0.411ms
[93.038s][info][gc] GC(3526) Pause Young (Allocation Failure) 12M->7M(15M) 0.350ms
[93.047s][info][gc] GC(3527) Pause Young (Allocation Failure) 12M->7M(15M) 0.415ms
[93.058s][info][gc] GC(3528) Pause Young (Allocation Failure) 12M->7M(15M) 0.394ms
[93.068s][info][gc] GC(3529) Pause Young (Allocation Failure) 12M->7M(15M) 0.424ms
[93.079s][info][gc] GC(3530) Pause Young (Allocation Failure) 12M->7M(15M) 1.265ms
[93.090s][info][gc] GC(3531) Pause Young (Allocation Failure) 12M->7M(15M) 0.416ms
[93.101s][info][gc] GC(3532) Pause Young (Allocation Failure) 12M->7M(15M) 0.360ms
[93.110s][info][gc] GC(3533) Pause Young (Allocation Failure) 12M->7M(15M) 0.445ms
[93.122s][info][gc] GC(3534) Pause Young (Allocation Failure) 12M->7M(15M) 0.401ms
[93.132s][info][gc] GC(3535) Pause Young (Allocation Failure) 12M->7M(15M) 0.375ms
[93.142s][info][gc] GC(3536) Pause Young (Allocation Failure) 12M->7M(15M) 0.411ms
[93.150s][info][gc] GC(3537) Pause Young (Allocation Failure) 12M->7M(15M) 0.886ms
[93.159s][info][gc] GC(3538) Pause Young (Allocation Failure) 12M->7M(15M) 0.405ms
[93.168s][info][gc] GC(3539) Pause Young (Allocation Failure) 12M->7M(15M) 0.498ms
[93.177s][info][gc] GC(3540) Pause Young (Allocation Failure) 12M->7M(15M) 0.369ms
[93.185s][info][gc] GC(3541) Pause Young (Allocation Failure) 12M->7M(15M) 0.510ms
[93.194s][info][gc] GC(3542) Pause Young (Allocation Failure) 12M->7M(15M) 0.385ms
[93.206s][info][gc] GC(3543) Pause Young (Allocation Failure) 12M->7M(15M) 0.412ms
[93.220s][info][gc] GC(3544) Pause Young (Allocation Failure) 12M->7M(15M) 0.386ms
[93.231s][info][gc] GC(3545) Pause Young (Allocation Failure) 12M->7M(15M) 0.364ms
[93.241s][info][gc] GC(3546) Pause Young (Allocation Failure) 12M->7M(15M) 0.424ms
[93.252s][info][gc] GC(3547) Pause Young (Allocation Failure) 12M->7M(15M) 0.408ms
[93.258s][info][gc] GC(3548) Pause Young (Allocation Failure) 12M->7M(15M) 0.370ms
[93.269s][info][gc] GC(3549) Pause Young (Allocation Failure) 12M->7M(15M) 0.385ms
[93.276s][info][gc] GC(3550) Pause Young (Allocation Failure) 12M->7M(15M) 0.395ms
[93.281s][info][gc] GC(3551) Pause Young (Allocation Failure) 12M->7M(15M) 0.333ms
[93.286s][info][gc] GC(3552) Pause Young (Allocation Failure) 12M->7M(15M) 0.404ms
[93.291s][info][gc] GC(3553) Pause Young (Allocation Failure) 12M->7M(15M) 0.383ms
[93.296s][info][gc] GC(3554) Pause Young (Allocation Failure) 12M->7M(15M) 0.332ms
[93.301s][info][gc] GC(3555) Pause Young (Allocation Failure) 12M->7M(15M) 0.423ms
[93.306s][info][gc] GC(3556) Pause Young (Allocation Failure) 12M->7M(15M) 0.388ms
[93.312s][info][gc] GC(3557) Pause Young (Allocation Failure) 12M->7M(15M) 0.416ms
[93.322s][info][gc] GC(3558) Pause Young (Allocation Failure) 12M->7M(15M) 0.404ms
[93.331s][info][gc] GC(3559) Pause Young (Allocation Failure) 12M->7M(15M) 0.452ms
[93.341s][info][gc] GC(3560) Pause Young (Allocation Failure) 12M->7M(15M) 0.356ms
[93.350s][info][gc] GC(3561) Pause Young (Allocation Failure) 12M->7M(15M) 0.471ms
[93.359s][info][gc] GC(3562) Pause Young (Allocation Failure) 12M->7M(15M) 0.351ms
[93.369s][info][gc] GC(3563) Pause Young (Allocation Failure) 12M->7M(15M) 0.382ms
[93.381s][info][gc] GC(3564) Pause Young (Allocation Failure) 12M->7M(15M) 0.413ms
[93.388s][info][gc] GC(3565) Pause Young (Allocation Failure) 12M->7M(15M) 0.399ms
[93.397s][info][gc] GC(3566) Pause Young (Allocation Failure) 12M->7M(15M) 0.426ms
[93.405s][info][gc] GC(3567) Pause Young (Allocation Failure) 12M->7M(15M) 0.452ms
[93.417s][info][gc] GC(3568) Pause Young (Allocation Failure) 12M->7M(15M) 0.987ms
[93.427s][info][gc] GC(3569) Pause Young (Allocation Failure) 12M->7M(15M) 0.407ms
[93.436s][info][gc] GC(3570) Pause Young (Allocation Failure) 12M->7M(15M) 0.435ms
[93.445s][info][gc] GC(3571) Pause Young (Allocation Failure) 12M->7M(15M) 0.357ms
[93.453s][info][gc] GC(3572) Pause Young (Allocation Failure) 12M->7M(15M) 0.453ms
[93.462s][info][gc] GC(3573) Pause Young (Allocation Failure) 12M->7M(15M) 0.451ms
[93.470s][info][gc] GC(3574) Pause Young (Allocation Failure) 12M->7M(15M) 0.303ms
[93.479s][info][gc] GC(3575) Pause Young (Allocation Failure) 12M->7M(15M) 1.055ms
[93.488s][info][gc] GC(3576) Pause Young (Allocation Failure) 12M->7M(15M) 0.436ms
[93.497s][info][gc] GC(3577) Pause Young (Allocation Failure) 12M->7M(15M) 0.372ms
[93.506s][info][gc] GC(3578) Pause Young (Allocation Failure) 12M->7M(15M) 0.444ms
[93.515s][info][gc] GC(3579) Pause Young (Allocation Failure) 12M->7M(15M) 0.420ms
[93.525s][info][gc] GC(3580) Pause Young (Allocation Failure) 12M->7M(15M) 0.423ms
[93.532s][info][gc] GC(3581) Pause Young (Allocation Failure) 12M->7M(15M) 0.361ms
[93.543s][info][gc] GC(3582) Pause Young (Allocation Failure) 12M->7M(15M) 0.408ms
[93.559s][info][gc] GC(3583) Pause Young (Allocation Failure) 12M->7M(15M) 0.422ms
[93.569s][info][gc] GC(3584) Pause Young (Allocation Failure) 12M->7M(15M) 0.398ms
[93.578s][info][gc] GC(3585) Pause Young (Allocation Failure) 12M->7M(15M) 0.411ms
[93.587s][info][gc] GC(3586) Pause Young (Allocation Failure) 12M->7M(15M) 0.382ms
[93.597s][info][gc] GC(3587) Pause Young (Allocation Failure) 12M->7M(15M) 0.351ms
[93.606s][info][gc] GC(3588) Pause Young (Allocation Failure) 12M->7M(15M) 0.408ms
[93.618s][info][gc] GC(3589) Pause Young (Allocation Failure) 12M->7M(15M) 1.124ms
[93.628s][info][gc] GC(3590) Pause Young (Allocation Failure) 12M->7M(15M) 0.546ms
[93.642s][info][gc] GC(3591) Pause Young (Allocation Failure) 12M->7M(15M) 0.474ms
[93.654s][info][gc] GC(3592) Pause Young (Allocation Failure) 12M->7M(15M) 0.396ms
[93.664s][info][gc] GC(3593) Pause Young (Allocation Failure) 12M->7M(15M) 0.422ms
[93.673s][info][gc] GC(3594) Pause Young (Allocation Failure) 12M->7M(15M) 0.430ms
[93.682s][info][gc] GC(3595) Pause Young (Allocation Failure) 12M->7M(15M) 0.415ms
[93.693s][info][gc] GC(3596) Pause Young (Allocation Failure) 12M->7M(15M) 0.408ms
[93.701s][info][gc] GC(3597) Pause Young (Allocation Failure) 12M->7M(15M) 0.499ms
[93.710s][info][gc] GC(3598) Pause Young (Allocation Failure) 12M->7M(15M) 0.329ms
[93.717s][info][gc] GC(3599) Pause Young (Allocation Failure) 12M->8M(15M) 0.523ms
[93.732s][info][gc] GC(3600) Pause Young (Allocation Failure) 12M->7M(15M) 0.417ms
[93.783s][info][gc] GC(3601) Pause Young (Allocation Failure) 12M->7M(15M) 0.364ms
[93.802s][info][gc] GC(3602) Pause Young (Allocation Failure) 12M->8M(15M) 1.242ms
[93.815s][info][gc] GC(3603) Pause Young (Allocation Failure) 12M->7M(15M) 0.419ms
[93.827s][info][gc] GC(3604) Pause Young (Allocation Failure) 12M->7M(15M) 0.415ms
[93.842s][info][gc] GC(3605) Pause Young (Allocation Failure) 12M->7M(15M) 0.327ms
[93.876s][info][gc] GC(3606) Pause Young (Allocation Failure) 12M->8M(15M) 0.449ms
[93.891s][info][gc] GC(3607) Pause Young (Allocation Failure) 12M->7M(15M) 0.407ms
[93.910s][info][gc] GC(3608) Pause Young (Allocation Failure) 12M->8M(15M) 1.135ms
[93.924s][info][gc] GC(3609) Pause Young (Allocation Failure) 12M->8M(15M) 0.464ms
[93.936s][info][gc] GC(3610) Pause Young (Allocation Failure) 12M->8M(15M) 0.391ms
[93.948s][info][gc] GC(3611) Pause Young (Allocation Failure) 12M->7M(15M) 0.560ms
[93.957s][info][gc] GC(3612) Pause Young (Allocation Failure) 12M->7M(15M) 0.389ms
[93.965s][info][gc] GC(3613) Pause Young (Allocation Failure) 12M->8M(15M) 0.432ms
[93.972s][info][gc] GC(3614) Pause Young (Allocation Failure) 12M->7M(15M) 0.394ms
[93.980s][info][gc] GC(3615) Pause Young (Allocation Failure) 12M->8M(15M) 0.419ms
[93.986s][info][gc] GC(3616) Pause Young (Allocation Failure) 12M->8M(15M) 0.386ms
[93.992s][info][gc] GC(3617) Pause Young (Allocation Failure) 12M->8M(15M) 0.399ms
[93.999s][info][gc] GC(3618) Pause Young (Allocation Failure) 12M->7M(15M) 0.287ms
[94.005s][info][gc] GC(3619) Pause Young (Allocation Failure) 12M->8M(15M) 0.372ms
[94.010s][info][gc] GC(3620) Pause Young (Allocation Failure) 12M->8M(15M) 0.401ms
[94.017s][info][gc] GC(3621) Pause Young (Allocation Failure) 12M->7M(15M) 0.283ms
[94.025s][info][gc] GC(3622) Pause Young (Allocation Failure) 12M->8M(15M) 0.395ms
[94.032s][info][gc] GC(3623) Pause Young (Allocation Failure) 12M->8M(15M) 0.382ms
[94.037s][info][gc] GC(3624) Pause Young (Allocation Failure) 12M->8M(15M) 0.398ms
[94.044s][info][gc] GC(3625) Pause Young (Allocation Failure) 12M->8M(15M) 0.385ms
[94.051s][info][gc] GC(3626) Pause Young (Allocation Failure) 12M->7M(15M) 0.379ms
[94.055s][info][gc] GC(3627) Pause Young (Allocation Failure) 12M->8M(15M) 0.379ms
[94.060s][info][gc] GC(3628) Pause Young (Allocation Failure) 12M->8M(15M) 0.394ms
[94.066s][info][gc] GC(3629) Pause Young (Allocation Failure) 12M->7M(15M) 0.316ms
[94.071s][info][gc] GC(3630) Pause Young (Allocation Failure) 12M->8M(15M) 0.391ms
[94.080s][info][gc] GC(3631) Pause Young (Allocation Failure) 12M->8M(15M) 0.394ms
[94.088s][info][gc] GC(3632) Pause Young (Allocation Failure) 12M->8M(15M) 0.394ms
[94.094s][info][gc] GC(3633) Pause Young (Allocation Failure) 12M->8M(15M) 0.391ms
[94.102s][info][gc] GC(3634) Pause Young (Allocation Failure) 12M->8M(15M) 1.760ms
[94.109s][info][gc] GC(3635) Pause Young (Allocation Failure) 12M->8M(15M) 0.661ms
[94.117s][info][gc] GC(3636) Pause Young (Allocation Failure) 12M->8M(15M) 0.392ms
[94.123s][info][gc] GC(3637) Pause Young (Allocation Failure) 12M->7M(15M) 0.323ms
[94.131s][info][gc] GC(3638) Pause Young (Allocation Failure) 12M->8M(15M) 0.529ms
[94.137s][info][gc] GC(3639) Pause Young (Allocation Failure) 12M->8M(15M) 0.377ms
[94.143s][info][gc] GC(3640) Pause Young (Allocation Failure) 12M->8M(15M) 0.401ms
[94.150s][info][gc] GC(3641) Pause Young (Allocation Failure) 12M->8M(15M) 0.405ms
[94.156s][info][gc] GC(3642) Pause Young (Allocation Failure) 12M->8M(15M) 0.362ms
[94.163s][info][gc] GC(3643) Pause Young (Allocation Failure) 12M->8M(15M) 0.462ms
[94.169s][info][gc] GC(3644) Pause Young (Allocation Failure) 12M->8M(15M) 0.384ms
[94.175s][info][gc] GC(3645) Pause Young (Allocation Failure) 12M->8M(15M) 0.323ms
[94.182s][info][gc] GC(3646) Pause Young (Allocation Failure) 12M->8M(15M) 0.418ms
[94.188s][info][gc] GC(3647) Pause Young (Allocation Failure) 12M->8M(15M) 0.376ms
[94.196s][info][gc] GC(3648) Pause Young (Allocation Failure) 12M->8M(15M) 0.353ms
[94.204s][info][gc] GC(3649) Pause Young (Allocation Failure) 12M->8M(15M) 0.416ms
[94.211s][info][gc] GC(3650) Pause Young (Allocation Failure) 12M->8M(15M) 0.425ms
[94.217s][info][gc] GC(3651) Pause Young (Allocation Failure) 12M->8M(15M) 0.614ms
[94.230s][info][gc] GC(3652) Pause Young (Allocation Failure) 12M->8M(15M) 1.489ms
[94.237s][info][gc] GC(3653) Pause Young (Allocation Failure) 12M->8M(15M) 0.377ms
[94.249s][info][gc] GC(3654) Pause Young (Allocation Failure) 12M->8M(15M) 0.393ms
[94.257s][info][gc] GC(3655) Pause Young (Allocation Failure) 12M->8M(15M) 0.395ms
[94.266s][info][gc] GC(3656) Pause Young (Allocation Failure) 12M->8M(15M) 0.739ms
[94.272s][info][gc] GC(3657) Pause Young (Allocation Failure) 12M->8M(15M) 0.425ms
[94.278s][info][gc] GC(3658) Pause Young (Allocation Failure) 12M->8M(15M) 0.533ms
[94.284s][info][gc] GC(3659) Pause Young (Allocation Failure) 12M->8M(15M) 0.403ms
[94.290s][info][gc] GC(3660) Pause Young (Allocation Failure) 12M->8M(15M) 0.356ms
[94.299s][info][gc] GC(3661) Pause Young (Allocation Failure) 12M->8M(15M) 0.384ms
[94.308s][info][gc] GC(3662) Pause Young (Allocation Failure) 12M->8M(15M) 0.386ms
[94.313s][info][gc] GC(3663) Pause Young (Allocation Failure) 12M->8M(15M) 0.368ms
[94.318s][info][gc] GC(3664) Pause Young (Allocation Failure) 12M->8M(15M) 0.385ms
[94.325s][info][gc] GC(3665) Pause Young (Allocation Failure) 12M->8M(15M) 0.376ms
[94.331s][info][gc] GC(3666) Pause Young (Allocation Failure) 12M->8M(15M) 0.413ms
[94.337s][info][gc] GC(3667) Pause Young (Allocation Failure) 12M->8M(15M) 0.540ms
[94.345s][info][gc] GC(3668) Pause Young (Allocation Failure) 12M->8M(15M) 0.405ms
[94.353s][info][gc] GC(3669) Pause Young (Allocation Failure) 12M->8M(15M) 0.385ms
[94.361s][info][gc] GC(3670) Pause Young (Allocation Failure) 12M->8M(15M) 0.558ms
[94.368s][info][gc] GC(3671) Pause Young (Allocation Failure) 12M->8M(15M) 0.363ms
[94.373s][info][gc] GC(3672) Pause Young (Allocation Failure) 12M->8M(15M) 0.411ms
[94.378s][info][gc] GC(3673) Pause Young (Allocation Failure) 12M->8M(15M) 0.386ms
[94.384s][info][gc] GC(3674) Pause Young (Allocation Failure) 12M->8M(15M) 0.350ms
[94.397s][info][gc] GC(3675) Pause Young (Allocation Failure) 12M->8M(15M) 0.572ms
[94.407s][info][gc] GC(3676) Pause Young (Allocation Failure) 12M->8M(15M) 0.384ms
[94.412s][info][gc] GC(3677) Pause Young (Allocation Failure) 12M->8M(15M) 0.734ms
[94.417s][info][gc] GC(3678) Pause Young (Allocation Failure) 12M->8M(15M) 0.409ms
[94.422s][info][gc] GC(3679) Pause Young (Allocation Failure) 12M->8M(15M) 0.389ms
[94.431s][info][gc] GC(3680) Pause Young (Allocation Failure) 12M->8M(15M) 0.365ms
[94.436s][info][gc] GC(3681) Pause Young (Allocation Failure) 12M->8M(15M) 0.378ms
[94.440s][info][gc] GC(3682) Pause Young (Allocation Failure) 12M->8M(15M) 0.381ms
[94.457s][info][gc] GC(3683) Pause Young (Allocation Failure) 12M->8M(15M) 0.300ms
[94.469s][info][gc] GC(3684) Pause Young (Allocation Failure) 12M->8M(15M) 0.375ms
[94.482s][info][gc] GC(3685) Pause Young (Allocation Failure) 12M->8M(15M) 0.374ms
[94.494s][info][gc] GC(3686) Pause Young (Allocation Failure) 12M->8M(15M) 0.383ms
[94.502s][info][gc] GC(3687) Pause Young (Allocation Failure) 12M->8M(15M) 0.366ms
[94.513s][info][gc] GC(3688) Pause Young (Allocation Failure) 12M->8M(15M) 0.370ms
[94.518s][info][gc] GC(3689) Pause Young (Allocation Failure) 12M->8M(15M) 0.379ms
[94.524s][info][gc] GC(3690) Pause Young (Allocation Failure) 12M->8M(15M) 0.355ms
[94.530s][info][gc] GC(3691) Pause Young (Allocation Failure) 12M->8M(15M) 0.328ms
[94.534s][info][gc] GC(3692) Pause Young (Allocation Failure) 12M->8M(15M) 0.388ms
[94.542s][info][gc] GC(3693) Pause Young (Allocation Failure) 12M->8M(15M) 0.400ms
[94.550s][info][gc] GC(3694) Pause Young (Allocation Failure) 12M->8M(15M) 0.376ms
[94.555s][info][gc] GC(3695) Pause Young (Allocation Failure) 12M->8M(15M) 0.377ms
[94.563s][info][gc] GC(3696) Pause Young (Allocation Failure) 12M->8M(15M) 0.366ms
[94.569s][info][gc] GC(3697) Pause Young (Allocation Failure) 12M->8M(15M) 0.491ms
[94.576s][info][gc] GC(3698) Pause Young (Allocation Failure) 12M->8M(15M) 0.395ms
[94.582s][info][gc] GC(3699) Pause Young (Allocation Failure) 12M->8M(15M) 0.297ms
[94.586s][info][gc] GC(3700) Pause Young (Allocation Failure) 12M->8M(15M) 0.378ms
[94.593s][info][gc] GC(3701) Pause Young (Allocation Failure) 12M->8M(15M) 0.346ms
[94.598s][info][gc] GC(3702) Pause Young (Allocation Failure) 12M->8M(15M) 0.420ms
[94.603s][info][gc] GC(3703) Pause Young (Allocation Failure) 12M->8M(15M) 0.366ms
[94.608s][info][gc] GC(3704) Pause Young (Allocation Failure) 12M->8M(15M) 0.377ms
[94.613s][info][gc] GC(3705) Pause Young (Allocation Failure) 12M->8M(15M) 0.420ms
[94.619s][info][gc] GC(3706) Pause Young (Allocation Failure) 12M->8M(15M) 0.369ms
[94.625s][info][gc] GC(3707) Pause Young (Allocation Failure) 12M->8M(15M) 0.322ms
[94.631s][info][gc] GC(3708) Pause Young (Allocation Failure) 12M->8M(15M) 0.387ms
[94.636s][info][gc] GC(3709) Pause Young (Allocation Failure) 12M->8M(15M) 0.379ms
[94.640s][info][gc] GC(3710) Pause Young (Allocation Failure) 12M->8M(15M) 0.285ms
[94.647s][info][gc] GC(3711) Pause Young (Allocation Failure) 12M->8M(15M) 0.389ms
[94.653s][info][gc] GC(3712) Pause Young (Allocation Failure) 12M->8M(15M) 0.388ms
[94.658s][info][gc] GC(3713) Pause Young (Allocation Failure) 12M->8M(15M) 0.309ms
[94.662s][info][gc] GC(3714) Pause Young (Allocation Failure) 12M->8M(15M) 0.556ms
[94.667s][info][gc] GC(3715) Pause Young (Allocation Failure) 12M->8M(15M) 0.315ms
[94.672s][info][gc] GC(3716) Pause Young (Allocation Failure) 12M->8M(15M) 0.372ms
[94.676s][info][gc] GC(3717) Pause Young (Allocation Failure) 12M->8M(15M) 0.371ms
[94.681s][info][gc] GC(3718) Pause Young (Allocation Failure) 12M->8M(15M) 0.341ms
[94.686s][info][gc] GC(3719) Pause Young (Allocation Failure) 12M->8M(15M) 0.386ms
[94.694s][info][gc] GC(3720) Pause Young (Allocation Failure) 12M->8M(15M) 0.444ms
[94.702s][info][gc] GC(3721) Pause Young (Allocation Failure) 12M->8M(15M) 0.377ms
[94.710s][info][gc] GC(3722) Pause Young (Allocation Failure) 12M->8M(15M) 0.375ms
[94.719s][info][gc] GC(3723) Pause Young (Allocation Failure) 12M->8M(15M) 0.371ms
[94.723s][info][gc] GC(3724) Pause Young (Allocation Failure) 12M->8M(15M) 0.287ms
[94.728s][info][gc] GC(3725) Pause Young (Allocation Failure) 12M->8M(15M) 0.384ms
[94.733s][info][gc] GC(3726) Pause Young (Allocation Failure) 12M->8M(15M) 0.410ms
[94.738s][info][gc] GC(3727) Pause Young (Allocation Failure) 12M->8M(15M) 0.380ms
[94.742s][info][gc] GC(3728) Pause Young (Allocation Failure) 12M->8M(15M) 0.375ms
[94.747s][info][gc] GC(3729) Pause Young (Allocation Failure) 12M->8M(15M) 0.385ms
[94.752s][info][gc] GC(3730) Pause Young (Allocation Failure) 12M->8M(15M) 0.364ms
[94.756s][info][gc] GC(3731) Pause Young (Allocation Failure) 12M->8M(15M) 0.285ms
[94.761s][info][gc] GC(3732) Pause Young (Allocation Failure) 12M->8M(15M) 0.395ms
[94.768s][info][gc] GC(3733) Pause Young (Allocation Failure) 12M->8M(15M) 0.362ms
[94.773s][info][gc] GC(3734) Pause Young (Allocation Failure) 12M->8M(15M) 0.382ms
[94.779s][info][gc] GC(3735) Pause Young (Allocation Failure) 12M->8M(15M) 0.400ms
[94.784s][info][gc] GC(3736) Pause Young (Allocation Failure) 12M->8M(15M) 0.373ms
[94.788s][info][gc] GC(3737) Pause Young (Allocation Failure) 12M->8M(15M) 0.293ms
[94.793s][info][gc] GC(3738) Pause Young (Allocation Failure) 12M->8M(15M) 0.386ms
[94.798s][info][gc] GC(3739) Pause Young (Allocation Failure) 12M->8M(15M) 0.394ms
[94.803s][info][gc] GC(3740) Pause Young (Allocation Failure) 12M->8M(15M) 0.304ms
[94.807s][info][gc] GC(3741) Pause Young (Allocation Failure) 12M->8M(15M) 0.379ms
[94.812s][info][gc] GC(3742) Pause Young (Allocation Failure) 12M->8M(15M) 0.513ms
[94.817s][info][gc] GC(3743) Pause Young (Allocation Failure) 12M->8M(15M) 0.290ms
[94.822s][info][gc] GC(3744) Pause Young (Allocation Failure) 12M->8M(15M) 0.409ms
[94.828s][info][gc] GC(3745) Pause Young (Allocation Failure) 12M->8M(15M) 0.368ms
[94.833s][info][gc] GC(3746) Pause Young (Allocation Failure) 12M->8M(15M) 0.393ms
[94.838s][info][gc] GC(3747) Pause Young (Allocation Failure) 12M->8M(15M) 0.387ms
[94.842s][info][gc] GC(3748) Pause Young (Allocation Failure) 12M->8M(15M) 0.343ms
[94.851s][info][gc] GC(3749) Pause Young (Allocation Failure) 12M->8M(15M) 0.404ms
[94.862s][info][gc] GC(3750) Pause Young (Allocation Failure) 12M->8M(15M) 0.374ms
[94.871s][info][gc] GC(3751) Pause Young (Allocation Failure) 12M->8M(15M) 0.326ms
[94.881s][info][gc] GC(3752) Pause Young (Allocation Failure) 12M->8M(15M) 0.810ms
[94.891s][info][gc] GC(3753) Pause Young (Allocation Failure) 12M->8M(15M) 0.423ms
[94.905s][info][gc] GC(3754) Pause Young (Allocation Failure) 12M->8M(15M) 0.366ms
[94.916s][info][gc] GC(3755) Pause Young (Allocation Failure) 12M->8M(15M) 0.402ms
[94.926s][info][gc] GC(3756) Pause Young (Allocation Failure) 12M->8M(15M) 0.377ms
[94.939s][info][gc] GC(3757) Pause Young (Allocation Failure) 12M->8M(15M) 0.338ms
[94.951s][info][gc] GC(3758) Pause Young (Allocation Failure) 12M->8M(15M) 0.411ms
[94.963s][info][gc] GC(3759) Pause Young (Allocation Failure) 12M->8M(15M) 0.422ms
[94.974s][info][gc] GC(3760) Pause Young (Allocation Failure) 12M->8M(15M) 0.328ms
[94.988s][info][gc] GC(3761) Pause Young (Allocation Failure) 12M->8M(15M) 0.373ms
[95.006s][info][gc] GC(3762) Pause Young (Allocation Failure) 12M->8M(15M) 0.397ms
[95.024s][info][gc] GC(3763) Pause Young (Allocation Failure) 12M->8M(15M) 0.390ms
[95.035s][info][gc] GC(3764) Pause Young (Allocation Failure) 12M->8M(15M) 0.419ms
[95.046s][info][gc] GC(3765) Pause Young (Allocation Failure) 12M->8M(15M) 1.330ms
[95.058s][info][gc] GC(3766) Pause Young (Allocation Failure) 12M->8M(15M) 0.381ms
[95.069s][info][gc] GC(3767) Pause Young (Allocation Failure) 12M->8M(15M) 0.854ms
[95.083s][info][gc] GC(3768) Pause Young (Allocation Failure) 12M->8M(15M) 0.373ms
[95.093s][info][gc] GC(3769) Pause Young (Allocation Failure) 12M->8M(15M) 0.392ms
[95.107s][info][gc] GC(3770) Pause Young (Allocation Failure) 12M->8M(15M) 0.388ms
[95.120s][info][gc] GC(3771) Pause Young (Allocation Failure) 12M->8M(15M) 0.344ms
[95.132s][info][gc] GC(3772) Pause Young (Allocation Failure) 12M->8M(15M) 0.493ms
[95.155s][info][gc] GC(3773) Pause Young (Allocation Failure) 12M->8M(15M) 0.423ms
[95.168s][info][gc] GC(3774) Pause Young (Allocation Failure) 12M->8M(15M) 0.364ms
[95.178s][info][gc] GC(3775) Pause Young (Allocation Failure) 12M->8M(15M) 0.397ms
[95.190s][info][gc] GC(3776) Pause Young (Allocation Failure) 12M->8M(15M) 0.368ms
[95.203s][info][gc] GC(3777) Pause Young (Allocation Failure) 12M->8M(15M) 0.368ms
[95.210s][info][gc] GC(3778) Pause Young (Allocation Failure) 12M->8M(15M) 0.397ms
[95.218s][info][gc] GC(3779) Pause Young (Allocation Failure) 12M->8M(15M) 0.399ms
[95.228s][info][gc] GC(3780) Pause Young (Allocation Failure) 12M->8M(15M) 0.391ms
[95.238s][info][gc] GC(3781) Pause Young (Allocation Failure) 12M->8M(15M) 0.372ms
[95.250s][info][gc] GC(3782) Pause Young (Allocation Failure) 12M->8M(15M) 0.897ms
[95.264s][info][gc] GC(3783) Pause Young (Allocation Failure) 12M->8M(15M) 0.896ms
[95.278s][info][gc] GC(3784) Pause Young (Allocation Failure) 12M->8M(15M) 0.408ms
[95.291s][info][gc] GC(3785) Pause Young (Allocation Failure) 12M->8M(15M) 0.445ms
[95.304s][info][gc] GC(3786) Pause Young (Allocation Failure) 12M->8M(15M) 0.398ms
[95.319s][info][gc] GC(3787) Pause Young (Allocation Failure) 12M->8M(15M) 0.408ms
[95.331s][info][gc] GC(3788) Pause Young (Allocation Failure) 12M->8M(15M) 0.836ms
[95.342s][info][gc] GC(3789) Pause Young (Allocation Failure) 12M->8M(15M) 0.634ms
[95.354s][info][gc] GC(3790) Pause Young (Allocation Failure) 12M->8M(15M) 0.420ms
[95.368s][info][gc] GC(3791) Pause Young (Allocation Failure) 12M->8M(15M) 0.367ms
[95.382s][info][gc] GC(3792) Pause Young (Allocation Failure) 12M->8M(15M) 1.204ms
[95.392s][info][gc] GC(3793) Pause Young (Allocation Failure) 12M->8M(15M) 0.392ms
[95.448s][info][gc] GC(3794) Pause Young (Allocation Failure) 12M->8M(15M) 0.410ms
[95.458s][info][gc] GC(3795) Pause Young (Allocation Failure) 12M->8M(15M) 0.379ms
[95.471s][info][gc] GC(3796) Pause Young (Allocation Failure) 12M->8M(15M) 0.312ms
[95.483s][info][gc] GC(3797) Pause Young (Allocation Failure) 12M->8M(15M) 0.771ms
[95.496s][info][gc] GC(3798) Pause Young (Allocation Failure) 12M->8M(15M) 1.344ms
[95.508s][info][gc] GC(3799) Pause Young (Allocation Failure) 12M->8M(15M) 0.314ms
[95.522s][info][gc] GC(3800) Pause Young (Allocation Failure) 12M->8M(15M) 0.451ms
[95.535s][info][gc] GC(3801) Pause Young (Allocation Failure) 12M->8M(15M) 0.337ms
[95.544s][info][gc] GC(3802) Pause Young (Allocation Failure) 12M->8M(15M) 0.394ms
[95.556s][info][gc] GC(3803) Pause Young (Allocation Failure) 12M->8M(15M) 0.422ms
[95.571s][info][gc] GC(3804) Pause Young (Allocation Failure) 12M->8M(15M) 0.325ms
[95.583s][info][gc] GC(3805) Pause Young (Allocation Failure) 12M->8M(15M) 0.326ms
[95.594s][info][gc] GC(3806) Pause Young (Allocation Failure) 12M->8M(15M) 0.925ms
[95.608s][info][gc] GC(3807) Pause Young (Allocation Failure) 12M->8M(15M) 0.377ms
[95.621s][info][gc] GC(3808) Pause Young (Allocation Failure) 12M->8M(15M) 0.426ms
[95.633s][info][gc] GC(3809) Pause Young (Allocation Failure) 12M->8M(15M) 0.909ms
[95.644s][info][gc] GC(3810) Pause Young (Allocation Failure) 12M->8M(15M) 0.397ms
[95.661s][info][gc] GC(3811) Pause Young (Allocation Failure) 12M->8M(15M) 0.399ms
[95.668s][info][gc] GC(3812) Pause Young (Allocation Failure) 12M->8M(15M) 0.294ms
[95.673s][info][gc] GC(3813) Pause Young (Allocation Failure) 12M->8M(15M) 0.632ms
[95.680s][info][gc] GC(3814) Pause Young (Allocation Failure) 12M->8M(15M) 0.412ms
[95.687s][info][gc] GC(3815) Pause Young (Allocation Failure) 12M->8M(15M) 0.324ms
[95.692s][info][gc] GC(3816) Pause Young (Allocation Failure) 12M->8M(15M) 0.404ms
[95.699s][info][gc] GC(3817) Pause Young (Allocation Failure) 12M->8M(15M) 0.399ms
[95.707s][info][gc] GC(3818) Pause Young (Allocation Failure) 12M->8M(15M) 0.388ms
[95.717s][info][gc] GC(3819) Pause Young (Allocation Failure) 12M->8M(15M) 0.446ms
[95.724s][info][gc] GC(3820) Pause Young (Allocation Failure) 12M->8M(15M) 0.414ms
[95.729s][info][gc] GC(3821) Pause Young (Allocation Failure) 12M->8M(15M) 0.347ms
[95.734s][info][gc] GC(3822) Pause Young (Allocation Failure) 12M->8M(15M) 0.407ms
[95.739s][info][gc] GC(3823) Pause Young (Allocation Failure) 12M->8M(15M) 0.396ms
[95.744s][info][gc] GC(3824) Pause Young (Allocation Failure) 12M->8M(15M) 0.389ms
[95.750s][info][gc] GC(3825) Pause Young (Allocation Failure) 12M->8M(15M) 0.398ms
[95.755s][info][gc] GC(3826) Pause Young (Allocation Failure) 12M->8M(15M) 0.405ms
[95.760s][info][gc] GC(3827) Pause Young (Allocation Failure) 12M->8M(15M) 0.393ms
[95.765s][info][gc] GC(3828) Pause Young (Allocation Failure) 12M->8M(15M) 0.348ms
[95.770s][info][gc] GC(3829) Pause Young (Allocation Failure) 12M->8M(15M) 0.385ms
[95.775s][info][gc] GC(3830) Pause Young (Allocation Failure) 12M->8M(15M) 0.306ms
[95.779s][info][gc] GC(3831) Pause Young (Allocation Failure) 12M->8M(15M) 0.369ms
[95.784s][info][gc] GC(3832) Pause Young (Allocation Failure) 12M->8M(15M) 0.395ms
[95.789s][info][gc] GC(3833) Pause Young (Allocation Failure) 12M->8M(15M) 0.322ms
[95.793s][info][gc] GC(3834) Pause Young (Allocation Failure) 12M->8M(15M) 0.697ms
[95.799s][info][gc] GC(3835) Pause Young (Allocation Failure) 12M->8M(15M) 0.372ms
[95.804s][info][gc] GC(3836) Pause Young (Allocation Failure) 12M->8M(15M) 0.390ms
[95.809s][info][gc] GC(3837) Pause Young (Allocation Failure) 12M->8M(15M) 0.376ms
[95.814s][info][gc] GC(3838) Pause Young (Allocation Failure) 12M->8M(15M) 0.369ms
[95.819s][info][gc] GC(3839) Pause Young (Allocation Failure) 12M->8M(15M) 0.372ms
[95.824s][info][gc] GC(3840) Pause Young (Allocation Failure) 12M->8M(15M) 0.393ms
[95.828s][info][gc] GC(3841) Pause Young (Allocation Failure) 12M->8M(15M) 0.313ms
[95.833s][info][gc] GC(3842) Pause Young (Allocation Failure) 12M->8M(15M) 0.429ms
[95.837s][info][gc] GC(3843) Pause Young (Allocation Failure) 12M->8M(15M) 0.367ms
[95.842s][info][gc] GC(3844) Pause Young (Allocation Failure) 12M->8M(15M) 0.391ms
[95.847s][info][gc] GC(3845) Pause Young (Allocation Failure) 12M->8M(15M) 0.388ms
[95.851s][info][gc] GC(3846) Pause Young (Allocation Failure) 12M->8M(15M) 0.377ms
[95.856s][info][gc] GC(3847) Pause Young (Allocation Failure) 12M->8M(15M) 0.395ms
[95.863s][info][gc] GC(3848) Pause Young (Allocation Failure) 12M->8M(15M) 0.426ms
[95.867s][info][gc] GC(3849) Pause Young (Allocation Failure) 12M->8M(15M) 0.290ms
[95.872s][info][gc] GC(3850) Pause Young (Allocation Failure) 12M->8M(15M) 0.380ms
[95.876s][info][gc] GC(3851) Pause Young (Allocation Failure) 12M->8M(15M) 0.320ms
[95.881s][info][gc] GC(3852) Pause Young (Allocation Failure) 12M->8M(15M) 0.379ms
[95.886s][info][gc] GC(3853) Pause Young (Allocation Failure) 12M->8M(15M) 0.364ms
[95.891s][info][gc] GC(3854) Pause Young (Allocation Failure) 12M->8M(15M) 0.382ms
[95.896s][info][gc] GC(3855) Pause Young (Allocation Failure) 12M->8M(15M) 0.391ms
[95.901s][info][gc] GC(3856) Pause Young (Allocation Failure) 12M->8M(15M) 0.382ms
[95.906s][info][gc] GC(3857) Pause Young (Allocation Failure) 12M->8M(15M) 0.328ms
[95.911s][info][gc] GC(3858) Pause Young (Allocation Failure) 12M->8M(15M) 0.377ms
[95.916s][info][gc] GC(3859) Pause Young (Allocation Failure) 12M->8M(15M) 0.387ms
[95.921s][info][gc] GC(3860) Pause Young (Allocation Failure) 12M->8M(15M) 0.391ms
[95.925s][info][gc] GC(3861) Pause Young (Allocation Failure) 12M->8M(15M) 0.356ms
[95.931s][info][gc] GC(3862) Pause Young (Allocation Failure) 12M->8M(15M) 0.316ms
[95.936s][info][gc] GC(3863) Pause Young (Allocation Failure) 12M->8M(15M) 0.381ms
[95.940s][info][gc] GC(3864) Pause Young (Allocation Failure) 12M->8M(15M) 0.363ms
[95.945s][info][gc] GC(3865) Pause Young (Allocation Failure) 12M->8M(15M) 0.585ms
[95.950s][info][gc] GC(3866) Pause Young (Allocation Failure) 12M->8M(15M) 0.410ms
[95.954s][info][gc] GC(3867) Pause Young (Allocation Failure) 12M->8M(15M) 0.390ms
[95.959s][info][gc] GC(3868) Pause Young (Allocation Failure) 12M->8M(15M) 0.395ms
[95.964s][info][gc] GC(3869) Pause Young (Allocation Failure) 12M->8M(15M) 0.377ms
[95.970s][info][gc] GC(3870) Pause Young (Allocation Failure) 12M->8M(15M) 0.385ms
[95.976s][info][gc] GC(3871) Pause Young (Allocation Failure) 12M->8M(15M) 0.384ms
[95.982s][info][gc] GC(3872) Pause Young (Allocation Failure) 12M->8M(15M) 0.358ms
[95.987s][info][gc] GC(3873) Pause Young (Allocation Failure) 12M->8M(15M) 0.377ms
[95.993s][info][gc] GC(3874) Pause Young (Allocation Failure) 12M->8M(15M) 0.370ms
[96.000s][info][gc] GC(3875) Pause Young (Allocation Failure) 12M->8M(15M) 0.305ms
[96.008s][info][gc] GC(3876) Pause Young (Allocation Failure) 12M->8M(15M) 0.375ms
[96.019s][info][gc] GC(3877) Pause Young (Allocation Failure) 12M->8M(15M) 0.398ms
[96.031s][info][gc] GC(3878) Pause Young (Allocation Failure) 12M->8M(15M) 0.369ms
[96.041s][info][gc] GC(3879) Pause Young (Allocation Failure) 12M->8M(15M) 0.762ms
[96.054s][info][gc] GC(3880) Pause Young (Allocation Failure) 12M->8M(15M) 0.368ms
[96.066s][info][gc] GC(3881) Pause Young (Allocation Failure) 12M->8M(15M) 0.411ms
[96.076s][info][gc] GC(3882) Pause Young (Allocation Failure) 12M->8M(15M) 0.398ms
[96.093s][info][gc] GC(3883) Pause Young (Allocation Failure) 12M->8M(15M) 0.826ms
[96.107s][info][gc] GC(3884) Pause Young (Allocation Failure) 12M->8M(15M) 0.488ms
[96.119s][info][gc] GC(3885) Pause Young (Allocation Failure) 12M->8M(15M) 0.385ms
[96.134s][info][gc] GC(3886) Pause Young (Allocation Failure) 12M->8M(15M) 0.390ms
[96.144s][info][gc] GC(3887) Pause Young (Allocation Failure) 12M->8M(15M) 0.382ms
[96.158s][info][gc] GC(3888) Pause Young (Allocation Failure) 12M->8M(15M) 0.396ms
[96.168s][info][gc] GC(3889) Pause Young (Allocation Failure) 12M->8M(15M) 0.386ms
[96.180s][info][gc] GC(3890) Pause Young (Allocation Failure) 12M->8M(15M) 0.373ms
[96.192s][info][gc] GC(3891) Pause Young (Allocation Failure) 12M->8M(15M) 0.387ms
[96.205s][info][gc] GC(3892) Pause Young (Allocation Failure) 12M->8M(15M) 0.419ms
[96.217s][info][gc] GC(3893) Pause Young (Allocation Failure) 12M->8M(15M) 0.307ms
[96.230s][info][gc] GC(3894) Pause Young (Allocation Failure) 12M->8M(15M) 1.857ms
[96.242s][info][gc] GC(3895) Pause Young (Allocation Failure) 12M->8M(15M) 1.171ms
[96.255s][info][gc] GC(3896) Pause Young (Allocation Failure) 12M->8M(15M) 0.387ms
[96.271s][info][gc] GC(3897) Pause Young (Allocation Failure) 12M->8M(15M) 0.379ms
[96.284s][info][gc] GC(3898) Pause Young (Allocation Failure) 12M->8M(15M) 0.436ms
[96.298s][info][gc] GC(3899) Pause Young (Allocation Failure) 12M->8M(15M) 0.489ms
[96.308s][info][gc] GC(3900) Pause Young (Allocation Failure) 12M->8M(15M) 0.291ms
[96.320s][info][gc] GC(3901) Pause Young (Allocation Failure) 12M->8M(15M) 0.423ms
[96.337s][info][gc] GC(3902) Pause Young (Allocation Failure) 12M->8M(15M) 0.396ms
[96.348s][info][gc] GC(3903) Pause Young (Allocation Failure) 12M->8M(15M) 0.416ms
[96.353s][info][gc] GC(3904) Pause Young (Allocation Failure) 12M->8M(15M) 0.563ms
[96.361s][info][gc] GC(3905) Pause Young (Allocation Failure) 12M->8M(15M) 0.465ms
[96.368s][info][gc] GC(3906) Pause Young (Allocation Failure) 12M->8M(15M) 0.386ms
[96.375s][info][gc] GC(3907) Pause Young (Allocation Failure) 12M->8M(15M) 0.397ms
[96.381s][info][gc] GC(3908) Pause Young (Allocation Failure) 12M->8M(15M) 0.516ms
[96.387s][info][gc] GC(3909) Pause Young (Allocation Failure) 12M->8M(15M) 0.413ms
[96.393s][info][gc] GC(3910) Pause Young (Allocation Failure) 12M->8M(15M) 0.656ms
[96.400s][info][gc] GC(3911) Pause Young (Allocation Failure) 12M->8M(15M) 0.317ms
[96.406s][info][gc] GC(3912) Pause Young (Allocation Failure) 12M->8M(15M) 0.448ms
[96.412s][info][gc] GC(3913) Pause Young (Allocation Failure) 12M->8M(15M) 0.621ms
[96.418s][info][gc] GC(3914) Pause Young (Allocation Failure) 12M->8M(15M) 0.329ms
[96.425s][info][gc] GC(3915) Pause Young (Allocation Failure) 12M->8M(15M) 0.384ms
[96.432s][info][gc] GC(3916) Pause Young (Allocation Failure) 12M->8M(15M) 0.374ms
[96.437s][info][gc] GC(3917) Pause Young (Allocation Failure) 12M->8M(15M) 0.411ms
[96.443s][info][gc] GC(3918) Pause Young (Allocation Failure) 12M->8M(15M) 0.387ms
[96.449s][info][gc] GC(3919) Pause Young (Allocation Failure) 12M->8M(15M) 0.375ms
[96.454s][info][gc] GC(3920) Pause Young (Allocation Failure) 12M->8M(15M) 0.394ms
[96.459s][info][gc] GC(3921) Pause Young (Allocation Failure) 12M->8M(15M) 0.281ms
[96.464s][info][gc] GC(3922) Pause Young (Allocation Failure) 12M->8M(15M) 0.379ms
[96.472s][info][gc] GC(3923) Pause Young (Allocation Failure) 12M->8M(15M) 0.347ms
[96.477s][info][gc] GC(3924) Pause Young (Allocation Failure) 12M->8M(15M) 0.522ms
[96.484s][info][gc] GC(3925) Pause Young (Allocation Failure) 12M->8M(15M) 0.360ms
[96.490s][info][gc] GC(3926) Pause Young (Allocation Failure) 12M->8M(15M) 0.334ms
[96.496s][info][gc] GC(3927) Pause Young (Allocation Failure) 12M->8M(15M) 0.465ms
[96.502s][info][gc] GC(3928) Pause Young (Allocation Failure) 12M->8M(15M) 0.426ms
[96.507s][info][gc] GC(3929) Pause Young (Allocation Failure) 12M->8M(15M) 0.411ms
[96.514s][info][gc] GC(3930) Pause Young (Allocation Failure) 12M->8M(15M) 0.414ms
[96.520s][info][gc] GC(3931) Pause Young (Allocation Failure) 12M->8M(15M) 0.335ms
[96.525s][info][gc] GC(3932) Pause Young (Allocation Failure) 12M->8M(15M) 0.483ms
[96.531s][info][gc] GC(3933) Pause Young (Allocation Failure) 12M->8M(15M) 0.367ms
[96.537s][info][gc] GC(3934) Pause Young (Allocation Failure) 12M->8M(15M) 0.382ms
[96.542s][info][gc] GC(3935) Pause Young (Allocation Failure) 12M->8M(15M) 0.324ms
[96.548s][info][gc] GC(3936) Pause Young (Allocation Failure) 12M->8M(15M) 0.398ms
[96.554s][info][gc] GC(3937) Pause Young (Allocation Failure) 12M->8M(15M) 0.392ms
[96.558s][info][gc] GC(3938) Pause Young (Allocation Failure) 12M->8M(15M) 0.323ms
[96.564s][info][gc] GC(3939) Pause Young (Allocation Failure) 12M->8M(15M) 0.379ms
[96.569s][info][gc] GC(3940) Pause Young (Allocation Failure) 12M->8M(15M) 0.389ms
[96.576s][info][gc] GC(3941) Pause Young (Allocation Failure) 12M->8M(15M) 0.355ms
[96.581s][info][gc] GC(3942) Pause Young (Allocation Failure) 12M->8M(15M) 0.415ms
[96.586s][info][gc] GC(3943) Pause Young (Allocation Failure) 12M->8M(15M) 0.371ms
[96.591s][info][gc] GC(3944) Pause Young (Allocation Failure) 12M->8M(15M) 0.349ms
[96.596s][info][gc] GC(3945) Pause Young (Allocation Failure) 12M->8M(15M) 0.404ms
[96.603s][info][gc] GC(3946) Pause Young (Allocation Failure) 12M->8M(15M) 0.366ms
[96.612s][info][gc] GC(3947) Pause Young (Allocation Failure) 12M->8M(15M) 0.319ms
[96.620s][info][gc] GC(3948) Pause Young (Allocation Failure) 12M->8M(15M) 0.409ms
[96.628s][info][gc] GC(3949) Pause Young (Allocation Failure) 12M->8M(15M) 0.363ms
[96.634s][info][gc] GC(3950) Pause Young (Allocation Failure) 12M->8M(15M) 0.394ms
[96.641s][info][gc] GC(3951) Pause Young (Allocation Failure) 12M->8M(15M) 0.368ms
[96.647s][info][gc] GC(3952) Pause Young (Allocation Failure) 12M->8M(15M) 0.335ms
[96.653s][info][gc] GC(3953) Pause Young (Allocation Failure) 12M->8M(15M) 0.380ms
[96.660s][info][gc] GC(3954) Pause Young (Allocation Failure) 12M->8M(15M) 0.347ms
[96.665s][info][gc] GC(3955) Pause Young (Allocation Failure) 12M->8M(15M) 0.303ms
[96.682s][info][gc] GC(3956) Pause Young (Allocation Failure) 12M->8M(15M) 0.384ms
[96.687s][info][gc] GC(3957) Pause Young (Allocation Failure) 12M->8M(15M) 0.372ms
[96.692s][info][gc] GC(3958) Pause Young (Allocation Failure) 12M->8M(15M) 0.396ms
[96.700s][info][gc] GC(3959) Pause Young (Allocation Failure) 12M->8M(15M) 0.450ms
[96.711s][info][gc] GC(3960) Pause Young (Allocation Failure) 12M->8M(15M) 0.350ms
[96.720s][info][gc] GC(3961) Pause Young (Allocation Failure) 12M->8M(15M) 0.431ms
[96.740s][info][gc] GC(3962) Pause Young (Allocation Failure) 12M->8M(15M) 0.328ms
[96.757s][info][gc] GC(3963) Pause Young (Allocation Failure) 12M->8M(15M) 0.397ms
[96.768s][info][gc] GC(3964) Pause Young (Allocation Failure) 12M->8M(15M) 0.381ms
[96.776s][info][gc] GC(3965) Pause Young (Allocation Failure) 12M->8M(15M) 0.316ms
[96.784s][info][gc] GC(3966) Pause Young (Allocation Failure) 12M->8M(15M) 0.408ms
[96.792s][info][gc] GC(3967) Pause Young (Allocation Failure) 12M->8M(15M) 0.396ms
[96.799s][info][gc] GC(3968) Pause Young (Allocation Failure) 12M->8M(15M) 0.328ms
[96.805s][info][gc] GC(3969) Pause Young (Allocation Failure) 12M->8M(15M) 0.503ms
[96.813s][info][gc] GC(3970) Pause Young (Allocation Failure) 12M->8M(15M) 0.522ms
[96.820s][info][gc] GC(3971) Pause Young (Allocation Failure) 12M->8M(15M) 0.344ms
[96.827s][info][gc] GC(3972) Pause Young (Allocation Failure) 12M->8M(15M) 0.454ms
[96.842s][info][gc] GC(3973) Pause Young (Allocation Failure) 12M->8M(15M) 0.426ms
[96.849s][info][gc] GC(3974) Pause Young (Allocation Failure) 12M->8M(15M) 0.365ms
[96.856s][info][gc] GC(3975) Pause Young (Allocation Failure) 12M->8M(15M) 0.389ms
[96.862s][info][gc] GC(3976) Pause Young (Allocation Failure) 12M->8M(15M) 0.513ms
[96.867s][info][gc] GC(3977) Pause Young (Allocation Failure) 12M->8M(15M) 0.391ms
[96.872s][info][gc] GC(3978) Pause Young (Allocation Failure) 12M->8M(15M) 0.378ms
[96.893s][info][gc] GC(3979) Pause Young (Allocation Failure) 12M->8M(15M) 0.380ms
[96.899s][info][gc] GC(3980) Pause Young (Allocation Failure) 12M->8M(15M) 0.368ms
[96.904s][info][gc] GC(3981) Pause Young (Allocation Failure) 12M->8M(15M) 0.363ms
[96.915s][info][gc] GC(3982) Pause Young (Allocation Failure) 12M->8M(15M) 0.368ms
[96.924s][info][gc] GC(3983) Pause Young (Allocation Failure) 12M->8M(15M) 0.376ms
[96.930s][info][gc] GC(3984) Pause Young (Allocation Failure) 12M->8M(15M) 0.386ms
[96.938s][info][gc] GC(3985) Pause Young (Allocation Failure) 12M->8M(15M) 0.343ms
[96.943s][info][gc] GC(3986) Pause Young (Allocation Failure) 12M->8M(15M) 0.385ms
[96.949s][info][gc] GC(3987) Pause Young (Allocation Failure) 12M->8M(15M) 0.379ms
[96.953s][info][gc] GC(3988) Pause Young (Allocation Failure) 12M->8M(15M) 0.353ms
[96.959s][info][gc] GC(3989) Pause Young (Allocation Failure) 12M->8M(15M) 0.444ms
[96.967s][info][gc] GC(3990) Pause Young (Allocation Failure) 12M->8M(15M) 0.380ms
[96.972s][info][gc] GC(3991) Pause Young (Allocation Failure) 12M->8M(15M) 0.329ms
[96.977s][info][gc] GC(3992) Pause Young (Allocation Failure) 12M->8M(15M) 0.396ms
[96.983s][info][gc] GC(3993) Pause Young (Allocation Failure) 12M->8M(15M) 0.375ms
[96.987s][info][gc] GC(3994) Pause Young (Allocation Failure) 12M->8M(15M) 0.373ms
[96.992s][info][gc] GC(3995) Pause Young (Allocation Failure) 12M->8M(15M) 0.351ms
[96.998s][info][gc] GC(3996) Pause Young (Allocation Failure) 12M->8M(15M) 0.380ms
[97.003s][info][gc] GC(3997) Pause Young (Allocation Failure) 12M->8M(15M) 0.361ms
[97.008s][info][gc] GC(3998) Pause Young (Allocation Failure) 12M->8M(15M) 0.291ms
[97.016s][info][gc] GC(3999) Pause Young (Allocation Failure) 12M->8M(15M) 0.386ms
[97.024s][info][gc] GC(4000) Pause Young (Allocation Failure) 12M->8M(15M) 0.372ms
[97.033s][info][gc] GC(4001) Pause Young (Allocation Failure) 12M->8M(15M) 0.333ms
[97.040s][info][gc] GC(4002) Pause Young (Allocation Failure) 12M->8M(15M) 0.379ms
[97.048s][info][gc] GC(4003) Pause Young (Allocation Failure) 12M->8M(15M) 0.386ms
[97.054s][info][gc] GC(4004) Pause Young (Allocation Failure) 12M->8M(15M) 0.368ms
[97.061s][info][gc] GC(4005) Pause Young (Allocation Failure) 12M->8M(15M) 0.397ms
[97.070s][info][gc] GC(4006) Pause Young (Allocation Failure) 12M->8M(15M) 0.676ms
[97.076s][info][gc] GC(4007) Pause Young (Allocation Failure) 12M->8M(15M) 0.415ms
[97.084s][info][gc] GC(4008) Pause Young (Allocation Failure) 12M->8M(15M) 0.311ms
[97.091s][info][gc] GC(4009) Pause Young (Allocation Failure) 12M->8M(15M) 0.368ms
[97.100s][info][gc] GC(4010) Pause Young (Allocation Failure) 12M->8M(15M) 0.336ms
[97.108s][info][gc] GC(4011) Pause Young (Allocation Failure) 12M->8M(15M) 0.366ms
[97.115s][info][gc] GC(4012) Pause Young (Allocation Failure) 12M->8M(15M) 0.352ms
[97.121s][info][gc] GC(4013) Pause Young (Allocation Failure) 12M->8M(15M) 0.382ms
[97.128s][info][gc] GC(4014) Pause Young (Allocation Failure) 12M->8M(15M) 0.429ms
[97.135s][info][gc] GC(4015) Pause Young (Allocation Failure) 12M->8M(15M) 0.360ms
[97.141s][info][gc] GC(4016) Pause Young (Allocation Failure) 12M->8M(15M) 0.743ms
[97.148s][info][gc] GC(4017) Pause Young (Allocation Failure) 12M->8M(15M) 0.360ms
[97.155s][info][gc] GC(4018) Pause Young (Allocation Failure) 12M->8M(15M) 0.369ms
[97.161s][info][gc] GC(4019) Pause Young (Allocation Failure) 12M->8M(15M) 0.376ms
[97.168s][info][gc] GC(4020) Pause Young (Allocation Failure) 12M->8M(15M) 0.379ms
[97.187s][info][gc] GC(4021) Pause Young (Allocation Failure) 12M->8M(15M) 0.394ms
[97.194s][info][gc] GC(4022) Pause Young (Allocation Failure) 12M->8M(15M) 0.336ms
[97.204s][info][gc] GC(4023) Pause Young (Allocation Failure) 12M->8M(15M) 0.381ms
[97.211s][info][gc] GC(4024) Pause Young (Allocation Failure) 12M->8M(15M) 0.306ms
[97.218s][info][gc] GC(4025) Pause Young (Allocation Failure) 12M->8M(15M) 0.509ms
[97.226s][info][gc] GC(4026) Pause Young (Allocation Failure) 12M->8M(15M) 0.368ms
[97.232s][info][gc] GC(4027) Pause Young (Allocation Failure) 12M->8M(15M) 0.357ms
[97.240s][info][gc] GC(4028) Pause Young (Allocation Failure) 12M->8M(15M) 0.362ms
[97.247s][info][gc] GC(4029) Pause Young (Allocation Failure) 12M->8M(15M) 0.396ms
[97.252s][info][gc] GC(4030) Pause Young (Allocation Failure) 12M->8M(15M) 0.367ms
[97.260s][info][gc] GC(4031) Pause Young (Allocation Failure) 12M->8M(15M) 0.368ms
[97.268s][info][gc] GC(4032) Pause Young (Allocation Failure) 12M->8M(15M) 0.319ms
[97.275s][info][gc] GC(4033) Pause Young (Allocation Failure) 12M->8M(15M) 0.360ms
[97.282s][info][gc] GC(4034) Pause Young (Allocation Failure) 12M->8M(15M) 0.643ms
[97.288s][info][gc] GC(4035) Pause Young (Allocation Failure) 12M->8M(15M) 0.306ms
[97.294s][info][gc] GC(4036) Pause Young (Allocation Failure) 12M->8M(15M) 0.450ms
[97.301s][info][gc] GC(4037) Pause Young (Allocation Failure) 12M->8M(15M) 0.490ms
[97.307s][info][gc] GC(4038) Pause Young (Allocation Failure) 12M->8M(15M) 0.314ms
[97.314s][info][gc] GC(4039) Pause Young (Allocation Failure) 12M->8M(15M) 0.372ms
[97.319s][info][gc] GC(4040) Pause Young (Allocation Failure) 12M->8M(15M) 0.354ms
[97.325s][info][gc] GC(4041) Pause Young (Allocation Failure) 12M->8M(15M) 0.384ms
[97.332s][info][gc] GC(4042) Pause Young (Allocation Failure) 12M->8M(15M) 0.370ms
[97.339s][info][gc] GC(4043) Pause Young (Allocation Failure) 12M->8M(15M) 0.367ms
[97.344s][info][gc] GC(4044) Pause Young (Allocation Failure) 12M->8M(15M) 0.256ms
[97.350s][info][gc] GC(4045) Pause Young (Allocation Failure) 12M->8M(15M) 0.373ms
[97.356s][info][gc] GC(4046) Pause Young (Allocation Failure) 12M->8M(15M) 0.331ms
[97.362s][info][gc] GC(4047) Pause Young (Allocation Failure) 12M->8M(15M) 0.788ms
[97.368s][info][gc] GC(4048) Pause Young (Allocation Failure) 12M->8M(15M) 0.374ms
[97.374s][info][gc] GC(4049) Pause Young (Allocation Failure) 12M->8M(15M) 0.657ms
[97.382s][info][gc] GC(4050) Pause Young (Allocation Failure) 12M->8M(15M) 0.764ms
[97.388s][info][gc] GC(4051) Pause Young (Allocation Failure) 12M->8M(15M) 0.369ms
[97.395s][info][gc] GC(4052) Pause Young (Allocation Failure) 12M->8M(15M) 0.338ms
[97.401s][info][gc] GC(4053) Pause Young (Allocation Failure) 12M->8M(15M) 0.354ms
[97.407s][info][gc] GC(4054) Pause Young (Allocation Failure) 12M->8M(15M) 0.322ms
[97.413s][info][gc] GC(4055) Pause Young (Allocation Failure) 12M->8M(15M) 0.526ms
[97.420s][info][gc] GC(4056) Pause Young (Allocation Failure) 12M->8M(15M) 0.348ms
[97.427s][info][gc] GC(4057) Pause Young (Allocation Failure) 12M->8M(15M) 0.329ms
[97.433s][info][gc] GC(4058) Pause Young (Allocation Failure) 12M->8M(15M) 0.602ms
[97.440s][info][gc] GC(4059) Pause Young (Allocation Failure) 12M->8M(15M) 0.363ms
[97.446s][info][gc] GC(4060) Pause Young (Allocation Failure) 12M->8M(15M) 1.385ms
[97.451s][info][gc] GC(4061) Pause Young (Allocation Failure) 12M->8M(15M) 0.370ms
[97.456s][info][gc] GC(4062) Pause Young (Allocation Failure) 12M->8M(15M) 0.342ms
[97.461s][info][gc] GC(4063) Pause Young (Allocation Failure) 12M->8M(15M) 0.372ms
[97.466s][info][gc] GC(4064) Pause Young (Allocation Failure) 12M->8M(15M) 0.349ms
[97.471s][info][gc] GC(4065) Pause Young (Allocation Failure) 12M->8M(15M) 0.368ms
[97.476s][info][gc] GC(4066) Pause Young (Allocation Failure) 12M->8M(15M) 0.363ms
[97.483s][info][gc] GC(4067) Pause Young (Allocation Failure) 12M->8M(15M) 0.348ms
[97.489s][info][gc] GC(4068) Pause Young (Allocation Failure) 12M->8M(15M) 0.405ms
[97.498s][info][gc] GC(4069) Pause Young (Allocation Failure) 12M->8M(15M) 0.421ms
[97.504s][info][gc] GC(4070) Pause Young (Allocation Failure) 12M->8M(15M) 0.349ms
[97.512s][info][gc] GC(4071) Pause Young (Allocation Failure) 12M->8M(15M) 0.798ms
[97.519s][info][gc] GC(4072) Pause Young (Allocation Failure) 12M->8M(15M) 0.361ms
[97.525s][info][gc] GC(4073) Pause Young (Allocation Failure) 12M->8M(15M) 0.345ms
[97.532s][info][gc] GC(4074) Pause Young (Allocation Failure) 12M->8M(15M) 0.398ms
[97.539s][info][gc] GC(4075) Pause Young (Allocation Failure) 12M->8M(15M) 0.371ms
[97.545s][info][gc] GC(4076) Pause Young (Allocation Failure) 12M->8M(15M) 0.318ms
[97.553s][info][gc] GC(4077) Pause Young (Allocation Failure) 12M->8M(15M) 0.409ms
[97.559s][info][gc] GC(4078) Pause Young (Allocation Failure) 12M->8M(15M) 0.349ms
[97.567s][info][gc] GC(4079) Pause Young (Allocation Failure) 12M->8M(15M) 0.368ms
[97.572s][info][gc] GC(4080) Pause Young (Allocation Failure) 12M->8M(15M) 0.360ms
[97.580s][info][gc] GC(4081) Pause Young (Allocation Failure) 12M->8M(15M) 0.371ms
[97.588s][info][gc] GC(4082) Pause Young (Allocation Failure) 12M->8M(15M) 0.305ms
[97.595s][info][gc] GC(4083) Pause Young (Allocation Failure) 12M->8M(15M) 0.437ms
[97.601s][info][gc] GC(4084) Pause Young (Allocation Failure) 12M->8M(15M) 0.353ms
[97.607s][info][gc] GC(4085) Pause Young (Allocation Failure) 12M->8M(15M) 0.277ms
[97.613s][info][gc] GC(4086) Pause Young (Allocation Failure) 12M->8M(15M) 0.575ms
[97.620s][info][gc] GC(4087) Pause Young (Allocation Failure) 12M->8M(15M) 0.364ms
[97.626s][info][gc] GC(4088) Pause Young (Allocation Failure) 12M->8M(15M) 0.410ms
[97.632s][info][gc] GC(4089) Pause Young (Allocation Failure) 12M->8M(15M) 0.365ms
[97.639s][info][gc] GC(4090) Pause Young (Allocation Failure) 12M->8M(15M) 0.289ms
[97.644s][info][gc] GC(4091) Pause Young (Allocation Failure) 12M->8M(15M) 0.356ms
[97.651s][info][gc] GC(4092) Pause Young (Allocation Failure) 12M->8M(15M) 0.356ms
[97.656s][info][gc] GC(4093) Pause Young (Allocation Failure) 12M->8M(15M) 0.371ms
[97.661s][info][gc] GC(4094) Pause Young (Allocation Failure) 12M->8M(15M) 0.407ms
[97.667s][info][gc] GC(4095) Pause Young (Allocation Failure) 12M->8M(15M) 0.302ms
[97.672s][info][gc] GC(4096) Pause Young (Allocation Failure) 12M->8M(15M) 0.369ms
[97.677s][info][gc] GC(4097) Pause Young (Allocation Failure) 12M->8M(15M) 0.345ms
[97.683s][info][gc] GC(4098) Pause Young (Allocation Failure) 12M->8M(15M) 0.383ms
[97.689s][info][gc] GC(4099) Pause Young (Allocation Failure) 12M->8M(15M) 0.369ms
[97.693s][info][gc] GC(4100) Pause Young (Allocation Failure) 12M->8M(15M) 0.308ms
[97.701s][info][gc] GC(4101) Pause Young (Allocation Failure) 12M->8M(15M) 0.365ms
[97.706s][info][gc] GC(4102) Pause Young (Allocation Failure) 12M->8M(15M) 0.754ms
[97.711s][info][gc] GC(4103) Pause Young (Allocation Failure) 12M->8M(15M) 0.389ms
[97.716s][info][gc] GC(4104) Pause Young (Allocation Failure) 12M->8M(15M) 0.390ms
[97.720s][info][gc] GC(4105) Pause Young (Allocation Failure) 12M->8M(15M) 0.352ms
[97.725s][info][gc] GC(4106) Pause Young (Allocation Failure) 12M->8M(15M) 0.364ms
[97.731s][info][gc] GC(4107) Pause Young (Allocation Failure) 13M->8M(15M) 0.433ms
[97.735s][info][gc] GC(4108) Pause Young (Allocation Failure) 13M->8M(15M) 0.344ms
[97.743s][info][gc] GC(4109) Pause Young (Allocation Failure) 12M->8M(15M) 0.398ms
[97.749s][info][gc] GC(4110) Pause Young (Allocation Failure) 12M->8M(15M) 0.393ms
[97.753s][info][gc] GC(4111) Pause Young (Allocation Failure) 13M->8M(15M) 0.368ms
[97.758s][info][gc] GC(4112) Pause Young (Allocation Failure) 12M->8M(15M) 0.353ms
[97.763s][info][gc] GC(4113) Pause Young (Allocation Failure) 12M->8M(15M) 0.393ms
[97.767s][info][gc] GC(4114) Pause Young (Allocation Failure) 13M->8M(15M) 0.355ms
[97.772s][info][gc] GC(4115) Pause Young (Allocation Failure) 12M->8M(15M) 0.408ms
[97.777s][info][gc] GC(4116) Pause Young (Allocation Failure) 13M->8M(15M) 0.376ms
[97.782s][info][gc] GC(4117) Pause Young (Allocation Failure) 12M->8M(15M) 0.387ms
[97.787s][info][gc] GC(4118) Pause Young (Allocation Failure) 13M->8M(15M) 0.402ms
[97.791s][info][gc] GC(4119) Pause Young (Allocation Failure) 13M->8M(15M) 0.378ms
[97.796s][info][gc] GC(4120) Pause Young (Allocation Failure) 13M->8M(15M) 0.313ms
[97.800s][info][gc] GC(4121) Pause Young (Allocation Failure) 12M->8M(15M) 0.400ms
[97.805s][info][gc] GC(4122) Pause Young (Allocation Failure) 13M->8M(15M) 0.409ms
[97.811s][info][gc] GC(4123) Pause Young (Allocation Failure) 13M->8M(15M) 0.287ms
[97.816s][info][gc] GC(4124) Pause Young (Allocation Failure) 12M->8M(15M) 0.385ms
[97.821s][info][gc] GC(4125) Pause Young (Allocation Failure) 13M->8M(15M) 0.379ms
[97.825s][info][gc] GC(4126) Pause Young (Allocation Failure) 13M->8M(15M) 0.343ms
[97.831s][info][gc] GC(4127) Pause Young (Allocation Failure) 12M->8M(15M) 0.389ms
[97.835s][info][gc] GC(4128) Pause Young (Allocation Failure) 13M->8M(15M) 0.356ms
[97.840s][info][gc] GC(4129) Pause Young (Allocation Failure) 13M->8M(15M) 0.377ms
[97.845s][info][gc] GC(4130) Pause Young (Allocation Failure) 13M->8M(15M) 0.374ms
[97.849s][info][gc] GC(4131) Pause Young (Allocation Failure) 13M->8M(15M) 0.322ms
[97.854s][info][gc] GC(4132) Pause Young (Allocation Failure) 13M->8M(15M) 0.360ms
[97.858s][info][gc] GC(4133) Pause Young (Allocation Failure) 13M->8M(15M) 0.361ms
[97.862s][info][gc] GC(4134) Pause Young (Allocation Failure) 13M->8M(15M) 0.356ms
[97.867s][info][gc] GC(4135) Pause Young (Allocation Failure) 13M->8M(15M) 0.365ms
[97.872s][info][gc] GC(4136) Pause Young (Allocation Failure) 13M->8M(15M) 0.354ms
[97.876s][info][gc] GC(4137) Pause Young (Allocation Failure) 13M->8M(15M) 0.368ms
[97.881s][info][gc] GC(4138) Pause Young (Allocation Failure) 13M->8M(15M) 0.365ms
[97.885s][info][gc] GC(4139) Pause Young (Allocation Failure) 13M->8M(15M) 0.370ms
[97.889s][info][gc] GC(4140) Pause Young (Allocation Failure) 13M->8M(15M) 0.360ms
[97.894s][info][gc] GC(4141) Pause Young (Allocation Failure) 13M->8M(15M) 0.360ms
[97.902s][info][gc] GC(4142) Pause Young (Allocation Failure) 13M->8M(15M) 0.345ms
[97.906s][info][gc] GC(4143) Pause Young (Allocation Failure) 13M->8M(15M) 0.362ms
[97.911s][info][gc] GC(4144) Pause Young (Allocation Failure) 13M->8M(15M) 0.378ms
[97.916s][info][gc] GC(4145) Pause Young (Allocation Failure) 13M->8M(15M) 0.353ms
[97.921s][info][gc] GC(4146) Pause Young (Allocation Failure) 13M->8M(15M) 0.368ms
[97.925s][info][gc] GC(4147) Pause Young (Allocation Failure) 13M->8M(15M) 0.375ms
[97.931s][info][gc] GC(4148) Pause Young (Allocation Failure) 13M->8M(15M) 0.286ms
[97.935s][info][gc] GC(4149) Pause Young (Allocation Failure) 12M->8M(15M) 0.360ms
[97.939s][info][gc] GC(4150) Pause Young (Allocation Failure) 13M->8M(15M) 0.358ms
[97.944s][info][gc] GC(4151) Pause Young (Allocation Failure) 13M->8M(15M) 0.354ms
[97.949s][info][gc] GC(4152) Pause Young (Allocation Failure) 13M->8M(15M) 0.388ms
[97.955s][info][gc] GC(4153) Pause Young (Allocation Failure) 13M->8M(15M) 0.362ms
[97.960s][info][gc] GC(4154) Pause Young (Allocation Failure) 13M->8M(15M) 0.311ms
[97.965s][info][gc] GC(4155) Pause Young (Allocation Failure) 13M->8M(15M) 0.360ms
[97.969s][info][gc] GC(4156) Pause Young (Allocation Failure) 13M->8M(15M) 0.315ms
[97.973s][info][gc] GC(4157) Pause Young (Allocation Failure) 13M->8M(15M) 0.351ms
[97.978s][info][gc] GC(4158) Pause Young (Allocation Failure) 13M->8M(15M) 0.381ms
[97.983s][info][gc] GC(4159) Pause Young (Allocation Failure) 13M->8M(15M) 0.367ms
[97.987s][info][gc] GC(4160) Pause Young (Allocation Failure) 13M->8M(15M) 0.361ms
[97.992s][info][gc] GC(4161) Pause Young (Allocation Failure) 13M->8M(15M) 0.335ms
[97.996s][info][gc] GC(4162) Pause Young (Allocation Failure) 13M->8M(15M) 0.363ms
[98.001s][info][gc] GC(4163) Pause Young (Allocation Failure) 13M->8M(15M) 0.378ms
[98.005s][info][gc] GC(4164) Pause Young (Allocation Failure) 13M->8M(15M) 0.299ms
[98.009s][info][gc] GC(4165) Pause Young (Allocation Failure) 13M->8M(15M) 0.355ms
[98.014s][info][gc] GC(4166) Pause Young (Allocation Failure) 13M->8M(15M) 0.351ms
[98.018s][info][gc] GC(4167) Pause Young (Allocation Failure) 13M->8M(15M) 0.345ms
[98.023s][info][gc] GC(4168) Pause Young (Allocation Failure) 13M->8M(15M) 0.363ms
[98.028s][info][gc] GC(4169) Pause Young (Allocation Failure) 13M->8M(15M) 0.400ms
[98.032s][info][gc] GC(4170) Pause Young (Allocation Failure) 13M->8M(15M) 0.312ms
[98.037s][info][gc] GC(4171) Pause Young (Allocation Failure) 13M->8M(15M) 0.378ms
[98.041s][info][gc] GC(4172) Pause Young (Allocation Failure) 13M->8M(15M) 0.374ms
[98.046s][info][gc] GC(4173) Pause Young (Allocation Failure) 13M->8M(15M) 0.397ms
[98.050s][info][gc] GC(4174) Pause Young (Allocation Failure) 13M->8M(15M) 0.364ms
[98.055s][info][gc] GC(4175) Pause Young (Allocation Failure) 13M->8M(15M) 0.366ms
[98.074s][info][gc] GC(4176) Pause Young (Allocation Failure) 13M->8M(15M) 0.382ms
[98.082s][info][gc] GC(4177) Pause Young (Allocation Failure) 13M->8M(15M) 0.373ms
[98.088s][info][gc] GC(4178) Pause Young (Allocation Failure) 13M->8M(15M) 0.366ms
[98.102s][info][gc] GC(4179) Pause Young (Allocation Failure) 13M->8M(15M) 0.447ms
[98.265s][info][gc] GC(4180) Pause Young (Allocation Failure) 13M->8M(15M) 0.369ms
[98.278s][info][gc] GC(4181) Pause Young (Allocation Failure) 13M->8M(15M) 0.338ms
[98.286s][info][gc] GC(4182) Pause Young (Allocation Failure) 13M->8M(15M) 0.362ms
[98.293s][info][gc] GC(4183) Pause Young (Allocation Failure) 13M->8M(15M) 0.360ms
[98.301s][info][gc] GC(4184) Pause Young (Allocation Failure) 13M->8M(15M) 0.423ms
[98.308s][info][gc] GC(4185) Pause Young (Allocation Failure) 13M->8M(15M) 0.329ms
[98.316s][info][gc] GC(4186) Pause Young (Allocation Failure) 13M->8M(15M) 0.367ms
[98.328s][info][gc] GC(4187) Pause Young (Allocation Failure) 13M->8M(15M) 0.378ms
[98.336s][info][gc] GC(4188) Pause Young (Allocation Failure) 13M->8M(15M) 0.345ms
[98.344s][info][gc] GC(4189) Pause Young (Allocation Failure) 13M->8M(15M) 0.365ms
[98.351s][info][gc] GC(4190) Pause Young (Allocation Failure) 13M->8M(15M) 0.362ms
[98.360s][info][gc] GC(4191) Pause Young (Allocation Failure) 13M->8M(15M) 0.284ms
[98.367s][info][gc] GC(4192) Pause Young (Allocation Failure) 13M->8M(15M) 0.353ms
[98.374s][info][gc] GC(4193) Pause Young (Allocation Failure) 13M->8M(15M) 0.369ms
[98.439s][info][gc] GC(4194) Pause Young (Allocation Failure) 13M->8M(15M) 0.285ms
[98.447s][info][gc] GC(4195) Pause Young (Allocation Failure) 13M->8M(15M) 0.365ms
[98.454s][info][gc] GC(4196) Pause Young (Allocation Failure) 13M->8M(15M) 0.330ms
[98.462s][info][gc] GC(4197) Pause Young (Allocation Failure) 13M->8M(15M) 0.374ms
[98.469s][info][gc] GC(4198) Pause Young (Allocation Failure) 13M->8M(15M) 0.367ms
[98.477s][info][gc] GC(4199) Pause Young (Allocation Failure) 13M->8M(15M) 0.429ms
[98.485s][info][gc] GC(4200) Pause Young (Allocation Failure) 13M->8M(15M) 0.351ms
[98.494s][info][gc] GC(4201) Pause Young (Allocation Failure) 13M->8M(15M) 0.345ms
[98.504s][info][gc] GC(4202) Pause Young (Allocation Failure) 13M->8M(15M) 0.309ms
[98.511s][info][gc] GC(4203) Pause Young (Allocation Failure) 13M->8M(15M) 0.374ms
[98.524s][info][gc] GC(4204) Pause Young (Allocation Failure) 13M->8M(15M) 0.355ms
[98.539s][info][gc] GC(4205) Pause Young (Allocation Failure) 13M->8M(15M) 0.323ms
[98.556s][info][gc] GC(4206) Pause Young (Allocation Failure) 13M->8M(15M) 0.970ms
[98.564s][info][gc] GC(4207) Pause Young (Allocation Failure) 13M->8M(15M) 0.361ms
[98.572s][info][gc] GC(4208) Pause Young (Allocation Failure) 13M->8M(15M) 0.356ms
[98.581s][info][gc] GC(4209) Pause Young (Allocation Failure) 13M->8M(15M) 0.417ms
[98.589s][info][gc] GC(4210) Pause Young (Allocation Failure) 13M->8M(15M) 0.376ms
[98.616s][info][gc] GC(4211) Pause Young (Allocation Failure) 13M->8M(15M) 0.306ms
[98.624s][info][gc] GC(4212) Pause Young (Allocation Failure) 13M->8M(15M) 0.373ms
[98.850s][info][gc] GC(4213) Pause Young (Allocation Failure) 13M->8M(15M) 0.356ms
[98.857s][info][gc] GC(4214) Pause Young (Allocation Failure) 13M->8M(15M) 0.278ms
[98.869s][info][gc] GC(4215) Pause Young (Allocation Failure) 13M->8M(15M) 0.373ms
[98.877s][info][gc] GC(4216) Pause Young (Allocation Failure) 13M->8M(15M) 0.382ms
[98.884s][info][gc] GC(4217) Pause Young (Allocation Failure) 13M->8M(15M) 0.343ms
[98.892s][info][gc] GC(4218) Pause Young (Allocation Failure) 13M->8M(15M) 0.388ms
[98.900s][info][gc] GC(4219) Pause Young (Allocation Failure) 13M->8M(15M) 0.403ms
[98.907s][info][gc] GC(4220) Pause Young (Allocation Failure) 13M->8M(15M) 0.289ms
[98.915s][info][gc] GC(4221) Pause Young (Allocation Failure) 13M->8M(15M) 0.369ms
[98.931s][info][gc] GC(4222) Pause Young (Allocation Failure) 13M->8M(15M) 0.380ms
[98.938s][info][gc] GC(4223) Pause Young (Allocation Failure) 13M->8M(15M) 0.288ms
[98.947s][info][gc] GC(4224) Pause Young (Allocation Failure) 13M->8M(15M) 0.368ms
[98.955s][info][gc] GC(4225) Pause Young (Allocation Failure) 13M->8M(15M) 0.404ms
[98.962s][info][gc] GC(4226) Pause Young (Allocation Failure) 13M->8M(15M) 0.386ms
[98.970s][info][gc] GC(4227) Pause Young (Allocation Failure) 13M->8M(15M) 0.381ms
[98.978s][info][gc] GC(4228) Pause Young (Allocation Failure) 13M->8M(15M) 0.310ms
[98.988s][info][gc] GC(4229) Pause Young (Allocation Failure) 13M->8M(15M) 0.372ms
[98.995s][info][gc] GC(4230) Pause Young (Allocation Failure) 13M->8M(15M) 0.411ms
[99.002s][info][gc] GC(4231) Pause Young (Allocation Failure) 13M->8M(15M) 0.322ms
[99.010s][info][gc] GC(4232) Pause Young (Allocation Failure) 13M->8M(15M) 0.368ms
[99.017s][info][gc] GC(4233) Pause Young (Allocation Failure) 13M->8M(15M) 0.354ms
[99.025s][info][gc] GC(4234) Pause Young (Allocation Failure) 13M->8M(15M) 0.405ms
[99.033s][info][gc] GC(4235) Pause Young (Allocation Failure) 13M->8M(15M) 0.363ms
[99.392s][info][gc] GC(4236) Pause Young (Allocation Failure) 13M->8M(15M) 0.325ms
[99.406s][info][gc] GC(4237) Pause Young (Allocation Failure) 13M->8M(15M) 0.449ms
[99.411s][info][gc] GC(4238) Pause Young (Allocation Failure) 13M->8M(15M) 0.369ms
[99.421s][info][gc] GC(4239) Pause Young (Allocation Failure) 13M->8M(15M) 0.471ms
[99.431s][info][gc] GC(4240) Pause Young (Allocation Failure) 13M->8M(15M) 0.376ms
[99.491s][info][gc] GC(4241) Pause Young (Allocation Failure) 13M->8M(15M) 0.379ms
[99.501s][info][gc] GC(4242) Pause Young (Allocation Failure) 13M->8M(15M) 0.313ms
[99.523s][info][gc] GC(4243) Pause Young (Allocation Failure) 13M->8M(15M) 0.358ms
[99.532s][info][gc] GC(4244) Pause Young (Allocation Failure) 13M->8M(15M) 0.386ms
[99.538s][info][gc] GC(4245) Pause Young (Allocation Failure) 13M->8M(15M) 0.374ms
[99.546s][info][gc] GC(4246) Pause Young (Allocation Failure) 13M->8M(15M) 0.393ms
[99.552s][info][gc] GC(4247) Pause Young (Allocation Failure) 13M->8M(15M) 0.370ms
[99.563s][info][gc] GC(4248) Pause Young (Allocation Failure) 13M->8M(15M) 0.370ms
[99.570s][info][gc] GC(4249) Pause Young (Allocation Failure) 13M->8M(15M) 0.379ms
[99.578s][info][gc] GC(4250) Pause Young (Allocation Failure) 13M->8M(15M) 0.369ms
[99.587s][info][gc] GC(4251) Pause Young (Allocation Failure) 13M->8M(15M) 0.298ms
[99.592s][info][gc] GC(4252) Pause Young (Allocation Failure) 13M->8M(15M) 0.375ms
[99.600s][info][gc] GC(4253) Pause Young (Allocation Failure) 13M->8M(15M) 0.354ms
[99.604s][info][gc] GC(4254) Pause Young (Allocation Failure) 13M->8M(15M) 0.309ms
[99.617s][info][gc] GC(4255) Pause Young (Allocation Failure) 13M->8M(15M) 0.371ms
[99.621s][info][gc] GC(4256) Pause Young (Allocation Failure) 13M->8M(15M) 0.345ms
[99.626s][info][gc] GC(4257) Pause Young (Allocation Failure) 13M->8M(15M) 0.332ms
[99.634s][info][gc] GC(4258) Pause Young (Allocation Failure) 13M->8M(15M) 0.277ms
[99.638s][info][gc] GC(4259) Pause Young (Allocation Failure) 13M->8M(15M) 0.353ms
[99.643s][info][gc] GC(4260) Pause Young (Allocation Failure) 13M->8M(15M) 0.328ms
[99.648s][info][gc] GC(4261) Pause Young (Allocation Failure) 13M->8M(15M) 0.378ms
[99.653s][info][gc] GC(4262) Pause Young (Allocation Failure) 13M->8M(15M) 0.358ms
[99.657s][info][gc] GC(4263) Pause Young (Allocation Failure) 13M->8M(15M) 0.308ms
[99.662s][info][gc] GC(4264) Pause Young (Allocation Failure) 13M->8M(15M) 0.363ms
[99.666s][info][gc] GC(4265) Pause Young (Allocation Failure) 13M->8M(15M) 0.358ms
[99.670s][info][gc] GC(4266) Pause Young (Allocation Failure) 13M->8M(15M) 0.354ms
[99.693s][info][gc] GC(4267) Pause Young (Allocation Failure) 13M->8M(15M) 0.416ms
[99.703s][info][gc] GC(4268) Pause Young (Allocation Failure) 13M->8M(15M) 0.342ms
[99.725s][info][gc] GC(4269) Pause Young (Allocation Failure) 13M->8M(15M) 1.904ms
[99.741s][info][gc] GC(4270) Pause Young (Allocation Failure) 13M->8M(15M) 0.358ms
[99.782s][info][gc] GC(4271) Pause Young (Allocation Failure) 13M->8M(15M) 0.560ms
[99.810s][info][gc] GC(4272) Pause Young (Allocation Failure) 13M->8M(15M) 0.366ms
[99.859s][info][gc] GC(4273) Pause Young (Allocation Failure) 13M->8M(15M) 0.379ms
[99.880s][info][gc] GC(4274) Pause Young (Allocation Failure) 13M->8M(15M) 0.351ms
[99.889s][info][gc] GC(4275) Pause Young (Allocation Failure) 13M->8M(15M) 0.361ms
[99.897s][info][gc] GC(4276) Pause Young (Allocation Failure) 13M->8M(15M) 0.391ms
[99.971s][info][gc] GC(4277) Pause Young (Allocation Failure) 13M->8M(15M) 0.343ms
[99.980s][info][gc] GC(4278) Pause Young (Allocation Failure) 13M->8M(15M) 0.372ms
[99.989s][info][gc] GC(4279) Pause Young (Allocation Failure) 13M->8M(15M) 0.364ms
[100.002s][info][gc] GC(4280) Pause Young (Allocation Failure) 13M->8M(15M) 0.389ms
[100.029s][info][gc] GC(4281) Pause Young (Allocation Failure) 13M->8M(15M) 0.401ms
[100.037s][info][gc] GC(4282) Pause Young (Allocation Failure) 13M->8M(15M) 0.333ms
[100.041s][info][gc] GC(4283) Pause Young (Allocation Failure) 13M->8M(15M) 0.377ms
[100.046s][info][gc] GC(4284) Pause Young (Allocation Failure) 13M->8M(15M) 0.356ms
[100.051s][info][gc] GC(4285) Pause Young (Allocation Failure) 13M->8M(15M) 0.373ms
[100.056s][info][gc] GC(4286) Pause Young (Allocation Failure) 13M->8M(15M) 0.367ms
[100.066s][info][gc] GC(4287) Pause Young (Allocation Failure) 13M->8M(15M) 0.298ms
[100.073s][info][gc] GC(4288) Pause Young (Allocation Failure) 13M->8M(15M) 0.372ms
[100.081s][info][gc] GC(4289) Pause Young (Allocation Failure) 13M->8M(15M) 0.372ms
[100.089s][info][gc] GC(4290) Pause Young (Allocation Failure) 13M->8M(15M) 0.391ms
[100.097s][info][gc] GC(4291) Pause Young (Allocation Failure) 13M->8M(15M) 0.365ms
[100.104s][info][gc] GC(4292) Pause Young (Allocation Failure) 13M->8M(15M) 0.350ms
[100.112s][info][gc] GC(4293) Pause Young (Allocation Failure) 13M->8M(15M) 0.344ms
[100.125s][info][gc] GC(4294) Pause Young (Allocation Failure) 13M->8M(15M) 0.437ms
[100.133s][info][gc] GC(4295) Pause Young (Allocation Failure) 13M->8M(15M) 0.358ms
[100.140s][info][gc] GC(4296) Pause Young (Allocation Failure) 13M->8M(15M) 0.374ms
[100.148s][info][gc] GC(4297) Pause Young (Allocation Failure) 13M->8M(15M) 0.373ms
[100.156s][info][gc] GC(4298) Pause Young (Allocation Failure) 13M->8M(15M) 0.328ms
[100.163s][info][gc] GC(4299) Pause Young (Allocation Failure) 13M->8M(15M) 0.357ms
[100.171s][info][gc] GC(4300) Pause Young (Allocation Failure) 13M->8M(15M) 0.374ms
[100.181s][info][gc] GC(4301) Pause Young (Allocation Failure) 13M->8M(15M) 0.342ms
[100.189s][info][gc] GC(4302) Pause Young (Allocation Failure) 13M->8M(15M) 0.423ms
[100.197s][info][gc] GC(4303) Pause Young (Allocation Failure) 13M->8M(15M) 0.365ms
[100.204s][info][gc] GC(4304) Pause Young (Allocation Failure) 13M->8M(15M) 0.324ms
[100.211s][info][gc] GC(4305) Pause Young (Allocation Failure) 13M->8M(15M) 0.367ms
[100.218s][info][gc] GC(4306) Pause Young (Allocation Failure) 13M->8M(15M) 0.372ms
[100.226s][info][gc] GC(4307) Pause Young (Allocation Failure) 13M->8M(15M) 0.276ms
[100.238s][info][gc] GC(4308) Pause Young (Allocation Failure) 13M->8M(15M) 0.366ms
[100.245s][info][gc] GC(4309) Pause Young (Allocation Failure) 13M->8M(15M) 0.376ms
[100.253s][info][gc] GC(4310) Pause Young (Allocation Failure) 13M->8M(15M) 0.360ms
[100.271s][info][gc] GC(4311) Pause Young (Allocation Failure) 13M->8M(15M) 0.351ms
[100.279s][info][gc] GC(4312) Pause Young (Allocation Failure) 13M->8M(15M) 0.390ms
[100.286s][info][gc] GC(4313) Pause Young (Allocation Failure) 13M->8M(15M) 0.351ms
[100.293s][info][gc] GC(4314) Pause Young (Allocation Failure) 13M->8M(15M) 0.354ms
[100.301s][info][gc] GC(4315) Pause Young (Allocation Failure) 13M->8M(15M) 0.348ms
[100.311s][info][gc] GC(4316) Pause Young (Allocation Failure) 13M->8M(15M) 0.360ms
[100.319s][info][gc] GC(4317) Pause Young (Allocation Failure) 13M->8M(15M) 0.358ms
[100.326s][info][gc] GC(4318) Pause Young (Allocation Failure) 13M->8M(15M) 0.385ms
[100.333s][info][gc] GC(4319) Pause Young (Allocation Failure) 13M->8M(15M) 0.369ms
[100.341s][info][gc] GC(4320) Pause Young (Allocation Failure) 13M->8M(15M) 0.280ms
[100.349s][info][gc] GC(4321) Pause Young (Allocation Failure) 13M->8M(15M) 0.387ms
[100.356s][info][gc] GC(4322) Pause Young (Allocation Failure) 13M->8M(15M) 0.353ms
[100.424s][info][gc] GC(4323) Pause Young (Allocation Failure) 13M->8M(15M) 0.383ms
[100.429s][info][gc] GC(4324) Pause Young (Allocation Failure) 13M->8M(15M) 0.492ms
[100.433s][info][gc] GC(4325) Pause Young (Allocation Failure) 13M->8M(15M) 0.324ms
[100.437s][info][gc] GC(4326) Pause Young (Allocation Failure) 13M->8M(15M) 0.385ms
[100.442s][info][gc] GC(4327) Pause Young (Allocation Failure) 13M->8M(15M) 0.370ms
[100.446s][info][gc] GC(4328) Pause Young (Allocation Failure) 13M->8M(15M) 0.373ms
[100.451s][info][gc] GC(4329) Pause Young (Allocation Failure) 13M->8M(15M) 0.376ms
[100.455s][info][gc] GC(4330) Pause Young (Allocation Failure) 13M->8M(15M) 0.374ms
[100.460s][info][gc] GC(4331) Pause Young (Allocation Failure) 13M->8M(15M) 0.373ms
[100.868s][info][gc] GC(4332) Pause Young (Allocation Failure) 13M->8M(15M) 0.319ms
[100.939s][info][gc] GC(4333) Pause Young (Allocation Failure) 13M->8M(15M) 0.367ms
[100.943s][info][gc] GC(4334) Pause Young (Allocation Failure) 13M->8M(15M) 0.357ms
[100.948s][info][gc] GC(4335) Pause Young (Allocation Failure) 13M->8M(15M) 0.347ms
[100.953s][info][gc] GC(4336) Pause Young (Allocation Failure) 13M->8M(15M) 0.387ms
[100.957s][info][gc] GC(4337) Pause Young (Allocation Failure) 13M->9M(15M) 0.377ms
[100.962s][info][gc] GC(4338) Pause Young (Allocation Failure) 13M->8M(15M) 0.387ms
[100.966s][info][gc] GC(4339) Pause Young (Allocation Failure) 13M->8M(15M) 0.368ms
[100.971s][info][gc] GC(4340) Pause Young (Allocation Failure) 13M->9M(15M) 0.365ms
[100.983s][info][gc] GC(4341) Pause Young (Allocation Failure) 13M->8M(15M) 0.412ms
[100.988s][info][gc] GC(4342) Pause Young (Allocation Failure) 13M->8M(15M) 0.312ms
[100.993s][info][gc] GC(4343) Pause Young (Allocation Failure) 13M->8M(15M) 0.367ms
[101.000s][info][gc] GC(4344) Pause Young (Allocation Failure) 13M->8M(15M) 0.363ms
[101.005s][info][gc] GC(4345) Pause Young (Allocation Failure) 13M->8M(15M) 0.263ms
[101.012s][info][gc] GC(4346) Pause Young (Allocation Failure) 13M->9M(15M) 0.346ms
[101.019s][info][gc] GC(4347) Pause Young (Allocation Failure) 13M->8M(15M) 0.363ms
[101.025s][info][gc] GC(4348) Pause Young (Allocation Failure) 13M->8M(15M) 0.333ms
[101.030s][info][gc] GC(4349) Pause Young (Allocation Failure) 13M->9M(15M) 0.375ms
[101.040s][info][gc] GC(4350) Pause Young (Allocation Failure) 13M->8M(15M) 0.351ms
[101.052s][info][gc] GC(4351) Pause Young (Allocation Failure) 13M->9M(15M) 0.366ms
[101.068s][info][gc] GC(4352) Pause Young (Allocation Failure) 13M->9M(15M) 0.389ms
[101.077s][info][gc] GC(4353) Pause Young (Allocation Failure) 13M->8M(15M) 0.329ms
[101.107s][info][gc] GC(4354) Pause Young (Allocation Failure) 13M->9M(15M) 0.560ms
[101.117s][info][gc] GC(4355) Pause Young (Allocation Failure) 13M->9M(15M) 0.387ms
[101.131s][info][gc] GC(4356) Pause Young (Allocation Failure) 13M->9M(15M) 0.349ms
[101.171s][info][gc] GC(4357) Pause Young (Allocation Failure) 13M->8M(15M) 0.301ms
[101.178s][info][gc] GC(4358) Pause Young (Allocation Failure) 13M->9M(15M) 0.397ms
[101.188s][info][gc] GC(4359) Pause Young (Allocation Failure) 13M->9M(15M) 0.331ms
[101.198s][info][gc] GC(4360) Pause Young (Allocation Failure) 13M->9M(15M) 0.353ms
[101.227s][info][gc] GC(4361) Pause Young (Allocation Failure) 13M->9M(15M) 0.386ms
[101.238s][info][gc] GC(4362) Pause Young (Allocation Failure) 13M->8M(15M) 0.301ms
[101.245s][info][gc] GC(4363) Pause Young (Allocation Failure) 13M->9M(15M) 0.359ms
[101.252s][info][gc] GC(4364) Pause Young (Allocation Failure) 13M->9M(15M) 0.384ms
[101.263s][info][gc] GC(4365) Pause Young (Allocation Failure) 13M->9M(15M) 0.353ms
[101.275s][info][gc] GC(4366) Pause Young (Allocation Failure) 13M->9M(15M) 0.386ms
[101.280s][info][gc] GC(4367) Pause Young (Allocation Failure) 13M->8M(15M) 0.321ms
[101.293s][info][gc] GC(4368) Pause Young (Allocation Failure) 13M->9M(15M) 0.352ms
[101.301s][info][gc] GC(4369) Pause Young (Allocation Failure) 13M->9M(15M) 0.322ms
[101.308s][info][gc] GC(4370) Pause Young (Allocation Failure) 13M->9M(15M) 0.377ms
[101.317s][info][gc] GC(4371) Pause Young (Allocation Failure) 13M->9M(15M) 0.368ms
[101.327s][info][gc] GC(4372) Pause Young (Allocation Failure) 13M->9M(15M) 0.319ms
[101.336s][info][gc] GC(4373) Pause Young (Allocation Failure) 13M->9M(15M) 0.361ms
[101.348s][info][gc] GC(4374) Pause Young (Allocation Failure) 13M->9M(15M) 0.353ms
[101.354s][info][gc] GC(4375) Pause Young (Allocation Failure) 13M->9M(15M) 0.370ms
[101.375s][info][gc] GC(4376) Pause Young (Allocation Failure) 13M->9M(15M) 0.383ms
[101.380s][info][gc] GC(4377) Pause Young (Allocation Failure) 13M->9M(15M) 0.344ms
[101.385s][info][gc] GC(4378) Pause Young (Allocation Failure) 13M->9M(15M) 0.376ms
[101.389s][info][gc] GC(4379) Pause Young (Allocation Failure) 13M->9M(15M) 0.372ms
[101.399s][info][gc] GC(4380) Pause Young (Allocation Failure) 13M->9M(15M) 0.339ms
[101.405s][info][gc] GC(4381) Pause Young (Allocation Failure) 13M->9M(15M) 0.377ms
[101.410s][info][gc] GC(4382) Pause Young (Allocation Failure) 13M->9M(15M) 0.408ms
[101.415s][info][gc] GC(4383) Pause Young (Allocation Failure) 13M->8M(15M) 0.413ms
[101.425s][info][gc] GC(4384) Pause Young (Allocation Failure) 13M->9M(15M) 0.509ms
[101.436s][info][gc] GC(4385) Pause Young (Allocation Failure) 13M->9M(15M) 0.368ms
[101.443s][info][gc] GC(4386) Pause Young (Allocation Failure) 13M->8M(15M) 0.403ms
[101.454s][info][gc] GC(4387) Pause Young (Allocation Failure) 13M->9M(15M) 0.367ms
[101.466s][info][gc] GC(4388) Pause Young (Allocation Failure) 13M->9M(15M) 0.350ms
[101.476s][info][gc] GC(4389) Pause Young (Allocation Failure) 13M->9M(15M) 0.419ms
[101.497s][info][gc] GC(4390) Pause Young (Allocation Failure) 13M->9M(15M) 0.483ms
[101.508s][info][gc] GC(4391) Pause Young (Allocation Failure) 13M->9M(15M) 0.364ms
[101.520s][info][gc] GC(4392) Pause Young (Allocation Failure) 13M->9M(15M) 0.383ms
[101.532s][info][gc] GC(4393) Pause Young (Allocation Failure) 13M->9M(15M) 1.146ms
[101.543s][info][gc] GC(4394) Pause Young (Allocation Failure) 13M->9M(15M) 0.333ms
[101.555s][info][gc] GC(4395) Pause Young (Allocation Failure) 13M->9M(15M) 0.392ms
[101.569s][info][gc] GC(4396) Pause Young (Allocation Failure) 13M->9M(15M) 0.388ms
[101.580s][info][gc] GC(4397) Pause Young (Allocation Failure) 13M->9M(15M) 0.452ms
[101.592s][info][gc] GC(4398) Pause Young (Allocation Failure) 13M->9M(15M) 0.413ms
[101.604s][info][gc] GC(4399) Pause Young (Allocation Failure) 13M->9M(15M) 0.405ms
[101.624s][info][gc] GC(4400) Pause Young (Allocation Failure) 13M->9M(15M) 0.380ms
[101.637s][info][gc] GC(4401) Pause Young (Allocation Failure) 13M->9M(15M) 0.389ms
[101.656s][info][gc] GC(4402) Pause Young (Allocation Failure) 13M->9M(15M) 0.858ms
[101.671s][info][gc] GC(4403) Pause Young (Allocation Failure) 13M->9M(15M) 0.828ms
[101.684s][info][gc] GC(4404) Pause Young (Allocation Failure) 13M->9M(15M) 0.382ms
[101.697s][info][gc] GC(4405) Pause Young (Allocation Failure) 13M->9M(15M) 0.388ms
[101.707s][info][gc] GC(4406) Pause Young (Allocation Failure) 13M->9M(15M) 0.528ms
[101.721s][info][gc] GC(4407) Pause Young (Allocation Failure) 13M->9M(15M) 0.373ms
[101.734s][info][gc] GC(4408) Pause Young (Allocation Failure) 13M->9M(15M) 0.336ms
[101.745s][info][gc] GC(4409) Pause Young (Allocation Failure) 13M->9M(15M) 1.238ms
[101.756s][info][gc] GC(4410) Pause Young (Allocation Failure) 13M->9M(15M) 0.406ms
[101.769s][info][gc] GC(4411) Pause Young (Allocation Failure) 13M->9M(15M) 0.403ms
[101.779s][info][gc] GC(4412) Pause Young (Allocation Failure) 13M->9M(15M) 0.579ms
[101.788s][info][gc] GC(4413) Pause Young (Allocation Failure) 13M->9M(15M) 0.385ms
[101.794s][info][gc] GC(4414) Pause Young (Allocation Failure) 13M->9M(15M) 0.357ms
[101.801s][info][gc] GC(4415) Pause Young (Allocation Failure) 13M->9M(15M) 0.378ms
[101.810s][info][gc] GC(4416) Pause Young (Allocation Failure) 13M->9M(15M) 0.392ms
[101.818s][info][gc] GC(4417) Pause Young (Allocation Failure) 13M->9M(15M) 0.344ms
[101.825s][info][gc] GC(4418) Pause Young (Allocation Failure) 13M->9M(15M) 0.399ms
[101.834s][info][gc] GC(4419) Pause Young (Allocation Failure) 13M->9M(15M) 0.395ms
[101.842s][info][gc] GC(4420) Pause Young (Allocation Failure) 13M->9M(15M) 0.377ms
[101.850s][info][gc] GC(4421) Pause Young (Allocation Failure) 13M->9M(15M) 0.346ms
[101.855s][info][gc] GC(4422) Pause Young (Allocation Failure) 13M->9M(15M) 0.426ms
[101.863s][info][gc] GC(4423) Pause Young (Allocation Failure) 13M->9M(15M) 0.390ms
[101.869s][info][gc] GC(4424) Pause Young (Allocation Failure) 13M->9M(15M) 0.341ms
[101.874s][info][gc] GC(4425) Pause Young (Allocation Failure) 13M->9M(15M) 0.384ms
[101.883s][info][gc] GC(4426) Pause Young (Allocation Failure) 13M->9M(15M) 0.371ms
[101.888s][info][gc] GC(4427) Pause Young (Allocation Failure) 13M->9M(15M) 0.333ms
[101.895s][info][gc] GC(4428) Pause Young (Allocation Failure) 13M->9M(15M) 0.637ms
[101.901s][info][gc] GC(4429) Pause Young (Allocation Failure) 13M->9M(15M) 0.382ms
[101.907s][info][gc] GC(4430) Pause Young (Allocation Failure) 13M->9M(15M) 0.337ms
[101.913s][info][gc] GC(4431) Pause Young (Allocation Failure) 13M->9M(15M) 0.387ms
[101.918s][info][gc] GC(4432) Pause Young (Allocation Failure) 13M->9M(15M) 0.375ms
[101.923s][info][gc] GC(4433) Pause Young (Allocation Failure) 13M->9M(15M) 0.303ms
[101.929s][info][gc] GC(4434) Pause Young (Allocation Failure) 13M->9M(15M) 0.409ms
[101.935s][info][gc] GC(4435) Pause Young (Allocation Failure) 13M->9M(15M) 0.371ms
[101.939s][info][gc] GC(4436) Pause Young (Allocation Failure) 13M->9M(15M) 0.315ms
[101.945s][info][gc] GC(4437) Pause Young (Allocation Failure) 13M->9M(15M) 0.748ms
[101.950s][info][gc] GC(4438) Pause Young (Allocation Failure) 13M->9M(15M) 0.370ms
[101.954s][info][gc] GC(4439) Pause Young (Allocation Failure) 13M->9M(15M) 0.402ms
[101.960s][info][gc] GC(4440) Pause Young (Allocation Failure) 13M->9M(15M) 0.387ms
[101.966s][info][gc] GC(4441) Pause Young (Allocation Failure) 13M->9M(15M) 0.308ms
[101.971s][info][gc] GC(4442) Pause Young (Allocation Failure) 13M->9M(15M) 0.393ms
[101.976s][info][gc] GC(4443) Pause Young (Allocation Failure) 13M->9M(15M) 0.384ms
[101.983s][info][gc] GC(4444) Pause Young (Allocation Failure) 13M->9M(15M) 0.286ms
[101.987s][info][gc] GC(4445) Pause Young (Allocation Failure) 13M->9M(15M) 0.395ms
[101.993s][info][gc] GC(4446) Pause Young (Allocation Failure) 13M->9M(15M) 0.377ms
[102.000s][info][gc] GC(4447) Pause Young (Allocation Failure) 13M->9M(15M) 0.374ms
[102.009s][info][gc] GC(4448) Pause Young (Allocation Failure) 13M->9M(15M) 0.403ms
[102.015s][info][gc] GC(4449) Pause Young (Allocation Failure) 13M->9M(15M) 0.347ms
[102.019s][info][gc] GC(4450) Pause Young (Allocation Failure) 13M->9M(15M) 0.357ms
[102.024s][info][gc] GC(4451) Pause Young (Allocation Failure) 13M->9M(15M) 0.388ms
[102.029s][info][gc] GC(4452) Pause Young (Allocation Failure) 13M->9M(15M) 0.328ms
[102.034s][info][gc] GC(4453) Pause Young (Allocation Failure) 13M->9M(15M) 0.373ms
[102.038s][info][gc] GC(4454) Pause Young (Allocation Failure) 13M->9M(15M) 0.394ms
[102.043s][info][gc] GC(4455) Pause Young (Allocation Failure) 13M->9M(15M) 0.277ms
[102.049s][info][gc] GC(4456) Pause Young (Allocation Failure) 13M->9M(15M) 0.374ms
[102.055s][info][gc] GC(4457) Pause Young (Allocation Failure) 13M->9M(15M) 0.382ms
[102.061s][info][gc] GC(4458) Pause Young (Allocation Failure) 13M->9M(15M) 0.300ms
[102.066s][info][gc] GC(4459) Pause Young (Allocation Failure) 13M->9M(15M) 0.380ms
[102.073s][info][gc] GC(4460) Pause Young (Allocation Failure) 13M->9M(15M) 0.348ms
[102.079s][info][gc] GC(4461) Pause Young (Allocation Failure) 13M->9M(15M) 0.410ms
[102.086s][info][gc] GC(4462) Pause Young (Allocation Failure) 13M->9M(15M) 0.374ms
[102.096s][info][gc] GC(4463) Pause Young (Allocation Failure) 13M->9M(15M) 0.704ms
[102.102s][info][gc] GC(4464) Pause Young (Allocation Failure) 13M->9M(15M) 0.384ms
[102.109s][info][gc] GC(4465) Pause Young (Allocation Failure) 13M->9M(15M) 0.390ms
[102.115s][info][gc] GC(4466) Pause Young (Allocation Failure) 13M->9M(15M) 0.614ms
[102.121s][info][gc] GC(4467) Pause Young (Allocation Failure) 13M->9M(15M) 0.378ms
[102.129s][info][gc] GC(4468) Pause Young (Allocation Failure) 13M->9M(15M) 0.387ms
[102.136s][info][gc] GC(4469) Pause Young (Allocation Failure) 13M->9M(15M) 0.341ms
[102.142s][info][gc] GC(4470) Pause Young (Allocation Failure) 13M->9M(15M) 0.361ms
[102.149s][info][gc] GC(4471) Pause Young (Allocation Failure) 13M->9M(15M) 0.381ms
[102.155s][info][gc] GC(4472) Pause Young (Allocation Failure) 13M->9M(15M) 0.486ms
[102.176s][info][gc] GC(4473) Pause Young (Allocation Failure) 13M->9M(15M) 0.372ms
[102.183s][info][gc] GC(4474) Pause Young (Allocation Failure) 13M->9M(15M) 0.379ms
[102.190s][info][gc] GC(4475) Pause Young (Allocation Failure) 13M->9M(15M) 0.376ms
[102.197s][info][gc] GC(4476) Pause Young (Allocation Failure) 13M->9M(15M) 0.388ms
[102.204s][info][gc] GC(4477) Pause Young (Allocation Failure) 13M->9M(15M) 0.691ms
[102.210s][info][gc] GC(4478) Pause Young (Allocation Failure) 13M->9M(15M) 0.374ms
[102.216s][info][gc] GC(4479) Pause Young (Allocation Failure) 13M->9M(15M) 0.402ms
[102.222s][info][gc] GC(4480) Pause Young (Allocation Failure) 13M->9M(15M) 0.322ms
[102.228s][info][gc] GC(4481) Pause Young (Allocation Failure) 13M->9M(15M) 0.900ms
[102.234s][info][gc] GC(4482) Pause Young (Allocation Failure) 13M->9M(15M) 0.329ms
[102.240s][info][gc] GC(4483) Pause Young (Allocation Failure) 13M->9M(15M) 0.412ms
[102.246s][info][gc] GC(4484) Pause Young (Allocation Failure) 13M->9M(15M) 0.362ms
[102.253s][info][gc] GC(4485) Pause Young (Allocation Failure) 13M->9M(15M) 0.353ms
[102.259s][info][gc] GC(4486) Pause Young (Allocation Failure) 13M->9M(15M) 0.373ms
[102.270s][info][gc] GC(4487) Pause Young (Allocation Failure) 13M->9M(15M) 0.355ms
[102.276s][info][gc] GC(4488) Pause Young (Allocation Failure) 13M->9M(15M) 0.370ms
[102.283s][info][gc] GC(4489) Pause Young (Allocation Failure) 13M->9M(15M) 0.372ms
[102.290s][info][gc] GC(4490) Pause Young (Allocation Failure) 13M->9M(15M) 0.320ms
[102.299s][info][gc] GC(4491) Pause Young (Allocation Failure) 13M->9M(15M) 0.379ms
[102.306s][info][gc] GC(4492) Pause Young (Allocation Failure) 13M->9M(15M) 0.371ms
[102.314s][info][gc] GC(4493) Pause Young (Allocation Failure) 13M->9M(15M) 0.351ms
[102.320s][info][gc] GC(4494) Pause Young (Allocation Failure) 13M->9M(15M) 0.520ms
[102.326s][info][gc] GC(4495) Pause Young (Allocation Failure) 13M->9M(15M) 0.376ms
[102.335s][info][gc] GC(4496) Pause Young (Allocation Failure) 13M->9M(15M) 0.372ms
[102.342s][info][gc] GC(4497) Pause Young (Allocation Failure) 13M->9M(15M) 0.384ms
[102.350s][info][gc] GC(4498) Pause Young (Allocation Failure) 13M->9M(15M) 0.368ms
[102.356s][info][gc] GC(4499) Pause Young (Allocation Failure) 13M->9M(15M) 0.434ms
[102.363s][info][gc] GC(4500) Pause Young (Allocation Failure) 13M->9M(15M) 0.588ms
[102.370s][info][gc] GC(4501) Pause Young (Allocation Failure) 13M->9M(15M) 0.297ms
[102.376s][info][gc] GC(4502) Pause Young (Allocation Failure) 13M->9M(15M) 0.385ms
[102.382s][info][gc] GC(4503) Pause Young (Allocation Failure) 13M->9M(15M) 0.370ms
[102.387s][info][gc] GC(4504) Pause Young (Allocation Failure) 13M->9M(15M) 0.294ms
[102.391s][info][gc] GC(4505) Pause Young (Allocation Failure) 13M->9M(15M) 0.367ms
[102.397s][info][gc] GC(4506) Pause Young (Allocation Failure) 13M->9M(15M) 0.388ms
[102.402s][info][gc] GC(4507) Pause Young (Allocation Failure) 13M->9M(15M) 0.296ms
[102.406s][info][gc] GC(4508) Pause Young (Allocation Failure) 13M->9M(15M) 0.358ms
[102.411s][info][gc] GC(4509) Pause Young (Allocation Failure) 13M->9M(15M) 0.589ms
[102.416s][info][gc] GC(4510) Pause Young (Allocation Failure) 13M->9M(15M) 0.352ms
[102.421s][info][gc] GC(4511) Pause Young (Allocation Failure) 13M->9M(15M) 0.369ms
[102.433s][info][gc] GC(4512) Pause Young (Allocation Failure) 13M->9M(15M) 0.648ms
[102.439s][info][gc] GC(4513) Pause Young (Allocation Failure) 13M->9M(15M) 0.371ms
[102.443s][info][gc] GC(4514) Pause Young (Allocation Failure) 13M->9M(15M) 0.357ms
[102.449s][info][gc] GC(4515) Pause Young (Allocation Failure) 13M->9M(15M) 0.368ms
[102.453s][info][gc] GC(4516) Pause Young (Allocation Failure) 13M->9M(15M) 0.354ms
[102.457s][info][gc] GC(4517) Pause Young (Allocation Failure) 13M->9M(15M) 0.353ms
[102.462s][info][gc] GC(4518) Pause Young (Allocation Failure) 13M->9M(15M) 0.414ms
[102.467s][info][gc] GC(4519) Pause Young (Allocation Failure) 13M->9M(15M) 0.352ms
[102.471s][info][gc] GC(4520) Pause Young (Allocation Failure) 13M->9M(15M) 0.367ms
[102.476s][info][gc] GC(4521) Pause Young (Allocation Failure) 13M->9M(15M) 0.315ms
[102.481s][info][gc] GC(4522) Pause Young (Allocation Failure) 13M->9M(15M) 0.358ms
[102.485s][info][gc] GC(4523) Pause Young (Allocation Failure) 13M->9M(15M) 0.354ms
[102.490s][info][gc] GC(4524) Pause Young (Allocation Failure) 13M->9M(15M) 0.308ms
[102.498s][info][gc] GC(4525) Pause Young (Allocation Failure) 13M->9M(15M) 0.376ms
[102.502s][info][gc] GC(4526) Pause Young (Allocation Failure) 13M->9M(15M) 0.378ms
[102.507s][info][gc] GC(4527) Pause Young (Allocation Failure) 13M->9M(15M) 0.489ms
[102.518s][info][gc] GC(4528) Pause Young (Allocation Failure) 13M->9M(15M) 0.374ms
[102.523s][info][gc] GC(4529) Pause Young (Allocation Failure) 13M->9M(15M) 0.372ms
[102.527s][info][gc] GC(4530) Pause Young (Allocation Failure) 13M->9M(15M) 0.319ms
[102.534s][info][gc] GC(4531) Pause Young (Allocation Failure) 13M->9M(15M) 0.405ms
[102.538s][info][gc] GC(4532) Pause Young (Allocation Failure) 13M->9M(15M) 0.373ms
[102.542s][info][gc] GC(4533) Pause Young (Allocation Failure) 13M->9M(15M) 0.288ms
[102.548s][info][gc] GC(4534) Pause Young (Allocation Failure) 13M->9M(15M) 0.382ms
[102.552s][info][gc] GC(4535) Pause Young (Allocation Failure) 13M->9M(15M) 0.366ms
[102.556s][info][gc] GC(4536) Pause Young (Allocation Failure) 13M->9M(15M) 0.302ms
[102.561s][info][gc] GC(4537) Pause Young (Allocation Failure) 13M->9M(15M) 0.390ms
[102.566s][info][gc] GC(4538) Pause Young (Allocation Failure) 13M->9M(15M) 0.382ms
[102.570s][info][gc] GC(4539) Pause Young (Allocation Failure) 13M->9M(15M) 0.301ms
[102.575s][info][gc] GC(4540) Pause Young (Allocation Failure) 13M->9M(15M) 0.356ms
[102.579s][info][gc] GC(4541) Pause Young (Allocation Failure) 13M->9M(15M) 0.364ms
[102.584s][info][gc] GC(4542) Pause Young (Allocation Failure) 13M->9M(15M) 0.307ms
[102.589s][info][gc] GC(4543) Pause Young (Allocation Failure) 13M->9M(15M) 0.343ms
[102.593s][info][gc] GC(4544) Pause Young (Allocation Failure) 13M->9M(15M) 0.333ms
[102.597s][info][gc] GC(4545) Pause Young (Allocation Failure) 13M->9M(15M) 0.357ms
[102.602s][info][gc] GC(4546) Pause Young (Allocation Failure) 13M->9M(15M) 0.376ms
[102.609s][info][gc] GC(4547) Pause Young (Allocation Failure) 13M->9M(15M) 0.306ms
[102.616s][info][gc] GC(4548) Pause Young (Allocation Failure) 13M->9M(15M) 0.653ms
[102.622s][info][gc] GC(4549) Pause Young (Allocation Failure) 13M->9M(15M) 0.373ms
[102.629s][info][gc] GC(4550) Pause Young (Allocation Failure) 13M->9M(15M) 0.373ms
[102.635s][info][gc] GC(4551) Pause Young (Allocation Failure) 13M->9M(15M) 0.486ms
[102.642s][info][gc] GC(4552) Pause Young (Allocation Failure) 13M->9M(15M) 0.291ms
[102.649s][info][gc] GC(4553) Pause Young (Allocation Failure) 13M->9M(15M) 0.373ms
[102.655s][info][gc] GC(4554) Pause Young (Allocation Failure) 13M->9M(15M) 0.480ms
[102.669s][info][gc] GC(4555) Pause Young (Allocation Failure) 13M->9M(15M) 0.441ms
[102.679s][info][gc] GC(4556) Pause Young (Allocation Failure) 13M->9M(15M) 0.639ms
[102.686s][info][gc] GC(4557) Pause Young (Allocation Failure) 13M->9M(15M) 0.364ms
[102.697s][info][gc] GC(4558) Pause Young (Allocation Failure) 13M->9M(15M) 0.421ms
[102.706s][info][gc] GC(4559) Pause Young (Allocation Failure) 13M->9M(15M) 0.298ms
[102.716s][info][gc] GC(4560) Pause Young (Allocation Failure) 13M->9M(15M) 0.371ms
[102.723s][info][gc] GC(4561) Pause Young (Allocation Failure) 13M->9M(15M) 0.456ms
[102.730s][info][gc] GC(4562) Pause Young (Allocation Failure) 13M->9M(15M) 0.372ms
[102.737s][info][gc] GC(4563) Pause Young (Allocation Failure) 13M->9M(15M) 0.374ms
[102.743s][info][gc] GC(4564) Pause Young (Allocation Failure) 13M->9M(15M) 0.373ms
[102.750s][info][gc] GC(4565) Pause Young (Allocation Failure) 13M->9M(15M) 0.281ms
[102.755s][info][gc] GC(4566) Pause Young (Allocation Failure) 13M->9M(15M) 0.527ms
[102.762s][info][gc] GC(4567) Pause Young (Allocation Failure) 13M->9M(15M) 0.360ms
[102.766s][info][gc] GC(4568) Pause Young (Allocation Failure) 13M->9M(15M) 0.269ms
[102.771s][info][gc] GC(4569) Pause Young (Allocation Failure) 13M->9M(15M) 0.374ms
[102.775s][info][gc] GC(4570) Pause Young (Allocation Failure) 13M->9M(15M) 0.381ms
[102.780s][info][gc] GC(4571) Pause Young (Allocation Failure) 13M->9M(15M) 0.306ms
[102.785s][info][gc] GC(4572) Pause Young (Allocation Failure) 13M->9M(15M) 0.359ms
[102.789s][info][gc] GC(4573) Pause Young (Allocation Failure) 13M->9M(15M) 0.385ms
[102.793s][info][gc] GC(4574) Pause Young (Allocation Failure) 13M->9M(15M) 0.373ms
[102.798s][info][gc] GC(4575) Pause Young (Allocation Failure) 13M->9M(15M) 0.379ms
[102.809s][info][gc] GC(4576) Pause Young (Allocation Failure) 13M->9M(15M) 0.359ms
[102.816s][info][gc] GC(4577) Pause Young (Allocation Failure) 13M->9M(15M) 0.386ms
[102.823s][info][gc] GC(4578) Pause Young (Allocation Failure) 13M->9M(15M) 0.320ms
[102.831s][info][gc] GC(4579) Pause Young (Allocation Failure) 13M->9M(15M) 0.362ms
[102.836s][info][gc] GC(4580) Pause Young (Allocation Failure) 13M->9M(15M) 0.319ms
[102.843s][info][gc] GC(4581) Pause Young (Allocation Failure) 13M->9M(15M) 0.394ms
[102.848s][info][gc] GC(4582) Pause Young (Allocation Failure) 13M->9M(15M) 0.355ms
[102.853s][info][gc] GC(4583) Pause Young (Allocation Failure) 13M->9M(15M) 0.368ms
[102.857s][info][gc] GC(4584) Pause Young (Allocation Failure) 13M->9M(15M) 0.381ms
[102.862s][info][gc] GC(4585) Pause Young (Allocation Failure) 13M->9M(15M) 0.355ms
[102.872s][info][gc] GC(4586) Pause Young (Allocation Failure) 13M->9M(15M) 0.361ms
[102.876s][info][gc] GC(4587) Pause Young (Allocation Failure) 13M->9M(15M) 0.382ms
[102.882s][info][gc] GC(4588) Pause Young (Allocation Failure) 13M->9M(15M) 0.370ms
[102.886s][info][gc] GC(4589) Pause Young (Allocation Failure) 13M->9M(15M) 0.354ms
[102.891s][info][gc] GC(4590) Pause Young (Allocation Failure) 13M->9M(15M) 0.376ms
[102.897s][info][gc] GC(4591) Pause Young (Allocation Failure) 13M->9M(15M) 0.407ms
[102.902s][info][gc] GC(4592) Pause Young (Allocation Failure) 13M->9M(15M) 0.306ms
[102.907s][info][gc] GC(4593) Pause Young (Allocation Failure) 13M->9M(15M) 0.438ms
[102.912s][info][gc] GC(4594) Pause Young (Allocation Failure) 13M->9M(15M) 0.381ms
[102.916s][info][gc] GC(4595) Pause Young (Allocation Failure) 13M->9M(15M) 0.300ms
[102.921s][info][gc] GC(4596) Pause Young (Allocation Failure) 13M->9M(15M) 0.383ms
[102.925s][info][gc] GC(4597) Pause Young (Allocation Failure) 13M->9M(15M) 0.349ms
[102.930s][info][gc] GC(4598) Pause Young (Allocation Failure) 13M->9M(15M) 0.375ms
[102.935s][info][gc] GC(4599) Pause Young (Allocation Failure) 13M->9M(15M) 0.377ms
[102.939s][info][gc] GC(4600) Pause Young (Allocation Failure) 13M->9M(15M) 0.350ms
[102.944s][info][gc] GC(4601) Pause Young (Allocation Failure) 13M->9M(15M) 0.283ms
[102.948s][info][gc] GC(4602) Pause Young (Allocation Failure) 13M->9M(15M) 0.378ms
[102.953s][info][gc] GC(4603) Pause Young (Allocation Failure) 13M->9M(15M) 0.354ms
[102.957s][info][gc] GC(4604) Pause Young (Allocation Failure) 13M->9M(15M) 0.301ms
[102.962s][info][gc] GC(4605) Pause Young (Allocation Failure) 13M->9M(15M) 0.343ms
[102.966s][info][gc] GC(4606) Pause Young (Allocation Failure) 13M->9M(15M) 0.373ms
[102.972s][info][gc] GC(4607) Pause Young (Allocation Failure) 13M->9M(15M) 0.369ms
[102.977s][info][gc] GC(4608) Pause Young (Allocation Failure) 13M->9M(15M) 0.365ms
[102.981s][info][gc] GC(4609) Pause Young (Allocation Failure) 13M->9M(15M) 0.346ms
[102.986s][info][gc] GC(4610) Pause Young (Allocation Failure) 13M->9M(15M) 0.368ms
[102.991s][info][gc] GC(4611) Pause Young (Allocation Failure) 13M->9M(15M) 0.371ms
[102.996s][info][gc] GC(4612) Pause Young (Allocation Failure) 13M->9M(15M) 0.380ms
[103.000s][info][gc] GC(4613) Pause Young (Allocation Failure) 13M->9M(15M) 0.312ms
[103.005s][info][gc] GC(4614) Pause Young (Allocation Failure) 13M->9M(15M) 0.368ms
[103.010s][info][gc] GC(4615) Pause Young (Allocation Failure) 13M->9M(15M) 0.351ms
[103.014s][info][gc] GC(4616) Pause Young (Allocation Failure) 13M->9M(15M) 0.320ms
[103.019s][info][gc] GC(4617) Pause Young (Allocation Failure) 13M->9M(15M) 0.355ms
[103.023s][info][gc] GC(4618) Pause Young (Allocation Failure) 13M->9M(15M) 0.359ms
[103.028s][info][gc] GC(4619) Pause Young (Allocation Failure) 13M->9M(15M) 0.335ms
[103.032s][info][gc] GC(4620) Pause Young (Allocation Failure) 13M->9M(15M) 0.363ms
[103.037s][info][gc] GC(4621) Pause Young (Allocation Failure) 13M->9M(15M) 0.321ms
[103.041s][info][gc] GC(4622) Pause Young (Allocation Failure) 13M->9M(15M) 0.378ms
[103.046s][info][gc] GC(4623) Pause Young (Allocation Failure) 13M->9M(15M) 0.353ms
[103.050s][info][gc] GC(4624) Pause Young (Allocation Failure) 13M->9M(15M) 0.331ms
[103.055s][info][gc] GC(4625) Pause Young (Allocation Failure) 13M->9M(15M) 0.386ms
[103.059s][info][gc] GC(4626) Pause Young (Allocation Failure) 13M->9M(15M) 0.357ms
[103.064s][info][gc] GC(4627) Pause Young (Allocation Failure) 13M->9M(15M) 0.305ms
[103.068s][info][gc] GC(4628) Pause Young (Allocation Failure) 13M->9M(15M) 0.371ms
[103.073s][info][gc] GC(4629) Pause Young (Allocation Failure) 13M->9M(15M) 0.383ms
[103.077s][info][gc] GC(4630) Pause Young (Allocation Failure) 13M->9M(15M) 0.377ms
[103.082s][info][gc] GC(4631) Pause Young (Allocation Failure) 13M->9M(15M) 0.360ms
[103.086s][info][gc] GC(4632) Pause Young (Allocation Failure) 13M->9M(15M) 0.369ms
[103.091s][info][gc] GC(4633) Pause Young (Allocation Failure) 13M->9M(15M) 0.381ms
[103.095s][info][gc] GC(4634) Pause Young (Allocation Failure) 13M->9M(15M) 0.311ms
[103.101s][info][gc] GC(4635) Pause Young (Allocation Failure) 13M->9M(15M) 0.363ms
[103.106s][info][gc] GC(4636) Pause Young (Allocation Failure) 13M->9M(15M) 0.381ms
[103.111s][info][gc] GC(4637) Pause Young (Allocation Failure) 13M->9M(15M) 0.425ms
[103.115s][info][gc] GC(4638) Pause Young (Allocation Failure) 13M->9M(15M) 0.351ms
[103.120s][info][gc] GC(4639) Pause Young (Allocation Failure) 13M->9M(15M) 0.356ms
[103.124s][info][gc] GC(4640) Pause Young (Allocation Failure) 13M->9M(15M) 0.380ms
[103.129s][info][gc] GC(4641) Pause Young (Allocation Failure) 13M->9M(15M) 0.354ms
[103.134s][info][gc] GC(4642) Pause Young (Allocation Failure) 13M->9M(15M) 0.366ms
[103.138s][info][gc] GC(4643) Pause Young (Allocation Failure) 13M->9M(15M) 0.359ms
[103.143s][info][gc] GC(4644) Pause Young (Allocation Failure) 13M->9M(15M) 0.367ms
[103.148s][info][gc] GC(4645) Pause Young (Allocation Failure) 13M->9M(15M) 0.380ms
[103.152s][info][gc] GC(4646) Pause Young (Allocation Failure) 13M->9M(15M) 0.346ms
[103.157s][info][gc] GC(4647) Pause Young (Allocation Failure) 13M->9M(15M) 0.367ms
[103.161s][info][gc] GC(4648) Pause Young (Allocation Failure) 13M->9M(15M) 0.378ms
[103.173s][info][gc] GC(4649) Pause Young (Allocation Failure) 13M->9M(15M) 0.343ms
[103.179s][info][gc] GC(4650) Pause Young (Allocation Failure) 13M->9M(15M) 0.321ms
[103.183s][info][gc] GC(4651) Pause Young (Allocation Failure) 13M->9M(15M) 0.373ms
[103.190s][info][gc] GC(4652) Pause Young (Allocation Failure) 13M->9M(15M) 0.359ms
[103.197s][info][gc] GC(4653) Pause Young (Allocation Failure) 13M->9M(15M) 0.372ms
[103.203s][info][gc] GC(4654) Pause Young (Allocation Failure) 13M->9M(15M) 0.720ms
[103.210s][info][gc] GC(4655) Pause Young (Allocation Failure) 13M->9M(15M) 0.350ms
[103.217s][info][gc] GC(4656) Pause Young (Allocation Failure) 13M->9M(15M) 0.386ms
[103.224s][info][gc] GC(4657) Pause Young (Allocation Failure) 13M->9M(15M) 0.393ms
[103.231s][info][gc] GC(4658) Pause Young (Allocation Failure) 13M->9M(15M) 0.445ms
[103.238s][info][gc] GC(4659) Pause Young (Allocation Failure) 13M->9M(15M) 0.296ms
[103.254s][info][gc] GC(4660) Pause Young (Allocation Failure) 13M->9M(15M) 0.362ms
[103.264s][info][gc] GC(4661) Pause Young (Allocation Failure) 13M->9M(15M) 0.339ms
[103.270s][info][gc] GC(4662) Pause Young (Allocation Failure) 13M->9M(15M) 0.368ms
[103.286s][info][gc] GC(4663) Pause Young (Allocation Failure) 13M->9M(15M) 0.368ms
[103.305s][info][gc] GC(4664) Pause Young (Allocation Failure) 13M->9M(15M) 0.358ms
[103.319s][info][gc] GC(4665) Pause Young (Allocation Failure) 13M->9M(15M) 0.368ms
[103.336s][info][gc] GC(4666) Pause Young (Allocation Failure) 13M->9M(15M) 0.598ms
[103.345s][info][gc] GC(4667) Pause Young (Allocation Failure) 13M->9M(15M) 0.367ms
[103.351s][info][gc] GC(4668) Pause Young (Allocation Failure) 13M->9M(15M) 0.483ms
[103.357s][info][gc] GC(4669) Pause Young (Allocation Failure) 13M->9M(15M) 0.320ms
[103.363s][info][gc] GC(4670) Pause Young (Allocation Failure) 13M->9M(15M) 0.369ms
[103.370s][info][gc] GC(4671) Pause Young (Allocation Failure) 13M->9M(15M) 0.393ms
[103.375s][info][gc] GC(4672) Pause Young (Allocation Failure) 13M->9M(15M) 0.361ms
[103.381s][info][gc] GC(4673) Pause Young (Allocation Failure) 13M->9M(15M) 0.365ms
[103.385s][info][gc] GC(4674) Pause Young (Allocation Failure) 13M->9M(15M) 0.382ms
[103.389s][info][gc] GC(4675) Pause Young (Allocation Failure) 13M->9M(15M) 0.356ms
[103.394s][info][gc] GC(4676) Pause Young (Allocation Failure) 13M->9M(15M) 0.388ms
[103.399s][info][gc] GC(4677) Pause Young (Allocation Failure) 13M->9M(15M) 0.327ms
[103.403s][info][gc] GC(4678) Pause Young (Allocation Failure) 13M->9M(15M) 0.372ms
[103.408s][info][gc] GC(4679) Pause Young (Allocation Failure) 13M->9M(15M) 0.362ms
[103.412s][info][gc] GC(4680) Pause Young (Allocation Failure) 13M->9M(15M) 0.281ms
[103.417s][info][gc] GC(4681) Pause Young (Allocation Failure) 13M->9M(15M) 0.357ms
[103.421s][info][gc] GC(4682) Pause Young (Allocation Failure) 13M->9M(15M) 0.353ms
[103.425s][info][gc] GC(4683) Pause Young (Allocation Failure) 13M->9M(15M) 0.363ms
[103.430s][info][gc] GC(4684) Pause Young (Allocation Failure) 13M->9M(15M) 0.377ms
[103.435s][info][gc] GC(4685) Pause Young (Allocation Failure) 13M->9M(15M) 0.302ms
[103.439s][info][gc] GC(4686) Pause Young (Allocation Failure) 13M->9M(15M) 0.373ms
[103.443s][info][gc] GC(4687) Pause Young (Allocation Failure) 13M->9M(15M) 0.363ms
[103.448s][info][gc] GC(4688) Pause Young (Allocation Failure) 13M->9M(15M) 0.317ms
[103.452s][info][gc] GC(4689) Pause Young (Allocation Failure) 13M->9M(15M) 0.355ms
[103.457s][info][gc] GC(4690) Pause Young (Allocation Failure) 13M->9M(15M) 0.318ms
[103.461s][info][gc] GC(4691) Pause Young (Allocation Failure) 13M->9M(15M) 0.371ms
[103.465s][info][gc] GC(4692) Pause Young (Allocation Failure) 13M->9M(15M) 0.351ms
[103.470s][info][gc] GC(4693) Pause Young (Allocation Failure) 13M->9M(15M) 0.351ms
[103.474s][info][gc] GC(4694) Pause Young (Allocation Failure) 13M->9M(15M) 0.409ms
[103.478s][info][gc] GC(4695) Pause Young (Allocation Failure) 13M->9M(15M) 0.298ms
[103.484s][info][gc] GC(4696) Pause Young (Allocation Failure) 13M->9M(15M) 0.372ms
[103.490s][info][gc] GC(4697) Pause Young (Allocation Failure) 13M->9M(15M) 0.375ms
[103.495s][info][gc] GC(4698) Pause Young (Allocation Failure) 13M->9M(15M) 0.285ms
[103.499s][info][gc] GC(4699) Pause Young (Allocation Failure) 13M->9M(15M) 0.356ms
[103.504s][info][gc] GC(4700) Pause Young (Allocation Failure) 13M->9M(15M) 0.376ms
[103.510s][info][gc] GC(4701) Pause Young (Allocation Failure) 13M->9M(15M) 0.304ms
[103.515s][info][gc] GC(4702) Pause Young (Allocation Failure) 13M->9M(15M) 0.365ms
[103.520s][info][gc] GC(4703) Pause Young (Allocation Failure) 13M->9M(15M) 0.358ms
[103.525s][info][gc] GC(4704) Pause Young (Allocation Failure) 13M->9M(15M) 0.358ms
[103.530s][info][gc] GC(4705) Pause Young (Allocation Failure) 13M->9M(15M) 0.359ms
[103.535s][info][gc] GC(4706) Pause Young (Allocation Failure) 13M->9M(15M) 0.320ms
[103.539s][info][gc] GC(4707) Pause Young (Allocation Failure) 13M->9M(15M) 0.369ms
[103.544s][info][gc] GC(4708) Pause Young (Allocation Failure) 13M->9M(15M) 0.354ms
[103.548s][info][gc] GC(4709) Pause Young (Allocation Failure) 13M->9M(15M) 0.384ms
[103.553s][info][gc] GC(4710) Pause Young (Allocation Failure) 13M->9M(15M) 0.349ms
[103.557s][info][gc] GC(4711) Pause Young (Allocation Failure) 13M->9M(15M) 0.302ms
[103.561s][info][gc] GC(4712) Pause Young (Allocation Failure) 13M->9M(15M) 0.370ms
[103.566s][info][gc] GC(4713) Pause Young (Allocation Failure) 13M->9M(15M) 0.361ms
[103.570s][info][gc] GC(4714) Pause Young (Allocation Failure) 13M->9M(15M) 0.326ms
[103.575s][info][gc] GC(4715) Pause Young (Allocation Failure) 13M->9M(15M) 0.320ms
[103.579s][info][gc] GC(4716) Pause Young (Allocation Failure) 13M->9M(15M) 0.675ms
[103.585s][info][gc] GC(4717) Pause Young (Allocation Failure) 13M->9M(15M) 0.373ms
[103.590s][info][gc] GC(4718) Pause Young (Allocation Failure) 13M->9M(15M) 0.308ms
[103.596s][info][gc] GC(4719) Pause Young (Allocation Failure) 13M->9M(15M) 0.368ms
[103.601s][info][gc] GC(4720) Pause Young (Allocation Failure) 13M->9M(15M) 0.377ms
[103.607s][info][gc] GC(4721) Pause Young (Allocation Failure) 13M->9M(15M) 0.507ms
[103.613s][info][gc] GC(4722) Pause Young (Allocation Failure) 13M->9M(15M) 0.357ms
[103.618s][info][gc] GC(4723) Pause Young (Allocation Failure) 13M->9M(15M) 0.333ms
[103.625s][info][gc] GC(4724) Pause Young (Allocation Failure) 13M->9M(15M) 0.381ms
[103.630s][info][gc] GC(4725) Pause Young (Allocation Failure) 13M->9M(15M) 0.361ms
[103.636s][info][gc] GC(4726) Pause Young (Allocation Failure) 13M->9M(15M) 0.337ms
[103.641s][info][gc] GC(4727) Pause Young (Allocation Failure) 13M->9M(15M) 0.364ms
[103.647s][info][gc] GC(4728) Pause Young (Allocation Failure) 13M->9M(15M) 0.589ms
[103.654s][info][gc] GC(4729) Pause Young (Allocation Failure) 13M->9M(15M) 0.344ms
[103.658s][info][gc] GC(4730) Pause Young (Allocation Failure) 13M->9M(15M) 0.271ms
[103.664s][info][gc] GC(4731) Pause Young (Allocation Failure) 13M->9M(15M) 0.360ms
[103.669s][info][gc] GC(4732) Pause Young (Allocation Failure) 13M->9M(15M) 0.370ms
[103.674s][info][gc] GC(4733) Pause Young (Allocation Failure) 13M->9M(15M) 0.287ms
[103.680s][info][gc] GC(4734) Pause Young (Allocation Failure) 13M->9M(15M) 0.372ms
[103.685s][info][gc] GC(4735) Pause Young (Allocation Failure) 13M->9M(15M) 0.342ms
[103.689s][info][gc] GC(4736) Pause Young (Allocation Failure) 13M->9M(15M) 0.369ms
[103.695s][info][gc] GC(4737) Pause Young (Allocation Failure) 13M->9M(15M) 0.348ms
[103.700s][info][gc] GC(4738) Pause Young (Allocation Failure) 13M->9M(15M) 0.526ms
[103.707s][info][gc] GC(4739) Pause Young (Allocation Failure) 13M->9M(15M) 0.380ms
[103.714s][info][gc] GC(4740) Pause Young (Allocation Failure) 13M->9M(15M) 0.303ms
[103.718s][info][gc] GC(4741) Pause Young (Allocation Failure) 13M->9M(15M) 0.374ms
[103.723s][info][gc] GC(4742) Pause Young (Allocation Failure) 13M->9M(15M) 0.357ms
[103.727s][info][gc] GC(4743) Pause Young (Allocation Failure) 13M->9M(15M) 0.283ms
[103.732s][info][gc] GC(4744) Pause Young (Allocation Failure) 13M->9M(15M) 0.379ms
[103.736s][info][gc] GC(4745) Pause Young (Allocation Failure) 13M->9M(15M) 0.348ms
[103.741s][info][gc] GC(4746) Pause Young (Allocation Failure) 13M->9M(15M) 0.306ms
[103.745s][info][gc] GC(4747) Pause Young (Allocation Failure) 13M->9M(15M) 0.372ms
[103.750s][info][gc] GC(4748) Pause Young (Allocation Failure) 13M->9M(15M) 0.379ms
[103.754s][info][gc] GC(4749) Pause Young (Allocation Failure) 13M->9M(15M) 0.289ms
[103.759s][info][gc] GC(4750) Pause Young (Allocation Failure) 13M->9M(15M) 0.349ms
[103.763s][info][gc] GC(4751) Pause Young (Allocation Failure) 13M->9M(15M) 0.355ms
[103.768s][info][gc] GC(4752) Pause Young (Allocation Failure) 13M->9M(15M) 0.317ms
[103.772s][info][gc] GC(4753) Pause Young (Allocation Failure) 13M->9M(15M) 0.376ms
[103.777s][info][gc] GC(4754) Pause Young (Allocation Failure) 13M->9M(15M) 0.350ms
[103.781s][info][gc] GC(4755) Pause Young (Allocation Failure) 13M->9M(15M) 0.338ms
[103.785s][info][gc] GC(4756) Pause Young (Allocation Failure) 13M->9M(15M) 0.360ms
[103.790s][info][gc] GC(4757) Pause Young (Allocation Failure) 13M->9M(15M) 0.350ms
[103.795s][info][gc] GC(4758) Pause Young (Allocation Failure) 13M->9M(15M) 0.384ms
[103.799s][info][gc] GC(4759) Pause Young (Allocation Failure) 13M->9M(15M) 0.365ms
[103.804s][info][gc] GC(4760) Pause Young (Allocation Failure) 13M->9M(15M) 0.351ms
[103.810s][info][gc] GC(4761) Pause Young (Allocation Failure) 13M->9M(15M) 0.376ms
[103.817s][info][gc] GC(4762) Pause Young (Allocation Failure) 13M->9M(15M) 0.358ms
[103.829s][info][gc] GC(4763) Pause Young (Allocation Failure) 13M->9M(15M) 0.459ms
[103.836s][info][gc] GC(4764) Pause Young (Allocation Failure) 13M->9M(15M) 0.378ms
[103.841s][info][gc] GC(4765) Pause Young (Allocation Failure) 13M->9M(15M) 0.379ms
[103.846s][info][gc] GC(4766) Pause Young (Allocation Failure) 13M->9M(15M) 0.377ms
[103.851s][info][gc] GC(4767) Pause Young (Allocation Failure) 13M->9M(15M) 0.382ms
[103.856s][info][gc] GC(4768) Pause Young (Allocation Failure) 13M->9M(15M) 0.366ms
[103.860s][info][gc] GC(4769) Pause Young (Allocation Failure) 13M->9M(15M) 0.369ms
[103.866s][info][gc] GC(4770) Pause Young (Allocation Failure) 13M->9M(15M) 0.368ms
[103.871s][info][gc] GC(4771) Pause Young (Allocation Failure) 13M->9M(15M) 0.371ms
[103.875s][info][gc] GC(4772) Pause Young (Allocation Failure) 13M->9M(15M) 0.368ms
[103.880s][info][gc] GC(4773) Pause Young (Allocation Failure) 13M->9M(15M) 0.361ms
[103.885s][info][gc] GC(4774) Pause Young (Allocation Failure) 13M->9M(15M) 0.297ms
[103.889s][info][gc] GC(4775) Pause Young (Allocation Failure) 13M->9M(15M) 0.374ms
[103.894s][info][gc] GC(4776) Pause Young (Allocation Failure) 13M->9M(15M) 0.362ms
[103.898s][info][gc] GC(4777) Pause Young (Allocation Failure) 13M->9M(15M) 0.376ms
[103.903s][info][gc] GC(4778) Pause Young (Allocation Failure) 13M->9M(15M) 0.392ms
[103.910s][info][gc] GC(4779) Pause Young (Allocation Failure) 13M->9M(15M) 0.337ms
[103.915s][info][gc] GC(4780) Pause Young (Allocation Failure) 13M->9M(15M) 0.357ms
[103.920s][info][gc] GC(4781) Pause Young (Allocation Failure) 13M->9M(15M) 0.393ms
[103.924s][info][gc] GC(4782) Pause Young (Allocation Failure) 13M->9M(15M) 0.337ms
[103.929s][info][gc] GC(4783) Pause Young (Allocation Failure) 13M->9M(15M) 0.358ms
[103.933s][info][gc] GC(4784) Pause Young (Allocation Failure) 13M->9M(15M) 0.351ms
[103.938s][info][gc] GC(4785) Pause Young (Allocation Failure) 13M->9M(15M) 0.322ms
[103.943s][info][gc] GC(4786) Pause Young (Allocation Failure) 13M->9M(15M) 0.358ms
[103.948s][info][gc] GC(4787) Pause Young (Allocation Failure) 13M->9M(15M) 0.378ms
[103.952s][info][gc] GC(4788) Pause Young (Allocation Failure) 13M->9M(15M) 0.358ms
[103.957s][info][gc] GC(4789) Pause Young (Allocation Failure) 13M->9M(15M) 0.280ms
[103.961s][info][gc] GC(4790) Pause Young (Allocation Failure) 13M->9M(15M) 0.372ms
[103.966s][info][gc] GC(4791) Pause Young (Allocation Failure) 13M->9M(15M) 0.293ms
[103.971s][info][gc] GC(4792) Pause Young (Allocation Failure) 13M->9M(15M) 0.374ms
[103.976s][info][gc] GC(4793) Pause Young (Allocation Failure) 13M->9M(15M) 0.361ms
[103.981s][info][gc] GC(4794) Pause Young (Allocation Failure) 13M->9M(15M) 0.430ms
[103.985s][info][gc] GC(4795) Pause Young (Allocation Failure) 13M->9M(15M) 0.370ms
[103.990s][info][gc] GC(4796) Pause Young (Allocation Failure) 13M->9M(15M) 0.293ms
[103.995s][info][gc] GC(4797) Pause Young (Allocation Failure) 13M->9M(15M) 0.511ms
[103.999s][info][gc] GC(4798) Pause Young (Allocation Failure) 13M->9M(15M) 0.317ms
[104.004s][info][gc] GC(4799) Pause Young (Allocation Failure) 13M->9M(15M) 0.380ms
[104.008s][info][gc] GC(4800) Pause Young (Allocation Failure) 13M->9M(15M) 0.363ms
[104.013s][info][gc] GC(4801) Pause Young (Allocation Failure) 13M->9M(15M) 0.396ms
[104.017s][info][gc] GC(4802) Pause Young (Allocation Failure) 13M->9M(15M) 0.282ms
[104.022s][info][gc] GC(4803) Pause Young (Allocation Failure) 13M->9M(15M) 0.365ms
[104.026s][info][gc] GC(4804) Pause Young (Allocation Failure) 13M->9M(15M) 0.371ms
[104.031s][info][gc] GC(4805) Pause Young (Allocation Failure) 13M->9M(15M) 0.322ms
[104.035s][info][gc] GC(4806) Pause Young (Allocation Failure) 13M->9M(15M) 0.369ms
[104.040s][info][gc] GC(4807) Pause Young (Allocation Failure) 13M->9M(15M) 0.407ms
[104.044s][info][gc] GC(4808) Pause Young (Allocation Failure) 13M->9M(15M) 0.317ms
[104.049s][info][gc] GC(4809) Pause Young (Allocation Failure) 13M->9M(15M) 0.376ms
[104.053s][info][gc] GC(4810) Pause Young (Allocation Failure) 13M->9M(15M) 0.359ms
[104.057s][info][gc] GC(4811) Pause Young (Allocation Failure) 13M->9M(15M) 0.371ms
[104.062s][info][gc] GC(4812) Pause Young (Allocation Failure) 13M->9M(15M) 0.355ms
[104.067s][info][gc] GC(4813) Pause Young (Allocation Failure) 13M->9M(15M) 0.326ms
[104.071s][info][gc] GC(4814) Pause Young (Allocation Failure) 13M->9M(15M) 0.334ms
[104.075s][info][gc] GC(4815) Pause Young (Allocation Failure) 13M->9M(15M) 0.333ms
[104.079s][info][gc] GC(4816) Pause Young (Allocation Failure) 13M->9M(15M) 0.322ms
[104.084s][info][gc] GC(4817) Pause Young (Allocation Failure) 13M->9M(15M) 0.344ms
[104.088s][info][gc] GC(4818) Pause Young (Allocation Failure) 13M->9M(15M) 0.309ms
[104.092s][info][gc] GC(4819) Pause Young (Allocation Failure) 13M->9M(15M) 0.349ms
[104.096s][info][gc] GC(4820) Pause Young (Allocation Failure) 13M->9M(15M) 0.309ms
[104.101s][info][gc] GC(4821) Pause Young (Allocation Failure) 13M->9M(15M) 0.353ms
[104.105s][info][gc] GC(4822) Pause Young (Allocation Failure) 13M->9M(15M) 0.353ms
[104.112s][info][gc] GC(4823) Pause Young (Allocation Failure) 13M->9M(15M) 0.351ms
[104.116s][info][gc] GC(4824) Pause Young (Allocation Failure) 13M->9M(15M) 0.326ms
[104.121s][info][gc] GC(4825) Pause Young (Allocation Failure) 13M->9M(15M) 0.342ms
[104.125s][info][gc] GC(4826) Pause Young (Allocation Failure) 13M->9M(15M) 0.346ms
[104.130s][info][gc] GC(4827) Pause Young (Allocation Failure) 13M->9M(15M) 0.314ms
[104.134s][info][gc] GC(4828) Pause Young (Allocation Failure) 13M->9M(15M) 0.340ms
[104.138s][info][gc] GC(4829) Pause Young (Allocation Failure) 13M->9M(15M) 0.322ms
[104.143s][info][gc] GC(4830) Pause Young (Allocation Failure) 13M->9M(15M) 0.301ms
[104.148s][info][gc] GC(4831) Pause Young (Allocation Failure) 13M->9M(15M) 0.355ms
[104.152s][info][gc] GC(4832) Pause Young (Allocation Failure) 13M->9M(15M) 0.352ms
[104.157s][info][gc] GC(4833) Pause Young (Allocation Failure) 13M->9M(15M) 0.382ms
[104.161s][info][gc] GC(4834) Pause Young (Allocation Failure) 13M->9M(15M) 0.364ms
[104.166s][info][gc] GC(4835) Pause Young (Allocation Failure) 13M->9M(15M) 0.380ms
[104.170s][info][gc] GC(4836) Pause Young (Allocation Failure) 13M->9M(15M) 0.293ms
[104.175s][info][gc] GC(4837) Pause Young (Allocation Failure) 13M->9M(15M) 0.426ms
[104.179s][info][gc] GC(4838) Pause Young (Allocation Failure) 13M->9M(15M) 0.360ms
[104.185s][info][gc] GC(4839) Pause Young (Allocation Failure) 13M->9M(15M) 0.282ms
[104.189s][info][gc] GC(4840) Pause Young (Allocation Failure) 13M->9M(15M) 0.356ms
[104.194s][info][gc] GC(4841) Pause Young (Allocation Failure) 13M->9M(15M) 0.380ms
[104.198s][info][gc] GC(4842) Pause Young (Allocation Failure) 13M->9M(15M) 0.331ms
[104.202s][info][gc] GC(4843) Pause Young (Allocation Failure) 13M->9M(15M) 0.355ms
[104.207s][info][gc] GC(4844) Pause Young (Allocation Failure) 13M->9M(15M) 0.367ms
[104.211s][info][gc] GC(4845) Pause Young (Allocation Failure) 13M->9M(15M) 0.390ms
[104.216s][info][gc] GC(4846) Pause Young (Allocation Failure) 13M->9M(15M) 0.362ms
[104.220s][info][gc] GC(4847) Pause Young (Allocation Failure) 13M->9M(15M) 0.295ms
[104.224s][info][gc] GC(4848) Pause Young (Allocation Failure) 13M->9M(15M) 0.358ms
[104.229s][info][gc] GC(4849) Pause Young (Allocation Failure) 13M->9M(15M) 0.349ms
[104.233s][info][gc] GC(4850) Pause Young (Allocation Failure) 13M->9M(15M) 0.273ms
[104.238s][info][gc] GC(4851) Pause Young (Allocation Failure) 13M->9M(15M) 0.377ms
[104.242s][info][gc] GC(4852) Pause Young (Allocation Failure) 13M->9M(15M) 0.347ms
[104.246s][info][gc] GC(4853) Pause Young (Allocation Failure) 13M->9M(15M) 0.354ms
[104.251s][info][gc] GC(4854) Pause Young (Allocation Failure) 13M->9M(15M) 0.437ms
[104.255s][info][gc] GC(4855) Pause Young (Allocation Failure) 14M->9M(15M) 0.389ms
[104.262s][info][gc] GC(4856) Pause Young (Allocation Failure) 14M->9M(15M) 0.378ms
[104.266s][info][gc] GC(4857) Pause Young (Allocation Failure) 13M->9M(15M) 0.315ms
[104.271s][info][gc] GC(4858) Pause Young (Allocation Failure) 13M->9M(15M) 0.364ms
[104.275s][info][gc] GC(4859) Pause Young (Allocation Failure) 14M->9M(15M) 0.357ms
[104.279s][info][gc] GC(4860) Pause Young (Allocation Failure) 13M->9M(15M) 0.277ms
[104.284s][info][gc] GC(4861) Pause Young (Allocation Failure) 13M->9M(15M) 0.386ms
[104.288s][info][gc] GC(4862) Pause Young (Allocation Failure) 14M->9M(15M) 0.330ms
[104.293s][info][gc] GC(4863) Pause Young (Allocation Failure) 13M->9M(15M) 0.358ms
[104.297s][info][gc] GC(4864) Pause Young (Allocation Failure) 14M->9M(15M) 0.362ms
[104.301s][info][gc] GC(4865) Pause Young (Allocation Failure) 14M->9M(15M) 0.291ms
[104.306s][info][gc] GC(4866) Pause Young (Allocation Failure) 13M->9M(15M) 0.365ms
[104.312s][info][gc] GC(4867) Pause Young (Allocation Failure) 14M->9M(15M) 0.361ms
[104.316s][info][gc] GC(4868) Pause Young (Allocation Failure) 14M->9M(15M) 0.312ms
[104.321s][info][gc] GC(4869) Pause Young (Allocation Failure) 13M->9M(15M) 0.369ms
[104.325s][info][gc] GC(4870) Pause Young (Allocation Failure) 14M->9M(15M) 0.367ms
[104.330s][info][gc] GC(4871) Pause Young (Allocation Failure) 14M->9M(15M) 0.376ms
[104.334s][info][gc] GC(4872) Pause Young (Allocation Failure) 14M->9M(15M) 0.381ms
[104.338s][info][gc] GC(4873) Pause Young (Allocation Failure) 14M->9M(15M) 0.371ms
[104.343s][info][gc] GC(4874) Pause Young (Allocation Failure) 14M->9M(15M) 0.379ms
[104.348s][info][gc] GC(4875) Pause Young (Allocation Failure) 14M->9M(15M) 0.314ms
[104.352s][info][gc] GC(4876) Pause Young (Allocation Failure) 13M->9M(15M) 0.346ms
[104.357s][info][gc] GC(4877) Pause Young (Allocation Failure) 14M->9M(15M) 0.389ms
[104.362s][info][gc] GC(4878) Pause Young (Allocation Failure) 14M->9M(15M) 0.352ms
[104.366s][info][gc] GC(4879) Pause Young (Allocation Failure) 14M->9M(15M) 0.358ms
[104.371s][info][gc] GC(4880) Pause Young (Allocation Failure) 14M->9M(15M) 0.348ms
[104.375s][info][gc] GC(4881) Pause Young (Allocation Failure) 14M->9M(15M) 0.373ms
[104.381s][info][gc] GC(4882) Pause Young (Allocation Failure) 14M->9M(15M) 0.354ms
[104.385s][info][gc] GC(4883) Pause Young (Allocation Failure) 14M->9M(15M) 0.315ms
[104.389s][info][gc] GC(4884) Pause Young (Allocation Failure) 13M->9M(15M) 0.356ms
[104.394s][info][gc] GC(4885) Pause Young (Allocation Failure) 14M->9M(15M) 0.519ms
[104.399s][info][gc] GC(4886) Pause Young (Allocation Failure) 14M->9M(15M) 0.290ms
[104.403s][info][gc] GC(4887) Pause Young (Allocation Failure) 13M->9M(15M) 0.365ms
[104.407s][info][gc] GC(4888) Pause Young (Allocation Failure) 14M->9M(15M) 0.372ms
[104.413s][info][gc] GC(4889) Pause Young (Allocation Failure) 14M->9M(15M) 0.354ms
[104.417s][info][gc] GC(4890) Pause Young (Allocation Failure) 14M->9M(15M) 0.281ms
[104.422s][info][gc] GC(4891) Pause Young (Allocation Failure) 13M->9M(15M) 0.366ms
[104.426s][info][gc] GC(4892) Pause Young (Allocation Failure) 14M->9M(15M) 0.359ms
[104.431s][info][gc] GC(4893) Pause Young (Allocation Failure) 14M->9M(15M) 0.379ms
[104.435s][info][gc] GC(4894) Pause Young (Allocation Failure) 14M->9M(15M) 0.366ms
[104.439s][info][gc] GC(4895) Pause Young (Allocation Failure) 14M->9M(15M) 0.314ms
[104.444s][info][gc] GC(4896) Pause Young (Allocation Failure) 14M->9M(15M) 0.418ms
[104.449s][info][gc] GC(4897) Pause Young (Allocation Failure) 14M->9M(15M) 0.373ms
[104.453s][info][gc] GC(4898) Pause Young (Allocation Failure) 14M->9M(15M) 0.280ms
[104.457s][info][gc] GC(4899) Pause Young (Allocation Failure) 14M->9M(15M) 0.355ms
[104.462s][info][gc] GC(4900) Pause Young (Allocation Failure) 14M->9M(15M) 0.339ms
[104.466s][info][gc] GC(4901) Pause Young (Allocation Failure) 14M->9M(15M) 0.301ms
[104.470s][info][gc] GC(4902) Pause Young (Allocation Failure) 14M->9M(15M) 0.358ms
[104.475s][info][gc] GC(4903) Pause Young (Allocation Failure) 14M->9M(15M) 0.353ms
[104.479s][info][gc] GC(4904) Pause Young (Allocation Failure) 14M->9M(15M) 0.367ms
[104.484s][info][gc] GC(4905) Pause Young (Allocation Failure) 14M->9M(15M) 0.280ms
[104.488s][info][gc] GC(4906) Pause Young (Allocation Failure) 14M->9M(15M) 0.372ms
[104.493s][info][gc] GC(4907) Pause Young (Allocation Failure) 14M->9M(15M) 0.364ms
[104.497s][info][gc] GC(4908) Pause Young (Allocation Failure) 14M->9M(15M) 0.266ms
[104.502s][info][gc] GC(4909) Pause Young (Allocation Failure) 14M->9M(15M) 0.377ms
[104.506s][info][gc] GC(4910) Pause Young (Allocation Failure) 14M->9M(15M) 0.282ms
[104.511s][info][gc] GC(4911) Pause Young (Allocation Failure) 14M->9M(15M) 0.390ms
[104.516s][info][gc] GC(4912) Pause Young (Allocation Failure) 14M->9M(15M) 0.363ms
[104.521s][info][gc] GC(4913) Pause Young (Allocation Failure) 14M->9M(15M) 0.377ms
[104.526s][info][gc] GC(4914) Pause Young (Allocation Failure) 14M->9M(15M) 0.364ms
[104.530s][info][gc] GC(4915) Pause Young (Allocation Failure) 14M->9M(15M) 0.330ms
[104.535s][info][gc] GC(4916) Pause Young (Allocation Failure) 14M->9M(15M) 0.333ms
[104.539s][info][gc] GC(4917) Pause Young (Allocation Failure) 14M->9M(15M) 0.395ms
[104.543s][info][gc] GC(4918) Pause Young (Allocation Failure) 14M->9M(15M) 0.303ms
[104.549s][info][gc] GC(4919) Pause Young (Allocation Failure) 14M->9M(15M) 0.363ms
[104.553s][info][gc] GC(4920) Pause Young (Allocation Failure) 14M->9M(15M) 0.353ms
[104.558s][info][gc] GC(4921) Pause Young (Allocation Failure) 14M->9M(15M) 0.322ms
[104.562s][info][gc] GC(4922) Pause Young (Allocation Failure) 14M->9M(15M) 0.354ms
[104.567s][info][gc] GC(4923) Pause Young (Allocation Failure) 14M->9M(15M) 0.455ms
[104.571s][info][gc] GC(4924) Pause Young (Allocation Failure) 14M->9M(15M) 0.277ms
[104.576s][info][gc] GC(4925) Pause Young (Allocation Failure) 14M->9M(15M) 0.345ms
[104.581s][info][gc] GC(4926) Pause Young (Allocation Failure) 14M->9M(15M) 0.432ms
[104.585s][info][gc] GC(4927) Pause Young (Allocation Failure) 14M->9M(15M) 0.337ms
[104.590s][info][gc] GC(4928) Pause Young (Allocation Failure) 14M->9M(15M) 0.367ms
[104.594s][info][gc] GC(4929) Pause Young (Allocation Failure) 14M->9M(15M) 0.360ms
[104.599s][info][gc] GC(4930) Pause Young (Allocation Failure) 14M->9M(15M) 0.294ms
[104.603s][info][gc] GC(4931) Pause Young (Allocation Failure) 14M->9M(15M) 0.366ms
[104.607s][info][gc] GC(4932) Pause Young (Allocation Failure) 14M->9M(15M) 0.362ms
[104.612s][info][gc] GC(4933) Pause Young (Allocation Failure) 14M->9M(15M) 0.365ms
[104.616s][info][gc] GC(4934) Pause Young (Allocation Failure) 14M->9M(15M) 0.385ms
[104.621s][info][gc] GC(4935) Pause Young (Allocation Failure) 14M->9M(15M) 0.360ms
[104.625s][info][gc] GC(4936) Pause Young (Allocation Failure) 14M->9M(15M) 0.332ms
[104.629s][info][gc] GC(4937) Pause Young (Allocation Failure) 14M->9M(15M) 0.295ms
[104.634s][info][gc] GC(4938) Pause Young (Allocation Failure) 14M->9M(15M) 0.386ms
[104.639s][info][gc] GC(4939) Pause Young (Allocation Failure) 14M->9M(15M) 0.351ms
[104.643s][info][gc] GC(4940) Pause Young (Allocation Failure) 14M->9M(15M) 0.313ms
[104.648s][info][gc] GC(4941) Pause Young (Allocation Failure) 14M->9M(15M) 0.385ms
[104.653s][info][gc] GC(4942) Pause Young (Allocation Failure) 14M->9M(15M) 0.373ms
[104.657s][info][gc] GC(4943) Pause Young (Allocation Failure) 14M->9M(15M) 0.363ms
[104.661s][info][gc] GC(4944) Pause Young (Allocation Failure) 14M->9M(15M) 0.359ms
[104.666s][info][gc] GC(4945) Pause Young (Allocation Failure) 14M->9M(15M) 0.342ms
[104.670s][info][gc] GC(4946) Pause Young (Allocation Failure) 14M->9M(15M) 0.289ms
[104.674s][info][gc] GC(4947) Pause Young (Allocation Failure) 14M->9M(15M) 0.317ms
[104.679s][info][gc] GC(4948) Pause Young (Allocation Failure) 14M->9M(15M) 0.346ms
[104.683s][info][gc] GC(4949) Pause Young (Allocation Failure) 14M->9M(15M) 0.306ms
[104.687s][info][gc] GC(4950) Pause Young (Allocation Failure) 14M->9M(15M) 0.327ms
[104.691s][info][gc] GC(4951) Pause Young (Allocation Failure) 14M->9M(15M) 0.315ms
[104.695s][info][gc] GC(4952) Pause Young (Allocation Failure) 14M->9M(15M) 0.258ms
[104.699s][info][gc] GC(4953) Pause Young (Allocation Failure) 14M->9M(15M) 0.311ms
[104.703s][info][gc] GC(4954) Pause Young (Allocation Failure) 14M->9M(15M) 0.291ms
[104.709s][info][gc] GC(4955) Pause Young (Allocation Failure) 14M->9M(15M) 0.367ms
[104.715s][info][gc] GC(4956) Pause Young (Allocation Failure) 14M->9M(15M) 0.344ms
[104.719s][info][gc] GC(4957) Pause Young (Allocation Failure) 14M->9M(15M) 0.340ms
[104.723s][info][gc] GC(4958) Pause Young (Allocation Failure) 14M->9M(15M) 0.317ms
[104.728s][info][gc] GC(4959) Pause Young (Allocation Failure) 14M->9M(15M) 0.443ms
[104.732s][info][gc] GC(4960) Pause Young (Allocation Failure) 14M->9M(15M) 0.333ms
[104.736s][info][gc] GC(4961) Pause Young (Allocation Failure) 14M->9M(15M) 0.318ms
[104.740s][info][gc] GC(4962) Pause Young (Allocation Failure) 14M->9M(15M) 0.330ms
[104.745s][info][gc] GC(4963) Pause Young (Allocation Failure) 14M->9M(15M) 0.509ms
[104.749s][info][gc] GC(4964) Pause Young (Allocation Failure) 14M->9M(15M) 0.344ms
[104.753s][info][gc] GC(4965) Pause Young (Allocation Failure) 14M->9M(15M) 0.336ms
[104.757s][info][gc] GC(4966) Pause Young (Allocation Failure) 14M->9M(15M) 0.322ms
[104.761s][info][gc] GC(4967) Pause Young (Allocation Failure) 14M->9M(15M) 0.253ms
[104.766s][info][gc] GC(4968) Pause Young (Allocation Failure) 14M->9M(15M) 0.335ms
[104.770s][info][gc] GC(4969) Pause Young (Allocation Failure) 14M->9M(15M) 0.324ms
[104.774s][info][gc] GC(4970) Pause Young (Allocation Failure) 14M->9M(15M) 0.328ms
[104.778s][info][gc] GC(4971) Pause Young (Allocation Failure) 14M->9M(15M) 0.325ms
[104.782s][info][gc] GC(4972) Pause Young (Allocation Failure) 14M->9M(15M) 0.301ms
[104.786s][info][gc] GC(4973) Pause Young (Allocation Failure) 14M->9M(15M) 0.303ms
[104.792s][info][gc] GC(4974) Pause Young (Allocation Failure) 14M->9M(15M) 0.387ms
[104.796s][info][gc] GC(4975) Pause Young (Allocation Failure) 14M->9M(15M) 0.351ms
[104.800s][info][gc] GC(4976) Pause Young (Allocation Failure) 14M->9M(15M) 0.346ms
[104.805s][info][gc] GC(4977) Pause Young (Allocation Failure) 14M->9M(15M) 0.362ms
[104.812s][info][gc] GC(4978) Pause Young (Allocation Failure) 14M->9M(15M) 0.321ms
[104.817s][info][gc] GC(4979) Pause Young (Allocation Failure) 14M->9M(15M) 0.334ms
[104.822s][info][gc] GC(4980) Pause Young (Allocation Failure) 14M->9M(15M) 0.328ms
[104.827s][info][gc] GC(4981) Pause Young (Allocation Failure) 14M->9M(15M) 0.354ms
[104.835s][info][gc] GC(4982) Pause Young (Allocation Failure) 14M->9M(15M) 0.373ms
[104.839s][info][gc] GC(4983) Pause Young (Allocation Failure) 14M->9M(15M) 0.330ms
[104.843s][info][gc] GC(4984) Pause Young (Allocation Failure) 14M->9M(15M) 0.344ms
[104.848s][info][gc] GC(4985) Pause Young (Allocation Failure) 14M->9M(15M) 0.361ms
[104.853s][info][gc] GC(4986) Pause Young (Allocation Failure) 14M->9M(15M) 0.298ms
[104.857s][info][gc] GC(4987) Pause Young (Allocation Failure) 14M->9M(15M) 0.352ms
[104.861s][info][gc] GC(4988) Pause Young (Allocation Failure) 14M->9M(15M) 0.336ms
[104.866s][info][gc] GC(4989) Pause Young (Allocation Failure) 14M->9M(15M) 0.265ms
[104.870s][info][gc] GC(4990) Pause Young (Allocation Failure) 14M->9M(15M) 0.367ms
[104.875s][info][gc] GC(4991) Pause Young (Allocation Failure) 14M->9M(15M) 0.345ms
[104.879s][info][gc] GC(4992) Pause Young (Allocation Failure) 14M->9M(15M) 0.300ms
[104.884s][info][gc] GC(4993) Pause Young (Allocation Failure) 14M->9M(15M) 0.371ms
[104.889s][info][gc] GC(4994) Pause Young (Allocation Failure) 14M->9M(15M) 0.328ms
[104.893s][info][gc] GC(4995) Pause Young (Allocation Failure) 14M->9M(15M) 0.381ms
[104.898s][info][gc] GC(4996) Pause Young (Allocation Failure) 14M->9M(15M) 0.350ms
[104.902s][info][gc] GC(4997) Pause Young (Allocation Failure) 14M->9M(15M) 0.320ms
[104.907s][info][gc] GC(4998) Pause Young (Allocation Failure) 14M->9M(15M) 0.353ms
[104.911s][info][gc] GC(4999) Pause Young (Allocation Failure) 14M->9M(15M) 0.524ms
[104.917s][info][gc] GC(5000) Pause Young (Allocation Failure) 14M->9M(15M) 0.349ms
[104.922s][info][gc] GC(5001) Pause Young (Allocation Failure) 14M->9M(15M) 0.373ms
[104.926s][info][gc] GC(5002) Pause Young (Allocation Failure) 14M->9M(15M) 0.332ms
[104.930s][info][gc] GC(5003) Pause Young (Allocation Failure) 14M->9M(15M) 0.347ms
[104.935s][info][gc] GC(5004) Pause Young (Allocation Failure) 14M->9M(15M) 0.365ms
[104.939s][info][gc] GC(5005) Pause Young (Allocation Failure) 14M->9M(15M) 0.279ms
[104.944s][info][gc] GC(5006) Pause Young (Allocation Failure) 14M->9M(15M) 0.352ms
[104.951s][info][gc] GC(5007) Pause Young (Allocation Failure) 14M->14M(15M) 1.790ms
[104.980s][info][gc] GC(5008) Pause Full (Allocation Failure) 14M->10M(15M) 28.748ms
[104.986s][info][gc] GC(5009) Pause Young (Allocation Failure) 14M->10M(15M) 0.448ms
[104.993s][info][gc] GC(5010) Pause Young (Allocation Failure) 14M->10M(15M) 0.335ms
[104.998s][info][gc] GC(5011) Pause Young (Allocation Failure) 14M->10M(15M) 0.288ms
[105.002s][info][gc] GC(5012) Pause Young (Allocation Failure) 14M->10M(15M) 0.346ms
[105.006s][info][gc] GC(5013) Pause Young (Allocation Failure) 14M->10M(15M) 0.331ms
[105.011s][info][gc] GC(5014) Pause Young (Allocation Failure) 14M->10M(15M) 0.449ms
[105.016s][info][gc] GC(5015) Pause Young (Allocation Failure) 14M->10M(15M) 0.343ms
[105.020s][info][gc] GC(5016) Pause Young (Allocation Failure) 14M->10M(15M) 0.262ms
[105.024s][info][gc] GC(5017) Pause Young (Allocation Failure) 14M->10M(15M) 0.340ms
[105.029s][info][gc] GC(5018) Pause Young (Allocation Failure) 14M->10M(15M) 0.285ms
[105.033s][info][gc] GC(5019) Pause Young (Allocation Failure) 14M->10M(15M) 0.337ms
[105.037s][info][gc] GC(5020) Pause Young (Allocation Failure) 14M->10M(15M) 0.339ms
[105.042s][info][gc] GC(5021) Pause Young (Allocation Failure) 14M->10M(15M) 0.369ms
[105.046s][info][gc] GC(5022) Pause Young (Allocation Failure) 14M->10M(15M) 0.346ms
[105.051s][info][gc] GC(5023) Pause Young (Allocation Failure) 14M->10M(15M) 0.322ms
[105.055s][info][gc] GC(5024) Pause Young (Allocation Failure) 14M->10M(15M) 0.381ms
[105.060s][info][gc] GC(5025) Pause Young (Allocation Failure) 14M->10M(15M) 0.350ms
[105.064s][info][gc] GC(5026) Pause Young (Allocation Failure) 14M->10M(15M) 0.290ms
[105.068s][info][gc] GC(5027) Pause Young (Allocation Failure) 14M->10M(15M) 0.386ms
[105.073s][info][gc] GC(5028) Pause Young (Allocation Failure) 14M->10M(15M) 0.361ms
[105.077s][info][gc] GC(5029) Pause Young (Allocation Failure) 14M->10M(15M) 0.356ms
[105.081s][info][gc] GC(5030) Pause Young (Allocation Failure) 14M->10M(15M) 0.353ms
[105.086s][info][gc] GC(5031) Pause Young (Allocation Failure) 14M->10M(15M) 0.342ms
[105.090s][info][gc] GC(5032) Pause Young (Allocation Failure) 14M->10M(15M) 0.354ms
[105.094s][info][gc] GC(5033) Pause Young (Allocation Failure) 14M->10M(15M) 0.361ms
[105.099s][info][gc] GC(5034) Pause Young (Allocation Failure) 14M->10M(15M) 0.360ms
[105.103s][info][gc] GC(5035) Pause Young (Allocation Failure) 14M->10M(15M) 0.303ms
[105.108s][info][gc] GC(5036) Pause Young (Allocation Failure) 14M->10M(15M) 0.360ms
[105.112s][info][gc] GC(5037) Pause Young (Allocation Failure) 14M->10M(15M) 0.364ms
[105.118s][info][gc] GC(5038) Pause Young (Allocation Failure) 14M->10M(15M) 0.362ms
[105.122s][info][gc] GC(5039) Pause Young (Allocation Failure) 14M->10M(15M) 0.368ms
[105.127s][info][gc] GC(5040) Pause Young (Allocation Failure) 14M->10M(15M) 0.360ms
[105.131s][info][gc] GC(5041) Pause Young (Allocation Failure) 14M->10M(15M) 0.302ms
[105.135s][info][gc] GC(5042) Pause Young (Allocation Failure) 14M->10M(15M) 0.349ms
[105.140s][info][gc] GC(5043) Pause Young (Allocation Failure) 14M->10M(15M) 0.369ms
[105.145s][info][gc] GC(5044) Pause Young (Allocation Failure) 14M->10M(15M) 0.549ms
[105.149s][info][gc] GC(5045) Pause Young (Allocation Failure) 14M->10M(15M) 0.336ms
[105.153s][info][gc] GC(5046) Pause Young (Allocation Failure) 14M->10M(15M) 0.263ms
[105.158s][info][gc] GC(5047) Pause Young (Allocation Failure) 14M->10M(15M) 0.368ms
[105.163s][info][gc] GC(5048) Pause Young (Allocation Failure) 14M->10M(15M) 0.359ms
[105.167s][info][gc] GC(5049) Pause Young (Allocation Failure) 14M->10M(15M) 0.269ms
[105.172s][info][gc] GC(5050) Pause Young (Allocation Failure) 14M->10M(15M) 0.348ms
[105.176s][info][gc] GC(5051) Pause Young (Allocation Failure) 14M->10M(15M) 0.371ms
[105.180s][info][gc] GC(5052) Pause Young (Allocation Failure) 14M->10M(15M) 0.345ms
[105.185s][info][gc] GC(5053) Pause Young (Allocation Failure) 14M->10M(15M) 0.355ms
[105.190s][info][gc] GC(5054) Pause Young (Allocation Failure) 14M->10M(15M) 0.300ms
[105.194s][info][gc] GC(5055) Pause Young (Allocation Failure) 14M->10M(15M) 0.353ms
[105.199s][info][gc] GC(5056) Pause Young (Allocation Failure) 14M->10M(15M) 0.340ms
[105.203s][info][gc] GC(5057) Pause Young (Allocation Failure) 14M->10M(15M) 0.318ms
[105.207s][info][gc] GC(5058) Pause Young (Allocation Failure) 14M->10M(15M) 0.349ms
[105.212s][info][gc] GC(5059) Pause Young (Allocation Failure) 14M->10M(15M) 0.378ms
[105.216s][info][gc] GC(5060) Pause Young (Allocation Failure) 14M->10M(15M) 0.278ms
[105.220s][info][gc] GC(5061) Pause Young (Allocation Failure) 14M->10M(15M) 0.345ms
[105.225s][info][gc] GC(5062) Pause Young (Allocation Failure) 14M->10M(15M) 0.339ms
[105.229s][info][gc] GC(5063) Pause Young (Allocation Failure) 14M->10M(15M) 0.359ms
[105.233s][info][gc] GC(5064) Pause Young (Allocation Failure) 14M->10M(15M) 0.347ms
[105.238s][info][gc] GC(5065) Pause Young (Allocation Failure) 14M->10M(15M) 0.356ms
[105.242s][info][gc] GC(5066) Pause Young (Allocation Failure) 14M->10M(15M) 0.381ms
[105.247s][info][gc] GC(5067) Pause Young (Allocation Failure) 14M->10M(15M) 0.356ms
[105.251s][info][gc] GC(5068) Pause Young (Allocation Failure) 14M->10M(15M) 0.308ms
[105.256s][info][gc] GC(5069) Pause Young (Allocation Failure) 14M->10M(15M) 0.359ms
[105.261s][info][gc] GC(5070) Pause Young (Allocation Failure) 14M->10M(15M) 0.349ms
[105.266s][info][gc] GC(5071) Pause Young (Allocation Failure) 14M->10M(15M) 0.288ms
[105.271s][info][gc] GC(5072) Pause Young (Allocation Failure) 14M->10M(15M) 0.358ms
[105.275s][info][gc] GC(5073) Pause Young (Allocation Failure) 14M->10M(15M) 0.325ms
[105.279s][info][gc] GC(5074) Pause Young (Allocation Failure) 14M->10M(15M) 0.360ms
[105.284s][info][gc] GC(5075) Pause Young (Allocation Failure) 14M->10M(15M) 0.351ms
[105.288s][info][gc] GC(5076) Pause Young (Allocation Failure) 14M->10M(15M) 0.362ms
[105.293s][info][gc] GC(5077) Pause Young (Allocation Failure) 14M->10M(15M) 0.364ms
[105.297s][info][gc] GC(5078) Pause Young (Allocation Failure) 14M->10M(15M) 0.312ms
[105.302s][info][gc] GC(5079) Pause Young (Allocation Failure) 14M->10M(15M) 0.397ms
[105.306s][info][gc] GC(5080) Pause Young (Allocation Failure) 14M->10M(15M) 0.365ms
[105.311s][info][gc] GC(5081) Pause Young (Allocation Failure) 14M->10M(15M) 0.285ms
[105.316s][info][gc] GC(5082) Pause Young (Allocation Failure) 14M->10M(15M) 0.356ms
[105.322s][info][gc] GC(5083) Pause Young (Allocation Failure) 14M->10M(15M) 0.370ms
[105.326s][info][gc] GC(5084) Pause Young (Allocation Failure) 14M->10M(15M) 0.365ms
[105.331s][info][gc] GC(5085) Pause Young (Allocation Failure) 14M->10M(15M) 0.391ms
[105.335s][info][gc] GC(5086) Pause Young (Allocation Failure) 14M->10M(15M) 0.305ms
[105.340s][info][gc] GC(5087) Pause Young (Allocation Failure) 14M->10M(15M) 0.377ms
[105.345s][info][gc] GC(5088) Pause Young (Allocation Failure) 14M->10M(15M) 0.416ms
[105.349s][info][gc] GC(5089) Pause Young (Allocation Failure) 14M->10M(15M) 0.348ms
[105.354s][info][gc] GC(5090) Pause Young (Allocation Failure) 14M->10M(15M) 0.366ms
[105.358s][info][gc] GC(5091) Pause Young (Allocation Failure) 14M->10M(15M) 0.364ms
[105.363s][info][gc] GC(5092) Pause Young (Allocation Failure) 14M->10M(15M) 0.323ms
[105.368s][info][gc] GC(5093) Pause Young (Allocation Failure) 14M->10M(15M) 0.384ms
[139.287s][info][gc] GC(5094) Pause Young (Allocation Failure) 14M->10M(15M) 0.534ms
[139.304s][info][gc] GC(5095) Pause Young (Allocation Failure) 14M->10M(15M) 0.351ms
[139.316s][info][gc] GC(5096) Pause Young (Allocation Failure) 14M->10M(15M) 0.358ms
[139.325s][info][gc] GC(5097) Pause Young (Allocation Failure) 14M->10M(15M) 0.362ms
[139.333s][info][gc] GC(5098) Pause Young (Allocation Failure) 14M->10M(15M) 0.400ms
[139.339s][info][gc] GC(5099) Pause Young (Allocation Failure) 14M->10M(15M) 0.353ms
[139.349s][info][gc] GC(5100) Pause Young (Allocation Failure) 14M->10M(15M) 0.309ms
[139.356s][info][gc] GC(5101) Pause Young (Allocation Failure) 14M->10M(15M) 0.344ms
[139.362s][info][gc] GC(5102) Pause Young (Allocation Failure) 14M->10M(15M) 0.279ms
[139.367s][info][gc] GC(5103) Pause Young (Allocation Failure) 14M->10M(15M) 0.351ms
[139.376s][info][gc] GC(5104) Pause Young (Allocation Failure) 14M->10M(15M) 0.395ms
[139.381s][info][gc] GC(5105) Pause Young (Allocation Failure) 14M->10M(15M) 0.340ms
[139.386s][info][gc] GC(5106) Pause Young (Allocation Failure) 14M->10M(15M) 0.340ms
[139.392s][info][gc] GC(5107) Pause Young (Allocation Failure) 14M->10M(15M) 0.366ms
[139.410s][info][gc] GC(5108) Pause Young (Allocation Failure) 14M->10M(15M) 0.374ms
[139.417s][info][gc] GC(5109) Pause Young (Allocation Failure) 14M->10M(15M) 0.412ms
[139.429s][info][gc] GC(5110) Pause Young (Allocation Failure) 14M->10M(15M) 0.292ms
[139.436s][info][gc] GC(5111) Pause Young (Allocation Failure) 14M->10M(15M) 0.362ms
[139.444s][info][gc] GC(5112) Pause Young (Allocation Failure) 14M->10M(15M) 0.363ms
[139.454s][info][gc] GC(5113) Pause Young (Allocation Failure) 14M->10M(15M) 0.395ms
[139.467s][info][gc] GC(5114) Pause Young (Allocation Failure) 14M->10M(15M) 0.357ms
[139.475s][info][gc] GC(5115) Pause Young (Allocation Failure) 14M->10M(15M) 0.336ms
[139.483s][info][gc] GC(5116) Pause Young (Allocation Failure) 14M->10M(15M) 0.369ms
[139.489s][info][gc] GC(5117) Pause Young (Allocation Failure) 14M->10M(15M) 0.362ms
[139.495s][info][gc] GC(5118) Pause Young (Allocation Failure) 14M->10M(15M) 0.309ms
[139.500s][info][gc] GC(5119) Pause Young (Allocation Failure) 14M->10M(15M) 0.365ms
[139.508s][info][gc] GC(5120) Pause Young (Allocation Failure) 14M->10M(15M) 0.362ms
[139.536s][info][gc] GC(5121) Pause Young (Allocation Failure) 14M->10M(15M) 0.374ms
[139.548s][info][gc] GC(5122) Pause Young (Allocation Failure) 14M->10M(15M) 0.292ms
[139.553s][info][gc] GC(5123) Pause Young (Allocation Failure) 14M->10M(15M) 0.363ms
[139.558s][info][gc] GC(5124) Pause Young (Allocation Failure) 14M->10M(15M) 0.354ms
[139.563s][info][gc] GC(5125) Pause Young (Allocation Failure) 14M->10M(15M) 0.354ms
[139.570s][info][gc] GC(5126) Pause Young (Allocation Failure) 14M->10M(15M) 0.366ms
[139.575s][info][gc] GC(5127) Pause Young (Allocation Failure) 14M->10M(15M) 0.335ms
[139.580s][info][gc] GC(5128) Pause Young (Allocation Failure) 14M->10M(15M) 0.395ms
[139.585s][info][gc] GC(5129) Pause Young (Allocation Failure) 14M->10M(15M) 0.367ms
[139.591s][info][gc] GC(5130) Pause Young (Allocation Failure) 14M->10M(15M) 0.334ms
[139.598s][info][gc] GC(5131) Pause Young (Allocation Failure) 14M->10M(15M) 0.370ms
[139.603s][info][gc] GC(5132) Pause Young (Allocation Failure) 14M->10M(15M) 0.361ms
[139.629s][info][gc] GC(5133) Pause Young (Allocation Failure) 14M->10M(15M) 0.341ms
[139.636s][info][gc] GC(5134) Pause Young (Allocation Failure) 14M->10M(15M) 0.352ms
[139.664s][info][gc] GC(5135) Pause Young (Allocation Failure) 14M->10M(15M) 0.355ms
[139.673s][info][gc] GC(5136) Pause Young (Allocation Failure) 14M->10M(15M) 0.479ms
[139.695s][info][gc] GC(5137) Pause Young (Allocation Failure) 14M->10M(15M) 0.355ms
[139.699s][info][gc] GC(5138) Pause Young (Allocation Failure) 14M->10M(15M) 0.270ms
[139.704s][info][gc] GC(5139) Pause Young (Allocation Failure) 14M->10M(15M) 0.375ms
[139.709s][info][gc] GC(5140) Pause Young (Allocation Failure) 14M->10M(15M) 0.290ms
[139.713s][info][gc] GC(5141) Pause Young (Allocation Failure) 14M->10M(15M) 0.365ms
[139.717s][info][gc] GC(5142) Pause Young (Allocation Failure) 14M->10M(15M) 0.394ms
[139.727s][info][gc] GC(5143) Pause Young (Allocation Failure) 14M->10M(15M) 0.269ms
[139.732s][info][gc] GC(5144) Pause Young (Allocation Failure) 14M->10M(15M) 0.346ms
[139.736s][info][gc] GC(5145) Pause Young (Allocation Failure) 14M->10M(15M) 0.326ms
[139.741s][info][gc] GC(5146) Pause Young (Allocation Failure) 14M->10M(15M) 0.364ms
[139.746s][info][gc] GC(5147) Pause Young (Allocation Failure) 14M->10M(15M) 0.365ms
[139.750s][info][gc] GC(5148) Pause Young (Allocation Failure) 14M->10M(15M) 0.330ms
[139.755s][info][gc] GC(5149) Pause Young (Allocation Failure) 14M->10M(15M) 0.371ms
[139.763s][info][gc] GC(5150) Pause Young (Allocation Failure) 14M->10M(15M) 0.320ms
[139.794s][info][gc] GC(5151) Pause Young (Allocation Failure) 14M->10M(15M) 0.419ms
[139.802s][info][gc] GC(5152) Pause Young (Allocation Failure) 14M->10M(15M) 0.375ms
[139.810s][info][gc] GC(5153) Pause Young (Allocation Failure) 14M->10M(15M) 0.415ms
[139.814s][info][gc] GC(5154) Pause Young (Allocation Failure) 14M->10M(15M) 0.307ms
[139.819s][info][gc] GC(5155) Pause Young (Allocation Failure) 14M->10M(15M) 0.389ms
[139.826s][info][gc] GC(5156) Pause Young (Allocation Failure) 14M->10M(15M) 0.364ms
[139.830s][info][gc] GC(5157) Pause Young (Allocation Failure) 14M->10M(15M) 0.279ms
[139.841s][info][gc] GC(5158) Pause Young (Allocation Failure) 14M->10M(15M) 0.371ms
[139.928s][info][gc] GC(5159) Pause Young (Allocation Failure) 14M->10M(15M) 0.367ms
[139.933s][info][gc] GC(5160) Pause Young (Allocation Failure) 14M->10M(15M) 0.330ms
[139.939s][info][gc] GC(5161) Pause Young (Allocation Failure) 14M->10M(15M) 0.358ms
[139.945s][info][gc] GC(5162) Pause Young (Allocation Failure) 14M->10M(15M) 0.371ms
[139.949s][info][gc] GC(5163) Pause Young (Allocation Failure) 14M->10M(15M) 0.369ms
[139.959s][info][gc] GC(5164) Pause Young (Allocation Failure) 14M->10M(15M) 0.375ms
[139.966s][info][gc] GC(5165) Pause Young (Allocation Failure) 14M->10M(15M) 0.322ms
[139.974s][info][gc] GC(5166) Pause Young (Allocation Failure) 14M->10M(15M) 0.370ms
[139.982s][info][gc] GC(5167) Pause Young (Allocation Failure) 14M->10M(15M) 0.372ms
[139.993s][info][gc] GC(5168) Pause Young (Allocation Failure) 14M->10M(15M) 0.280ms
[140.001s][info][gc] GC(5169) Pause Young (Allocation Failure) 14M->10M(15M) 0.344ms
[140.009s][info][gc] GC(5170) Pause Young (Allocation Failure) 14M->10M(15M) 0.286ms
[140.017s][info][gc] GC(5171) Pause Young (Allocation Failure) 14M->10M(15M) 0.367ms
[140.027s][info][gc] GC(5172) Pause Young (Allocation Failure) 14M->10M(15M) 0.348ms
[140.036s][info][gc] GC(5173) Pause Young (Allocation Failure) 14M->10M(15M) 0.372ms
[140.041s][info][gc] GC(5174) Pause Young (Allocation Failure) 14M->10M(15M) 0.383ms
[140.046s][info][gc] GC(5175) Pause Young (Allocation Failure) 14M->10M(15M) 0.391ms
[140.052s][info][gc] GC(5176) Pause Young (Allocation Failure) 14M->10M(15M) 0.363ms
[140.070s][info][gc] GC(5177) Pause Young (Allocation Failure) 14M->10M(15M) 0.332ms
[140.078s][info][gc] GC(5178) Pause Young (Allocation Failure) 14M->10M(15M) 0.370ms
[140.086s][info][gc] GC(5179) Pause Young (Allocation Failure) 14M->10M(15M) 0.378ms
[140.098s][info][gc] GC(5180) Pause Young (Allocation Failure) 14M->10M(15M) 0.391ms
[140.109s][info][gc] GC(5181) Pause Young (Allocation Failure) 14M->10M(15M) 0.401ms
[140.115s][info][gc] GC(5182) Pause Young (Allocation Failure) 14M->10M(15M) 0.351ms
[140.121s][info][gc] GC(5183) Pause Young (Allocation Failure) 14M->10M(15M) 0.364ms
[140.130s][info][gc] GC(5184) Pause Young (Allocation Failure) 14M->10M(15M) 0.360ms
[140.137s][info][gc] GC(5185) Pause Young (Allocation Failure) 14M->10M(15M) 0.286ms
[140.146s][info][gc] GC(5186) Pause Young (Allocation Failure) 14M->10M(15M) 0.366ms
[140.153s][info][gc] GC(5187) Pause Young (Allocation Failure) 14M->10M(15M) 0.368ms
[140.165s][info][gc] GC(5188) Pause Young (Allocation Failure) 14M->10M(15M) 0.354ms
[140.176s][info][gc] GC(5189) Pause Young (Allocation Failure) 14M->10M(15M) 0.357ms
[140.184s][info][gc] GC(5190) Pause Young (Allocation Failure) 14M->10M(15M) 0.342ms
[140.194s][info][gc] GC(5191) Pause Young (Allocation Failure) 14M->10M(15M) 0.393ms
[140.201s][info][gc] GC(5192) Pause Young (Allocation Failure) 14M->10M(15M) 0.419ms
[140.210s][info][gc] GC(5193) Pause Young (Allocation Failure) 14M->10M(15M) 0.304ms
[140.216s][info][gc] GC(5194) Pause Young (Allocation Failure) 14M->10M(15M) 0.367ms
[140.224s][info][gc] GC(5195) Pause Young (Allocation Failure) 14M->10M(15M) 0.495ms
[140.303s][info][gc] GC(5196) Pause Young (Allocation Failure) 14M->10M(15M) 0.298ms
[140.308s][info][gc] GC(5197) Pause Young (Allocation Failure) 14M->10M(15M) 0.377ms
[140.313s][info][gc] GC(5198) Pause Young (Allocation Failure) 14M->10M(15M) 0.361ms
[140.318s][info][gc] GC(5199) Pause Young (Allocation Failure) 14M->10M(15M) 0.369ms
[140.326s][info][gc] GC(5200) Pause Young (Allocation Failure) 14M->10M(15M) 0.380ms
[140.333s][info][gc] GC(5201) Pause Young (Allocation Failure) 14M->10M(15M) 0.302ms
[140.338s][info][gc] GC(5202) Pause Young (Allocation Failure) 14M->10M(15M) 0.381ms
[140.347s][info][gc] GC(5203) Pause Young (Allocation Failure) 14M->10M(15M) 0.355ms
[140.571s][info][gc] GC(5204) Pause Young (Allocation Failure) 14M->10M(15M) 0.392ms
[140.600s][info][gc] GC(5205) Pause Young (Allocation Failure) 14M->10M(15M) 0.555ms
[140.618s][info][gc] GC(5206) Pause Young (Allocation Failure) 14M->10M(15M) 0.344ms
[140.648s][info][gc] GC(5207) Pause Young (Allocation Failure) 14M->10M(15M) 0.400ms
[140.655s][info][gc] GC(5208) Pause Young (Allocation Failure) 14M->10M(15M) 0.362ms
[140.706s][info][gc] GC(5209) Pause Young (Allocation Failure) 14M->10M(15M) 0.608ms
[140.714s][info][gc] GC(5210) Pause Young (Allocation Failure) 14M->10M(15M) 0.352ms
[140.720s][info][gc] GC(5211) Pause Young (Allocation Failure) 14M->10M(15M) 0.386ms
[140.726s][info][gc] GC(5212) Pause Young (Allocation Failure) 14M->10M(15M) 0.369ms
[140.731s][info][gc] GC(5213) Pause Young (Allocation Failure) 14M->10M(15M) 0.535ms
[140.737s][info][gc] GC(5214) Pause Young (Allocation Failure) 14M->10M(15M) 0.373ms
[140.745s][info][gc] GC(5215) Pause Young (Allocation Failure) 14M->10M(15M) 0.355ms
[140.752s][info][gc] GC(5216) Pause Young (Allocation Failure) 14M->10M(15M) 0.320ms
[140.759s][info][gc] GC(5217) Pause Young (Allocation Failure) 14M->10M(15M) 0.365ms
[140.764s][info][gc] GC(5218) Pause Young (Allocation Failure) 14M->10M(15M) 0.542ms
[140.775s][info][gc] GC(5219) Pause Young (Allocation Failure) 14M->10M(15M) 0.271ms
[140.780s][info][gc] GC(5220) Pause Young (Allocation Failure) 14M->10M(15M) 0.354ms
[140.787s][info][gc] GC(5221) Pause Young (Allocation Failure) 14M->10M(15M) 0.614ms
[140.795s][info][gc] GC(5222) Pause Young (Allocation Failure) 14M->10M(15M) 0.364ms
[140.812s][info][gc] GC(5223) Pause Young (Allocation Failure) 14M->10M(15M) 0.320ms
[140.873s][info][gc] GC(5224) Pause Young (Allocation Failure) 14M->10M(15M) 0.463ms
[140.886s][info][gc] GC(5225) Pause Young (Allocation Failure) 14M->10M(15M) 0.311ms
[140.900s][info][gc] GC(5226) Pause Young (Allocation Failure) 14M->10M(15M) 0.381ms
[140.927s][info][gc] GC(5227) Pause Young (Allocation Failure) 14M->10M(15M) 0.361ms
[140.937s][info][gc] GC(5228) Pause Young (Allocation Failure) 14M->10M(15M) 0.355ms
[140.962s][info][gc] GC(5229) Pause Young (Allocation Failure) 14M->10M(15M) 0.300ms
[140.995s][info][gc] GC(5230) Pause Young (Allocation Failure) 14M->10M(15M) 0.370ms
[141.006s][info][gc] GC(5231) Pause Young (Allocation Failure) 14M->10M(15M) 0.549ms
[141.029s][info][gc] GC(5232) Pause Young (Allocation Failure) 14M->10M(15M) 0.363ms
[141.043s][info][gc] GC(5233) Pause Young (Allocation Failure) 14M->10M(15M) 0.596ms
[141.086s][info][gc] GC(5234) Pause Young (Allocation Failure) 14M->10M(15M) 0.322ms
[141.103s][info][gc] GC(5235) Pause Young (Allocation Failure) 14M->10M(15M) 0.418ms
[141.118s][info][gc] GC(5236) Pause Young (Allocation Failure) 14M->10M(15M) 0.374ms
[141.146s][info][gc] GC(5237) Pause Young (Allocation Failure) 14M->10M(15M) 0.303ms
[141.154s][info][gc] GC(5238) Pause Young (Allocation Failure) 14M->10M(15M) 0.370ms
[141.168s][info][gc] GC(5239) Pause Young (Allocation Failure) 14M->10M(15M) 0.379ms
[141.178s][info][gc] GC(5240) Pause Young (Allocation Failure) 14M->10M(15M) 0.418ms
[141.188s][info][gc] GC(5241) Pause Young (Allocation Failure) 14M->10M(15M) 0.673ms
[141.205s][info][gc] GC(5242) Pause Young (Allocation Failure) 14M->10M(15M) 0.394ms
[141.218s][info][gc] GC(5243) Pause Young (Allocation Failure) 14M->10M(15M) 0.361ms
[141.240s][info][gc] GC(5244) Pause Young (Allocation Failure) 14M->10M(15M) 1.263ms
[141.258s][info][gc] GC(5245) Pause Young (Allocation Failure) 14M->10M(15M) 0.260ms
[141.268s][info][gc] GC(5246) Pause Young (Allocation Failure) 14M->10M(15M) 0.356ms
[141.281s][info][gc] GC(5247) Pause Young (Allocation Failure) 14M->10M(15M) 0.316ms
[141.297s][info][gc] GC(5248) Pause Young (Allocation Failure) 14M->10M(15M) 0.307ms
[141.316s][info][gc] GC(5249) Pause Young (Allocation Failure) 14M->10M(15M) 0.404ms
[141.327s][info][gc] GC(5250) Pause Young (Allocation Failure) 14M->10M(15M) 0.426ms
[141.415s][info][gc] GC(5251) Pause Young (Allocation Failure) 14M->10M(15M) 0.288ms
[141.421s][info][gc] GC(5252) Pause Young (Allocation Failure) 14M->10M(15M) 0.349ms
[141.445s][info][gc] GC(5253) Pause Young (Allocation Failure) 14M->10M(15M) 0.363ms
[141.467s][info][gc] GC(5254) Pause Young (Allocation Failure) 14M->10M(15M) 0.377ms
[141.494s][info][gc] GC(5255) Pause Young (Allocation Failure) 14M->10M(15M) 0.362ms
[141.514s][info][gc] GC(5256) Pause Young (Allocation Failure) 14M->10M(15M) 0.333ms
[141.522s][info][gc] GC(5257) Pause Young (Allocation Failure) 14M->10M(15M) 0.354ms
[141.577s][info][gc] GC(5258) Pause Young (Allocation Failure) 14M->10M(15M) 0.361ms
[141.590s][info][gc] GC(5259) Pause Young (Allocation Failure) 14M->10M(15M) 0.300ms
[141.611s][info][gc] GC(5260) Pause Young (Allocation Failure) 14M->10M(15M) 0.399ms
[141.645s][info][gc] GC(5261) Pause Young (Allocation Failure) 14M->10M(15M) 0.432ms
[141.662s][info][gc] GC(5262) Pause Young (Allocation Failure) 14M->10M(15M) 0.382ms
[141.671s][info][gc] GC(5263) Pause Young (Allocation Failure) 14M->10M(15M) 0.372ms
[141.678s][info][gc] GC(5264) Pause Young (Allocation Failure) 14M->10M(15M) 0.277ms
[141.694s][info][gc] GC(5265) Pause Young (Allocation Failure) 14M->10M(15M) 0.409ms
[141.703s][info][gc] GC(5266) Pause Young (Allocation Failure) 14M->10M(15M) 0.356ms
[141.710s][info][gc] GC(5267) Pause Young (Allocation Failure) 14M->10M(15M) 0.359ms
[141.715s][info][gc] GC(5268) Pause Young (Allocation Failure) 14M->10M(15M) 0.393ms
[141.721s][info][gc] GC(5269) Pause Young (Allocation Failure) 14M->10M(15M) 0.349ms
[141.729s][info][gc] GC(5270) Pause Young (Allocation Failure) 14M->10M(15M) 0.364ms
[141.740s][info][gc] GC(5271) Pause Young (Allocation Failure) 14M->10M(15M) 0.354ms
[141.753s][info][gc] GC(5272) Pause Young (Allocation Failure) 14M->10M(15M) 0.371ms
[141.769s][info][gc] GC(5273) Pause Young (Allocation Failure) 14M->10M(15M) 0.367ms
[141.781s][info][gc] GC(5274) Pause Young (Allocation Failure) 14M->10M(15M) 0.357ms
[141.809s][info][gc] GC(5275) Pause Young (Allocation Failure) 14M->10M(15M) 0.373ms
[141.834s][info][gc] GC(5276) Pause Young (Allocation Failure) 14M->10M(15M) 0.370ms
[141.863s][info][gc] GC(5277) Pause Young (Allocation Failure) 14M->10M(15M) 0.350ms
[141.874s][info][gc] GC(5278) Pause Young (Allocation Failure) 14M->10M(15M) 0.353ms
[141.881s][info][gc] GC(5279) Pause Young (Allocation Failure) 14M->10M(15M) 0.370ms
[141.886s][info][gc] GC(5280) Pause Young (Allocation Failure) 14M->10M(15M) 0.356ms
[141.895s][info][gc] GC(5281) Pause Young (Allocation Failure) 14M->10M(15M) 0.407ms
[141.901s][info][gc] GC(5282) Pause Young (Allocation Failure) 14M->10M(15M) 0.374ms
[141.908s][info][gc] GC(5283) Pause Young (Allocation Failure) 14M->10M(15M) 0.364ms
[141.912s][info][gc] GC(5284) Pause Young (Allocation Failure) 14M->10M(15M) 0.271ms
[141.917s][info][gc] GC(5285) Pause Young (Allocation Failure) 14M->10M(15M) 0.346ms
[141.922s][info][gc] GC(5286) Pause Young (Allocation Failure) 14M->10M(15M) 0.340ms
[141.933s][info][gc] GC(5287) Pause Young (Allocation Failure) 14M->10M(15M) 0.372ms
[141.938s][info][gc] GC(5288) Pause Young (Allocation Failure) 14M->10M(15M) 0.355ms
[141.944s][info][gc] GC(5289) Pause Young (Allocation Failure) 14M->10M(15M) 0.285ms
[141.950s][info][gc] GC(5290) Pause Young (Allocation Failure) 14M->10M(15M) 0.364ms
[141.955s][info][gc] GC(5291) Pause Young (Allocation Failure) 14M->10M(15M) 0.300ms
[141.963s][info][gc] GC(5292) Pause Young (Allocation Failure) 14M->10M(15M) 0.371ms
[141.969s][info][gc] GC(5293) Pause Young (Allocation Failure) 14M->10M(15M) 0.350ms
[141.975s][info][gc] GC(5294) Pause Young (Allocation Failure) 14M->10M(15M) 0.360ms
[141.981s][info][gc] GC(5295) Pause Young (Allocation Failure) 14M->10M(15M) 0.824ms
[141.985s][info][gc] GC(5296) Pause Young (Allocation Failure) 14M->10M(15M) 0.285ms
[141.992s][info][gc] GC(5297) Pause Young (Allocation Failure) 14M->10M(15M) 0.495ms
[141.998s][info][gc] GC(5298) Pause Young (Allocation Failure) 14M->10M(15M) 0.380ms
[142.003s][info][gc] GC(5299) Pause Young (Allocation Failure) 14M->10M(15M) 0.366ms
[142.010s][info][gc] GC(5300) Pause Young (Allocation Failure) 14M->10M(15M) 0.345ms
[142.015s][info][gc] GC(5301) Pause Young (Allocation Failure) 14M->10M(15M) 0.282ms
[142.027s][info][gc] GC(5302) Pause Young (Allocation Failure) 14M->10M(15M) 0.352ms
[142.033s][info][gc] GC(5303) Pause Young (Allocation Failure) 14M->10M(15M) 0.371ms
[142.041s][info][gc] GC(5304) Pause Young (Allocation Failure) 14M->10M(15M) 0.316ms
[142.045s][info][gc] GC(5305) Pause Young (Allocation Failure) 14M->10M(15M) 0.349ms
[142.050s][info][gc] GC(5306) Pause Young (Allocation Failure) 14M->10M(15M) 0.338ms
[142.054s][info][gc] GC(5307) Pause Young (Allocation Failure) 14M->10M(15M) 0.379ms
[142.063s][info][gc] GC(5308) Pause Young (Allocation Failure) 14M->10M(15M) 0.345ms
[142.070s][info][gc] GC(5309) Pause Young (Allocation Failure) 14M->10M(15M) 0.337ms
[142.090s][info][gc] GC(5310) Pause Young (Allocation Failure) 14M->10M(15M) 0.403ms
[143.177s][info][gc] GC(5311) Pause Young (Allocation Failure) 14M->10M(15M) 0.345ms
[143.185s][info][gc] GC(5312) Pause Young (Allocation Failure) 14M->10M(15M) 0.376ms
[143.290s][info][gc] GC(5313) Pause Young (Allocation Failure) 14M->10M(15M) 0.370ms
[143.299s][info][gc] GC(5314) Pause Young (Allocation Failure) 14M->10M(15M) 0.268ms
[143.306s][info][gc] GC(5315) Pause Young (Allocation Failure) 14M->10M(15M) 0.358ms
[143.317s][info][gc] GC(5316) Pause Young (Allocation Failure) 14M->10M(15M) 0.302ms
[143.508s][info][gc] GC(5317) Pause Young (Allocation Failure) 14M->10M(15M) 0.359ms
[143.515s][info][gc] GC(5318) Pause Young (Allocation Failure) 14M->10M(15M) 0.358ms
[143.519s][info][gc] GC(5319) Pause Young (Allocation Failure) 14M->10M(15M) 0.368ms
[143.527s][info][gc] GC(5320) Pause Young (Allocation Failure) 14M->10M(15M) 0.351ms
[143.545s][info][gc] GC(5321) Pause Young (Allocation Failure) 14M->10M(15M) 0.353ms
[143.552s][info][gc] GC(5322) Pause Young (Allocation Failure) 14M->10M(15M) 0.368ms
[143.561s][info][gc] GC(5323) Pause Young (Allocation Failure) 14M->10M(15M) 0.352ms
[143.568s][info][gc] GC(5324) Pause Young (Allocation Failure) 14M->10M(15M) 0.366ms
[143.711s][info][gc] GC(5325) Pause Young (Allocation Failure) 14M->10M(15M) 0.354ms
[143.718s][info][gc] GC(5326) Pause Young (Allocation Failure) 14M->10M(15M) 0.293ms
[143.729s][info][gc] GC(5327) Pause Young (Allocation Failure) 14M->10M(15M) 0.361ms
[143.736s][info][gc] GC(5328) Pause Young (Allocation Failure) 14M->10M(15M) 0.322ms
[143.744s][info][gc] GC(5329) Pause Young (Allocation Failure) 14M->10M(15M) 0.370ms
[143.753s][info][gc] GC(5330) Pause Young (Allocation Failure) 14M->10M(15M) 0.419ms
[143.761s][info][gc] GC(5331) Pause Young (Allocation Failure) 14M->10M(15M) 0.350ms
[144.225s][info][gc] GC(5332) Pause Young (Allocation Failure) 14M->10M(15M) 0.367ms
[144.232s][info][gc] GC(5333) Pause Young (Allocation Failure) 14M->10M(15M) 0.338ms
[144.242s][info][gc] GC(5334) Pause Young (Allocation Failure) 14M->10M(15M) 0.383ms
[144.249s][info][gc] GC(5335) Pause Young (Allocation Failure) 14M->10M(15M) 0.360ms
[144.257s][info][gc] GC(5336) Pause Young (Allocation Failure) 14M->10M(15M) 0.369ms
[144.264s][info][gc] GC(5337) Pause Young (Allocation Failure) 14M->10M(15M) 0.345ms
[144.272s][info][gc] GC(5338) Pause Young (Allocation Failure) 14M->10M(15M) 0.355ms
[144.392s][info][gc] GC(5339) Pause Young (Allocation Failure) 14M->10M(15M) 0.300ms
[144.401s][info][gc] GC(5340) Pause Young (Allocation Failure) 14M->10M(15M) 0.472ms
[144.416s][info][gc] GC(5341) Pause Young (Allocation Failure) 14M->10M(15M) 0.360ms
[144.420s][info][gc] GC(5342) Pause Young (Allocation Failure) 14M->10M(15M) 0.311ms
[144.426s][info][gc] GC(5343) Pause Young (Allocation Failure) 14M->10M(15M) 0.381ms
[144.433s][info][gc] GC(5344) Pause Young (Allocation Failure) 14M->10M(15M) 0.365ms
[144.454s][info][gc] GC(5345) Pause Young (Allocation Failure) 14M->10M(15M) 0.329ms
[144.479s][info][gc] GC(5346) Pause Young (Allocation Failure) 14M->10M(15M) 0.368ms
[144.544s][info][gc] GC(5347) Pause Young (Allocation Failure) 14M->10M(15M) 0.344ms
[144.552s][info][gc] GC(5348) Pause Young (Allocation Failure) 14M->10M(15M) 0.361ms
[144.558s][info][gc] GC(5349) Pause Young (Allocation Failure) 14M->10M(15M) 0.358ms
[144.566s][info][gc] GC(5350) Pause Young (Allocation Failure) 14M->10M(15M) 0.366ms
[144.591s][info][gc] GC(5351) Pause Young (Allocation Failure) 14M->10M(15M) 0.365ms
[144.618s][info][gc] GC(5352) Pause Young (Allocation Failure) 14M->10M(15M) 0.381ms
[144.852s][info][gc] GC(5353) Pause Young (Allocation Failure) 14M->10M(15M) 0.288ms
[144.859s][info][gc] GC(5354) Pause Young (Allocation Failure) 14M->10M(15M) 0.335ms
[144.863s][info][gc] GC(5355) Pause Young (Allocation Failure) 14M->10M(15M) 0.309ms
[144.869s][info][gc] GC(5356) Pause Young (Allocation Failure) 14M->10M(15M) 0.362ms
[144.873s][info][gc] GC(5357) Pause Young (Allocation Failure) 14M->10M(15M) 0.342ms
[144.878s][info][gc] GC(5358) Pause Young (Allocation Failure) 14M->10M(15M) 0.291ms
[144.882s][info][gc] GC(5359) Pause Young (Allocation Failure) 14M->10M(15M) 0.351ms
[144.886s][info][gc] GC(5360) Pause Young (Allocation Failure) 14M->10M(15M) 0.333ms
[144.891s][info][gc] GC(5361) Pause Young (Allocation Failure) 14M->10M(15M) 0.310ms
[144.980s][info][gc] GC(5362) Pause Young (Allocation Failure) 14M->10M(15M) 0.423ms
[144.992s][info][gc] GC(5363) Pause Young (Allocation Failure) 14M->10M(15M) 0.397ms
[145.000s][info][gc] GC(5364) Pause Young (Allocation Failure) 14M->10M(15M) 0.394ms
[145.011s][info][gc] GC(5365) Pause Young (Allocation Failure) 14M->10M(15M) 0.554ms
[145.016s][info][gc] GC(5366) Pause Young (Allocation Failure) 14M->10M(15M) 0.300ms
[145.020s][info][gc] GC(5367) Pause Young (Allocation Failure) 14M->10M(15M) 0.376ms
[145.026s][info][gc] GC(5368) Pause Young (Allocation Failure) 14M->10M(15M) 0.367ms
[145.031s][info][gc] GC(5369) Pause Young (Allocation Failure) 14M->10M(15M) 0.299ms
[145.036s][info][gc] GC(5370) Pause Young (Allocation Failure) 14M->10M(15M) 0.366ms
[145.042s][info][gc] GC(5371) Pause Young (Allocation Failure) 14M->10M(15M) 0.409ms
[145.048s][info][gc] GC(5372) Pause Young (Allocation Failure) 14M->10M(15M) 0.377ms
[145.052s][info][gc] GC(5373) Pause Young (Allocation Failure) 14M->10M(15M) 0.364ms
[145.076s][info][gc] GC(5374) Pause Young (Allocation Failure) 14M->10M(15M) 0.379ms
[145.080s][info][gc] GC(5375) Pause Young (Allocation Failure) 14M->10M(15M) 0.356ms
[145.085s][info][gc] GC(5376) Pause Young (Allocation Failure) 14M->10M(15M) 0.638ms
[145.090s][info][gc] GC(5377) Pause Young (Allocation Failure) 14M->10M(15M) 0.345ms
[145.219s][info][gc] GC(5378) Pause Young (Allocation Failure) 14M->10M(15M) 0.301ms
[145.320s][info][gc] GC(5379) Pause Young (Allocation Failure) 14M->10M(15M) 0.359ms
[145.340s][info][gc] GC(5380) Pause Young (Allocation Failure) 14M->10M(15M) 0.362ms
[145.351s][info][gc] GC(5381) Pause Young (Allocation Failure) 14M->10M(15M) 0.356ms
[145.359s][info][gc] GC(5382) Pause Young (Allocation Failure) 15M->10M(15M) 0.365ms
[145.366s][info][gc] GC(5383) Pause Young (Allocation Failure) 14M->10M(15M) 0.316ms
[145.377s][info][gc] GC(5384) Pause Young (Allocation Failure) 14M->10M(15M) 0.349ms
[145.453s][info][gc] GC(5385) Pause Young (Allocation Failure) 14M->10M(15M) 0.341ms
[145.462s][info][gc] GC(5386) Pause Young (Allocation Failure) 14M->10M(15M) 0.363ms
[145.467s][info][gc] GC(5387) Pause Young (Allocation Failure) 15M->10M(15M) 0.375ms
[145.473s][info][gc] GC(5388) Pause Young (Allocation Failure) 15M->10M(15M) 0.284ms
[145.478s][info][gc] GC(5389) Pause Young (Allocation Failure) 14M->10M(15M) 0.328ms
[145.482s][info][gc] GC(5390) Pause Young (Allocation Failure) 14M->10M(15M) 0.368ms
[145.487s][info][gc] GC(5391) Pause Young (Allocation Failure) 15M->10M(15M) 0.353ms
[145.492s][info][gc] GC(5392) Pause Young (Allocation Failure) 15M->10M(15M) 0.308ms
[145.499s][info][gc] GC(5393) Pause Young (Allocation Failure) 14M->10M(15M) 0.372ms
[145.580s][info][gc] GC(5394) Pause Young (Allocation Failure) 15M->10M(15M) 0.373ms
[145.586s][info][gc] GC(5395) Pause Young (Allocation Failure) 15M->10M(15M) 0.296ms
[145.716s][info][gc] GC(5396) Pause Young (Allocation Failure) 14M->10M(15M) 0.388ms
[145.742s][info][gc] GC(5397) Pause Young (Allocation Failure) 15M->10M(15M) 0.357ms
[145.748s][info][gc] GC(5398) Pause Young (Allocation Failure) 15M->10M(15M) 0.352ms
[145.752s][info][gc] GC(5399) Pause Young (Allocation Failure) 15M->10M(15M) 0.351ms
[145.758s][info][gc] GC(5400) Pause Young (Allocation Failure) 15M->10M(15M) 0.339ms
[145.762s][info][gc] GC(5401) Pause Young (Allocation Failure) 15M->10M(15M) 0.348ms
[145.767s][info][gc] GC(5402) Pause Young (Allocation Failure) 15M->10M(15M) 0.343ms
[145.879s][info][gc] GC(5403) Pause Young (Allocation Failure) 15M->10M(15M) 0.308ms
[145.887s][info][gc] GC(5404) Pause Young (Allocation Failure) 14M->10M(15M) 0.351ms
[145.896s][info][gc] GC(5405) Pause Young (Allocation Failure) 15M->10M(15M) 0.353ms
[145.904s][info][gc] GC(5406) Pause Young (Allocation Failure) 15M->10M(15M) 0.357ms
[145.915s][info][gc] GC(5407) Pause Young (Allocation Failure) 15M->10M(15M) 0.399ms
[145.924s][info][gc] GC(5408) Pause Young (Allocation Failure) 15M->10M(15M) 0.361ms
[145.933s][info][gc] GC(5409) Pause Young (Allocation Failure) 15M->10M(15M) 0.472ms
[145.991s][info][gc] GC(5410) Pause Young (Allocation Failure) 15M->10M(15M) 0.441ms
[145.998s][info][gc] GC(5411) Pause Young (Allocation Failure) 14M->10M(15M) 0.364ms
[146.004s][info][gc] GC(5412) Pause Young (Allocation Failure) 15M->10M(15M) 0.338ms
[146.012s][info][gc] GC(5413) Pause Young (Allocation Failure) 15M->10M(15M) 0.304ms
[146.017s][info][gc] GC(5414) Pause Young (Allocation Failure) 14M->10M(15M) 0.558ms
[146.023s][info][gc] GC(5415) Pause Young (Allocation Failure) 15M->10M(15M) 0.352ms
[146.030s][info][gc] GC(5416) Pause Young (Allocation Failure) 15M->10M(15M) 0.279ms
[146.036s][info][gc] GC(5417) Pause Young (Allocation Failure) 14M->10M(15M) 0.369ms
[146.044s][info][gc] GC(5418) Pause Young (Allocation Failure) 15M->10M(15M) 0.325ms
[146.051s][info][gc] GC(5419) Pause Young (Allocation Failure) 15M->10M(15M) 0.367ms
[146.058s][info][gc] GC(5420) Pause Young (Allocation Failure) 15M->10M(15M) 0.349ms
[146.063s][info][gc] GC(5421) Pause Young (Allocation Failure) 15M->10M(15M) 0.368ms
[146.084s][info][gc] GC(5422) Pause Young (Allocation Failure) 15M->10M(15M) 0.370ms
[146.099s][info][gc] GC(5423) Pause Young (Allocation Failure) 15M->10M(15M) 0.366ms
[146.110s][info][gc] GC(5424) Pause Young (Allocation Failure) 15M->10M(15M) 0.361ms
[146.129s][info][gc] GC(5425) Pause Young (Allocation Failure) 15M->10M(15M) 0.339ms
[146.138s][info][gc] GC(5426) Pause Young (Allocation Failure) 15M->10M(15M) 0.384ms
[146.149s][info][gc] GC(5427) Pause Young (Allocation Failure) 15M->10M(15M) 0.384ms
[146.160s][info][gc] GC(5428) Pause Young (Allocation Failure) 15M->10M(15M) 0.356ms
[146.170s][info][gc] GC(5429) Pause Young (Allocation Failure) 15M->10M(15M) 0.382ms
[146.188s][info][gc] GC(5430) Pause Young (Allocation Failure) 15M->10M(15M) 0.369ms
[146.204s][info][gc] GC(5431) Pause Young (Allocation Failure) 15M->10M(15M) 0.284ms
[146.217s][info][gc] GC(5432) Pause Young (Allocation Failure) 15M->10M(15M) 0.374ms
[146.247s][info][gc] GC(5433) Pause Young (Allocation Failure) 15M->10M(15M) 0.346ms
[146.255s][info][gc] GC(5434) Pause Young (Allocation Failure) 15M->10M(15M) 0.651ms
[146.263s][info][gc] GC(5435) Pause Young (Allocation Failure) 15M->10M(15M) 0.398ms
[146.273s][info][gc] GC(5436) Pause Young (Allocation Failure) 15M->10M(15M) 0.382ms
[146.283s][info][gc] GC(5437) Pause Young (Allocation Failure) 15M->10M(15M) 0.376ms
[146.289s][info][gc] GC(5438) Pause Young (Allocation Failure) 15M->10M(15M) 0.569ms
[146.294s][info][gc] GC(5439) Pause Young (Allocation Failure) 15M->10M(15M) 0.374ms
[146.300s][info][gc] GC(5440) Pause Young (Allocation Failure) 15M->10M(15M) 0.366ms
[146.307s][info][gc] GC(5441) Pause Young (Allocation Failure) 15M->10M(15M) 0.402ms
[146.313s][info][gc] GC(5442) Pause Young (Allocation Failure) 15M->10M(15M) 0.375ms
[146.318s][info][gc] GC(5443) Pause Young (Allocation Failure) 15M->10M(15M) 0.324ms
[146.328s][info][gc] GC(5444) Pause Young (Allocation Failure) 15M->10M(15M) 0.451ms
[146.344s][info][gc] GC(5445) Pause Young (Allocation Failure) 15M->10M(15M) 0.614ms
[146.352s][info][gc] GC(5446) Pause Young (Allocation Failure) 15M->10M(15M) 0.321ms
[146.367s][info][gc] GC(5447) Pause Young (Allocation Failure) 15M->10M(15M) 0.367ms
[146.378s][info][gc] GC(5448) Pause Young (Allocation Failure) 15M->10M(15M) 0.363ms
[146.385s][info][gc] GC(5449) Pause Young (Allocation Failure) 15M->10M(15M) 0.307ms
[146.395s][info][gc] GC(5450) Pause Young (Allocation Failure) 15M->10M(15M) 0.360ms
[146.402s][info][gc] GC(5451) Pause Young (Allocation Failure) 15M->10M(15M) 0.352ms
[146.412s][info][gc] GC(5452) Pause Young (Allocation Failure) 15M->10M(15M) 0.503ms
[146.419s][info][gc] GC(5453) Pause Young (Allocation Failure) 15M->10M(15M) 0.432ms
[146.424s][info][gc] GC(5454) Pause Young (Allocation Failure) 15M->10M(15M) 0.299ms
[146.428s][info][gc] GC(5455) Pause Young (Allocation Failure) 15M->10M(15M) 0.387ms
[146.433s][info][gc] GC(5456) Pause Young (Allocation Failure) 15M->10M(15M) 0.341ms
[146.439s][info][gc] GC(5457) Pause Young (Allocation Failure) 15M->10M(15M) 0.529ms
[146.449s][info][gc] GC(5458) Pause Young (Allocation Failure) 15M->10M(15M) 0.365ms
[146.456s][info][gc] GC(5459) Pause Young (Allocation Failure) 15M->10M(15M) 0.357ms
[146.462s][info][gc] GC(5460) Pause Young (Allocation Failure) 15M->10M(15M) 0.315ms
[146.472s][info][gc] GC(5461) Pause Young (Allocation Failure) 15M->10M(15M) 1.014ms
[146.482s][info][gc] GC(5462) Pause Young (Allocation Failure) 15M->10M(15M) 0.357ms
[146.486s][info][gc] GC(5463) Pause Young (Allocation Failure) 15M->10M(15M) 0.300ms
[146.492s][info][gc] GC(5464) Pause Young (Allocation Failure) 15M->10M(15M) 0.360ms
[146.498s][info][gc] GC(5465) Pause Young (Allocation Failure) 15M->10M(15M) 0.351ms
[146.509s][info][gc] GC(5466) Pause Full (Allocation Failure) 10M->3M(15M) 11.154ms
[146.513s][info][gc] GC(5467) Pause Young (Allocation Failure) 8M->3M(15M) 0.256ms
[146.520s][info][gc] GC(5468) Pause Young (Allocation Failure) 8M->4M(15M) 0.326ms
[146.526s][info][gc] GC(5469) Pause Young (Allocation Failure) 8M->4M(15M) 0.290ms
[146.531s][info][gc] GC(5470) Pause Young (Allocation Failure) 8M->4M(15M) 0.385ms
[146.535s][info][gc] GC(5471) Pause Young (Allocation Failure) 8M->4M(15M) 0.366ms
[146.542s][info][gc] GC(5472) Pause Young (Allocation Failure) 8M->4M(15M) 0.375ms
[146.549s][info][gc] GC(5473) Pause Young (Allocation Failure) 8M->4M(15M) 0.355ms
[146.557s][info][gc] GC(5474) Pause Young (Allocation Failure) 8M->4M(15M) 0.291ms
[146.562s][info][gc] GC(5475) Pause Young (Allocation Failure) 8M->4M(15M) 0.338ms
[146.566s][info][gc] GC(5476) Pause Young (Allocation Failure) 8M->4M(15M) 0.346ms
[146.583s][info][gc] GC(5477) Pause Young (Allocation Failure) 8M->4M(15M) 0.275ms
[146.596s][info][gc] GC(5478) Pause Young (Allocation Failure) 8M->4M(15M) 0.361ms
[146.603s][info][gc] GC(5479) Pause Young (Allocation Failure) 8M->4M(15M) 0.358ms
[146.615s][info][gc] GC(5480) Pause Young (Allocation Failure) 8M->4M(15M) 0.361ms
[146.629s][info][gc] GC(5481) Pause Young (Allocation Failure) 8M->4M(15M) 0.521ms
[146.643s][info][gc] GC(5482) Pause Young (Allocation Failure) 8M->4M(15M) 0.299ms
[146.652s][info][gc] GC(5483) Pause Young (Allocation Failure) 8M->4M(15M) 0.358ms
[146.667s][info][gc] GC(5484) Pause Young (Allocation Failure) 8M->4M(15M) 0.373ms
[146.687s][info][gc] GC(5485) Pause Young (Allocation Failure) 8M->4M(15M) 0.278ms
[146.700s][info][gc] GC(5486) Pause Young (Allocation Failure) 8M->4M(15M) 0.357ms
[146.724s][info][gc] GC(5487) Pause Young (Allocation Failure) 8M->4M(15M) 0.368ms
[146.744s][info][gc] GC(5488) Pause Young (Allocation Failure) 8M->4M(15M) 0.286ms
[146.750s][info][gc] GC(5489) Pause Young (Allocation Failure) 8M->4M(15M) 0.360ms
[146.755s][info][gc] GC(5490) Pause Young (Allocation Failure) 8M->4M(15M) 0.605ms
[146.760s][info][gc] GC(5491) Pause Young (Allocation Failure) 8M->4M(15M) 0.350ms
[146.767s][info][gc] GC(5492) Pause Young (Allocation Failure) 8M->4M(15M) 0.377ms
[146.777s][info][gc] GC(5493) Pause Young (Allocation Failure) 8M->4M(15M) 0.374ms
[146.785s][info][gc] GC(5494) Pause Young (Allocation Failure) 8M->4M(15M) 0.372ms
[146.795s][info][gc] GC(5495) Pause Young (Allocation Failure) 8M->4M(15M) 0.367ms
[146.809s][info][gc] GC(5496) Pause Young (Allocation Failure) 8M->4M(15M) 0.392ms
[146.819s][info][gc] GC(5497) Pause Young (Allocation Failure) 8M->4M(15M) 0.365ms
[146.831s][info][gc] GC(5498) Pause Young (Allocation Failure) 8M->4M(15M) 0.389ms
[146.851s][info][gc] GC(5499) Pause Young (Allocation Failure) 8M->4M(15M) 0.325ms
[146.864s][info][gc] GC(5500) Pause Young (Allocation Failure) 8M->4M(15M) 0.364ms
[146.989s][info][gc] GC(5501) Pause Young (Allocation Failure) 8M->4M(15M) 1.179ms
[146.999s][info][gc] GC(5502) Pause Young (Allocation Failure) 8M->4M(15M) 0.312ms
[147.018s][info][gc] GC(5503) Pause Young (Allocation Failure) 8M->4M(15M) 0.360ms
[147.031s][info][gc] GC(5504) Pause Young (Allocation Failure) 8M->4M(15M) 0.453ms
[147.062s][info][gc] GC(5505) Pause Young (Allocation Failure) 8M->4M(15M) 0.384ms
[147.080s][info][gc] GC(5506) Pause Young (Allocation Failure) 8M->4M(15M) 0.369ms
[147.087s][info][gc] GC(5507) Pause Young (Allocation Failure) 8M->4M(15M) 0.389ms
[147.101s][info][gc] GC(5508) Pause Young (Allocation Failure) 8M->4M(15M) 1.133ms
[147.150s][info][gc] GC(5509) Pause Young (Allocation Failure) 8M->4M(15M) 0.381ms
[147.164s][info][gc] GC(5510) Pause Young (Allocation Failure) 8M->4M(15M) 0.375ms
[148.937s][info][gc] GC(5511) Pause Young (Allocation Failure) 8M->4M(15M) 0.376ms
[148.959s][info][gc] GC(5512) Pause Young (Allocation Failure) 8M->4M(15M) 0.340ms
[148.975s][info][gc] GC(5513) Pause Young (Allocation Failure) 8M->4M(15M) 0.360ms
[148.988s][info][gc] GC(5514) Pause Young (Allocation Failure) 8M->4M(15M) 0.430ms
[149.003s][info][gc] GC(5515) Pause Young (Allocation Failure) 8M->4M(15M) 0.365ms
[149.012s][info][gc] GC(5516) Pause Young (Allocation Failure) 8M->4M(15M) 0.369ms
[149.024s][info][gc] GC(5517) Pause Young (Allocation Failure) 8M->4M(15M) 0.338ms
[149.056s][info][gc] GC(5518) Pause Young (Allocation Failure) 8M->4M(15M) 0.350ms
[149.064s][info][gc] GC(5519) Pause Young (Allocation Failure) 8M->4M(15M) 0.357ms
[149.071s][info][gc] GC(5520) Pause Young (Allocation Failure) 8M->4M(15M) 0.315ms
[149.082s][info][gc] GC(5521) Pause Young (Allocation Failure) 8M->4M(15M) 0.372ms
[149.090s][info][gc] GC(5522) Pause Young (Allocation Failure) 8M->4M(15M) 0.353ms
[149.097s][info][gc] GC(5523) Pause Young (Allocation Failure) 8M->4M(15M) 0.362ms
[149.104s][info][gc] GC(5524) Pause Young (Allocation Failure) 8M->4M(15M) 0.369ms
[149.119s][info][gc] GC(5525) Pause Young (Allocation Failure) 8M->4M(15M) 0.346ms
[149.127s][info][gc] GC(5526) Pause Young (Allocation Failure) 8M->4M(15M) 0.266ms
[149.134s][info][gc] GC(5527) Pause Young (Allocation Failure) 8M->4M(15M) 0.369ms
[149.145s][info][gc] GC(5528) Pause Young (Allocation Failure) 8M->4M(15M) 0.331ms
[149.152s][info][gc] GC(5529) Pause Young (Allocation Failure) 8M->4M(15M) 0.367ms
[149.160s][info][gc] GC(5530) Pause Young (Allocation Failure) 8M->4M(15M) 0.367ms
[149.167s][info][gc] GC(5531) Pause Young (Allocation Failure) 8M->4M(15M) 0.307ms
[149.175s][info][gc] GC(5532) Pause Young (Allocation Failure) 8M->4M(15M) 0.363ms
[149.220s][info][gc] GC(5533) Pause Young (Allocation Failure) 8M->4M(15M) 0.374ms
[149.228s][info][gc] GC(5534) Pause Young (Allocation Failure) 8M->4M(15M) 0.292ms
[149.235s][info][gc] GC(5535) Pause Young (Allocation Failure) 8M->4M(15M) 0.347ms
[149.242s][info][gc] GC(5536) Pause Young (Allocation Failure) 8M->4M(15M) 0.306ms
[149.249s][info][gc] GC(5537) Pause Young (Allocation Failure) 8M->4M(15M) 0.367ms
[149.260s][info][gc] GC(5538) Pause Young (Allocation Failure) 8M->4M(15M) 0.369ms
[149.269s][info][gc] GC(5539) Pause Young (Allocation Failure) 8M->4M(15M) 0.367ms
[149.290s][info][gc] GC(5540) Pause Young (Allocation Failure) 8M->4M(15M) 0.366ms
[149.297s][info][gc] GC(5541) Pause Young (Allocation Failure) 8M->4M(15M) 0.398ms
[149.304s][info][gc] GC(5542) Pause Young (Allocation Failure) 8M->4M(15M) 0.360ms
[149.312s][info][gc] GC(5543) Pause Young (Allocation Failure) 8M->4M(15M) 0.385ms
[149.324s][info][gc] GC(5544) Pause Young (Allocation Failure) 8M->4M(15M) 1.531ms
[149.331s][info][gc] GC(5545) Pause Young (Allocation Failure) 8M->4M(15M) 0.350ms
[149.341s][info][gc] GC(5546) Pause Young (Allocation Failure) 8M->4M(15M) 0.347ms
[149.359s][info][gc] GC(5547) Pause Young (Allocation Failure) 8M->4M(15M) 0.353ms
[149.366s][info][gc] GC(5548) Pause Young (Allocation Failure) 8M->4M(15M) 0.369ms
[149.389s][info][gc] GC(5549) Pause Young (Allocation Failure) 8M->4M(15M) 0.356ms
[149.396s][info][gc] GC(5550) Pause Young (Allocation Failure) 8M->4M(15M) 0.352ms
[149.403s][info][gc] GC(5551) Pause Young (Allocation Failure) 8M->4M(15M) 0.297ms
[149.413s][info][gc] GC(5552) Pause Young (Allocation Failure) 8M->4M(15M) 0.349ms
[149.420s][info][gc] GC(5553) Pause Young (Allocation Failure) 8M->4M(15M) 0.350ms
[149.429s][info][gc] GC(5554) Pause Young (Allocation Failure) 8M->4M(15M) 0.318ms
[149.464s][info][gc] GC(5555) Pause Young (Allocation Failure) 8M->4M(15M) 0.364ms
[149.472s][info][gc] GC(5556) Pause Young (Allocation Failure) 8M->4M(15M) 0.448ms
[149.483s][info][gc] GC(5557) Pause Young (Allocation Failure) 8M->4M(15M) 0.373ms
[149.492s][info][gc] GC(5558) Pause Young (Allocation Failure) 8M->4M(15M) 0.366ms
[149.499s][info][gc] GC(5559) Pause Young (Allocation Failure) 8M->4M(15M) 0.345ms
[149.509s][info][gc] GC(5560) Pause Young (Allocation Failure) 8M->4M(15M) 0.394ms
[149.525s][info][gc] GC(5561) Pause Young (Allocation Failure) 8M->4M(15M) 0.334ms
[149.569s][info][gc] GC(5562) Pause Young (Allocation Failure) 8M->4M(15M) 0.473ms
[149.581s][info][gc] GC(5563) Pause Young (Allocation Failure) 8M->4M(15M) 0.412ms
[149.588s][info][gc] GC(5564) Pause Young (Allocation Failure) 8M->4M(15M) 0.326ms
[149.597s][info][gc] GC(5565) Pause Young (Allocation Failure) 8M->4M(15M) 0.359ms
[149.615s][info][gc] GC(5566) Pause Young (Allocation Failure) 8M->4M(15M) 0.316ms
[149.623s][info][gc] GC(5567) Pause Young (Allocation Failure) 8M->4M(15M) 0.357ms
[149.631s][info][gc] GC(5568) Pause Young (Allocation Failure) 8M->4M(15M) 0.310ms
[149.685s][info][gc] GC(5569) Pause Young (Allocation Failure) 8M->4M(15M) 0.363ms
[149.692s][info][gc] GC(5570) Pause Young (Allocation Failure) 8M->4M(15M) 0.368ms
[149.699s][info][gc] GC(5571) Pause Young (Allocation Failure) 8M->4M(15M) 0.291ms
[149.706s][info][gc] GC(5572) Pause Young (Allocation Failure) 8M->4M(15M) 0.366ms
[149.714s][info][gc] GC(5573) Pause Young (Allocation Failure) 8M->4M(15M) 0.363ms
[149.725s][info][gc] GC(5574) Pause Young (Allocation Failure) 8M->4M(15M) 0.374ms
[149.733s][info][gc] GC(5575) Pause Young (Allocation Failure) 8M->4M(15M) 0.361ms
[149.761s][info][gc] GC(5576) Pause Young (Allocation Failure) 8M->4M(15M) 0.303ms
[149.768s][info][gc] GC(5577) Pause Young (Allocation Failure) 8M->4M(15M) 0.368ms
[149.776s][info][gc] GC(5578) Pause Young (Allocation Failure) 8M->4M(15M) 0.349ms
[149.788s][info][gc] GC(5579) Pause Young (Allocation Failure) 8M->4M(15M) 0.461ms
[149.795s][info][gc] GC(5580) Pause Young (Allocation Failure) 8M->4M(15M) 0.360ms
[149.802s][info][gc] GC(5581) Pause Young (Allocation Failure) 8M->4M(15M) 0.328ms
[149.813s][info][gc] GC(5582) Pause Young (Allocation Failure) 8M->4M(15M) 0.350ms
[149.833s][info][gc] GC(5583) Pause Young (Allocation Failure) 8M->4M(15M) 0.396ms
[149.841s][info][gc] GC(5584) Pause Young (Allocation Failure) 8M->4M(15M) 0.305ms
[149.853s][info][gc] GC(5585) Pause Young (Allocation Failure) 8M->4M(15M) 0.354ms
[149.865s][info][gc] GC(5586) Pause Young (Allocation Failure) 8M->4M(15M) 0.335ms
[149.877s][info][gc] GC(5587) Pause Young (Allocation Failure) 8M->4M(15M) 0.299ms
[149.882s][info][gc] GC(5588) Pause Young (Allocation Failure) 8M->4M(15M) 0.355ms
[149.887s][info][gc] GC(5589) Pause Young (Allocation Failure) 8M->4M(15M) 0.347ms
[149.895s][info][gc] GC(5590) Pause Young (Allocation Failure) 8M->4M(15M) 0.293ms
[149.902s][info][gc] GC(5591) Pause Young (Allocation Failure) 8M->4M(15M) 0.371ms
[149.916s][info][gc] GC(5592) Pause Young (Allocation Failure) 8M->4M(15M) 0.364ms
[149.931s][info][gc] GC(5593) Pause Young (Allocation Failure) 8M->4M(15M) 0.260ms
[149.944s][info][gc] GC(5594) Pause Young (Allocation Failure) 8M->4M(15M) 0.355ms
[149.953s][info][gc] GC(5595) Pause Young (Allocation Failure) 8M->4M(15M) 0.296ms
[149.964s][info][gc] GC(5596) Pause Young (Allocation Failure) 8M->4M(15M) 0.347ms
[149.979s][info][gc] GC(5597) Pause Young (Allocation Failure) 8M->4M(15M) 0.353ms
[149.988s][info][gc] GC(5598) Pause Young (Allocation Failure) 8M->4M(15M) 0.334ms
[149.999s][info][gc] GC(5599) Pause Young (Allocation Failure) 8M->4M(15M) 0.351ms
[150.008s][info][gc] GC(5600) Pause Young (Allocation Failure) 8M->4M(15M) 0.427ms
[150.020s][info][gc] GC(5601) Pause Young (Allocation Failure) 8M->4M(15M) 0.308ms
[150.028s][info][gc] GC(5602) Pause Young (Allocation Failure) 8M->4M(15M) 0.363ms
[150.040s][info][gc] GC(5603) Pause Young (Allocation Failure) 8M->4M(15M) 0.360ms
[150.053s][info][gc] GC(5604) Pause Young (Allocation Failure) 8M->4M(15M) 0.298ms
[150.063s][info][gc] GC(5605) Pause Young (Allocation Failure) 8M->4M(15M) 0.396ms
[150.080s][info][gc] GC(5606) Pause Young (Allocation Failure) 8M->4M(15M) 0.373ms
[150.088s][info][gc] GC(5607) Pause Young (Allocation Failure) 8M->4M(15M) 0.397ms
[150.098s][info][gc] GC(5608) Pause Young (Allocation Failure) 8M->4M(15M) 0.342ms
[150.110s][info][gc] GC(5609) Pause Young (Allocation Failure) 8M->4M(15M) 0.271ms
[150.117s][info][gc] GC(5610) Pause Young (Allocation Failure) 8M->4M(15M) 0.356ms
[150.290s][info][gc] GC(5611) Pause Young (Allocation Failure) 8M->4M(15M) 0.321ms
[150.298s][info][gc] GC(5612) Pause Young (Allocation Failure) 8M->4M(15M) 0.347ms
[150.306s][info][gc] GC(5613) Pause Young (Allocation Failure) 8M->4M(15M) 0.311ms
[150.325s][info][gc] GC(5614) Pause Young (Allocation Failure) 8M->4M(15M) 0.424ms
[150.397s][info][gc] GC(5615) Pause Young (Allocation Failure) 8M->4M(15M) 0.393ms
[150.480s][info][gc] GC(5616) Pause Young (Allocation Failure) 8M->4M(15M) 0.310ms
[150.488s][info][gc] GC(5617) Pause Young (Allocation Failure) 8M->4M(15M) 0.366ms
[150.522s][info][gc] GC(5618) Pause Young (Allocation Failure) 8M->4M(15M) 0.373ms
[150.532s][info][gc] GC(5619) Pause Young (Allocation Failure) 8M->4M(15M) 0.285ms
[150.543s][info][gc] GC(5620) Pause Young (Allocation Failure) 8M->4M(15M) 0.349ms
[150.551s][info][gc] GC(5621) Pause Young (Allocation Failure) 8M->4M(15M) 0.333ms
[150.559s][info][gc] GC(5622) Pause Young (Allocation Failure) 8M->4M(15M) 0.266ms
[150.566s][info][gc] GC(5623) Pause Young (Allocation Failure) 8M->4M(15M) 0.348ms
[150.604s][info][gc] GC(5624) Pause Young (Allocation Failure) 8M->4M(15M) 0.384ms
[150.642s][info][gc] GC(5625) Pause Young (Allocation Failure) 8M->4M(15M) 0.348ms
[150.651s][info][gc] GC(5626) Pause Young (Allocation Failure) 8M->4M(15M) 0.310ms
[150.661s][info][gc] GC(5627) Pause Young (Allocation Failure) 8M->4M(15M) 0.347ms
[150.670s][info][gc] GC(5628) Pause Young (Allocation Failure) 8M->4M(15M) 0.309ms
[150.680s][info][gc] GC(5629) Pause Young (Allocation Failure) 8M->4M(15M) 0.364ms
[150.685s][info][gc] GC(5630) Pause Young (Allocation Failure) 8M->4M(15M) 0.354ms
[150.689s][info][gc] GC(5631) Pause Young (Allocation Failure) 8M->4M(15M) 0.293ms
[150.949s][info][gc] GC(5632) Pause Young (Allocation Failure) 8M->4M(15M) 0.357ms
[150.962s][info][gc] GC(5633) Pause Young (Allocation Failure) 8M->4M(15M) 0.337ms
[150.983s][info][gc] GC(5634) Pause Young (Allocation Failure) 8M->4M(15M) 0.347ms
[150.992s][info][gc] GC(5635) Pause Young (Allocation Failure) 8M->4M(15M) 0.361ms
[151.035s][info][gc] GC(5636) Pause Young (Allocation Failure) 8M->4M(15M) 0.384ms
[151.233s][info][gc] GC(5637) Pause Young (Allocation Failure) 8M->4M(15M) 0.265ms
[151.247s][info][gc] GC(5638) Pause Young (Allocation Failure) 8M->4M(15M) 0.383ms
[151.420s][info][gc] GC(5639) Pause Young (Allocation Failure) 8M->4M(15M) 0.364ms
[151.428s][info][gc] GC(5640) Pause Young (Allocation Failure) 8M->4M(15M) 0.376ms
[151.435s][info][gc] GC(5641) Pause Young (Allocation Failure) 8M->4M(15M) 0.358ms
[151.445s][info][gc] GC(5642) Pause Young (Allocation Failure) 8M->4M(15M) 0.272ms
[151.456s][info][gc] GC(5643) Pause Young (Allocation Failure) 8M->4M(15M) 0.369ms
[151.464s][info][gc] GC(5644) Pause Young (Allocation Failure) 8M->4M(15M) 0.336ms
[151.477s][info][gc] GC(5645) Pause Young (Allocation Failure) 8M->4M(15M) 0.369ms
[151.528s][info][gc] GC(5646) Pause Young (Allocation Failure) 8M->4M(15M) 0.338ms
[151.535s][info][gc] GC(5647) Pause Young (Allocation Failure) 8M->4M(15M) 0.352ms
[151.547s][info][gc] GC(5648) Pause Young (Allocation Failure) 8M->4M(15M) 0.370ms
[151.554s][info][gc] GC(5649) Pause Young (Allocation Failure) 8M->4M(15M) 0.278ms
[151.561s][info][gc] GC(5650) Pause Young (Allocation Failure) 8M->4M(15M) 0.380ms
[151.569s][info][gc] GC(5651) Pause Young (Allocation Failure) 8M->4M(15M) 0.367ms
[151.578s][info][gc] GC(5652) Pause Young (Allocation Failure) 8M->4M(15M) 0.352ms
[151.678s][info][gc] GC(5653) Pause Young (Allocation Failure) 8M->4M(15M) 0.343ms
[151.685s][info][gc] GC(5654) Pause Young (Allocation Failure) 8M->4M(15M) 0.302ms
[151.692s][info][gc] GC(5655) Pause Young (Allocation Failure) 8M->4M(15M) 0.380ms
[151.700s][info][gc] GC(5656) Pause Young (Allocation Failure) 8M->4M(15M) 0.356ms
[151.709s][info][gc] GC(5657) Pause Young (Allocation Failure) 8M->4M(15M) 0.353ms
[151.719s][info][gc] GC(5658) Pause Young (Allocation Failure) 8M->4M(15M) 0.360ms
[151.727s][info][gc] GC(5659) Pause Young (Allocation Failure) 8M->4M(15M) 0.294ms
[151.767s][info][gc] GC(5660) Pause Young (Allocation Failure) 8M->4M(15M) 0.386ms
[151.780s][info][gc] GC(5661) Pause Young (Allocation Failure) 8M->4M(15M) 0.357ms
[151.789s][info][gc] GC(5662) Pause Young (Allocation Failure) 8M->4M(15M) 0.302ms
[151.796s][info][gc] GC(5663) Pause Young (Allocation Failure) 8M->4M(15M) 0.371ms
[151.804s][info][gc] GC(5664) Pause Young (Allocation Failure) 8M->4M(15M) 0.347ms
[151.814s][info][gc] GC(5665) Pause Young (Allocation Failure) 8M->4M(15M) 0.371ms
[151.821s][info][gc] GC(5666) Pause Young (Allocation Failure) 8M->4M(15M) 0.357ms
[151.829s][info][gc] GC(5667) Pause Young (Allocation Failure) 8M->4M(15M) 0.386ms
[151.846s][info][gc] GC(5668) Pause Young (Allocation Failure) 8M->4M(15M) 0.366ms
[151.855s][info][gc] GC(5669) Pause Young (Allocation Failure) 8M->4M(15M) 0.565ms
[151.862s][info][gc] GC(5670) Pause Young (Allocation Failure) 8M->4M(15M) 0.360ms
[151.870s][info][gc] GC(5671) Pause Young (Allocation Failure) 8M->4M(15M) 0.371ms
[151.882s][info][gc] GC(5672) Pause Young (Allocation Failure) 8M->4M(15M) 0.343ms
[151.886s][info][gc] GC(5673) Pause Young (Allocation Failure) 8M->4M(15M) 0.301ms
[151.891s][info][gc] GC(5674) Pause Young (Allocation Failure) 8M->4M(15M) 0.344ms
[151.901s][info][gc] GC(5675) Pause Young (Allocation Failure) 8M->4M(15M) 0.331ms
[151.914s][info][gc] GC(5676) Pause Young (Allocation Failure) 8M->4M(15M) 0.358ms
[151.921s][info][gc] GC(5677) Pause Young (Allocation Failure) 8M->4M(15M) 0.434ms
[151.929s][info][gc] GC(5678) Pause Young (Allocation Failure) 8M->4M(15M) 0.333ms
[151.936s][info][gc] GC(5679) Pause Young (Allocation Failure) 8M->4M(15M) 0.360ms
[151.946s][info][gc] GC(5680) Pause Young (Allocation Failure) 8M->4M(15M) 0.352ms
[151.957s][info][gc] GC(5681) Pause Young (Allocation Failure) 8M->4M(15M) 0.298ms
[151.975s][info][gc] GC(5682) Pause Young (Allocation Failure) 8M->4M(15M) 0.361ms
[151.982s][info][gc] GC(5683) Pause Young (Allocation Failure) 8M->4M(15M) 0.351ms
[151.991s][info][gc] GC(5684) Pause Young (Allocation Failure) 8M->4M(15M) 0.327ms
[151.997s][info][gc] GC(5685) Pause Young (Allocation Failure) 8M->4M(15M) 0.354ms
[152.008s][info][gc] GC(5686) Pause Young (Allocation Failure) 8M->4M(15M) 0.323ms
[152.015s][info][gc] GC(5687) Pause Young (Allocation Failure) 8M->4M(15M) 0.362ms
[152.026s][info][gc] GC(5688) Pause Young (Allocation Failure) 8M->4M(15M) 0.356ms
[152.037s][info][gc] GC(5689) Pause Young (Allocation Failure) 8M->4M(15M) 0.359ms
[152.048s][info][gc] GC(5690) Pause Young (Allocation Failure) 8M->4M(15M) 0.349ms
[152.057s][info][gc] GC(5691) Pause Young (Allocation Failure) 8M->4M(15M) 0.307ms
[152.064s][info][gc] GC(5692) Pause Young (Allocation Failure) 8M->4M(15M) 0.370ms
[152.071s][info][gc] GC(5693) Pause Young (Allocation Failure) 8M->4M(15M) 0.376ms
[152.087s][info][gc] GC(5694) Pause Young (Allocation Failure) 8M->4M(15M) 0.295ms
[152.096s][info][gc] GC(5695) Pause Young (Allocation Failure) 8M->4M(15M) 0.360ms
[152.103s][info][gc] GC(5696) Pause Young (Allocation Failure) 8M->4M(15M) 0.349ms
[152.117s][info][gc] GC(5697) Pause Young (Allocation Failure) 8M->4M(15M) 0.291ms
[152.124s][info][gc] GC(5698) Pause Young (Allocation Failure) 8M->4M(15M) 0.378ms
[152.132s][info][gc] GC(5699) Pause Young (Allocation Failure) 8M->4M(15M) 0.373ms
[152.142s][info][gc] GC(5700) Pause Young (Allocation Failure) 8M->4M(15M) 0.390ms
[152.154s][info][gc] GC(5701) Pause Young (Allocation Failure) 8M->4M(15M) 0.364ms
[152.164s][info][gc] GC(5702) Pause Young (Allocation Failure) 8M->4M(15M) 0.311ms
[152.175s][info][gc] GC(5703) Pause Young (Allocation Failure) 8M->4M(15M) 0.367ms
[152.188s][info][gc] GC(5704) Pause Young (Allocation Failure) 8M->4M(15M) 0.467ms
[152.195s][info][gc] GC(5705) Pause Young (Allocation Failure) 8M->4M(15M) 0.356ms
[152.202s][info][gc] GC(5706) Pause Young (Allocation Failure) 8M->4M(15M) 0.328ms
[152.221s][info][gc] GC(5707) Pause Young (Allocation Failure) 8M->4M(15M) 0.737ms
[152.230s][info][gc] GC(5708) Pause Young (Allocation Failure) 8M->4M(15M) 0.363ms
[152.237s][info][gc] GC(5709) Pause Young (Allocation Failure) 8M->4M(15M) 0.342ms
[152.250s][info][gc] GC(5710) Pause Young (Allocation Failure) 8M->4M(15M) 0.368ms
[152.266s][info][gc] GC(5711) Pause Young (Allocation Failure) 8M->4M(15M) 0.347ms
[152.280s][info][gc] GC(5712) Pause Young (Allocation Failure) 8M->4M(15M) 0.360ms
[152.291s][info][gc] GC(5713) Pause Young (Allocation Failure) 8M->4M(15M) 0.294ms
[152.300s][info][gc] GC(5714) Pause Young (Allocation Failure) 8M->4M(15M) 0.352ms
[152.310s][info][gc] GC(5715) Pause Young (Allocation Failure) 8M->4M(15M) 0.314ms
[152.315s][info][gc] GC(5716) Pause Young (Allocation Failure) 8M->4M(15M) 0.355ms
[152.320s][info][gc] GC(5717) Pause Young (Allocation Failure) 8M->4M(15M) 0.337ms
[152.325s][info][gc] GC(5718) Pause Young (Allocation Failure) 8M->4M(15M) 0.279ms
[152.336s][info][gc] GC(5719) Pause Young (Allocation Failure) 8M->4M(15M) 0.356ms
[152.349s][info][gc] GC(5720) Pause Young (Allocation Failure) 8M->4M(15M) 0.301ms
[152.357s][info][gc] GC(5721) Pause Young (Allocation Failure) 8M->4M(15M) 0.353ms
[152.364s][info][gc] GC(5722) Pause Young (Allocation Failure) 8M->4M(15M) 0.339ms
[152.379s][info][gc] GC(5723) Pause Young (Allocation Failure) 8M->4M(15M) 0.296ms
[152.386s][info][gc] GC(5724) Pause Young (Allocation Failure) 8M->4M(15M) 0.358ms
[152.394s][info][gc] GC(5725) Pause Young (Allocation Failure) 8M->4M(15M) 0.345ms
[152.428s][info][gc] GC(5726) Pause Young (Allocation Failure) 8M->4M(15M) 0.354ms
[152.437s][info][gc] GC(5727) Pause Young (Allocation Failure) 8M->4M(15M) 0.374ms
[152.448s][info][gc] GC(5728) Pause Young (Allocation Failure) 8M->4M(15M) 0.359ms
[152.457s][info][gc] GC(5729) Pause Young (Allocation Failure) 8M->4M(15M) 0.353ms
[152.465s][info][gc] GC(5730) Pause Young (Allocation Failure) 8M->4M(15M) 0.375ms
[152.480s][info][gc] GC(5731) Pause Young (Allocation Failure) 8M->4M(15M) 0.309ms
[152.487s][info][gc] GC(5732) Pause Young (Allocation Failure) 8M->4M(15M) 0.348ms
[152.517s][info][gc] GC(5733) Pause Young (Allocation Failure) 8M->4M(15M) 0.340ms
[152.526s][info][gc] GC(5734) Pause Young (Allocation Failure) 8M->4M(15M) 0.255ms
[152.534s][info][gc] GC(5735) Pause Young (Allocation Failure) 8M->4M(15M) 0.378ms
[152.548s][info][gc] GC(5736) Pause Young (Allocation Failure) 8M->4M(15M) 0.372ms
[152.598s][info][gc] GC(5737) Pause Young (Allocation Failure) 8M->4M(15M) 0.284ms
[152.609s][info][gc] GC(5738) Pause Young (Allocation Failure) 8M->4M(15M) 0.362ms
[152.616s][info][gc] GC(5739) Pause Young (Allocation Failure) 8M->4M(15M) 0.320ms
[152.628s][info][gc] GC(5740) Pause Young (Allocation Failure) 8M->4M(15M) 0.360ms
[152.646s][info][gc] GC(5741) Pause Young (Allocation Failure) 8M->4M(15M) 0.364ms
[152.655s][info][gc] GC(5742) Pause Young (Allocation Failure) 8M->4M(15M) 0.295ms
[152.664s][info][gc] GC(5743) Pause Young (Allocation Failure) 8M->4M(15M) 0.357ms
[152.676s][info][gc] GC(5744) Pause Young (Allocation Failure) 8M->4M(15M) 0.355ms
[152.683s][info][gc] GC(5745) Pause Young (Allocation Failure) 8M->4M(15M) 0.272ms
[152.691s][info][gc] GC(5746) Pause Young (Allocation Failure) 8M->4M(15M) 0.361ms
[152.710s][info][gc] GC(5747) Pause Young (Allocation Failure) 8M->4M(15M) 0.371ms
[152.719s][info][gc] GC(5748) Pause Young (Allocation Failure) 8M->4M(15M) 0.350ms
[152.727s][info][gc] GC(5749) Pause Young (Allocation Failure) 8M->4M(15M) 0.366ms
[152.735s][info][gc] GC(5750) Pause Young (Allocation Failure) 8M->4M(15M) 0.355ms
[152.746s][info][gc] GC(5751) Pause Young (Allocation Failure) 8M->4M(15M) 0.343ms
[152.753s][info][gc] GC(5752) Pause Young (Allocation Failure) 8M->4M(15M) 0.294ms
[152.760s][info][gc] GC(5753) Pause Young (Allocation Failure) 8M->4M(15M) 0.354ms
[152.797s][info][gc] GC(5754) Pause Young (Allocation Failure) 8M->4M(15M) 0.387ms
[152.807s][info][gc] GC(5755) Pause Young (Allocation Failure) 8M->4M(15M) 0.347ms
[152.816s][info][gc] GC(5756) Pause Young (Allocation Failure) 8M->4M(15M) 0.357ms
[152.827s][info][gc] GC(5757) Pause Young (Allocation Failure) 8M->4M(15M) 0.360ms
[152.837s][info][gc] GC(5758) Pause Young (Allocation Failure) 8M->4M(15M) 0.369ms
[152.848s][info][gc] GC(5759) Pause Young (Allocation Failure) 8M->4M(15M) 0.349ms
[152.855s][info][gc] GC(5760) Pause Young (Allocation Failure) 8M->4M(15M) 0.655ms
[152.860s][info][gc] GC(5761) Pause Young (Allocation Failure) 8M->4M(15M) 0.349ms
[152.916s][info][gc] GC(5762) Pause Young (Allocation Failure) 8M->4M(15M) 0.325ms
[152.924s][info][gc] GC(5763) Pause Young (Allocation Failure) 8M->4M(15M) 0.371ms
[152.934s][info][gc] GC(5764) Pause Young (Allocation Failure) 8M->4M(15M) 0.351ms
[152.945s][info][gc] GC(5765) Pause Young (Allocation Failure) 8M->4M(15M) 0.350ms
[152.957s][info][gc] GC(5766) Pause Young (Allocation Failure) 8M->4M(15M) 0.345ms
[152.965s][info][gc] GC(5767) Pause Young (Allocation Failure) 8M->4M(15M) 0.296ms
[152.981s][info][gc] GC(5768) Pause Young (Allocation Failure) 8M->4M(15M) 0.364ms
[153.018s][info][gc] GC(5769) Pause Young (Allocation Failure) 8M->4M(15M) 0.352ms
[153.026s][info][gc] GC(5770) Pause Young (Allocation Failure) 8M->4M(15M) 0.364ms
[153.033s][info][gc] GC(5771) Pause Young (Allocation Failure) 8M->4M(15M) 0.366ms
[153.044s][info][gc] GC(5772) Pause Young (Allocation Failure) 8M->4M(15M) 0.359ms
[153.052s][info][gc] GC(5773) Pause Young (Allocation Failure) 8M->4M(15M) 0.362ms
[153.059s][info][gc] GC(5774) Pause Young (Allocation Failure) 8M->4M(15M) 0.410ms
[153.066s][info][gc] GC(5775) Pause Young (Allocation Failure) 8M->4M(15M) 0.365ms
[153.077s][info][gc] GC(5776) Pause Young (Allocation Failure) 8M->4M(15M) 0.343ms
[153.085s][info][gc] GC(5777) Pause Young (Allocation Failure) 8M->4M(15M) 0.300ms
[153.092s][info][gc] GC(5778) Pause Young (Allocation Failure) 8M->4M(15M) 0.375ms
[153.100s][info][gc] GC(5779) Pause Young (Allocation Failure) 8M->4M(15M) 0.346ms
[153.110s][info][gc] GC(5780) Pause Young (Allocation Failure) 8M->4M(15M) 0.293ms
[153.117s][info][gc] GC(5781) Pause Young (Allocation Failure) 8M->4M(15M) 0.363ms
[153.124s][info][gc] GC(5782) Pause Young (Allocation Failure) 8M->4M(15M) 0.345ms
[153.159s][info][gc] GC(5783) Pause Young (Allocation Failure) 8M->4M(15M) 0.595ms
[153.187s][info][gc] GC(5784) Pause Young (Allocation Failure) 8M->4M(15M) 0.368ms
[153.226s][info][gc] GC(5785) Pause Young (Allocation Failure) 8M->4M(15M) 0.521ms
[153.244s][info][gc] GC(5786) Pause Young (Allocation Failure) 8M->4M(15M) 0.354ms
[153.252s][info][gc] GC(5787) Pause Young (Allocation Failure) 8M->4M(15M) 0.371ms
[153.297s][info][gc] GC(5788) Pause Young (Allocation Failure) 8M->4M(15M) 0.285ms
[153.315s][info][gc] GC(5789) Pause Young (Allocation Failure) 8M->4M(15M) 0.424ms
[153.361s][info][gc] GC(5790) Pause Young (Allocation Failure) 8M->4M(15M) 0.330ms
[153.386s][info][gc] GC(5791) Pause Young (Allocation Failure) 8M->4M(15M) 0.345ms
[153.395s][info][gc] GC(5792) Pause Young (Allocation Failure) 8M->4M(15M) 0.359ms
[153.402s][info][gc] GC(5793) Pause Young (Allocation Failure) 8M->4M(15M) 0.357ms
[153.414s][info][gc] GC(5794) Pause Young (Allocation Failure) 8M->4M(15M) 0.362ms
[153.423s][info][gc] GC(5795) Pause Young (Allocation Failure) 8M->4M(15M) 0.304ms
[153.430s][info][gc] GC(5796) Pause Young (Allocation Failure) 8M->4M(15M) 0.367ms
[153.446s][info][gc] GC(5797) Pause Young (Allocation Failure) 8M->4M(15M) 0.360ms
[153.453s][info][gc] GC(5798) Pause Young (Allocation Failure) 8M->4M(15M) 0.388ms
[153.461s][info][gc] GC(5799) Pause Young (Allocation Failure) 8M->4M(15M) 0.362ms
[153.469s][info][gc] GC(5800) Pause Young (Allocation Failure) 8M->4M(15M) 0.313ms
[153.482s][info][gc] GC(5801) Pause Young (Allocation Failure) 8M->4M(15M) 0.378ms
[153.487s][info][gc] GC(5802) Pause Young (Allocation Failure) 8M->4M(15M) 0.351ms
[153.492s][info][gc] GC(5803) Pause Young (Allocation Failure) 8M->4M(15M) 0.347ms
[153.496s][info][gc] GC(5804) Pause Young (Allocation Failure) 8M->4M(15M) 0.342ms
[153.513s][info][gc] GC(5805) Pause Young (Allocation Failure) 8M->4M(15M) 0.351ms
[153.520s][info][gc] GC(5806) Pause Young (Allocation Failure) 8M->4M(15M) 0.356ms
[153.529s][info][gc] GC(5807) Pause Young (Allocation Failure) 8M->4M(15M) 0.327ms
[153.536s][info][gc] GC(5808) Pause Young (Allocation Failure) 8M->4M(15M) 0.356ms
[153.547s][info][gc] GC(5809) Pause Young (Allocation Failure) 8M->4M(15M) 0.366ms
[153.555s][info][gc] GC(5810) Pause Young (Allocation Failure) 8M->4M(15M) 0.655ms
[153.690s][info][gc] GC(5811) Pause Young (Allocation Failure) 8M->4M(15M) 0.394ms
[153.718s][info][gc] GC(5812) Pause Young (Allocation Failure) 8M->4M(15M) 0.343ms
[153.730s][info][gc] GC(5813) Pause Young (Allocation Failure) 8M->4M(15M) 0.315ms
[153.741s][info][gc] GC(5814) Pause Young (Allocation Failure) 8M->4M(15M) 0.351ms
[153.778s][info][gc] GC(5815) Pause Young (Allocation Failure) 8M->4M(15M) 0.356ms
[153.793s][info][gc] GC(5816) Pause Young (Allocation Failure) 8M->4M(15M) 0.357ms
[153.806s][info][gc] GC(5817) Pause Young (Allocation Failure) 8M->4M(15M) 0.348ms
[153.815s][info][gc] GC(5818) Pause Young (Allocation Failure) 8M->4M(15M) 0.428ms
[153.860s][info][gc] GC(5819) Pause Young (Allocation Failure) 8M->4M(15M) 0.460ms
[153.870s][info][gc] GC(5820) Pause Young (Allocation Failure) 8M->4M(15M) 0.336ms
[153.878s][info][gc] GC(5821) Pause Young (Allocation Failure) 8M->4M(15M) 0.359ms
[153.885s][info][gc] GC(5822) Pause Young (Allocation Failure) 8M->4M(15M) 0.359ms
[153.894s][info][gc] GC(5823) Pause Young (Allocation Failure) 8M->4M(15M) 0.307ms
[153.901s][info][gc] GC(5824) Pause Young (Allocation Failure) 8M->4M(15M) 0.370ms
[153.912s][info][gc] GC(5825) Pause Young (Allocation Failure) 8M->4M(15M) 0.359ms
[154.182s][info][gc] GC(5826) Pause Young (Allocation Failure) 8M->4M(15M) 0.354ms
[154.192s][info][gc] GC(5827) Pause Young (Allocation Failure) 8M->4M(15M) 0.383ms
[154.243s][info][gc] GC(5828) Pause Young (Allocation Failure) 8M->4M(15M) 0.374ms
[154.299s][info][gc] GC(5829) Pause Young (Allocation Failure) 8M->4M(15M) 0.362ms
[154.313s][info][gc] GC(5830) Pause Young (Allocation Failure) 8M->4M(15M) 0.352ms
[154.326s][info][gc] GC(5831) Pause Young (Allocation Failure) 8M->4M(15M) 0.332ms
[154.341s][info][gc] GC(5832) Pause Young (Allocation Failure) 8M->4M(15M) 0.357ms
[154.756s][info][gc] GC(5833) Pause Young (Allocation Failure) 8M->4M(15M) 0.334ms
[154.770s][info][gc] GC(5834) Pause Young (Allocation Failure) 8M->4M(15M) 0.285ms
[154.778s][info][gc] GC(5835) Pause Young (Allocation Failure) 8M->4M(15M) 0.359ms
[154.815s][info][gc] GC(5836) Pause Young (Allocation Failure) 8M->4M(15M) 0.414ms
[154.924s][info][gc] GC(5837) Pause Young (Allocation Failure) 8M->4M(15M) 0.384ms
[154.943s][info][gc] GC(5838) Pause Young (Allocation Failure) 8M->4M(15M) 0.419ms
[154.952s][info][gc] GC(5839) Pause Young (Allocation Failure) 8M->4M(15M) 0.284ms
[155.330s][info][gc] GC(5840) Pause Young (Allocation Failure) 8M->4M(15M) 0.345ms
[155.341s][info][gc] GC(5841) Pause Young (Allocation Failure) 8M->4M(15M) 0.363ms
[155.352s][info][gc] GC(5842) Pause Young (Allocation Failure) 8M->4M(15M) 0.348ms
[155.362s][info][gc] GC(5843) Pause Young (Allocation Failure) 8M->4M(15M) 0.398ms
[155.373s][info][gc] GC(5844) Pause Young (Allocation Failure) 8M->4M(15M) 0.319ms
[155.380s][info][gc] GC(5845) Pause Young (Allocation Failure) 8M->4M(15M) 0.289ms
[155.388s][info][gc] GC(5846) Pause Young (Allocation Failure) 8M->4M(15M) 0.614ms
[155.511s][info][gc] GC(5847) Pause Young (Allocation Failure) 8M->4M(15M) 0.306ms
[155.518s][info][gc] GC(5848) Pause Young (Allocation Failure) 8M->4M(15M) 0.371ms
[155.626s][info][gc] GC(5849) Pause Young (Allocation Failure) 8M->4M(15M) 0.372ms
[155.644s][info][gc] GC(5850) Pause Young (Allocation Failure) 8M->4M(15M) 0.296ms
[155.656s][info][gc] GC(5851) Pause Young (Allocation Failure) 8M->4M(15M) 0.372ms
[155.663s][info][gc] GC(5852) Pause Young (Allocation Failure) 8M->4M(15M) 0.344ms
[155.672s][info][gc] GC(5853) Pause Young (Allocation Failure) 8M->4M(15M) 0.364ms
[155.827s][info][gc] GC(5854) Pause Young (Allocation Failure) 8M->4M(15M) 0.360ms
[155.859s][info][gc] GC(5855) Pause Young (Allocation Failure) 8M->4M(15M) 0.684ms
[155.893s][info][gc] GC(5856) Pause Young (Allocation Failure) 8M->4M(15M) 0.363ms
[155.910s][info][gc] GC(5857) Pause Young (Allocation Failure) 8M->4M(15M) 0.362ms
[155.925s][info][gc] GC(5858) Pause Young (Allocation Failure) 8M->4M(15M) 0.364ms
[155.938s][info][gc] GC(5859) Pause Young (Allocation Failure) 8M->4M(15M) 0.342ms
[155.999s][info][gc] GC(5860) Pause Young (Allocation Failure) 8M->4M(15M) 0.342ms
[156.030s][info][gc] GC(5861) Pause Young (Allocation Failure) 8M->4M(15M) 0.368ms
[156.070s][info][gc] GC(5862) Pause Young (Allocation Failure) 8M->4M(15M) 0.377ms
[156.090s][info][gc] GC(5863) Pause Young (Allocation Failure) 8M->4M(15M) 0.272ms
[156.103s][info][gc] GC(5864) Pause Young (Allocation Failure) 8M->4M(15M) 0.468ms
[156.123s][info][gc] GC(5865) Pause Young (Allocation Failure) 8M->4M(15M) 0.325ms
[156.138s][info][gc] GC(5866) Pause Young (Allocation Failure) 8M->4M(15M) 0.587ms
[156.184s][info][gc] GC(5867) Pause Young (Allocation Failure) 8M->4M(15M) 0.362ms
[156.194s][info][gc] GC(5868) Pause Young (Allocation Failure) 8M->4M(15M) 0.317ms
[156.200s][info][gc] GC(5869) Pause Young (Allocation Failure) 8M->4M(15M) 0.343ms
[156.209s][info][gc] GC(5870) Pause Young (Allocation Failure) 8M->4M(15M) 0.402ms
[156.215s][info][gc] GC(5871) Pause Young (Allocation Failure) 8M->4M(15M) 0.354ms
[156.230s][info][gc] GC(5872) Pause Young (Allocation Failure) 8M->4M(15M) 0.366ms
[156.238s][info][gc] GC(5873) Pause Young (Allocation Failure) 8M->4M(15M) 0.326ms
[156.262s][info][gc] GC(5874) Pause Young (Allocation Failure) 8M->4M(15M) 0.367ms
[156.273s][info][gc] GC(5875) Pause Young (Allocation Failure) 8M->4M(15M) 0.357ms
[156.283s][info][gc] GC(5876) Pause Young (Allocation Failure) 8M->4M(15M) 0.356ms
[156.294s][info][gc] GC(5877) Pause Young (Allocation Failure) 8M->4M(15M) 0.355ms
[156.313s][info][gc] GC(5878) Pause Young (Allocation Failure) 8M->4M(15M) 0.306ms
[156.332s][info][gc] GC(5879) Pause Young (Allocation Failure) 8M->4M(15M) 0.529ms
[156.342s][info][gc] GC(5880) Pause Young (Allocation Failure) 8M->4M(15M) 0.349ms
[156.390s][info][gc] GC(5881) Pause Young (Allocation Failure) 8M->4M(15M) 0.490ms
[156.418s][info][gc] GC(5882) Pause Young (Allocation Failure) 8M->4M(15M) 0.359ms
[156.437s][info][gc] GC(5883) Pause Young (Allocation Failure) 8M->4M(15M) 0.688ms
[156.449s][info][gc] GC(5884) Pause Young (Allocation Failure) 8M->4M(15M) 0.368ms
[156.463s][info][gc] GC(5885) Pause Young (Allocation Failure) 8M->4M(15M) 0.339ms
[156.476s][info][gc] GC(5886) Pause Young (Allocation Failure) 8M->4M(15M) 0.279ms
[156.481s][info][gc] GC(5887) Pause Young (Allocation Failure) 8M->4M(15M) 0.377ms
[156.486s][info][gc] GC(5888) Pause Young (Allocation Failure) 8M->4M(15M) 0.354ms
[156.669s][info][gc] GC(5889) Pause Young (Allocation Failure) 8M->4M(15M) 0.373ms
[156.679s][info][gc] GC(5890) Pause Young (Allocation Failure) 8M->4M(15M) 0.455ms
[157.367s][info][gc] GC(5891) Pause Young (Allocation Failure) 8M->4M(15M) 0.408ms
[157.378s][info][gc] GC(5892) Pause Young (Allocation Failure) 8M->4M(15M) 0.345ms
[157.385s][info][gc] GC(5893) Pause Young (Allocation Failure) 8M->4M(15M) 0.336ms
[157.392s][info][gc] GC(5894) Pause Young (Allocation Failure) 8M->4M(15M) 0.275ms
[157.397s][info][gc] GC(5895) Pause Young (Allocation Failure) 8M->4M(15M) 0.399ms
[157.412s][info][gc] GC(5896) Pause Young (Allocation Failure) 8M->4M(15M) 0.496ms
[157.648s][info][gc] GC(5897) Pause Young (Allocation Failure) 8M->4M(15M) 0.364ms
[157.657s][info][gc] GC(5898) Pause Young (Allocation Failure) 8M->4M(15M) 0.307ms
[157.665s][info][gc] GC(5899) Pause Young (Allocation Failure) 8M->4M(15M) 0.360ms
[157.676s][info][gc] GC(5900) Pause Young (Allocation Failure) 8M->4M(15M) 0.351ms
[157.682s][info][gc] GC(5901) Pause Young (Allocation Failure) 8M->4M(15M) 0.366ms
[157.700s][info][gc] GC(5902) Pause Young (Allocation Failure) 8M->4M(15M) 0.444ms
[157.734s][info][gc] GC(5903) Pause Young (Allocation Failure) 8M->4M(15M) 0.294ms
[157.743s][info][gc] GC(5904) Pause Young (Allocation Failure) 8M->4M(15M) 0.437ms
[157.759s][info][gc] GC(5905) Pause Young (Allocation Failure) 8M->4M(15M) 0.440ms
[157.785s][info][gc] GC(5906) Pause Young (Allocation Failure) 8M->4M(15M) 0.295ms
[157.808s][info][gc] GC(5907) Pause Young (Allocation Failure) 8M->4M(15M) 0.368ms
[157.824s][info][gc] GC(5908) Pause Young (Allocation Failure) 8M->4M(15M) 0.441ms
[157.836s][info][gc] GC(5909) Pause Young (Allocation Failure) 8M->4M(15M) 0.372ms
[157.875s][info][gc] GC(5910) Pause Young (Allocation Failure) 8M->4M(15M) 0.293ms
[157.890s][info][gc] GC(5911) Pause Young (Allocation Failure) 8M->4M(15M) 0.353ms
[157.901s][info][gc] GC(5912) Pause Young (Allocation Failure) 8M->4M(15M) 0.347ms
[157.911s][info][gc] GC(5913) Pause Young (Allocation Failure) 8M->4M(15M) 0.369ms
[157.924s][info][gc] GC(5914) Pause Young (Allocation Failure) 8M->4M(15M) 1.065ms
[157.942s][info][gc] GC(5915) Pause Young (Allocation Failure) 8M->4M(15M) 0.372ms
[157.952s][info][gc] GC(5916) Pause Young (Allocation Failure) 8M->4M(15M) 0.351ms
[158.225s][info][gc] GC(5917) Pause Young (Allocation Failure) 8M->4M(15M) 0.294ms
[158.233s][info][gc] GC(5918) Pause Young (Allocation Failure) 8M->4M(15M) 0.381ms
[158.241s][info][gc] GC(5919) Pause Young (Allocation Failure) 8M->4M(15M) 0.376ms
[158.248s][info][gc] GC(5920) Pause Young (Allocation Failure) 8M->4M(15M) 0.306ms
[158.256s][info][gc] GC(5921) Pause Young (Allocation Failure) 8M->4M(15M) 0.354ms
[158.263s][info][gc] GC(5922) Pause Young (Allocation Failure) 8M->4M(15M) 0.303ms
[158.271s][info][gc] GC(5923) Pause Young (Allocation Failure) 8M->4M(15M) 0.351ms
[158.282s][info][gc] GC(5924) Pause Young (Allocation Failure) 8M->4M(15M) 0.367ms
[158.289s][info][gc] GC(5925) Pause Young (Allocation Failure) 8M->4M(15M) 0.305ms
[158.297s][info][gc] GC(5926) Pause Young (Allocation Failure) 8M->4M(15M) 0.365ms
[158.305s][info][gc] GC(5927) Pause Young (Allocation Failure) 8M->4M(15M) 0.354ms
[158.313s][info][gc] GC(5928) Pause Young (Allocation Failure) 8M->4M(15M) 0.344ms
[158.330s][info][gc] GC(5929) Pause Young (Allocation Failure) 8M->4M(15M) 0.432ms
[158.343s][info][gc] GC(5930) Pause Young (Allocation Failure) 8M->4M(15M) 0.351ms
[158.358s][info][gc] GC(5931) Pause Young (Allocation Failure) 8M->4M(15M) 0.332ms
[158.365s][info][gc] GC(5932) Pause Young (Allocation Failure) 8M->4M(15M) 0.357ms
[158.376s][info][gc] GC(5933) Pause Young (Allocation Failure) 8M->4M(15M) 0.341ms
[158.386s][info][gc] GC(5934) Pause Young (Allocation Failure) 8M->4M(15M) 0.321ms
[158.399s][info][gc] GC(5935) Pause Young (Allocation Failure) 8M->4M(15M) 0.379ms
[158.409s][info][gc] GC(5936) Pause Young (Allocation Failure) 8M->4M(15M) 0.384ms
[158.415s][info][gc] GC(5937) Pause Young (Allocation Failure) 8M->4M(15M) 0.363ms
[158.479s][info][gc] GC(5938) Pause Young (Allocation Failure) 8M->4M(15M) 0.527ms
[158.515s][info][gc] GC(5939) Pause Young (Allocation Failure) 8M->4M(15M) 0.339ms
[158.583s][info][gc] GC(5940) Pause Young (Allocation Failure) 8M->4M(15M) 0.351ms
[158.599s][info][gc] GC(5941) Pause Young (Allocation Failure) 9M->4M(15M) 0.345ms
[158.719s][info][gc] GC(5942) Pause Young (Allocation Failure) 8M->4M(15M) 0.400ms
[158.729s][info][gc] GC(5943) Pause Young (Allocation Failure) 9M->4M(15M) 0.356ms
[158.736s][info][gc] GC(5944) Pause Young (Allocation Failure) 9M->4M(15M) 0.362ms
[158.754s][info][gc] GC(5945) Pause Young (Allocation Failure) 9M->4M(15M) 0.471ms
[158.761s][info][gc] GC(5946) Pause Young (Allocation Failure) 8M->4M(15M) 0.365ms
[158.769s][info][gc] GC(5947) Pause Young (Allocation Failure) 9M->4M(15M) 0.359ms
[158.776s][info][gc] GC(5948) Pause Young (Allocation Failure) 9M->4M(15M) 0.372ms
[158.784s][info][gc] GC(5949) Pause Young (Allocation Failure) 9M->4M(15M) 0.355ms
[158.792s][info][gc] GC(5950) Pause Young (Allocation Failure) 9M->4M(15M) 0.347ms
[158.799s][info][gc] GC(5951) Pause Young (Allocation Failure) 9M->4M(15M) 0.365ms
[158.812s][info][gc] GC(5952) Pause Young (Allocation Failure) 9M->4M(15M) 0.355ms
[158.819s][info][gc] GC(5953) Pause Young (Allocation Failure) 8M->4M(15M) 0.386ms
[158.828s][info][gc] GC(5954) Pause Young (Allocation Failure) 9M->4M(15M) 0.372ms
[158.835s][info][gc] GC(5955) Pause Young (Allocation Failure) 9M->4M(15M) 0.359ms
[158.842s][info][gc] GC(5956) Pause Young (Allocation Failure) 9M->4M(15M) 0.311ms
[158.850s][info][gc] GC(5957) Pause Young (Allocation Failure) 8M->4M(15M) 0.362ms
[158.858s][info][gc] GC(5958) Pause Young (Allocation Failure) 9M->4M(15M) 0.370ms
[158.865s][info][gc] GC(5959) Pause Young (Allocation Failure) 9M->4M(15M) 0.304ms
[158.937s][info][gc] GC(5960) Pause Young (Allocation Failure) 8M->4M(15M) 0.360ms
[158.945s][info][gc] GC(5961) Pause Young (Allocation Failure) 9M->4M(15M) 0.348ms
[158.959s][info][gc] GC(5962) Pause Young (Allocation Failure) 9M->4M(15M) 0.385ms
[158.967s][info][gc] GC(5963) Pause Young (Allocation Failure) 9M->4M(15M) 0.370ms
[158.980s][info][gc] GC(5964) Pause Young (Allocation Failure) 9M->4M(15M) 0.362ms
[158.988s][info][gc] GC(5965) Pause Young (Allocation Failure) 9M->4M(15M) 0.368ms
[158.996s][info][gc] GC(5966) Pause Young (Allocation Failure) 9M->4M(15M) 0.333ms
[159.023s][info][gc] GC(5967) Pause Young (Allocation Failure) 9M->4M(15M) 0.393ms
[159.034s][info][gc] GC(5968) Pause Young (Allocation Failure) 9M->4M(15M) 0.366ms
[159.041s][info][gc] GC(5969) Pause Young (Allocation Failure) 9M->4M(15M) 0.287ms
[159.049s][info][gc] GC(5970) Pause Young (Allocation Failure) 8M->4M(15M) 0.379ms
[159.060s][info][gc] GC(5971) Pause Young (Allocation Failure) 9M->4M(15M) 0.334ms
[159.067s][info][gc] GC(5972) Pause Young (Allocation Failure) 9M->4M(15M) 0.281ms
[159.075s][info][gc] GC(5973) Pause Young (Allocation Failure) 8M->4M(15M) 0.372ms
[159.085s][info][gc] GC(5974) Pause Young (Allocation Failure) 9M->4M(15M) 0.316ms
[159.097s][info][gc] GC(5975) Pause Young (Allocation Failure) 9M->4M(15M) 0.365ms
[159.114s][info][gc] GC(5976) Pause Young (Allocation Failure) 9M->4M(15M) 0.354ms
[159.123s][info][gc] GC(5977) Pause Young (Allocation Failure) 9M->4M(15M) 0.282ms
[159.132s][info][gc] GC(5978) Pause Young (Allocation Failure) 8M->4M(15M) 0.366ms
[159.144s][info][gc] GC(5979) Pause Young (Allocation Failure) 9M->4M(15M) 0.342ms
[159.156s][info][gc] GC(5980) Pause Young (Allocation Failure) 9M->4M(15M) 0.358ms
[159.181s][info][gc] GC(5981) Pause Young (Allocation Failure) 9M->4M(15M) 0.361ms
[159.190s][info][gc] GC(5982) Pause Young (Allocation Failure) 9M->4M(15M) 0.371ms
[159.197s][info][gc] GC(5983) Pause Young (Allocation Failure) 9M->4M(15M) 0.338ms
[159.207s][info][gc] GC(5984) Pause Young (Allocation Failure) 9M->4M(15M) 0.377ms
[159.216s][info][gc] GC(5985) Pause Young (Allocation Failure) 9M->4M(15M) 0.346ms
[159.226s][info][gc] GC(5986) Pause Young (Allocation Failure) 9M->4M(15M) 0.345ms
[159.233s][info][gc] GC(5987) Pause Young (Allocation Failure) 9M->4M(15M) 0.290ms
[159.794s][info][gc] GC(5988) Pause Young (Allocation Failure) 8M->4M(15M) 0.373ms
[159.802s][info][gc] GC(5989) Pause Young (Allocation Failure) 9M->4M(15M) 0.302ms
[159.817s][info][gc] GC(5990) Pause Young (Allocation Failure) 9M->4M(15M) 0.414ms
[159.825s][info][gc] GC(5991) Pause Young (Allocation Failure) 9M->4M(15M) 0.319ms
[159.834s][info][gc] GC(5992) Pause Young (Allocation Failure) 9M->4M(15M) 0.364ms
[159.845s][info][gc] GC(5993) Pause Young (Allocation Failure) 9M->4M(15M) 0.354ms
[159.898s][info][gc] GC(5994) Pause Young (Allocation Failure) 9M->4M(15M) 0.305ms
[159.995s][info][gc] GC(5995) Pause Young (Allocation Failure) 9M->4M(15M) 0.357ms
[160.002s][info][gc] GC(5996) Pause Young (Allocation Failure) 9M->4M(15M) 0.363ms
[160.012s][info][gc] GC(5997) Pause Young (Allocation Failure) 9M->4M(15M) 0.287ms
[160.041s][info][gc] GC(5998) Pause Young (Allocation Failure) 9M->4M(15M) 0.373ms
[160.062s][info][gc] GC(5999) Pause Young (Allocation Failure) 9M->4M(15M) 0.351ms
[160.513s][info][gc] GC(6000) Pause Young (Allocation Failure) 9M->4M(15M) 0.367ms
[160.655s][info][gc] GC(6001) Pause Young (Allocation Failure) 9M->4M(15M) 0.355ms
[160.818s][info][gc] GC(6002) Pause Young (Allocation Failure) 9M->4M(15M) 0.304ms
[160.835s][info][gc] GC(6003) Pause Young (Allocation Failure) 9M->4M(15M) 0.361ms
[160.846s][info][gc] GC(6004) Pause Young (Allocation Failure) 9M->4M(15M) 0.328ms
[160.856s][info][gc] GC(6005) Pause Young (Allocation Failure) 9M->4M(15M) 0.361ms
[160.866s][info][gc] GC(6006) Pause Young (Allocation Failure) 9M->4M(15M) 0.346ms
[160.875s][info][gc] GC(6007) Pause Young (Allocation Failure) 9M->4M(15M) 0.351ms
[160.884s][info][gc] GC(6008) Pause Young (Allocation Failure) 9M->4M(15M) 0.315ms
[160.960s][info][gc] GC(6009) Pause Young (Allocation Failure) 9M->4M(15M) 0.345ms
[160.968s][info][gc] GC(6010) Pause Young (Allocation Failure) 9M->4M(15M) 0.348ms
[160.983s][info][gc] GC(6011) Pause Young (Allocation Failure) 9M->4M(15M) 0.373ms
[160.999s][info][gc] GC(6012) Pause Young (Allocation Failure) 9M->4M(15M) 0.358ms
[161.007s][info][gc] GC(6013) Pause Young (Allocation Failure) 9M->4M(15M) 0.347ms
[161.013s][info][gc] GC(6014) Pause Young (Allocation Failure) 9M->4M(15M) 0.356ms
[161.018s][info][gc] GC(6015) Pause Young (Allocation Failure) 9M->4M(15M) 0.341ms
[161.111s][info][gc] GC(6016) Pause Young (Allocation Failure) 9M->4M(15M) 0.271ms
[161.119s][info][gc] GC(6017) Pause Young (Allocation Failure) 9M->4M(15M) 0.375ms
[161.128s][info][gc] GC(6018) Pause Young (Allocation Failure) 9M->4M(15M) 0.354ms
[161.135s][info][gc] GC(6019) Pause Young (Allocation Failure) 9M->4M(15M) 0.333ms
[161.142s][info][gc] GC(6020) Pause Young (Allocation Failure) 9M->4M(15M) 0.367ms
[161.219s][info][gc] GC(6021) Pause Young (Allocation Failure) 9M->4M(15M) 0.380ms
[161.242s][info][gc] GC(6022) Pause Young (Allocation Failure) 9M->4M(15M) 0.361ms
[161.247s][info][gc] GC(6023) Pause Young (Allocation Failure) 9M->4M(15M) 0.363ms
[161.286s][info][gc] GC(6024) Pause Young (Allocation Failure) 9M->4M(15M) 0.292ms
[161.292s][info][gc] GC(6025) Pause Young (Allocation Failure) 9M->4M(15M) 0.452ms
[161.311s][info][gc] GC(6026) Pause Young (Allocation Failure) 9M->4M(15M) 0.360ms
[161.319s][info][gc] GC(6027) Pause Young (Allocation Failure) 9M->4M(15M) 0.374ms
[164.609s][info][gc] GC(6028) Pause Young (Allocation Failure) 9M->4M(15M) 0.359ms
[164.614s][info][gc] GC(6029) Pause Young (Allocation Failure) 9M->4M(15M) 0.362ms
[164.620s][info][gc] GC(6030) Pause Young (Allocation Failure) 9M->4M(15M) 0.355ms
[164.626s][info][gc] GC(6031) Pause Young (Allocation Failure) 9M->4M(15M) 0.358ms
[164.631s][info][gc] GC(6032) Pause Young (Allocation Failure) 9M->4M(15M) 0.294ms
[164.641s][info][gc] GC(6033) Pause Young (Allocation Failure) 9M->4M(15M) 0.445ms
[164.647s][info][gc] GC(6034) Pause Young (Allocation Failure) 9M->4M(15M) 0.371ms
[164.667s][info][gc] GC(6035) Pause Young (Allocation Failure) 9M->4M(15M) 0.317ms
[164.673s][info][gc] GC(6036) Pause Young (Allocation Failure) 9M->4M(15M) 0.449ms
[164.680s][info][gc] GC(6037) Pause Young (Allocation Failure) 9M->4M(15M) 0.311ms
[164.688s][info][gc] GC(6038) Pause Young (Allocation Failure) 9M->4M(15M) 0.350ms
[164.694s][info][gc] GC(6039) Pause Young (Allocation Failure) 9M->4M(15M) 0.439ms
[164.705s][info][gc] GC(6040) Pause Young (Allocation Failure) 9M->4M(15M) 0.362ms
[164.726s][info][gc] GC(6041) Pause Young (Allocation Failure) 9M->4M(15M) 0.353ms
[164.795s][info][gc] GC(6042) Pause Young (Allocation Failure) 9M->4M(15M) 0.347ms
[164.799s][info][gc] GC(6043) Pause Young (Allocation Failure) 9M->4M(15M) 0.321ms
[164.808s][info][gc] GC(6044) Pause Young (Allocation Failure) 9M->4M(15M) 0.355ms
[164.964s][info][gc] GC(6045) Pause Young (Allocation Failure) 9M->4M(15M) 0.299ms
[164.975s][info][gc] GC(6046) Pause Young (Allocation Failure) 9M->4M(15M) 0.361ms
[164.982s][info][gc] GC(6047) Pause Young (Allocation Failure) 9M->4M(15M) 0.335ms
[164.991s][info][gc] GC(6048) Pause Young (Allocation Failure) 9M->4M(15M) 0.348ms
[165.002s][info][gc] GC(6049) Pause Young (Allocation Failure) 9M->4M(15M) 0.336ms
[165.039s][info][gc] GC(6050) Pause Young (Allocation Failure) 9M->4M(15M) 0.271ms
[165.044s][info][gc] GC(6051) Pause Young (Allocation Failure) 9M->4M(15M) 0.361ms
[165.051s][info][gc] GC(6052) Pause Young (Allocation Failure) 9M->4M(15M) 0.284ms
[165.059s][info][gc] GC(6053) Pause Young (Allocation Failure) 9M->4M(15M) 0.354ms
[165.066s][info][gc] GC(6054) Pause Young (Allocation Failure) 9M->4M(15M) 0.346ms
[165.072s][info][gc] GC(6055) Pause Young (Allocation Failure) 9M->4M(15M) 0.351ms
[165.077s][info][gc] GC(6056) Pause Young (Allocation Failure) 9M->4M(15M) 0.356ms
[165.083s][info][gc] GC(6057) Pause Young (Allocation Failure) 9M->4M(15M) 0.455ms
[165.101s][info][gc] GC(6058) Pause Young (Allocation Failure) 9M->4M(15M) 0.361ms
[165.115s][info][gc] GC(6059) Pause Young (Allocation Failure) 9M->4M(15M) 0.346ms
[165.125s][info][gc] GC(6060) Pause Young (Allocation Failure) 9M->4M(15M) 0.299ms
[165.161s][info][gc] GC(6061) Pause Young (Allocation Failure) 9M->4M(15M) 0.364ms
[165.171s][info][gc] GC(6062) Pause Young (Allocation Failure) 9M->4M(15M) 0.281ms
[165.179s][info][gc] GC(6063) Pause Young (Allocation Failure) 9M->4M(15M) 0.370ms
[165.187s][info][gc] GC(6064) Pause Young (Allocation Failure) 9M->4M(15M) 0.353ms
[165.233s][info][gc] GC(6065) Pause Young (Allocation Failure) 9M->4M(15M) 0.266ms
[165.242s][info][gc] GC(6066) Pause Young (Allocation Failure) 9M->4M(15M) 0.338ms
[165.260s][info][gc] GC(6067) Pause Young (Allocation Failure) 9M->4M(15M) 0.296ms
[165.267s][info][gc] GC(6068) Pause Young (Allocation Failure) 9M->4M(15M) 0.381ms
[165.273s][info][gc] GC(6069) Pause Young (Allocation Failure) 9M->4M(15M) 0.363ms
[165.277s][info][gc] GC(6070) Pause Young (Allocation Failure) 9M->4M(15M) 0.308ms
[165.282s][info][gc] GC(6071) Pause Young (Allocation Failure) 9M->4M(15M) 0.354ms
[165.288s][info][gc] GC(6072) Pause Young (Allocation Failure) 9M->4M(15M) 0.357ms
[165.300s][info][gc] GC(6073) Pause Young (Allocation Failure) 9M->4M(15M) 8.036ms
[165.606s][info][gc] GC(6074) Pause Young (Allocation Failure) 9M->4M(15M) 0.347ms
[165.615s][info][gc] GC(6075) Pause Young (Allocation Failure) 9M->4M(15M) 0.354ms
[165.623s][info][gc] GC(6076) Pause Young (Allocation Failure) 9M->4M(15M) 0.293ms
[165.631s][info][gc] GC(6077) Pause Young (Allocation Failure) 9M->4M(15M) 0.339ms
[165.641s][info][gc] GC(6078) Pause Young (Allocation Failure) 9M->4M(15M) 0.349ms
[165.648s][info][gc] GC(6079) Pause Young (Allocation Failure) 9M->4M(15M) 0.357ms
[165.670s][info][gc] GC(6080) Pause Young (Allocation Failure) 9M->4M(15M) 0.355ms
[165.678s][info][gc] GC(6081) Pause Young (Allocation Failure) 9M->4M(15M) 0.291ms
[165.684s][info][gc] GC(6082) Pause Young (Allocation Failure) 9M->4M(15M) 0.346ms
[165.690s][info][gc] GC(6083) Pause Young (Allocation Failure) 9M->4M(15M) 0.349ms
[165.694s][info][gc] GC(6084) Pause Young (Allocation Failure) 9M->4M(15M) 0.314ms
[165.699s][info][gc] GC(6085) Pause Young (Allocation Failure) 9M->4M(15M) 0.350ms
[165.705s][info][gc] GC(6086) Pause Young (Allocation Failure) 9M->4M(15M) 0.373ms
[165.712s][info][gc] GC(6087) Pause Young (Allocation Failure) 9M->4M(15M) 0.355ms
[165.725s][info][gc] GC(6088) Pause Young (Allocation Failure) 9M->4M(15M) 0.332ms
[165.732s][info][gc] GC(6089) Pause Young (Allocation Failure) 9M->4M(15M) 0.357ms
[165.741s][info][gc] GC(6090) Pause Young (Allocation Failure) 9M->4M(15M) 0.342ms
[165.749s][info][gc] GC(6091) Pause Young (Allocation Failure) 9M->4M(15M) 0.417ms
[165.758s][info][gc] GC(6092) Pause Young (Allocation Failure) 9M->4M(15M) 0.341ms
[165.765s][info][gc] GC(6093) Pause Young (Allocation Failure) 9M->4M(15M) 0.331ms
[165.773s][info][gc] GC(6094) Pause Young (Allocation Failure) 9M->4M(15M) 0.285ms
[166.035s][info][gc] GC(6095) Pause Young (Allocation Failure) 9M->4M(15M) 0.383ms
[166.048s][info][gc] GC(6096) Pause Young (Allocation Failure) 9M->4M(15M) 0.347ms
[166.060s][info][gc] GC(6097) Pause Young (Allocation Failure) 9M->4M(15M) 0.351ms
[166.068s][info][gc] GC(6098) Pause Young (Allocation Failure) 9M->4M(15M) 0.336ms
[166.079s][info][gc] GC(6099) Pause Young (Allocation Failure) 9M->4M(15M) 0.356ms
[166.105s][info][gc] GC(6100) Pause Young (Allocation Failure) 9M->4M(15M) 0.343ms
[166.114s][info][gc] GC(6101) Pause Young (Allocation Failure) 9M->4M(15M) 0.296ms
[166.125s][info][gc] GC(6102) Pause Young (Allocation Failure) 9M->4M(15M) 0.365ms
[166.138s][info][gc] GC(6103) Pause Young (Allocation Failure) 9M->4M(15M) 0.346ms
[166.143s][info][gc] GC(6104) Pause Young (Allocation Failure) 9M->4M(15M) 0.291ms
[166.149s][info][gc] GC(6105) Pause Young (Allocation Failure) 9M->4M(15M) 0.348ms
[166.155s][info][gc] GC(6106) Pause Young (Allocation Failure) 9M->4M(15M) 0.326ms
[166.162s][info][gc] GC(6107) Pause Young (Allocation Failure) 9M->4M(15M) 0.367ms
[166.166s][info][gc] GC(6108) Pause Young (Allocation Failure) 9M->4M(15M) 0.353ms
[166.173s][info][gc] GC(6109) Pause Young (Allocation Failure) 9M->4M(15M) 0.366ms
[166.177s][info][gc] GC(6110) Pause Young (Allocation Failure) 9M->4M(15M) 0.360ms
[166.182s][info][gc] GC(6111) Pause Young (Allocation Failure) 9M->4M(15M) 0.289ms
[166.188s][info][gc] GC(6112) Pause Young (Allocation Failure) 9M->4M(15M) 0.349ms
[166.192s][info][gc] GC(6113) Pause Young (Allocation Failure) 9M->4M(15M) 0.354ms
[166.199s][info][gc] GC(6114) Pause Young (Allocation Failure) 9M->4M(15M) 0.279ms
[166.205s][info][gc] GC(6115) Pause Young (Allocation Failure) 9M->4M(15M) 0.357ms
[166.213s][info][gc] GC(6116) Pause Young (Allocation Failure) 9M->4M(15M) 0.316ms
[166.219s][info][gc] GC(6117) Pause Young (Allocation Failure) 9M->4M(15M) 0.361ms
[166.224s][info][gc] GC(6118) Pause Young (Allocation Failure) 9M->4M(15M) 0.358ms
[166.230s][info][gc] GC(6119) Pause Young (Allocation Failure) 9M->4M(15M) 0.351ms
[166.235s][info][gc] GC(6120) Pause Young (Allocation Failure) 9M->4M(15M) 0.297ms
[166.242s][info][gc] GC(6121) Pause Young (Allocation Failure) 9M->4M(15M) 0.400ms
[166.268s][info][gc] GC(6122) Pause Young (Allocation Failure) 9M->4M(15M) 0.379ms
[166.283s][info][gc] GC(6123) Pause Young (Allocation Failure) 9M->4M(15M) 0.369ms
[166.297s][info][gc] GC(6124) Pause Young (Allocation Failure) 9M->4M(15M) 0.358ms
[166.376s][info][gc] GC(6125) Pause Young (Allocation Failure) 9M->4M(15M) 0.322ms
[166.967s][info][gc] GC(6126) Pause Young (Allocation Failure) 9M->4M(15M) 0.358ms
[166.979s][info][gc] GC(6127) Pause Young (Allocation Failure) 9M->4M(15M) 0.380ms
[166.996s][info][gc] GC(6128) Pause Young (Allocation Failure) 9M->4M(15M) 0.474ms
[167.011s][info][gc] GC(6129) Pause Young (Allocation Failure) 9M->4M(15M) 0.372ms
[167.016s][info][gc] GC(6130) Pause Young (Allocation Failure) 9M->4M(15M) 0.359ms
[167.022s][info][gc] GC(6131) Pause Young (Allocation Failure) 9M->4M(15M) 0.345ms
[167.094s][info][gc] GC(6132) Pause Young (Allocation Failure) 9M->4M(15M) 0.353ms
[167.102s][info][gc] GC(6133) Pause Young (Allocation Failure) 9M->4M(15M) 0.459ms
[167.112s][info][gc] GC(6134) Pause Young (Allocation Failure) 9M->4M(15M) 0.312ms
[167.118s][info][gc] GC(6135) Pause Young (Allocation Failure) 9M->4M(15M) 0.362ms
[167.128s][info][gc] GC(6136) Pause Young (Allocation Failure) 9M->4M(15M) 0.365ms
[167.135s][info][gc] GC(6137) Pause Young (Allocation Failure) 9M->4M(15M) 0.366ms
[167.146s][info][gc] GC(6138) Pause Young (Allocation Failure) 9M->4M(15M) 0.352ms
[167.194s][info][gc] GC(6139) Pause Young (Allocation Failure) 9M->4M(15M) 0.291ms
[167.199s][info][gc] GC(6140) Pause Young (Allocation Failure) 9M->4M(15M) 0.350ms
[167.220s][info][gc] GC(6141) Pause Young (Allocation Failure) 9M->4M(15M) 0.338ms
[167.230s][info][gc] GC(6142) Pause Young (Allocation Failure) 9M->4M(15M) 0.343ms
[167.239s][info][gc] GC(6143) Pause Young (Allocation Failure) 9M->4M(15M) 0.357ms
[167.248s][info][gc] GC(6144) Pause Young (Allocation Failure) 9M->4M(15M) 0.358ms
[167.258s][info][gc] GC(6145) Pause Young (Allocation Failure) 9M->4M(15M) 0.343ms
[167.268s][info][gc] GC(6146) Pause Young (Allocation Failure) 9M->4M(15M) 0.316ms
[167.274s][info][gc] GC(6147) Pause Young (Allocation Failure) 9M->4M(15M) 0.355ms
[167.279s][info][gc] GC(6148) Pause Young (Allocation Failure) 9M->4M(15M) 0.307ms
[167.284s][info][gc] GC(6149) Pause Young (Allocation Failure) 9M->4M(15M) 0.353ms
[167.295s][info][gc] GC(6150) Pause Young (Allocation Failure) 9M->4M(15M) 0.357ms
[167.300s][info][gc] GC(6151) Pause Young (Allocation Failure) 9M->4M(15M) 0.386ms
[167.307s][info][gc] GC(6152) Pause Young (Allocation Failure) 9M->4M(15M) 0.363ms
[167.311s][info][gc] GC(6153) Pause Young (Allocation Failure) 9M->4M(15M) 0.359ms
[167.372s][info][gc] GC(6154) Pause Young (Allocation Failure) 9M->4M(15M) 0.288ms
[167.378s][info][gc] GC(6155) Pause Young (Allocation Failure) 9M->4M(15M) 0.398ms
[167.383s][info][gc] GC(6156) Pause Young (Allocation Failure) 9M->4M(15M) 0.296ms
[167.388s][info][gc] GC(6157) Pause Young (Allocation Failure) 9M->4M(15M) 0.355ms
[167.394s][info][gc] GC(6158) Pause Young (Allocation Failure) 9M->4M(15M) 0.369ms
[167.403s][info][gc] GC(6159) Pause Young (Allocation Failure) 9M->4M(15M) 0.516ms
[167.410s][info][gc] GC(6160) Pause Young (Allocation Failure) 9M->4M(15M) 0.368ms
[167.416s][info][gc] GC(6161) Pause Young (Allocation Failure) 9M->4M(15M) 0.365ms
[167.447s][info][gc] GC(6162) Pause Young (Allocation Failure) 9M->4M(15M) 0.426ms
[167.459s][info][gc] GC(6163) Pause Young (Allocation Failure) 9M->4M(15M) 0.362ms
[167.479s][info][gc] GC(6164) Pause Young (Allocation Failure) 9M->4M(15M) 0.281ms
[167.489s][info][gc] GC(6165) Pause Young (Allocation Failure) 9M->4M(15M) 0.349ms
[167.496s][info][gc] GC(6166) Pause Young (Allocation Failure) 9M->5M(15M) 0.377ms
[167.507s][info][gc] GC(6167) Pause Young (Allocation Failure) 9M->4M(15M) 0.286ms
[167.528s][info][gc] GC(6168) Pause Young (Allocation Failure) 9M->4M(15M) 0.360ms
[167.539s][info][gc] GC(6169) Pause Young (Allocation Failure) 9M->4M(15M) 0.329ms
[167.546s][info][gc] GC(6170) Pause Young (Allocation Failure) 9M->4M(15M) 0.379ms
[167.565s][info][gc] GC(6171) Pause Young (Allocation Failure) 9M->4M(15M) 0.365ms
[167.575s][info][gc] GC(6172) Pause Young (Allocation Failure) 9M->4M(15M) 0.272ms
[167.597s][info][gc] GC(6173) Pause Young (Allocation Failure) 9M->5M(15M) 0.351ms
[167.626s][info][gc] GC(6174) Pause Young (Allocation Failure) 9M->4M(15M) 0.371ms
[167.663s][info][gc] GC(6175) Pause Young (Allocation Failure) 9M->4M(15M) 0.369ms
[167.681s][info][gc] GC(6176) Pause Young (Allocation Failure) 9M->5M(15M) 0.376ms
[167.691s][info][gc] GC(6177) Pause Young (Allocation Failure) 9M->4M(15M) 0.347ms
[167.706s][info][gc] GC(6178) Pause Young (Allocation Failure) 9M->4M(15M) 0.354ms
[167.714s][info][gc] GC(6179) Pause Young (Allocation Failure) 9M->4M(15M) 0.296ms
[167.721s][info][gc] GC(6180) Pause Young (Allocation Failure) 9M->5M(15M) 0.358ms
[167.733s][info][gc] GC(6181) Pause Young (Allocation Failure) 9M->5M(15M) 0.352ms
[167.742s][info][gc] GC(6182) Pause Young (Allocation Failure) 9M->5M(15M) 0.360ms
[167.762s][info][gc] GC(6183) Pause Young (Allocation Failure) 9M->5M(15M) 0.352ms
[167.766s][info][gc] GC(6184) Pause Young (Allocation Failure) 9M->4M(15M) 0.306ms
[167.773s][info][gc] GC(6185) Pause Young (Allocation Failure) 9M->5M(15M) 0.358ms
[167.778s][info][gc] GC(6186) Pause Young (Allocation Failure) 9M->4M(15M) 0.321ms
[167.782s][info][gc] GC(6187) Pause Young (Allocation Failure) 9M->5M(15M) 0.352ms
[167.788s][info][gc] GC(6188) Pause Young (Allocation Failure) 9M->5M(15M) 0.370ms
[167.795s][info][gc] GC(6189) Pause Young (Allocation Failure) 9M->5M(15M) 0.370ms
[167.811s][info][gc] GC(6190) Pause Young (Allocation Failure) 9M->4M(15M) 0.314ms
[167.827s][info][gc] GC(6191) Pause Young (Allocation Failure) 9M->5M(15M) 0.379ms
[167.840s][info][gc] GC(6192) Pause Young (Allocation Failure) 9M->5M(15M) 0.345ms
[167.850s][info][gc] GC(6193) Pause Young (Allocation Failure) 9M->5M(15M) 0.358ms
[167.863s][info][gc] GC(6194) Pause Young (Allocation Failure) 9M->5M(15M) 0.355ms
[167.885s][info][gc] GC(6195) Pause Young (Allocation Failure) 9M->5M(15M) 0.353ms
[167.911s][info][gc] GC(6196) Pause Young (Allocation Failure) 9M->5M(15M) 0.453ms
[167.925s][info][gc] GC(6197) Pause Young (Allocation Failure) 9M->5M(15M) 0.357ms
[167.934s][info][gc] GC(6198) Pause Young (Allocation Failure) 9M->5M(15M) 0.327ms
[167.942s][info][gc] GC(6199) Pause Young (Allocation Failure) 9M->5M(15M) 0.349ms
[167.947s][info][gc] GC(6200) Pause Young (Allocation Failure) 9M->5M(15M) 0.349ms
[167.953s][info][gc] GC(6201) Pause Young (Allocation Failure) 9M->5M(15M) 0.528ms
[167.961s][info][gc] GC(6202) Pause Young (Allocation Failure) 9M->5M(15M) 0.336ms
[167.966s][info][gc] GC(6203) Pause Young (Allocation Failure) 9M->5M(15M) 0.358ms
[167.972s][info][gc] GC(6204) Pause Young (Allocation Failure) 9M->5M(15M) 0.357ms
[167.978s][info][gc] GC(6205) Pause Young (Allocation Failure) 9M->5M(15M) 0.382ms
[167.984s][info][gc] GC(6206) Pause Young (Allocation Failure) 9M->5M(15M) 0.363ms
[167.994s][info][gc] GC(6207) Pause Young (Allocation Failure) 9M->5M(15M) 0.379ms
[168.002s][info][gc] GC(6208) Pause Young (Allocation Failure) 9M->5M(15M) 0.543ms
[168.010s][info][gc] GC(6209) Pause Young (Allocation Failure) 9M->5M(15M) 0.360ms
[168.024s][info][gc] GC(6210) Pause Young (Allocation Failure) 9M->5M(15M) 0.357ms
[168.032s][info][gc] GC(6211) Pause Young (Allocation Failure) 9M->5M(15M) 0.356ms
[168.039s][info][gc] GC(6212) Pause Young (Allocation Failure) 9M->4M(15M) 0.275ms
[168.043s][info][gc] GC(6213) Pause Young (Allocation Failure) 9M->5M(15M) 0.345ms
[168.051s][info][gc] GC(6214) Pause Young (Allocation Failure) 9M->5M(15M) 0.307ms
[168.059s][info][gc] GC(6215) Pause Young (Allocation Failure) 9M->5M(15M) 0.368ms
[168.069s][info][gc] GC(6216) Pause Young (Allocation Failure) 9M->5M(15M) 0.440ms
[168.077s][info][gc] GC(6217) Pause Young (Allocation Failure) 9M->5M(15M) 0.307ms
[168.083s][info][gc] GC(6218) Pause Young (Allocation Failure) 9M->5M(15M) 0.364ms
[168.102s][info][gc] GC(6219) Pause Young (Allocation Failure) 9M->5M(15M) 0.503ms
[168.122s][info][gc] GC(6220) Pause Young (Allocation Failure) 9M->5M(15M) 0.356ms
[168.129s][info][gc] GC(6221) Pause Young (Allocation Failure) 9M->5M(15M) 0.358ms
[168.140s][info][gc] GC(6222) Pause Young (Allocation Failure) 9M->5M(15M) 0.369ms
[168.147s][info][gc] GC(6223) Pause Young (Allocation Failure) 9M->5M(15M) 0.352ms
[168.156s][info][gc] GC(6224) Pause Young (Allocation Failure) 9M->5M(15M) 0.304ms
[168.182s][info][gc] GC(6225) Pause Young (Allocation Failure) 9M->5M(15M) 0.355ms
[168.190s][info][gc] GC(6226) Pause Young (Allocation Failure) 9M->5M(15M) 0.436ms
[168.194s][info][gc] GC(6227) Pause Young (Allocation Failure) 9M->5M(15M) 0.345ms
[168.199s][info][gc] GC(6228) Pause Young (Allocation Failure) 9M->5M(15M) 0.339ms
[168.208s][info][gc] GC(6229) Pause Young (Allocation Failure) 9M->5M(15M) 0.337ms
[168.213s][info][gc] GC(6230) Pause Young (Allocation Failure) 9M->5M(15M) 0.346ms
[168.218s][info][gc] GC(6231) Pause Young (Allocation Failure) 9M->5M(15M) 0.350ms
[168.224s][info][gc] GC(6232) Pause Young (Allocation Failure) 9M->5M(15M) 0.369ms
[168.230s][info][gc] GC(6233) Pause Young (Allocation Failure) 9M->5M(15M) 0.339ms
[168.239s][info][gc] GC(6234) Pause Young (Allocation Failure) 9M->5M(15M) 0.316ms
[168.246s][info][gc] GC(6235) Pause Young (Allocation Failure) 9M->5M(15M) 0.361ms
[168.255s][info][gc] GC(6236) Pause Young (Allocation Failure) 9M->5M(15M) 0.358ms
[168.261s][info][gc] GC(6237) Pause Young (Allocation Failure) 9M->5M(15M) 0.273ms
[168.267s][info][gc] GC(6238) Pause Young (Allocation Failure) 9M->5M(15M) 0.366ms
[168.284s][info][gc] GC(6239) Pause Young (Allocation Failure) 9M->5M(15M) 1.148ms
[168.298s][info][gc] GC(6240) Pause Young (Allocation Failure) 9M->5M(15M) 0.272ms
[168.311s][info][gc] GC(6241) Pause Young (Allocation Failure) 9M->5M(15M) 0.467ms
[168.333s][info][gc] GC(6242) Pause Young (Allocation Failure) 9M->5M(15M) 0.400ms
[168.345s][info][gc] GC(6243) Pause Young (Allocation Failure) 9M->5M(15M) 0.365ms
[168.352s][info][gc] GC(6244) Pause Young (Allocation Failure) 9M->5M(15M) 0.361ms
[168.361s][info][gc] GC(6245) Pause Young (Allocation Failure) 9M->5M(15M) 0.283ms
[168.375s][info][gc] GC(6246) Pause Young (Allocation Failure) 9M->5M(15M) 0.471ms
[168.394s][info][gc] GC(6247) Pause Young (Allocation Failure) 9M->5M(15M) 0.329ms
[168.401s][info][gc] GC(6248) Pause Young (Allocation Failure) 9M->5M(15M) 0.422ms
[168.413s][info][gc] GC(6249) Pause Young (Allocation Failure) 9M->5M(15M) 0.341ms
[168.423s][info][gc] GC(6250) Pause Young (Allocation Failure) 9M->5M(15M) 0.302ms
[168.435s][info][gc] GC(6251) Pause Young (Allocation Failure) 9M->5M(15M) 0.359ms
[168.446s][info][gc] GC(6252) Pause Young (Allocation Failure) 9M->5M(15M) 0.380ms
[168.453s][info][gc] GC(6253) Pause Young (Allocation Failure) 9M->5M(15M) 0.812ms
[168.462s][info][gc] GC(6254) Pause Young (Allocation Failure) 9M->5M(15M) 0.349ms
[168.485s][info][gc] GC(6255) Pause Young (Allocation Failure) 9M->5M(15M) 0.323ms
[168.495s][info][gc] GC(6256) Pause Young (Allocation Failure) 9M->5M(15M) 0.412ms
[168.518s][info][gc] GC(6257) Pause Young (Allocation Failure) 9M->5M(15M) 0.362ms
[168.533s][info][gc] GC(6258) Pause Young (Allocation Failure) 9M->5M(15M) 0.299ms
[168.542s][info][gc] GC(6259) Pause Young (Allocation Failure) 9M->5M(15M) 0.356ms
[168.549s][info][gc] GC(6260) Pause Young (Allocation Failure) 9M->5M(15M) 0.370ms
[168.557s][info][gc] GC(6261) Pause Young (Allocation Failure) 9M->5M(15M) 0.284ms
[168.562s][info][gc] GC(6262) Pause Young (Allocation Failure) 9M->5M(15M) 0.352ms
[168.567s][info][gc] GC(6263) Pause Young (Allocation Failure) 9M->5M(15M) 0.330ms
[168.584s][info][gc] GC(6264) Pause Young (Allocation Failure) 9M->5M(15M) 0.363ms
[168.602s][info][gc] GC(6265) Pause Young (Allocation Failure) 9M->5M(15M) 0.368ms
[168.750s][info][gc] GC(6266) Pause Young (Allocation Failure) 9M->5M(15M) 0.350ms
[168.783s][info][gc] GC(6267) Pause Young (Allocation Failure) 9M->5M(15M) 0.353ms
[168.820s][info][gc] GC(6268) Pause Young (Allocation Failure) 9M->5M(15M) 1.093ms
[168.860s][info][gc] GC(6269) Pause Young (Allocation Failure) 9M->5M(15M) 0.363ms
[169.018s][info][gc] GC(6270) Pause Young (Allocation Failure) 9M->5M(15M) 0.397ms
[169.082s][info][gc] GC(6271) Pause Young (Allocation Failure) 9M->5M(15M) 0.539ms
[169.094s][info][gc] GC(6272) Pause Young (Allocation Failure) 9M->5M(15M) 0.371ms
[169.102s][info][gc] GC(6273) Pause Young (Allocation Failure) 9M->5M(15M) 0.262ms
[169.113s][info][gc] GC(6274) Pause Young (Allocation Failure) 9M->5M(15M) 0.373ms
[169.123s][info][gc] GC(6275) Pause Young (Allocation Failure) 9M->5M(15M) 0.319ms
[169.143s][info][gc] GC(6276) Pause Young (Allocation Failure) 9M->5M(15M) 0.465ms
[169.162s][info][gc] GC(6277) Pause Young (Allocation Failure) 9M->5M(15M) 0.341ms
[169.174s][info][gc] GC(6278) Pause Young (Allocation Failure) 9M->5M(15M) 0.370ms
[169.249s][info][gc] GC(6279) Pause Young (Allocation Failure) 9M->5M(15M) 0.348ms
[169.274s][info][gc] GC(6280) Pause Young (Allocation Failure) 9M->5M(15M) 0.380ms
[169.282s][info][gc] GC(6281) Pause Young (Allocation Failure) 9M->5M(15M) 0.370ms
[169.292s][info][gc] GC(6282) Pause Young (Allocation Failure) 9M->5M(15M) 0.345ms
[169.297s][info][gc] GC(6283) Pause Young (Allocation Failure) 9M->5M(15M) 0.368ms
[169.312s][info][gc] GC(6284) Pause Young (Allocation Failure) 9M->5M(15M) 0.341ms
[169.327s][info][gc] GC(6285) Pause Young (Allocation Failure) 9M->5M(15M) 0.369ms
[169.334s][info][gc] GC(6286) Pause Young (Allocation Failure) 9M->5M(15M) 0.348ms
[169.343s][info][gc] GC(6287) Pause Young (Allocation Failure) 9M->5M(15M) 0.532ms
[169.350s][info][gc] GC(6288) Pause Young (Allocation Failure) 9M->5M(15M) 0.332ms
[169.360s][info][gc] GC(6289) Pause Young (Allocation Failure) 9M->5M(15M) 0.364ms
[169.461s][info][gc] GC(6290) Pause Young (Allocation Failure) 9M->5M(15M) 0.387ms
[169.481s][info][gc] GC(6291) Pause Young (Allocation Failure) 9M->5M(15M) 0.300ms
[169.514s][info][gc] GC(6292) Pause Young (Allocation Failure) 9M->5M(15M) 0.381ms
[169.527s][info][gc] GC(6293) Pause Young (Allocation Failure) 9M->5M(15M) 0.350ms
[169.590s][info][gc] GC(6294) Pause Young (Allocation Failure) 9M->5M(15M) 0.287ms
[169.599s][info][gc] GC(6295) Pause Young (Allocation Failure) 9M->5M(15M) 0.477ms
[169.608s][info][gc] GC(6296) Pause Young (Allocation Failure) 9M->5M(15M) 0.327ms
[169.613s][info][gc] GC(6297) Pause Young (Allocation Failure) 9M->5M(15M) 0.340ms
[169.621s][info][gc] GC(6298) Pause Young (Allocation Failure) 9M->5M(15M) 0.327ms
[169.626s][info][gc] GC(6299) Pause Young (Allocation Failure) 9M->5M(15M) 0.367ms
[169.631s][info][gc] GC(6300) Pause Young (Allocation Failure) 9M->5M(15M) 0.363ms
[169.641s][info][gc] GC(6301) Pause Young (Allocation Failure) 9M->5M(15M) 0.333ms
[169.648s][info][gc] GC(6302) Pause Young (Allocation Failure) 9M->5M(15M) 0.350ms
[169.655s][info][gc] GC(6303) Pause Young (Allocation Failure) 9M->5M(15M) 0.371ms
[169.667s][info][gc] GC(6304) Pause Young (Allocation Failure) 9M->5M(15M) 0.291ms
[169.674s][info][gc] GC(6305) Pause Young (Allocation Failure) 9M->5M(15M) 0.358ms
[169.683s][info][gc] GC(6306) Pause Young (Allocation Failure) 9M->5M(15M) 0.595ms
[169.699s][info][gc] GC(6307) Pause Young (Allocation Failure) 9M->5M(15M) 0.351ms
[169.709s][info][gc] GC(6308) Pause Young (Allocation Failure) 9M->5M(15M) 0.346ms
[169.718s][info][gc] GC(6309) Pause Young (Allocation Failure) 9M->5M(15M) 0.322ms
[169.730s][info][gc] GC(6310) Pause Young (Allocation Failure) 9M->5M(15M) 0.368ms
[169.738s][info][gc] GC(6311) Pause Young (Allocation Failure) 9M->5M(15M) 0.363ms
[169.743s][info][gc] GC(6312) Pause Young (Allocation Failure) 9M->5M(15M) 0.451ms
[169.757s][info][gc] GC(6313) Pause Young (Allocation Failure) 9M->5M(15M) 0.330ms
[169.764s][info][gc] GC(6314) Pause Young (Allocation Failure) 9M->5M(15M) 0.371ms
[169.771s][info][gc] GC(6315) Pause Young (Allocation Failure) 9M->5M(15M) 0.310ms
[169.777s][info][gc] GC(6316) Pause Young (Allocation Failure) 9M->5M(15M) 0.347ms
[169.783s][info][gc] GC(6317) Pause Young (Allocation Failure) 9M->5M(15M) 0.357ms
[169.794s][info][gc] GC(6318) Pause Young (Allocation Failure) 9M->5M(15M) 0.305ms
[169.799s][info][gc] GC(6319) Pause Young (Allocation Failure) 9M->5M(15M) 0.347ms
[169.807s][info][gc] GC(6320) Pause Young (Allocation Failure) 9M->5M(15M) 0.317ms
[169.814s][info][gc] GC(6321) Pause Young (Allocation Failure) 9M->5M(15M) 0.352ms
[169.819s][info][gc] GC(6322) Pause Young (Allocation Failure) 9M->5M(15M) 0.450ms
[169.826s][info][gc] GC(6323) Pause Young (Allocation Failure) 9M->5M(15M) 0.304ms
[169.831s][info][gc] GC(6324) Pause Young (Allocation Failure) 9M->5M(15M) 0.375ms
[169.844s][info][gc] GC(6325) Pause Young (Allocation Failure) 9M->5M(15M) 0.357ms
[169.851s][info][gc] GC(6326) Pause Young (Allocation Failure) 9M->5M(15M) 0.271ms
[169.859s][info][gc] GC(6327) Pause Young (Allocation Failure) 9M->5M(15M) 0.337ms
[169.866s][info][gc] GC(6328) Pause Young (Allocation Failure) 9M->5M(15M) 0.352ms
[169.874s][info][gc] GC(6329) Pause Young (Allocation Failure) 9M->5M(15M) 0.369ms
[169.881s][info][gc] GC(6330) Pause Young (Allocation Failure) 9M->5M(15M) 0.358ms
[169.888s][info][gc] GC(6331) Pause Young (Allocation Failure) 9M->5M(15M) 0.293ms
[169.893s][info][gc] GC(6332) Pause Young (Allocation Failure) 9M->5M(15M) 0.411ms
[169.902s][info][gc] GC(6333) Pause Young (Allocation Failure) 9M->5M(15M) 0.355ms
[169.911s][info][gc] GC(6334) Pause Young (Allocation Failure) 9M->5M(15M) 0.365ms
[169.922s][info][gc] GC(6335) Pause Young (Allocation Failure) 9M->5M(15M) 0.365ms
[169.927s][info][gc] GC(6336) Pause Young (Allocation Failure) 9M->5M(15M) 0.360ms
[169.932s][info][gc] GC(6337) Pause Young (Allocation Failure) 9M->5M(15M) 0.278ms
[169.940s][info][gc] GC(6338) Pause Young (Allocation Failure) 9M->5M(15M) 0.350ms
[169.945s][info][gc] GC(6339) Pause Young (Allocation Failure) 9M->5M(15M) 0.313ms
[169.952s][info][gc] GC(6340) Pause Young (Allocation Failure) 9M->5M(15M) 0.419ms
[169.963s][info][gc] GC(6341) Pause Young (Allocation Failure) 9M->5M(15M) 0.343ms
[169.972s][info][gc] GC(6342) Pause Young (Allocation Failure) 9M->5M(15M) 0.352ms
[169.990s][info][gc] GC(6343) Pause Young (Allocation Failure) 9M->5M(15M) 0.378ms
[169.996s][info][gc] GC(6344) Pause Young (Allocation Failure) 9M->5M(15M) 0.294ms
[170.000s][info][gc] GC(6345) Pause Young (Allocation Failure) 9M->5M(15M) 0.345ms
[170.007s][info][gc] GC(6346) Pause Young (Allocation Failure) 9M->5M(15M) 0.357ms
[170.011s][info][gc] GC(6347) Pause Young (Allocation Failure) 9M->5M(15M) 0.323ms
[170.017s][info][gc] GC(6348) Pause Young (Allocation Failure) 9M->5M(15M) 0.353ms
[170.028s][info][gc] GC(6349) Pause Young (Allocation Failure) 9M->5M(15M) 0.374ms
[170.034s][info][gc] GC(6350) Pause Young (Allocation Failure) 9M->5M(15M) 0.281ms
[170.042s][info][gc] GC(6351) Pause Young (Allocation Failure) 9M->5M(15M) 0.402ms
[170.049s][info][gc] GC(6352) Pause Young (Allocation Failure) 9M->5M(15M) 0.422ms
[170.065s][info][gc] GC(6353) Pause Young (Allocation Failure) 9M->5M(15M) 0.366ms
[170.080s][info][gc] GC(6354) Pause Young (Allocation Failure) 9M->5M(15M) 0.335ms
[170.089s][info][gc] GC(6355) Pause Young (Allocation Failure) 9M->5M(15M) 0.344ms
[170.098s][info][gc] GC(6356) Pause Young (Allocation Failure) 9M->5M(15M) 0.360ms
[170.102s][info][gc] GC(6357) Pause Young (Allocation Failure) 9M->5M(15M) 0.405ms
[170.109s][info][gc] GC(6358) Pause Young (Allocation Failure) 9M->5M(15M) 0.364ms
[170.115s][info][gc] GC(6359) Pause Young (Allocation Failure) 9M->5M(15M) 0.358ms
[170.122s][info][gc] GC(6360) Pause Young (Allocation Failure) 9M->5M(15M) 0.362ms
[170.129s][info][gc] GC(6361) Pause Young (Allocation Failure) 9M->5M(15M) 0.351ms
[170.133s][info][gc] GC(6362) Pause Young (Allocation Failure) 9M->5M(15M) 0.365ms
[170.140s][info][gc] GC(6363) Pause Young (Allocation Failure) 9M->5M(15M) 0.367ms
[170.147s][info][gc] GC(6364) Pause Young (Allocation Failure) 9M->5M(15M) 0.338ms
[170.152s][info][gc] GC(6365) Pause Young (Allocation Failure) 9M->5M(15M) 0.337ms
[170.161s][info][gc] GC(6366) Pause Young (Allocation Failure) 9M->5M(15M) 0.381ms
[170.166s][info][gc] GC(6367) Pause Young (Allocation Failure) 9M->5M(15M) 0.339ms
[170.172s][info][gc] GC(6368) Pause Young (Allocation Failure) 9M->5M(15M) 0.366ms
[170.178s][info][gc] GC(6369) Pause Young (Allocation Failure) 9M->5M(15M) 0.360ms
[170.183s][info][gc] GC(6370) Pause Young (Allocation Failure) 9M->5M(15M) 0.378ms
[170.255s][info][gc] GC(6371) Pause Young (Allocation Failure) 9M->5M(15M) 0.385ms
[170.328s][info][gc] GC(6372) Pause Young (Allocation Failure) 9M->5M(15M) 0.341ms
[170.339s][info][gc] GC(6373) Pause Young (Allocation Failure) 9M->5M(15M) 0.339ms
[170.349s][info][gc] GC(6374) Pause Young (Allocation Failure) 9M->5M(15M) 0.341ms
[170.359s][info][gc] GC(6375) Pause Young (Allocation Failure) 9M->5M(15M) 0.355ms
[170.364s][info][gc] GC(6376) Pause Young (Allocation Failure) 9M->5M(15M) 0.263ms
[170.375s][info][gc] GC(6377) Pause Young (Allocation Failure) 9M->5M(15M) 0.440ms
[170.382s][info][gc] GC(6378) Pause Young (Allocation Failure) 9M->5M(15M) 0.358ms
[170.400s][info][gc] GC(6379) Pause Young (Allocation Failure) 9M->5M(15M) 0.269ms
[170.408s][info][gc] GC(6380) Pause Young (Allocation Failure) 9M->5M(15M) 0.361ms
[170.413s][info][gc] GC(6381) Pause Young (Allocation Failure) 9M->5M(15M) 0.310ms
[170.418s][info][gc] GC(6382) Pause Young (Allocation Failure) 9M->5M(15M) 0.340ms
[170.430s][info][gc] GC(6383) Pause Young (Allocation Failure) 9M->5M(15M) 0.318ms
[170.438s][info][gc] GC(6384) Pause Young (Allocation Failure) 9M->5M(15M) 0.363ms
[170.442s][info][gc] GC(6385) Pause Young (Allocation Failure) 9M->5M(15M) 0.389ms
[170.447s][info][gc] GC(6386) Pause Young (Allocation Failure) 9M->5M(15M) 0.282ms
[170.514s][info][gc] GC(6387) Pause Young (Allocation Failure) 9M->5M(15M) 0.365ms
[170.524s][info][gc] GC(6388) Pause Young (Allocation Failure) 9M->5M(15M) 0.335ms
[170.533s][info][gc] GC(6389) Pause Young (Allocation Failure) 9M->5M(15M) 0.365ms
[170.543s][info][gc] GC(6390) Pause Young (Allocation Failure) 9M->5M(15M) 0.348ms
[170.550s][info][gc] GC(6391) Pause Young (Allocation Failure) 9M->5M(15M) 0.303ms
[170.561s][info][gc] GC(6392) Pause Young (Allocation Failure) 9M->5M(15M) 0.365ms
[170.565s][info][gc] GC(6393) Pause Young (Allocation Failure) 9M->5M(15M) 0.347ms
[170.577s][info][gc] GC(6394) Pause Young (Allocation Failure) 9M->5M(15M) 0.363ms
[170.610s][info][gc] GC(6395) Pause Young (Allocation Failure) 9M->5M(15M) 0.366ms
[170.628s][info][gc] GC(6396) Pause Young (Allocation Failure) 9M->5M(15M) 0.373ms
[170.642s][info][gc] GC(6397) Pause Young (Allocation Failure) 9M->5M(15M) 0.384ms
[170.649s][info][gc] GC(6398) Pause Young (Allocation Failure) 9M->5M(15M) 0.347ms
[170.657s][info][gc] GC(6399) Pause Young (Allocation Failure) 9M->5M(15M) 0.369ms
[170.662s][info][gc] GC(6400) Pause Young (Allocation Failure) 9M->5M(15M) 0.342ms
[170.668s][info][gc] GC(6401) Pause Young (Allocation Failure) 9M->5M(15M) 0.288ms
[170.689s][info][gc] GC(6402) Pause Young (Allocation Failure) 9M->5M(15M) 0.400ms
[170.700s][info][gc] GC(6403) Pause Young (Allocation Failure) 9M->5M(15M) 0.457ms
[170.712s][info][gc] GC(6404) Pause Young (Allocation Failure) 9M->5M(15M) 0.330ms
[170.716s][info][gc] GC(6405) Pause Young (Allocation Failure) 9M->5M(15M) 0.345ms
[170.724s][info][gc] GC(6406) Pause Young (Allocation Failure) 9M->5M(15M) 0.394ms
[170.731s][info][gc] GC(6407) Pause Young (Allocation Failure) 9M->5M(15M) 0.377ms
[170.736s][info][gc] GC(6408) Pause Young (Allocation Failure) 9M->5M(15M) 0.971ms
[170.742s][info][gc] GC(6409) Pause Young (Allocation Failure) 9M->5M(15M) 0.340ms
[170.766s][info][gc] GC(6410) Pause Young (Allocation Failure) 9M->5M(15M) 0.309ms
[170.774s][info][gc] GC(6411) Pause Young (Allocation Failure) 9M->5M(15M) 0.356ms
[170.781s][info][gc] GC(6412) Pause Young (Allocation Failure) 9M->5M(15M) 0.356ms
[170.798s][info][gc] GC(6413) Pause Young (Allocation Failure) 9M->5M(15M) 0.268ms
[170.807s][info][gc] GC(6414) Pause Young (Allocation Failure) 9M->5M(15M) 0.720ms
[170.813s][info][gc] GC(6415) Pause Young (Allocation Failure) 9M->5M(15M) 0.292ms
[170.833s][info][gc] GC(6416) Pause Young (Allocation Failure) 9M->5M(15M) 0.298ms
[170.858s][info][gc] GC(6417) Pause Young (Allocation Failure) 9M->5M(15M) 0.351ms
[170.882s][info][gc] GC(6418) Pause Young (Allocation Failure) 9M->5M(15M) 0.318ms
[170.897s][info][gc] GC(6419) Pause Young (Allocation Failure) 9M->5M(15M) 0.345ms
[170.906s][info][gc] GC(6420) Pause Young (Allocation Failure) 9M->5M(15M) 0.375ms
[170.914s][info][gc] GC(6421) Pause Young (Allocation Failure) 9M->5M(15M) 0.428ms
[170.927s][info][gc] GC(6422) Pause Young (Allocation Failure) 9M->5M(15M) 0.347ms
[170.934s][info][gc] GC(6423) Pause Young (Allocation Failure) 9M->5M(15M) 0.329ms
[170.948s][info][gc] GC(6424) Pause Young (Allocation Failure) 9M->5M(15M) 0.355ms
[170.956s][info][gc] GC(6425) Pause Young (Allocation Failure) 9M->5M(15M) 0.366ms
[170.962s][info][gc] GC(6426) Pause Young (Allocation Failure) 9M->5M(15M) 0.298ms
[170.967s][info][gc] GC(6427) Pause Young (Allocation Failure) 9M->5M(15M) 0.359ms
[170.979s][info][gc] GC(6428) Pause Young (Allocation Failure) 9M->5M(15M) 0.356ms
[170.991s][info][gc] GC(6429) Pause Young (Allocation Failure) 9M->5M(15M) 0.372ms
[170.999s][info][gc] GC(6430) Pause Young (Allocation Failure) 9M->5M(15M) 0.347ms
[171.011s][info][gc] GC(6431) Pause Young (Allocation Failure) 9M->5M(15M) 0.298ms
[171.017s][info][gc] GC(6432) Pause Young (Allocation Failure) 9M->5M(15M) 0.354ms
[171.027s][info][gc] GC(6433) Pause Young (Allocation Failure) 9M->5M(15M) 0.455ms
[171.034s][info][gc] GC(6434) Pause Young (Allocation Failure) 9M->5M(15M) 0.275ms
[171.050s][info][gc] GC(6435) Pause Young (Allocation Failure) 9M->5M(15M) 0.448ms
[171.065s][info][gc] GC(6436) Pause Young (Allocation Failure) 9M->5M(15M) 0.344ms
[171.074s][info][gc] GC(6437) Pause Young (Allocation Failure) 9M->5M(15M) 0.386ms
[171.111s][info][gc] GC(6438) Pause Young (Allocation Failure) 9M->5M(15M) 0.371ms
[171.122s][info][gc] GC(6439) Pause Young (Allocation Failure) 9M->5M(15M) 0.305ms
[171.135s][info][gc] GC(6440) Pause Young (Allocation Failure) 9M->5M(15M) 0.364ms
[171.150s][info][gc] GC(6441) Pause Young (Allocation Failure) 9M->5M(15M) 0.315ms
[171.164s][info][gc] GC(6442) Pause Young (Allocation Failure) 9M->5M(15M) 0.372ms
[171.173s][info][gc] GC(6443) Pause Young (Allocation Failure) 9M->5M(15M) 0.357ms
[171.179s][info][gc] GC(6444) Pause Young (Allocation Failure) 9M->5M(15M) 0.465ms
[171.191s][info][gc] GC(6445) Pause Young (Allocation Failure) 9M->5M(15M) 0.370ms
[171.207s][info][gc] GC(6446) Pause Young (Allocation Failure) 9M->5M(15M) 0.391ms
[171.216s][info][gc] GC(6447) Pause Young (Allocation Failure) 9M->5M(15M) 0.370ms
[171.226s][info][gc] GC(6448) Pause Young (Allocation Failure) 9M->5M(15M) 0.376ms
[171.249s][info][gc] GC(6449) Pause Young (Allocation Failure) 9M->5M(15M) 0.352ms
[171.263s][info][gc] GC(6450) Pause Young (Allocation Failure) 9M->5M(15M) 0.281ms
[171.276s][info][gc] GC(6451) Pause Young (Allocation Failure) 9M->5M(15M) 0.357ms
[171.285s][info][gc] GC(6452) Pause Young (Allocation Failure) 9M->5M(15M) 0.352ms
[171.318s][info][gc] GC(6453) Pause Young (Allocation Failure) 9M->5M(15M) 0.358ms
[171.333s][info][gc] GC(6454) Pause Young (Allocation Failure) 9M->5M(15M) 0.368ms
[171.346s][info][gc] GC(6455) Pause Young (Allocation Failure) 9M->5M(15M) 0.356ms
[171.359s][info][gc] GC(6456) Pause Young (Allocation Failure) 9M->5M(15M) 0.386ms
[171.365s][info][gc] GC(6457) Pause Young (Allocation Failure) 9M->5M(15M) 0.346ms
[171.374s][info][gc] GC(6458) Pause Young (Allocation Failure) 9M->5M(15M) 0.367ms
[171.381s][info][gc] GC(6459) Pause Young (Allocation Failure) 9M->5M(15M) 0.280ms
[171.400s][info][gc] GC(6460) Pause Young (Allocation Failure) 9M->5M(15M) 0.340ms
[171.414s][info][gc] GC(6461) Pause Young (Allocation Failure) 9M->5M(15M) 0.301ms
[171.419s][info][gc] GC(6462) Pause Young (Allocation Failure) 9M->5M(15M) 0.406ms
[171.428s][info][gc] GC(6463) Pause Young (Allocation Failure) 9M->5M(15M) 0.336ms
[171.433s][info][gc] GC(6464) Pause Young (Allocation Failure) 9M->5M(15M) 0.356ms
[171.443s][info][gc] GC(6465) Pause Young (Allocation Failure) 9M->5M(15M) 0.562ms
[171.450s][info][gc] GC(6466) Pause Young (Allocation Failure) 9M->5M(15M) 0.298ms
[171.458s][info][gc] GC(6467) Pause Young (Allocation Failure) 9M->5M(15M) 0.360ms
[171.465s][info][gc] GC(6468) Pause Young (Allocation Failure) 9M->5M(15M) 0.334ms
[171.472s][info][gc] GC(6469) Pause Young (Allocation Failure) 9M->5M(15M) 0.449ms
[171.480s][info][gc] GC(6470) Pause Young (Allocation Failure) 9M->5M(15M) 0.345ms
[171.500s][info][gc] GC(6471) Pause Young (Allocation Failure) 9M->5M(15M) 0.366ms
[171.525s][info][gc] GC(6472) Pause Young (Allocation Failure) 9M->5M(15M) 0.375ms
[171.535s][info][gc] GC(6473) Pause Young (Allocation Failure) 9M->5M(15M) 0.376ms
[171.546s][info][gc] GC(6474) Pause Young (Allocation Failure) 9M->5M(15M) 0.354ms
[171.557s][info][gc] GC(6475) Pause Young (Allocation Failure) 9M->5M(15M) 0.306ms
[171.567s][info][gc] GC(6476) Pause Young (Allocation Failure) 9M->5M(15M) 0.738ms
[171.577s][info][gc] GC(6477) Pause Young (Allocation Failure) 9M->5M(15M) 0.317ms
[171.582s][info][gc] GC(6478) Pause Young (Allocation Failure) 9M->5M(15M) 0.414ms
[171.600s][info][gc] GC(6479) Pause Young (Allocation Failure) 9M->5M(15M) 0.358ms
[171.610s][info][gc] GC(6480) Pause Young (Allocation Failure) 9M->5M(15M) 0.297ms
[171.615s][info][gc] GC(6481) Pause Young (Allocation Failure) 9M->5M(15M) 0.348ms
[171.626s][info][gc] GC(6482) Pause Young (Allocation Failure) 9M->5M(15M) 0.312ms
[171.636s][info][gc] GC(6483) Pause Young (Allocation Failure) 9M->5M(15M) 1.132ms
[171.649s][info][gc] GC(6484) Pause Young (Allocation Failure) 9M->5M(15M) 0.287ms
[171.655s][info][gc] GC(6485) Pause Young (Allocation Failure) 9M->5M(15M) 0.359ms
[171.661s][info][gc] GC(6486) Pause Young (Allocation Failure) 9M->5M(15M) 0.312ms
[171.668s][info][gc] GC(6487) Pause Young (Allocation Failure) 9M->5M(15M) 0.444ms
[171.677s][info][gc] GC(6488) Pause Young (Allocation Failure) 9M->5M(15M) 0.376ms
[171.825s][info][gc] GC(6489) Pause Young (Allocation Failure) 9M->5M(15M) 0.287ms
[171.838s][info][gc] GC(6490) Pause Young (Allocation Failure) 9M->5M(15M) 0.384ms
[171.853s][info][gc] GC(6491) Pause Young (Allocation Failure) 9M->5M(15M) 1.347ms
[171.881s][info][gc] GC(6492) Pause Young (Allocation Failure) 9M->5M(15M) 0.380ms
[171.902s][info][gc] GC(6493) Pause Young (Allocation Failure) 9M->5M(15M) 0.378ms
[171.915s][info][gc] GC(6494) Pause Young (Allocation Failure) 9M->5M(15M) 0.350ms
[171.926s][info][gc] GC(6495) Pause Young (Allocation Failure) 9M->5M(15M) 0.282ms
[171.943s][info][gc] GC(6496) Pause Young (Allocation Failure) 9M->5M(15M) 0.363ms
[171.957s][info][gc] GC(6497) Pause Young (Allocation Failure) 9M->5M(15M) 0.378ms
[171.966s][info][gc] GC(6498) Pause Young (Allocation Failure) 9M->5M(15M) 0.277ms
[171.981s][info][gc] GC(6499) Pause Young (Allocation Failure) 9M->5M(15M) 0.423ms
[172.066s][info][gc] GC(6500) Pause Young (Allocation Failure) 9M->5M(15M) 0.370ms
[172.085s][info][gc] GC(6501) Pause Young (Allocation Failure) 9M->5M(15M) 0.563ms
[172.098s][info][gc] GC(6502) Pause Young (Allocation Failure) 9M->5M(15M) 0.360ms
[172.262s][info][gc] GC(6503) Pause Young (Allocation Failure) 9M->5M(15M) 0.323ms
[172.299s][info][gc] GC(6504) Pause Young (Allocation Failure) 9M->5M(15M) 0.428ms
[172.311s][info][gc] GC(6505) Pause Young (Allocation Failure) 9M->5M(15M) 0.377ms
[172.317s][info][gc] GC(6506) Pause Young (Allocation Failure) 9M->5M(15M) 0.367ms
[172.330s][info][gc] GC(6507) Pause Young (Allocation Failure) 9M->5M(15M) 0.365ms
[172.342s][info][gc] GC(6508) Pause Young (Allocation Failure) 9M->5M(15M) 0.289ms
[172.348s][info][gc] GC(6509) Pause Young (Allocation Failure) 9M->5M(15M) 0.398ms
[172.367s][info][gc] GC(6510) Pause Young (Allocation Failure) 9M->5M(15M) 0.293ms
[172.379s][info][gc] GC(6511) Pause Young (Allocation Failure) 9M->5M(15M) 0.383ms
[172.390s][info][gc] GC(6512) Pause Young (Allocation Failure) 9M->5M(15M) 0.350ms
[172.399s][info][gc] GC(6513) Pause Young (Allocation Failure) 9M->5M(15M) 0.378ms
[172.410s][info][gc] GC(6514) Pause Young (Allocation Failure) 9M->5M(15M) 0.471ms
[172.417s][info][gc] GC(6515) Pause Young (Allocation Failure) 9M->5M(15M) 0.380ms
[172.427s][info][gc] GC(6516) Pause Young (Allocation Failure) 9M->5M(15M) 0.355ms
[172.462s][info][gc] GC(6517) Pause Young (Allocation Failure) 9M->5M(15M) 0.373ms
[172.473s][info][gc] GC(6518) Pause Young (Allocation Failure) 9M->5M(15M) 0.292ms
[172.479s][info][gc] GC(6519) Pause Young (Allocation Failure) 9M->5M(15M) 0.468ms
[172.490s][info][gc] GC(6520) Pause Young (Allocation Failure) 9M->5M(15M) 0.332ms
[172.495s][info][gc] GC(6521) Pause Young (Allocation Failure) 9M->5M(15M) 0.358ms
[172.500s][info][gc] GC(6522) Pause Young (Allocation Failure) 9M->5M(15M) 0.371ms
[172.506s][info][gc] GC(6523) Pause Young (Allocation Failure) 9M->5M(15M) 0.291ms
[172.515s][info][gc] GC(6524) Pause Young (Allocation Failure) 9M->5M(15M) 0.358ms
[172.522s][info][gc] GC(6525) Pause Young (Allocation Failure) 9M->5M(15M) 0.345ms
[172.530s][info][gc] GC(6526) Pause Young (Allocation Failure) 9M->5M(15M) 0.369ms
[172.535s][info][gc] GC(6527) Pause Young (Allocation Failure) 9M->5M(15M) 0.492ms
[172.546s][info][gc] GC(6528) Pause Young (Allocation Failure) 9M->5M(15M) 0.370ms
[172.550s][info][gc] GC(6529) Pause Young (Allocation Failure) 9M->5M(15M) 0.354ms
[172.557s][info][gc] GC(6530) Pause Young (Allocation Failure) 9M->5M(15M) 0.368ms
[172.565s][info][gc] GC(6531) Pause Young (Allocation Failure) 9M->5M(15M) 0.368ms
[172.573s][info][gc] GC(6532) Pause Young (Allocation Failure) 9M->5M(15M) 0.319ms
[172.580s][info][gc] GC(6533) Pause Young (Allocation Failure) 9M->5M(15M) 0.372ms
[172.585s][info][gc] GC(6534) Pause Young (Allocation Failure) 9M->5M(15M) 0.905ms
[172.597s][info][gc] GC(6535) Pause Young (Allocation Failure) 9M->5M(15M) 0.361ms
[172.606s][info][gc] GC(6536) Pause Young (Allocation Failure) 9M->5M(15M) 0.344ms
[172.619s][info][gc] GC(6537) Pause Young (Allocation Failure) 9M->5M(15M) 1.226ms
[172.629s][info][gc] GC(6538) Pause Young (Allocation Failure) 9M->5M(15M) 0.405ms
[172.638s][info][gc] GC(6539) Pause Young (Allocation Failure) 9M->5M(15M) 0.367ms
[172.656s][info][gc] GC(6540) Pause Young (Allocation Failure) 9M->5M(15M) 0.674ms
[172.673s][info][gc] GC(6541) Pause Young (Allocation Failure) 9M->5M(15M) 0.370ms
[172.679s][info][gc] GC(6542) Pause Young (Allocation Failure) 9M->5M(15M) 0.388ms
[172.688s][info][gc] GC(6543) Pause Young (Allocation Failure) 9M->5M(15M) 0.321ms
[172.697s][info][gc] GC(6544) Pause Young (Allocation Failure) 9M->5M(15M) 0.393ms
[172.705s][info][gc] GC(6545) Pause Young (Allocation Failure) 9M->5M(15M) 0.452ms
[172.710s][info][gc] GC(6546) Pause Young (Allocation Failure) 9M->5M(15M) 0.281ms
[172.716s][info][gc] GC(6547) Pause Young (Allocation Failure) 9M->5M(15M) 0.352ms
[172.730s][info][gc] GC(6548) Pause Young (Allocation Failure) 9M->5M(15M) 0.318ms
[172.742s][info][gc] GC(6549) Pause Young (Allocation Failure) 9M->5M(15M) 0.364ms
[172.747s][info][gc] GC(6550) Pause Young (Allocation Failure) 9M->5M(15M) 0.355ms
[172.756s][info][gc] GC(6551) Pause Young (Allocation Failure) 9M->5M(15M) 0.303ms
[172.764s][info][gc] GC(6552) Pause Young (Allocation Failure) 9M->5M(15M) 0.359ms
[172.772s][info][gc] GC(6553) Pause Young (Allocation Failure) 9M->5M(15M) 0.290ms
[172.777s][info][gc] GC(6554) Pause Young (Allocation Failure) 9M->5M(15M) 0.363ms
[172.782s][info][gc] GC(6555) Pause Young (Allocation Failure) 9M->5M(15M) 0.350ms
[172.788s][info][gc] GC(6556) Pause Young (Allocation Failure) 9M->5M(15M) 0.316ms
[172.794s][info][gc] GC(6557) Pause Young (Allocation Failure) 9M->5M(15M) 0.354ms
[172.799s][info][gc] GC(6558) Pause Young (Allocation Failure) 9M->5M(15M) 0.339ms
[172.805s][info][gc] GC(6559) Pause Young (Allocation Failure) 9M->5M(15M) 0.280ms
[172.809s][info][gc] GC(6560) Pause Young (Allocation Failure) 9M->5M(15M) 0.388ms
[172.814s][info][gc] GC(6561) Pause Young (Allocation Failure) 9M->5M(15M) 0.336ms
[172.818s][info][gc] GC(6562) Pause Young (Allocation Failure) 9M->5M(15M) 0.365ms
[172.826s][info][gc] GC(6563) Pause Young (Allocation Failure) 9M->5M(15M) 0.346ms
[172.830s][info][gc] GC(6564) Pause Young (Allocation Failure) 9M->5M(15M) 0.293ms
[172.835s][info][gc] GC(6565) Pause Young (Allocation Failure) 9M->5M(15M) 0.456ms
[172.843s][info][gc] GC(6566) Pause Young (Allocation Failure) 9M->5M(15M) 0.351ms
[172.848s][info][gc] GC(6567) Pause Young (Allocation Failure) 9M->5M(15M) 0.369ms
[172.852s][info][gc] GC(6568) Pause Young (Allocation Failure) 9M->5M(15M) 0.581ms
[172.860s][info][gc] GC(6569) Pause Young (Allocation Failure) 9M->5M(15M) 0.356ms
[172.865s][info][gc] GC(6570) Pause Young (Allocation Failure) 9M->5M(15M) 0.370ms
[172.872s][info][gc] GC(6571) Pause Young (Allocation Failure) 9M->5M(15M) 0.282ms
[172.879s][info][gc] GC(6572) Pause Young (Allocation Failure) 9M->5M(15M) 0.369ms
[172.883s][info][gc] GC(6573) Pause Young (Allocation Failure) 9M->5M(15M) 0.307ms
[172.889s][info][gc] GC(6574) Pause Young (Allocation Failure) 9M->5M(15M) 0.342ms
[172.912s][info][gc] GC(6575) Pause Young (Allocation Failure) 9M->5M(15M) 0.404ms
[172.927s][info][gc] GC(6576) Pause Young (Allocation Failure) 9M->5M(15M) 0.348ms
[173.094s][info][gc] GC(6577) Pause Young (Allocation Failure) 9M->5M(15M) 0.393ms
[173.128s][info][gc] GC(6578) Pause Young (Allocation Failure) 9M->5M(15M) 0.357ms
[173.144s][info][gc] GC(6579) Pause Young (Allocation Failure) 9M->5M(15M) 0.355ms
[173.155s][info][gc] GC(6580) Pause Young (Allocation Failure) 9M->5M(15M) 0.285ms
[173.162s][info][gc] GC(6581) Pause Young (Allocation Failure) 9M->5M(15M) 0.363ms
[173.169s][info][gc] GC(6582) Pause Young (Allocation Failure) 9M->5M(15M) 0.356ms
[173.177s][info][gc] GC(6583) Pause Young (Allocation Failure) 9M->5M(15M) 0.260ms
[173.181s][info][gc] GC(6584) Pause Young (Allocation Failure) 9M->5M(15M) 0.335ms
[173.213s][info][gc] GC(6585) Pause Young (Allocation Failure) 9M->5M(15M) 0.324ms
[173.228s][info][gc] GC(6586) Pause Young (Allocation Failure) 9M->5M(15M) 0.391ms
[173.258s][info][gc] GC(6587) Pause Young (Allocation Failure) 9M->5M(15M) 0.359ms
[173.278s][info][gc] GC(6588) Pause Young (Allocation Failure) 9M->5M(15M) 0.349ms
[173.283s][info][gc] GC(6589) Pause Young (Allocation Failure) 9M->5M(15M) 0.347ms
[173.594s][info][gc] GC(6590) Pause Young (Allocation Failure) 9M->5M(15M) 0.375ms
[173.625s][info][gc] GC(6591) Pause Young (Allocation Failure) 9M->5M(15M) 0.311ms
[173.726s][info][gc] GC(6592) Pause Young (Allocation Failure) 9M->5M(15M) 0.343ms
[173.738s][info][gc] GC(6593) Pause Young (Allocation Failure) 9M->5M(15M) 0.368ms
[173.749s][info][gc] GC(6594) Pause Young (Allocation Failure) 9M->5M(15M) 0.359ms
[173.758s][info][gc] GC(6595) Pause Young (Allocation Failure) 9M->5M(15M) 0.338ms
[173.765s][info][gc] GC(6596) Pause Young (Allocation Failure) 9M->5M(15M) 0.292ms
[173.774s][info][gc] GC(6597) Pause Young (Allocation Failure) 9M->5M(15M) 0.384ms
[173.781s][info][gc] GC(6598) Pause Young (Allocation Failure) 9M->5M(15M) 0.525ms
[173.790s][info][gc] GC(6599) Pause Young (Allocation Failure) 9M->5M(15M) 0.360ms
[173.821s][info][gc] GC(6600) Pause Young (Allocation Failure) 9M->5M(15M) 0.351ms
[173.828s][info][gc] GC(6601) Pause Young (Allocation Failure) 9M->5M(15M) 0.337ms
[173.845s][info][gc] GC(6602) Pause Young (Allocation Failure) 9M->5M(15M) 0.351ms
[173.850s][info][gc] GC(6603) Pause Young (Allocation Failure) 9M->5M(15M) 0.360ms
[173.901s][info][gc] GC(6604) Pause Young (Allocation Failure) 9M->5M(15M) 1.000ms
[173.915s][info][gc] GC(6605) Pause Young (Allocation Failure) 9M->5M(15M) 0.428ms
[173.923s][info][gc] GC(6606) Pause Young (Allocation Failure) 9M->5M(15M) 0.353ms
[173.930s][info][gc] GC(6607) Pause Young (Allocation Failure) 9M->5M(15M) 0.335ms
[173.938s][info][gc] GC(6608) Pause Young (Allocation Failure) 9M->5M(15M) 0.384ms
[173.949s][info][gc] GC(6609) Pause Young (Allocation Failure) 9M->5M(15M) 0.419ms
[173.966s][info][gc] GC(6610) Pause Young (Allocation Failure) 9M->5M(15M) 0.365ms
[173.983s][info][gc] GC(6611) Pause Young (Allocation Failure) 9M->5M(15M) 0.354ms
[174.000s][info][gc] GC(6612) Pause Young (Allocation Failure) 9M->5M(15M) 0.342ms
[174.017s][info][gc] GC(6613) Pause Young (Allocation Failure) 9M->5M(15M) 0.358ms
[174.034s][info][gc] GC(6614) Pause Young (Allocation Failure) 9M->5M(15M) 0.352ms
[174.164s][info][gc] GC(6615) Pause Young (Allocation Failure) 9M->5M(15M) 0.292ms
[174.174s][info][gc] GC(6616) Pause Young (Allocation Failure) 9M->5M(15M) 0.364ms
[174.182s][info][gc] GC(6617) Pause Young (Allocation Failure) 9M->5M(15M) 0.365ms
[174.198s][info][gc] GC(6618) Pause Young (Allocation Failure) 9M->5M(15M) 0.382ms
[174.208s][info][gc] GC(6619) Pause Young (Allocation Failure) 9M->5M(15M) 0.346ms
[174.216s][info][gc] GC(6620) Pause Young (Allocation Failure) 9M->5M(15M) 0.360ms
[174.234s][info][gc] GC(6621) Pause Young (Allocation Failure) 9M->5M(15M) 0.361ms
[174.244s][info][gc] GC(6622) Pause Young (Allocation Failure) 9M->5M(15M) 0.319ms
[174.285s][info][gc] GC(6623) Pause Young (Allocation Failure) 9M->5M(15M) 0.365ms
[174.293s][info][gc] GC(6624) Pause Young (Allocation Failure) 9M->5M(15M) 0.331ms
[174.301s][info][gc] GC(6625) Pause Young (Allocation Failure) 9M->5M(15M) 0.351ms
[174.309s][info][gc] GC(6626) Pause Young (Allocation Failure) 9M->5M(15M) 0.341ms
[174.317s][info][gc] GC(6627) Pause Young (Allocation Failure) 9M->5M(15M) 0.385ms
[174.342s][info][gc] GC(6628) Pause Young (Allocation Failure) 9M->5M(15M) 0.363ms
[174.350s][info][gc] GC(6629) Pause Young (Allocation Failure) 9M->5M(15M) 0.309ms
[174.372s][info][gc] GC(6630) Pause Young (Allocation Failure) 9M->5M(15M) 0.346ms
[174.382s][info][gc] GC(6631) Pause Young (Allocation Failure) 9M->5M(15M) 0.377ms
[174.409s][info][gc] GC(6632) Pause Young (Allocation Failure) 9M->5M(15M) 0.385ms
[174.434s][info][gc] GC(6633) Pause Young (Allocation Failure) 9M->5M(15M) 0.349ms
[174.447s][info][gc] GC(6634) Pause Young (Allocation Failure) 9M->5M(15M) 0.331ms
[174.458s][info][gc] GC(6635) Pause Young (Allocation Failure) 9M->5M(15M) 0.355ms
[174.474s][info][gc] GC(6636) Pause Young (Allocation Failure) 9M->5M(15M) 0.366ms
[174.511s][info][gc] GC(6637) Pause Young (Allocation Failure) 9M->5M(15M) 0.294ms
[174.516s][info][gc] GC(6638) Pause Young (Allocation Failure) 9M->5M(15M) 0.373ms
[174.522s][info][gc] GC(6639) Pause Young (Allocation Failure) 9M->5M(15M) 0.367ms
[174.527s][info][gc] GC(6640) Pause Young (Allocation Failure) 9M->5M(15M) 0.375ms
[174.532s][info][gc] GC(6641) Pause Young (Allocation Failure) 9M->5M(15M) 0.415ms
[174.540s][info][gc] GC(6642) Pause Young (Allocation Failure) 9M->5M(15M) 0.359ms
[174.563s][info][gc] GC(6643) Pause Young (Allocation Failure) 9M->5M(15M) 0.492ms
[174.572s][info][gc] GC(6644) Pause Young (Allocation Failure) 9M->5M(15M) 0.575ms
[174.578s][info][gc] GC(6645) Pause Young (Allocation Failure) 9M->5M(15M) 0.287ms
[174.584s][info][gc] GC(6646) Pause Young (Allocation Failure) 9M->5M(15M) 0.362ms
[174.594s][info][gc] GC(6647) Pause Young (Allocation Failure) 9M->5M(15M) 0.310ms
[174.599s][info][gc] GC(6648) Pause Young (Allocation Failure) 9M->5M(15M) 0.364ms
[174.607s][info][gc] GC(6649) Pause Young (Allocation Failure) 9M->5M(15M) 0.388ms
[174.617s][info][gc] GC(6650) Pause Young (Allocation Failure) 9M->5M(15M) 0.393ms
[174.644s][info][gc] GC(6651) Pause Young (Allocation Failure) 9M->5M(15M) 0.379ms
[174.649s][info][gc] GC(6652) Pause Young (Allocation Failure) 9M->5M(15M) 0.360ms
[174.662s][info][gc] GC(6653) Pause Young (Allocation Failure) 9M->5M(15M) 0.285ms
[174.671s][info][gc] GC(6654) Pause Young (Allocation Failure) 9M->5M(15M) 0.567ms
[174.681s][info][gc] GC(6655) Pause Young (Allocation Failure) 9M->5M(15M) 0.347ms
[174.693s][info][gc] GC(6656) Pause Young (Allocation Failure) 9M->5M(15M) 0.376ms
[174.698s][info][gc] GC(6657) Pause Young (Allocation Failure) 9M->5M(15M) 0.356ms
[174.708s][info][gc] GC(6658) Pause Young (Allocation Failure) 9M->5M(15M) 0.414ms
[174.713s][info][gc] GC(6659) Pause Young (Allocation Failure) 9M->5M(15M) 0.281ms
[174.723s][info][gc] GC(6660) Pause Young (Allocation Failure) 9M->5M(15M) 0.388ms
[174.731s][info][gc] GC(6661) Pause Young (Allocation Failure) 9M->5M(15M) 0.402ms
[174.740s][info][gc] GC(6662) Pause Young (Allocation Failure) 9M->5M(15M) 0.643ms
[174.746s][info][gc] GC(6663) Pause Young (Allocation Failure) 9M->5M(15M) 0.349ms
[174.754s][info][gc] GC(6664) Pause Young (Allocation Failure) 9M->5M(15M) 0.372ms
[174.767s][info][gc] GC(6665) Pause Young (Allocation Failure) 9M->5M(15M) 0.526ms
[174.775s][info][gc] GC(6666) Pause Young (Allocation Failure) 9M->5M(15M) 0.570ms
[174.781s][info][gc] GC(6667) Pause Young (Allocation Failure) 9M->5M(15M) 0.387ms
[174.788s][info][gc] GC(6668) Pause Young (Allocation Failure) 9M->5M(15M) 0.368ms
[174.794s][info][gc] GC(6669) Pause Young (Allocation Failure) 9M->5M(15M) 0.318ms
[174.799s][info][gc] GC(6670) Pause Young (Allocation Failure) 9M->5M(15M) 0.372ms
[174.805s][info][gc] GC(6671) Pause Young (Allocation Failure) 9M->5M(15M) 0.355ms
[174.809s][info][gc] GC(6672) Pause Young (Allocation Failure) 9M->5M(15M) 0.280ms
[174.814s][info][gc] GC(6673) Pause Young (Allocation Failure) 9M->5M(15M) 0.366ms
[174.821s][info][gc] GC(6674) Pause Young (Allocation Failure) 9M->5M(15M) 0.359ms
[174.827s][info][gc] GC(6675) Pause Young (Allocation Failure) 9M->5M(15M) 0.353ms
[174.831s][info][gc] GC(6676) Pause Young (Allocation Failure) 9M->5M(15M) 0.357ms
[174.838s][info][gc] GC(6677) Pause Young (Allocation Failure) 9M->5M(15M) 0.358ms
[174.844s][info][gc] GC(6678) Pause Young (Allocation Failure) 9M->5M(15M) 0.362ms
[174.849s][info][gc] GC(6679) Pause Young (Allocation Failure) 9M->5M(15M) 0.377ms
[174.855s][info][gc] GC(6680) Pause Young (Allocation Failure) 10M->5M(15M) 0.358ms
[174.860s][info][gc] GC(6681) Pause Young (Allocation Failure) 10M->5M(15M) 0.357ms
[174.865s][info][gc] GC(6682) Pause Young (Allocation Failure) 9M->5M(15M) 0.348ms
[174.871s][info][gc] GC(6683) Pause Young (Allocation Failure) 9M->5M(15M) 0.369ms
[174.877s][info][gc] GC(6684) Pause Young (Allocation Failure) 10M->5M(15M) 0.345ms
[174.882s][info][gc] GC(6685) Pause Young (Allocation Failure) 9M->5M(15M) 0.312ms
[174.888s][info][gc] GC(6686) Pause Young (Allocation Failure) 9M->5M(15M) 0.361ms
[174.892s][info][gc] GC(6687) Pause Young (Allocation Failure) 10M->5M(15M) 0.352ms
[174.897s][info][gc] GC(6688) Pause Young (Allocation Failure) 9M->5M(15M) 0.361ms
[174.901s][info][gc] GC(6689) Pause Young (Allocation Failure) 9M->5M(15M) 0.352ms
[174.915s][info][gc] GC(6690) Pause Young (Allocation Failure) 10M->5M(15M) 0.453ms
[174.930s][info][gc] GC(6691) Pause Young (Allocation Failure) 9M->5M(15M) 0.276ms
[174.946s][info][gc] GC(6692) Pause Young (Allocation Failure) 9M->5M(15M) 0.362ms
[174.954s][info][gc] GC(6693) Pause Young (Allocation Failure) 10M->5M(15M) 0.363ms
[174.961s][info][gc] GC(6694) Pause Young (Allocation Failure) 10M->5M(15M) 0.314ms
[174.967s][info][gc] GC(6695) Pause Young (Allocation Failure) 9M->5M(15M) 0.352ms
[174.978s][info][gc] GC(6696) Pause Young (Allocation Failure) 10M->5M(15M) 0.358ms
[174.982s][info][gc] GC(6697) Pause Young (Allocation Failure) 10M->5M(15M) 0.344ms
[174.999s][info][gc] GC(6698) Pause Young (Allocation Failure) 10M->5M(15M) 0.355ms
[175.006s][info][gc] GC(6699) Pause Young (Allocation Failure) 10M->5M(15M) 0.275ms
[175.011s][info][gc] GC(6700) Pause Young (Allocation Failure) 9M->5M(15M) 0.345ms
[175.015s][info][gc] GC(6701) Pause Young (Allocation Failure) 10M->5M(15M) 0.327ms
[175.022s][info][gc] GC(6702) Pause Young (Allocation Failure) 10M->5M(15M) 0.298ms
[175.028s][info][gc] GC(6703) Pause Young (Allocation Failure) 9M->5M(15M) 0.354ms
[175.034s][info][gc] GC(6704) Pause Young (Allocation Failure) 10M->5M(15M) 0.375ms
[175.043s][info][gc] GC(6705) Pause Young (Allocation Failure) 10M->5M(15M) 0.324ms
[175.049s][info][gc] GC(6706) Pause Young (Allocation Failure) 10M->5M(15M) 0.387ms
[175.066s][info][gc] GC(6707) Pause Young (Allocation Failure) 10M->5M(15M) 0.355ms
[175.077s][info][gc] GC(6708) Pause Young (Allocation Failure) 10M->5M(15M) 0.287ms
[175.082s][info][gc] GC(6709) Pause Young (Allocation Failure) 9M->5M(15M) 0.355ms
[175.096s][info][gc] GC(6710) Pause Young (Allocation Failure) 10M->5M(15M) 0.356ms
[175.114s][info][gc] GC(6711) Pause Young (Allocation Failure) 10M->5M(15M) 0.297ms
[175.121s][info][gc] GC(6712) Pause Young (Allocation Failure) 9M->5M(15M) 0.368ms
[175.127s][info][gc] GC(6713) Pause Young (Allocation Failure) 10M->5M(15M) 0.334ms
[175.132s][info][gc] GC(6714) Pause Young (Allocation Failure) 10M->5M(15M) 0.338ms
[175.139s][info][gc] GC(6715) Pause Young (Allocation Failure) 10M->5M(15M) 0.355ms
[175.144s][info][gc] GC(6716) Pause Young (Allocation Failure) 10M->5M(15M) 0.334ms
[175.148s][info][gc] GC(6717) Pause Young (Allocation Failure) 10M->5M(15M) 0.277ms
[175.154s][info][gc] GC(6718) Pause Young (Allocation Failure) 9M->5M(15M) 0.349ms
[175.158s][info][gc] GC(6719) Pause Young (Allocation Failure) 10M->5M(15M) 0.372ms
[175.163s][info][gc] GC(6720) Pause Young (Allocation Failure) 10M->5M(15M) 0.338ms
[175.167s][info][gc] GC(6721) Pause Young (Allocation Failure) 10M->5M(15M) 0.314ms
[175.175s][info][gc] GC(6722) Pause Young (Allocation Failure) 10M->5M(15M) 0.335ms
[175.182s][info][gc] GC(6723) Pause Young (Allocation Failure) 10M->5M(15M) 0.354ms
[175.230s][info][gc] GC(6724) Pause Young (Allocation Failure) 10M->5M(15M) 0.366ms
[175.250s][info][gc] GC(6725) Pause Young (Allocation Failure) 10M->5M(15M) 0.291ms
[175.258s][info][gc] GC(6726) Pause Young (Allocation Failure) 9M->5M(15M) 0.343ms
[175.266s][info][gc] GC(6727) Pause Young (Allocation Failure) 10M->5M(15M) 0.295ms
[175.281s][info][gc] GC(6728) Pause Young (Allocation Failure) 10M->5M(15M) 0.357ms
[175.297s][info][gc] GC(6729) Pause Young (Allocation Failure) 10M->5M(15M) 0.351ms
[175.322s][info][gc] GC(6730) Pause Young (Allocation Failure) 10M->5M(15M) 0.341ms
[175.334s][info][gc] GC(6731) Pause Young (Allocation Failure) 10M->5M(15M) 0.363ms
[175.348s][info][gc] GC(6732) Pause Young (Allocation Failure) 10M->5M(15M) 0.315ms
[175.355s][info][gc] GC(6733) Pause Young (Allocation Failure) 10M->5M(15M) 0.374ms
[175.361s][info][gc] GC(6734) Pause Young (Allocation Failure) 10M->5M(15M) 0.309ms
[175.366s][info][gc] GC(6735) Pause Young (Allocation Failure) 10M->5M(15M) 0.342ms
[175.377s][info][gc] GC(6736) Pause Young (Allocation Failure) 10M->5M(15M) 0.355ms
[175.383s][info][gc] GC(6737) Pause Young (Allocation Failure) 10M->5M(15M) 0.323ms
[175.390s][info][gc] GC(6738) Pause Young (Allocation Failure) 10M->5M(15M) 0.381ms
[175.395s][info][gc] GC(6739) Pause Young (Allocation Failure) 10M->5M(15M) 0.336ms
[175.399s][info][gc] GC(6740) Pause Young (Allocation Failure) 10M->5M(15M) 0.366ms
[175.407s][info][gc] GC(6741) Pause Young (Allocation Failure) 10M->5M(15M) 0.446ms
[175.418s][info][gc] GC(6742) Pause Young (Allocation Failure) 10M->5M(15M) 0.355ms
[175.425s][info][gc] GC(6743) Pause Young (Allocation Failure) 10M->5M(15M) 0.299ms
[175.429s][info][gc] GC(6744) Pause Young (Allocation Failure) 10M->5M(15M) 0.336ms
[175.433s][info][gc] GC(6745) Pause Young (Allocation Failure) 10M->5M(15M) 0.330ms
[175.441s][info][gc] GC(6746) Pause Young (Allocation Failure) 10M->5M(15M) 0.351ms
[175.446s][info][gc] GC(6747) Pause Young (Allocation Failure) 10M->5M(15M) 0.360ms
[175.451s][info][gc] GC(6748) Pause Young (Allocation Failure) 10M->5M(15M) 0.438ms
[175.461s][info][gc] GC(6749) Pause Young (Allocation Failure) 10M->5M(15M) 0.315ms
[175.478s][info][gc] GC(6750) Pause Young (Allocation Failure) 10M->5M(15M) 0.364ms
[175.493s][info][gc] GC(6751) Pause Young (Allocation Failure) 10M->5M(15M) 0.357ms
[175.497s][info][gc] GC(6752) Pause Young (Allocation Failure) 10M->5M(15M) 0.356ms
[175.511s][info][gc] GC(6753) Pause Young (Allocation Failure) 10M->5M(15M) 0.568ms
[175.522s][info][gc] GC(6754) Pause Young (Allocation Failure) 10M->5M(15M) 0.435ms
[175.526s][info][gc] GC(6755) Pause Young (Allocation Failure) 10M->5M(15M) 0.316ms
[175.530s][info][gc] GC(6756) Pause Young (Allocation Failure) 10M->5M(15M) 0.332ms
[175.536s][info][gc] GC(6757) Pause Young (Allocation Failure) 10M->5M(15M) 0.376ms
[175.543s][info][gc] GC(6758) Pause Young (Allocation Failure) 10M->5M(15M) 0.335ms
[175.547s][info][gc] GC(6759) Pause Young (Allocation Failure) 10M->5M(15M) 0.341ms
[175.551s][info][gc] GC(6760) Pause Young (Allocation Failure) 10M->5M(15M) 0.258ms
[175.565s][info][gc] GC(6761) Pause Young (Allocation Failure) 10M->5M(15M) 0.345ms
[175.573s][info][gc] GC(6762) Pause Young (Allocation Failure) 10M->5M(15M) 0.366ms
[175.581s][info][gc] GC(6763) Pause Young (Allocation Failure) 10M->5M(15M) 0.349ms
[175.599s][info][gc] GC(6764) Pause Young (Allocation Failure) 10M->5M(15M) 0.331ms
[175.610s][info][gc] GC(6765) Pause Young (Allocation Failure) 10M->5M(15M) 0.365ms
[175.617s][info][gc] GC(6766) Pause Young (Allocation Failure) 10M->5M(15M) 0.447ms
[175.627s][info][gc] GC(6767) Pause Young (Allocation Failure) 10M->5M(15M) 0.311ms
[175.632s][info][gc] GC(6768) Pause Young (Allocation Failure) 10M->5M(15M) 0.342ms
[175.645s][info][gc] GC(6769) Pause Young (Allocation Failure) 10M->5M(15M) 1.015ms
[175.676s][info][gc] GC(6770) Pause Young (Allocation Failure) 10M->5M(15M) 0.490ms
[175.691s][info][gc] GC(6771) Pause Young (Allocation Failure) 10M->5M(15M) 0.333ms
[175.695s][info][gc] GC(6772) Pause Young (Allocation Failure) 10M->5M(15M) 0.331ms
[175.701s][info][gc] GC(6773) Pause Young (Allocation Failure) 10M->5M(15M) 0.336ms
[175.716s][info][gc] GC(6774) Pause Young (Allocation Failure) 10M->5M(15M) 0.314ms
[175.733s][info][gc] GC(6775) Pause Young (Allocation Failure) 10M->5M(15M) 0.365ms
[175.766s][info][gc] GC(6776) Pause Young (Allocation Failure) 10M->5M(15M) 0.533ms
[175.913s][info][gc] GC(6777) Pause Young (Allocation Failure) 10M->5M(15M) 0.356ms
[175.925s][info][gc] GC(6778) Pause Young (Allocation Failure) 10M->5M(15M) 0.392ms
[175.947s][info][gc] GC(6779) Pause Young (Allocation Failure) 10M->5M(15M) 0.322ms
[175.978s][info][gc] GC(6780) Pause Young (Allocation Failure) 10M->5M(15M) 0.356ms
[175.992s][info][gc] GC(6781) Pause Young (Allocation Failure) 10M->5M(15M) 0.371ms
[176.016s][info][gc] GC(6782) Pause Young (Allocation Failure) 10M->5M(15M) 0.367ms
[176.024s][info][gc] GC(6783) Pause Young (Allocation Failure) 10M->5M(15M) 0.361ms
[176.088s][info][gc] GC(6784) Pause Young (Allocation Failure) 10M->5M(15M) 0.405ms
[176.099s][info][gc] GC(6785) Pause Young (Allocation Failure) 10M->5M(15M) 0.379ms
[176.108s][info][gc] GC(6786) Pause Young (Allocation Failure) 10M->5M(15M) 0.364ms
[176.227s][info][gc] GC(6787) Pause Young (Allocation Failure) 10M->5M(15M) 0.373ms
[176.248s][info][gc] GC(6788) Pause Young (Allocation Failure) 10M->5M(15M) 0.380ms
[176.267s][info][gc] GC(6789) Pause Young (Allocation Failure) 10M->5M(15M) 0.402ms
[176.280s][info][gc] GC(6790) Pause Young (Allocation Failure) 10M->5M(15M) 0.310ms
[176.299s][info][gc] GC(6791) Pause Young (Allocation Failure) 10M->5M(15M) 0.361ms
[176.315s][info][gc] GC(6792) Pause Young (Allocation Failure) 10M->5M(15M) 0.400ms
[176.330s][info][gc] GC(6793) Pause Young (Allocation Failure) 10M->5M(15M) 0.369ms
[176.337s][info][gc] GC(6794) Pause Young (Allocation Failure) 10M->5M(15M) 0.388ms
[176.398s][info][gc] GC(6795) Pause Young (Allocation Failure) 10M->5M(15M) 0.352ms
[176.408s][info][gc] GC(6796) Pause Young (Allocation Failure) 10M->5M(15M) 0.339ms
[176.429s][info][gc] GC(6797) Pause Young (Allocation Failure) 10M->5M(15M) 0.414ms
[176.443s][info][gc] GC(6798) Pause Young (Allocation Failure) 10M->5M(15M) 0.358ms
[176.448s][info][gc] GC(6799) Pause Young (Allocation Failure) 10M->5M(15M) 0.352ms
[176.461s][info][gc] GC(6800) Pause Young (Allocation Failure) 10M->5M(15M) 0.581ms
[176.479s][info][gc] GC(6801) Pause Young (Allocation Failure) 10M->5M(15M) 0.312ms
[176.539s][info][gc] GC(6802) Pause Young (Allocation Failure) 10M->5M(15M) 0.847ms
[176.682s][info][gc] GC(6803) Pause Young (Allocation Failure) 10M->5M(15M) 0.391ms
[176.727s][info][gc] GC(6804) Pause Young (Allocation Failure) 10M->5M(15M) 0.378ms
[176.798s][info][gc] GC(6805) Pause Young (Allocation Failure) 10M->5M(15M) 0.367ms
[176.893s][info][gc] GC(6806) Pause Young (Allocation Failure) 10M->5M(15M) 0.374ms
[176.909s][info][gc] GC(6807) Pause Young (Allocation Failure) 10M->5M(15M) 0.379ms
[176.924s][info][gc] GC(6808) Pause Young (Allocation Failure) 10M->5M(15M) 0.349ms
[176.932s][info][gc] GC(6809) Pause Young (Allocation Failure) 10M->5M(15M) 0.322ms
[176.944s][info][gc] GC(6810) Pause Young (Allocation Failure) 10M->5M(15M) 0.368ms
[176.951s][info][gc] GC(6811) Pause Young (Allocation Failure) 10M->5M(15M) 0.484ms
[176.965s][info][gc] GC(6812) Pause Young (Allocation Failure) 10M->5M(15M) 0.389ms
[176.980s][info][gc] GC(6813) Pause Young (Allocation Failure) 10M->5M(15M) 0.337ms
[176.996s][info][gc] GC(6814) Pause Young (Allocation Failure) 10M->5M(15M) 0.351ms
[177.013s][info][gc] GC(6815) Pause Young (Allocation Failure) 10M->5M(15M) 0.343ms
[177.030s][info][gc] GC(6816) Pause Young (Allocation Failure) 10M->5M(15M) 0.315ms
[177.037s][info][gc] GC(6817) Pause Young (Allocation Failure) 10M->5M(15M) 0.394ms
[177.045s][info][gc] GC(6818) Pause Young (Allocation Failure) 10M->5M(15M) 0.361ms
[177.051s][info][gc] GC(6819) Pause Young (Allocation Failure) 10M->5M(15M) 0.286ms
[177.060s][info][gc] GC(6820) Pause Young (Allocation Failure) 10M->5M(15M) 0.358ms
[177.067s][info][gc] GC(6821) Pause Young (Allocation Failure) 10M->5M(15M) 0.352ms
[177.082s][info][gc] GC(6822) Pause Young (Allocation Failure) 10M->5M(15M) 0.888ms
[177.094s][info][gc] GC(6823) Pause Young (Allocation Failure) 10M->5M(15M) 0.378ms
[177.100s][info][gc] GC(6824) Pause Young (Allocation Failure) 10M->5M(15M) 0.385ms
[177.113s][info][gc] GC(6825) Pause Young (Allocation Failure) 10M->5M(15M) 0.365ms
[177.139s][info][gc] GC(6826) Pause Young (Allocation Failure) 10M->5M(15M) 0.373ms
[177.147s][info][gc] GC(6827) Pause Young (Allocation Failure) 10M->5M(15M) 0.391ms
[177.155s][info][gc] GC(6828) Pause Young (Allocation Failure) 10M->5M(15M) 0.321ms
[177.163s][info][gc] GC(6829) Pause Young (Allocation Failure) 10M->5M(15M) 0.351ms
[177.168s][info][gc] GC(6830) Pause Young (Allocation Failure) 10M->5M(15M) 0.375ms
[177.182s][info][gc] GC(6831) Pause Young (Allocation Failure) 10M->5M(15M) 0.412ms
[177.189s][info][gc] GC(6832) Pause Young (Allocation Failure) 10M->5M(15M) 0.364ms
[177.195s][info][gc] GC(6833) Pause Young (Allocation Failure) 10M->5M(15M) 0.326ms
[177.200s][info][gc] GC(6834) Pause Young (Allocation Failure) 10M->5M(15M) 0.361ms
[177.210s][info][gc] GC(6835) Pause Young (Allocation Failure) 10M->5M(15M) 0.355ms
[177.219s][info][gc] GC(6836) Pause Young (Allocation Failure) 10M->5M(15M) 0.336ms
[177.225s][info][gc] GC(6837) Pause Young (Allocation Failure) 10M->5M(15M) 0.363ms
[177.234s][info][gc] GC(6838) Pause Young (Allocation Failure) 10M->5M(15M) 0.429ms
[177.257s][info][gc] GC(6839) Pause Young (Allocation Failure) 10M->5M(15M) 0.366ms
[177.272s][info][gc] GC(6840) Pause Young (Allocation Failure) 10M->5M(15M) 0.352ms
[177.289s][info][gc] GC(6841) Pause Young (Allocation Failure) 10M->5M(15M) 0.348ms
[177.308s][info][gc] GC(6842) Pause Young (Allocation Failure) 10M->5M(15M) 0.360ms
[177.321s][info][gc] GC(6843) Pause Young (Allocation Failure) 10M->5M(15M) 0.540ms
[177.328s][info][gc] GC(6844) Pause Young (Allocation Failure) 10M->5M(15M) 0.278ms
[177.339s][info][gc] GC(6845) Pause Young (Allocation Failure) 10M->5M(15M) 0.349ms
[177.356s][info][gc] GC(6846) Pause Young (Allocation Failure) 10M->5M(15M) 0.354ms
[177.377s][info][gc] GC(6847) Pause Young (Allocation Failure) 10M->5M(15M) 0.367ms
[177.383s][info][gc] GC(6848) Pause Young (Allocation Failure) 10M->5M(15M) 0.301ms
[177.394s][info][gc] GC(6849) Pause Young (Allocation Failure) 10M->5M(15M) 0.358ms
[177.399s][info][gc] GC(6850) Pause Young (Allocation Failure) 10M->5M(15M) 0.355ms
[177.412s][info][gc] GC(6851) Pause Young (Allocation Failure) 10M->5M(15M) 0.360ms
[177.464s][info][gc] GC(6852) Pause Young (Allocation Failure) 10M->5M(15M) 0.351ms
[177.481s][info][gc] GC(6853) Pause Young (Allocation Failure) 10M->5M(15M) 0.320ms
[177.517s][info][gc] GC(6854) Pause Young (Allocation Failure) 10M->5M(15M) 0.449ms
[177.529s][info][gc] GC(6855) Pause Young (Allocation Failure) 10M->5M(15M) 0.391ms
[177.544s][info][gc] GC(6856) Pause Young (Allocation Failure) 10M->5M(15M) 0.320ms
[177.550s][info][gc] GC(6857) Pause Young (Allocation Failure) 10M->5M(15M) 0.370ms
[177.560s][info][gc] GC(6858) Pause Young (Allocation Failure) 10M->5M(15M) 0.353ms
[177.588s][info][gc] GC(6859) Pause Young (Allocation Failure) 10M->5M(15M) 0.681ms
[177.594s][info][gc] GC(6860) Pause Young (Allocation Failure) 10M->5M(15M) 0.356ms
[177.604s][info][gc] GC(6861) Pause Young (Allocation Failure) 10M->5M(15M) 0.354ms
[177.611s][info][gc] GC(6862) Pause Young (Allocation Failure) 10M->5M(15M) 0.360ms
[177.624s][info][gc] GC(6863) Pause Young (Allocation Failure) 10M->5M(15M) 0.420ms
[177.633s][info][gc] GC(6864) Pause Young (Allocation Failure) 10M->5M(15M) 0.370ms
[177.640s][info][gc] GC(6865) Pause Young (Allocation Failure) 10M->5M(15M) 0.356ms
[177.646s][info][gc] GC(6866) Pause Young (Allocation Failure) 10M->5M(15M) 0.269ms
[177.657s][info][gc] GC(6867) Pause Young (Allocation Failure) 10M->5M(15M) 0.557ms
[177.667s][info][gc] GC(6868) Pause Young (Allocation Failure) 10M->5M(15M) 0.338ms
[177.675s][info][gc] GC(6869) Pause Young (Allocation Failure) 10M->5M(15M) 0.364ms
[177.696s][info][gc] GC(6870) Pause Young (Allocation Failure) 10M->5M(15M) 0.358ms
[177.705s][info][gc] GC(6871) Pause Young (Allocation Failure) 10M->5M(15M) 0.605ms
[177.713s][info][gc] GC(6872) Pause Young (Allocation Failure) 10M->5M(15M) 0.363ms
[177.721s][info][gc] GC(6873) Pause Young (Allocation Failure) 10M->5M(15M) 0.373ms
[177.732s][info][gc] GC(6874) Pause Young (Allocation Failure) 10M->5M(15M) 0.358ms
[177.741s][info][gc] GC(6875) Pause Young (Allocation Failure) 10M->5M(15M) 0.372ms
[177.745s][info][gc] GC(6876) Pause Young (Allocation Failure) 10M->5M(15M) 0.263ms
[177.751s][info][gc] GC(6877) Pause Young (Allocation Failure) 10M->5M(15M) 0.404ms
[177.761s][info][gc] GC(6878) Pause Young (Allocation Failure) 10M->5M(15M) 0.334ms
[177.769s][info][gc] GC(6879) Pause Young (Allocation Failure) 10M->5M(15M) 0.377ms
[177.777s][info][gc] GC(6880) Pause Young (Allocation Failure) 10M->5M(15M) 0.442ms
[177.795s][info][gc] GC(6881) Pause Young (Allocation Failure) 10M->5M(15M) 0.423ms
[177.808s][info][gc] GC(6882) Pause Young (Allocation Failure) 10M->5M(15M) 0.268ms
[177.815s][info][gc] GC(6883) Pause Young (Allocation Failure) 10M->5M(15M) 0.362ms
[177.831s][info][gc] GC(6884) Pause Young (Allocation Failure) 10M->5M(15M) 0.375ms
[177.855s][info][gc] GC(6885) Pause Young (Allocation Failure) 10M->5M(15M) 0.369ms
[177.863s][info][gc] GC(6886) Pause Young (Allocation Failure) 10M->5M(15M) 0.349ms
[177.879s][info][gc] GC(6887) Pause Young (Allocation Failure) 10M->5M(15M) 0.419ms
[177.891s][info][gc] GC(6888) Pause Young (Allocation Failure) 10M->5M(15M) 0.358ms
[177.922s][info][gc] GC(6889) Pause Young (Allocation Failure) 10M->5M(15M) 0.349ms
[177.928s][info][gc] GC(6890) Pause Young (Allocation Failure) 10M->5M(15M) 0.342ms
[177.944s][info][gc] GC(6891) Pause Young (Allocation Failure) 10M->5M(15M) 0.384ms
[177.965s][info][gc] GC(6892) Pause Young (Allocation Failure) 10M->5M(15M) 0.313ms
[177.981s][info][gc] GC(6893) Pause Young (Allocation Failure) 10M->5M(15M) 0.682ms
[177.996s][info][gc] GC(6894) Pause Young (Allocation Failure) 10M->5M(15M) 0.409ms
[178.048s][info][gc] GC(6895) Pause Young (Allocation Failure) 10M->5M(15M) 0.356ms
[178.064s][info][gc] GC(6896) Pause Young (Allocation Failure) 10M->5M(15M) 0.375ms
[178.113s][info][gc] GC(6897) Pause Young (Allocation Failure) 10M->5M(15M) 0.439ms
[178.144s][info][gc] GC(6898) Pause Young (Allocation Failure) 10M->5M(15M) 0.344ms
[178.166s][info][gc] GC(6899) Pause Young (Allocation Failure) 10M->5M(15M) 0.350ms
[178.180s][info][gc] GC(6900) Pause Young (Allocation Failure) 10M->5M(15M) 0.362ms
[178.218s][info][gc] GC(6901) Pause Young (Allocation Failure) 10M->5M(15M) 1.091ms
[178.265s][info][gc] GC(6902) Pause Young (Allocation Failure) 10M->5M(15M) 0.479ms
[178.284s][info][gc] GC(6903) Pause Young (Allocation Failure) 10M->5M(15M) 0.412ms
[178.312s][info][gc] GC(6904) Pause Young (Allocation Failure) 10M->5M(15M) 0.283ms
[178.331s][info][gc] GC(6905) Pause Young (Allocation Failure) 10M->5M(15M) 0.359ms
[178.346s][info][gc] GC(6906) Pause Young (Allocation Failure) 10M->5M(15M) 0.836ms
[178.377s][info][gc] GC(6907) Pause Young (Allocation Failure) 10M->5M(15M) 0.315ms
[178.461s][info][gc] GC(6908) Pause Young (Allocation Failure) 10M->5M(15M) 0.535ms
[178.483s][info][gc] GC(6909) Pause Young (Allocation Failure) 10M->5M(15M) 0.373ms
[178.493s][info][gc] GC(6910) Pause Young (Allocation Failure) 10M->5M(15M) 0.394ms
[178.500s][info][gc] GC(6911) Pause Young (Allocation Failure) 10M->5M(15M) 0.345ms
[178.512s][info][gc] GC(6912) Pause Young (Allocation Failure) 10M->6M(15M) 0.355ms
[178.522s][info][gc] GC(6913) Pause Young (Allocation Failure) 10M->5M(15M) 0.340ms
[178.529s][info][gc] GC(6914) Pause Young (Allocation Failure) 10M->6M(15M) 0.380ms
[178.534s][info][gc] GC(6915) Pause Young (Allocation Failure) 10M->5M(15M) 0.350ms
[178.545s][info][gc] GC(6916) Pause Young (Allocation Failure) 10M->5M(15M) 0.412ms
[178.565s][info][gc] GC(6917) Pause Young (Allocation Failure) 10M->5M(15M) 0.404ms
[178.577s][info][gc] GC(6918) Pause Young (Allocation Failure) 10M->5M(15M) 0.377ms
[178.582s][info][gc] GC(6919) Pause Young (Allocation Failure) 10M->6M(15M) 0.491ms
[178.591s][info][gc] GC(6920) Pause Young (Allocation Failure) 10M->5M(15M) 0.357ms
[178.596s][info][gc] GC(6921) Pause Young (Allocation Failure) 10M->5M(15M) 0.340ms
[178.603s][info][gc] GC(6922) Pause Young (Allocation Failure) 10M->6M(15M) 0.375ms
[178.608s][info][gc] GC(6923) Pause Young (Allocation Failure) 10M->5M(15M) 0.336ms
[178.613s][info][gc] GC(6924) Pause Young (Allocation Failure) 10M->5M(15M) 0.271ms
[178.620s][info][gc] GC(6925) Pause Young (Allocation Failure) 10M->6M(15M) 0.371ms
[178.625s][info][gc] GC(6926) Pause Young (Allocation Failure) 10M->5M(15M) 0.290ms
[178.633s][info][gc] GC(6927) Pause Young (Allocation Failure) 10M->6M(15M) 0.377ms
[178.643s][info][gc] GC(6928) Pause Young (Allocation Failure) 10M->5M(15M) 0.325ms
[178.655s][info][gc] GC(6929) Pause Young (Allocation Failure) 10M->6M(15M) 0.362ms
[178.663s][info][gc] GC(6930) Pause Young (Allocation Failure) 10M->6M(15M) 0.355ms
[178.686s][info][gc] GC(6931) Pause Young (Allocation Failure) 10M->6M(15M) 0.396ms
[178.695s][info][gc] GC(6932) Pause Young (Allocation Failure) 10M->6M(15M) 0.349ms
[178.704s][info][gc] GC(6933) Pause Young (Allocation Failure) 10M->5M(15M) 0.316ms
[178.711s][info][gc] GC(6934) Pause Young (Allocation Failure) 10M->6M(15M) 0.354ms
[178.721s][info][gc] GC(6935) Pause Young (Allocation Failure) 10M->6M(15M) 0.357ms
[178.732s][info][gc] GC(6936) Pause Young (Allocation Failure) 10M->6M(15M) 0.369ms
[178.741s][info][gc] GC(6937) Pause Young (Allocation Failure) 10M->6M(15M) 0.544ms
[178.746s][info][gc] GC(6938) Pause Young (Allocation Failure) 10M->6M(15M) 0.374ms
[178.754s][info][gc] GC(6939) Pause Young (Allocation Failure) 10M->6M(15M) 0.346ms
[178.773s][info][gc] GC(6940) Pause Young (Allocation Failure) 10M->6M(15M) 0.395ms
[178.780s][info][gc] GC(6941) Pause Young (Allocation Failure) 10M->6M(15M) 0.369ms
[178.788s][info][gc] GC(6942) Pause Young (Allocation Failure) 10M->6M(15M) 0.357ms
[178.823s][info][gc] GC(6943) Pause Young (Allocation Failure) 10M->6M(15M) 0.371ms
[178.861s][info][gc] GC(6944) Pause Young (Allocation Failure) 10M->6M(15M) 0.344ms
[178.867s][info][gc] GC(6945) Pause Young (Allocation Failure) 10M->5M(15M) 0.310ms
[178.879s][info][gc] GC(6946) Pause Young (Allocation Failure) 10M->6M(15M) 0.371ms
[178.910s][info][gc] GC(6947) Pause Young (Allocation Failure) 10M->6M(15M) 0.580ms
[178.933s][info][gc] GC(6948) Pause Young (Allocation Failure) 10M->5M(15M) 0.261ms
[178.943s][info][gc] GC(6949) Pause Young (Allocation Failure) 10M->6M(15M) 0.359ms
[178.949s][info][gc] GC(6950) Pause Young (Allocation Failure) 10M->6M(15M) 0.445ms
[178.961s][info][gc] GC(6951) Pause Young (Allocation Failure) 10M->6M(15M) 0.731ms
[178.977s][info][gc] GC(6952) Pause Young (Allocation Failure) 10M->6M(15M) 0.397ms
[178.984s][info][gc] GC(6953) Pause Young (Allocation Failure) 10M->5M(15M) 0.268ms
[178.992s][info][gc] GC(6954) Pause Young (Allocation Failure) 10M->6M(15M) 0.354ms
[179.000s][info][gc] GC(6955) Pause Young (Allocation Failure) 10M->6M(15M) 0.277ms
[179.011s][info][gc] GC(6956) Pause Young (Allocation Failure) 10M->6M(15M) 0.451ms
[179.027s][info][gc] GC(6957) Pause Young (Allocation Failure) 10M->6M(15M) 0.354ms
[179.034s][info][gc] GC(6958) Pause Young (Allocation Failure) 10M->6M(15M) 0.371ms
[179.045s][info][gc] GC(6959) Pause Young (Allocation Failure) 10M->6M(15M) 0.363ms
[179.050s][info][gc] GC(6960) Pause Young (Allocation Failure) 10M->6M(15M) 0.485ms
[179.056s][info][gc] GC(6961) Pause Young (Allocation Failure) 10M->6M(15M) 0.359ms
[179.062s][info][gc] GC(6962) Pause Young (Allocation Failure) 10M->6M(15M) 0.492ms
[179.071s][info][gc] GC(6963) Pause Young (Allocation Failure) 10M->6M(15M) 0.310ms
[179.078s][info][gc] GC(6964) Pause Young (Allocation Failure) 10M->6M(15M) 0.367ms
[179.097s][info][gc] GC(6965) Pause Young (Allocation Failure) 10M->6M(15M) 0.449ms
[179.157s][info][gc] GC(6966) Pause Young (Allocation Failure) 10M->6M(15M) 0.285ms
[179.207s][info][gc] GC(6967) Pause Young (Allocation Failure) 10M->6M(15M) 0.347ms
[179.217s][info][gc] GC(6968) Pause Young (Allocation Failure) 10M->6M(15M) 0.376ms
[179.241s][info][gc] GC(6969) Pause Young (Allocation Failure) 10M->6M(15M) 0.474ms
[179.341s][info][gc] GC(6970) Pause Young (Allocation Failure) 10M->6M(15M) 0.450ms
[179.356s][info][gc] GC(6971) Pause Young (Allocation Failure) 10M->6M(15M) 0.270ms
[179.364s][info][gc] GC(6972) Pause Young (Allocation Failure) 10M->6M(15M) 0.406ms
[179.375s][info][gc] GC(6973) Pause Young (Allocation Failure) 10M->6M(15M) 0.372ms
[179.388s][info][gc] GC(6974) Pause Young (Allocation Failure) 10M->6M(15M) 0.365ms
[179.400s][info][gc] GC(6975) Pause Young (Allocation Failure) 10M->6M(15M) 0.344ms
[179.414s][info][gc] GC(6976) Pause Young (Allocation Failure) 10M->6M(15M) 0.326ms
[179.427s][info][gc] GC(6977) Pause Young (Allocation Failure) 10M->6M(15M) 0.353ms
[179.438s][info][gc] GC(6978) Pause Young (Allocation Failure) 10M->6M(15M) 0.369ms
[179.443s][info][gc] GC(6979) Pause Young (Allocation Failure) 10M->6M(15M) 0.324ms
[179.450s][info][gc] GC(6980) Pause Young (Allocation Failure) 10M->6M(15M) 0.899ms
[179.463s][info][gc] GC(6981) Pause Young (Allocation Failure) 10M->6M(15M) 0.405ms
[179.480s][info][gc] GC(6982) Pause Young (Allocation Failure) 10M->6M(15M) 0.371ms
[179.509s][info][gc] GC(6983) Pause Young (Allocation Failure) 10M->6M(15M) 0.427ms
[179.524s][info][gc] GC(6984) Pause Young (Allocation Failure) 10M->6M(15M) 0.351ms
[179.537s][info][gc] GC(6985) Pause Young (Allocation Failure) 10M->6M(15M) 0.377ms
[179.544s][info][gc] GC(6986) Pause Young (Allocation Failure) 10M->6M(15M) 0.361ms
[179.549s][info][gc] GC(6987) Pause Young (Allocation Failure) 10M->6M(15M) 0.320ms
[179.558s][info][gc] GC(6988) Pause Young (Allocation Failure) 10M->6M(15M) 0.358ms
[179.562s][info][gc] GC(6989) Pause Young (Allocation Failure) 10M->6M(15M) 0.357ms
[179.566s][info][gc] GC(6990) Pause Young (Allocation Failure) 10M->6M(15M) 0.361ms
[179.574s][info][gc] GC(6991) Pause Young (Allocation Failure) 10M->6M(15M) 0.368ms
[179.579s][info][gc] GC(6992) Pause Young (Allocation Failure) 10M->6M(15M) 0.348ms
[179.584s][info][gc] GC(6993) Pause Young (Allocation Failure) 10M->6M(15M) 0.353ms
[179.595s][info][gc] GC(6994) Pause Young (Allocation Failure) 10M->6M(15M) 0.347ms
[179.611s][info][gc] GC(6995) Pause Young (Allocation Failure) 10M->6M(15M) 0.358ms
[179.616s][info][gc] GC(6996) Pause Young (Allocation Failure) 10M->6M(15M) 0.365ms
[179.625s][info][gc] GC(6997) Pause Young (Allocation Failure) 10M->6M(15M) 0.311ms
[179.632s][info][gc] GC(6998) Pause Young (Allocation Failure) 10M->6M(15M) 0.357ms
[179.640s][info][gc] GC(6999) Pause Young (Allocation Failure) 10M->6M(15M) 0.378ms
[179.647s][info][gc] GC(7000) Pause Young (Allocation Failure) 10M->6M(15M) 0.340ms
[179.656s][info][gc] GC(7001) Pause Young (Allocation Failure) 10M->6M(15M) 0.351ms
[179.678s][info][gc] GC(7002) Pause Young (Allocation Failure) 10M->6M(15M) 0.347ms
[179.692s][info][gc] GC(7003) Pause Young (Allocation Failure) 10M->6M(15M) 0.349ms
[179.699s][info][gc] GC(7004) Pause Young (Allocation Failure) 10M->6M(15M) 0.336ms
[179.708s][info][gc] GC(7005) Pause Young (Allocation Failure) 10M->6M(15M) 0.353ms
[179.712s][info][gc] GC(7006) Pause Young (Allocation Failure) 10M->6M(15M) 0.327ms
[179.716s][info][gc] GC(7007) Pause Young (Allocation Failure) 10M->6M(15M) 0.339ms
[179.728s][info][gc] GC(7008) Pause Young (Allocation Failure) 10M->6M(15M) 0.367ms
[179.738s][info][gc] GC(7009) Pause Young (Allocation Failure) 10M->6M(15M) 0.388ms
[179.745s][info][gc] GC(7010) Pause Young (Allocation Failure) 10M->6M(15M) 0.429ms
[179.760s][info][gc] GC(7011) Pause Young (Allocation Failure) 10M->6M(15M) 0.361ms
[179.780s][info][gc] GC(7012) Pause Young (Allocation Failure) 10M->6M(15M) 0.273ms
[179.791s][info][gc] GC(7013) Pause Young (Allocation Failure) 10M->6M(15M) 0.347ms
[179.798s][info][gc] GC(7014) Pause Young (Allocation Failure) 10M->6M(15M) 0.334ms
[179.806s][info][gc] GC(7015) Pause Young (Allocation Failure) 10M->6M(15M) 0.370ms
[179.811s][info][gc] GC(7016) Pause Young (Allocation Failure) 10M->6M(15M) 0.378ms
[179.815s][info][gc] GC(7017) Pause Young (Allocation Failure) 10M->6M(15M) 0.302ms
[179.823s][info][gc] GC(7018) Pause Young (Allocation Failure) 10M->6M(15M) 0.339ms
[179.830s][info][gc] GC(7019) Pause Young (Allocation Failure) 10M->6M(15M) 0.370ms
[179.844s][info][gc] GC(7020) Pause Young (Allocation Failure) 10M->6M(15M) 0.434ms
[179.864s][info][gc] GC(7021) Pause Young (Allocation Failure) 10M->6M(15M) 0.363ms
[179.874s][info][gc] GC(7022) Pause Young (Allocation Failure) 10M->6M(15M) 0.462ms
[179.883s][info][gc] GC(7023) Pause Young (Allocation Failure) 10M->6M(15M) 0.359ms
[179.893s][info][gc] GC(7024) Pause Young (Allocation Failure) 10M->6M(15M) 0.412ms
[179.900s][info][gc] GC(7025) Pause Young (Allocation Failure) 10M->6M(15M) 0.271ms
[179.911s][info][gc] GC(7026) Pause Young (Allocation Failure) 10M->6M(15M) 0.369ms
[179.927s][info][gc] GC(7027) Pause Young (Allocation Failure) 10M->6M(15M) 0.355ms
[179.932s][info][gc] GC(7028) Pause Young (Allocation Failure) 10M->6M(15M) 0.356ms
[179.949s][info][gc] GC(7029) Pause Young (Allocation Failure) 10M->6M(15M) 0.712ms
[179.958s][info][gc] GC(7030) Pause Young (Allocation Failure) 10M->6M(15M) 0.422ms
[179.984s][info][gc] GC(7031) Pause Young (Allocation Failure) 10M->6M(15M) 0.367ms
[180.000s][info][gc] GC(7032) Pause Young (Allocation Failure) 10M->6M(15M) 0.349ms
[180.013s][info][gc] GC(7033) Pause Young (Allocation Failure) 10M->6M(15M) 0.340ms
[180.020s][info][gc] GC(7034) Pause Young (Allocation Failure) 10M->6M(15M) 0.296ms
[180.029s][info][gc] GC(7035) Pause Young (Allocation Failure) 10M->6M(15M) 0.347ms
[180.039s][info][gc] GC(7036) Pause Young (Allocation Failure) 10M->6M(15M) 0.273ms
[180.045s][info][gc] GC(7037) Pause Young (Allocation Failure) 10M->6M(15M) 0.347ms
[180.053s][info][gc] GC(7038) Pause Young (Allocation Failure) 10M->6M(15M) 0.522ms
[180.063s][info][gc] GC(7039) Pause Young (Allocation Failure) 10M->6M(15M) 0.355ms
[180.072s][info][gc] GC(7040) Pause Young (Allocation Failure) 10M->6M(15M) 0.350ms
[180.077s][info][gc] GC(7041) Pause Young (Allocation Failure) 10M->6M(15M) 0.362ms
[180.099s][info][gc] GC(7042) Pause Young (Allocation Failure) 10M->6M(15M) 0.369ms
[180.126s][info][gc] GC(7043) Pause Young (Allocation Failure) 10M->6M(15M) 0.410ms
[180.132s][info][gc] GC(7044) Pause Young (Allocation Failure) 10M->6M(15M) 0.356ms
[180.147s][info][gc] GC(7045) Pause Young (Allocation Failure) 10M->6M(15M) 0.363ms
[180.159s][info][gc] GC(7046) Pause Young (Allocation Failure) 10M->6M(15M) 0.360ms
[180.164s][info][gc] GC(7047) Pause Young (Allocation Failure) 10M->6M(15M) 0.290ms
[180.177s][info][gc] GC(7048) Pause Young (Allocation Failure) 10M->6M(15M) 0.360ms
[180.207s][info][gc] GC(7049) Pause Young (Allocation Failure) 10M->6M(15M) 0.350ms
[180.213s][info][gc] GC(7050) Pause Young (Allocation Failure) 10M->6M(15M) 0.578ms
[180.233s][info][gc] GC(7051) Pause Young (Allocation Failure) 10M->6M(15M) 0.395ms
[180.243s][info][gc] GC(7052) Pause Young (Allocation Failure) 10M->6M(15M) 0.399ms
[180.249s][info][gc] GC(7053) Pause Young (Allocation Failure) 10M->6M(15M) 0.564ms
[180.260s][info][gc] GC(7054) Pause Young (Allocation Failure) 10M->6M(15M) 0.367ms
[180.267s][info][gc] GC(7055) Pause Young (Allocation Failure) 10M->6M(15M) 0.360ms
[180.275s][info][gc] GC(7056) Pause Young (Allocation Failure) 10M->6M(15M) 0.263ms
[180.281s][info][gc] GC(7057) Pause Young (Allocation Failure) 10M->6M(15M) 0.351ms
[180.293s][info][gc] GC(7058) Pause Young (Allocation Failure) 10M->6M(15M) 0.354ms
[180.323s][info][gc] GC(7059) Pause Young (Allocation Failure) 10M->6M(15M) 0.435ms
[180.330s][info][gc] GC(7060) Pause Young (Allocation Failure) 10M->6M(15M) 0.416ms
[180.340s][info][gc] GC(7061) Pause Young (Allocation Failure) 10M->6M(15M) 0.360ms
[180.349s][info][gc] GC(7062) Pause Young (Allocation Failure) 10M->6M(15M) 0.356ms
[180.361s][info][gc] GC(7063) Pause Young (Allocation Failure) 10M->6M(15M) 0.284ms
[180.367s][info][gc] GC(7064) Pause Young (Allocation Failure) 10M->6M(15M) 0.353ms
[180.380s][info][gc] GC(7065) Pause Young (Allocation Failure) 10M->6M(15M) 0.353ms
[180.409s][info][gc] GC(7066) Pause Young (Allocation Failure) 10M->6M(15M) 0.664ms
[180.415s][info][gc] GC(7067) Pause Young (Allocation Failure) 10M->6M(15M) 0.363ms
[180.428s][info][gc] GC(7068) Pause Young (Allocation Failure) 10M->6M(15M) 0.333ms
[180.437s][info][gc] GC(7069) Pause Young (Allocation Failure) 10M->6M(15M) 0.382ms
[180.447s][info][gc] GC(7070) Pause Young (Allocation Failure) 10M->6M(15M) 0.357ms
[180.473s][info][gc] GC(7071) Pause Young (Allocation Failure) 10M->6M(15M) 0.716ms
[180.480s][info][gc] GC(7072) Pause Young (Allocation Failure) 10M->6M(15M) 0.358ms
[180.488s][info][gc] GC(7073) Pause Young (Allocation Failure) 10M->6M(15M) 0.350ms
[180.492s][info][gc] GC(7074) Pause Young (Allocation Failure) 10M->6M(15M) 0.318ms
[180.496s][info][gc] GC(7075) Pause Young (Allocation Failure) 10M->6M(15M) 0.325ms
[180.500s][info][gc] GC(7076) Pause Young (Allocation Failure) 10M->6M(15M) 0.322ms
[180.508s][info][gc] GC(7077) Pause Young (Allocation Failure) 10M->6M(15M) 0.419ms
[180.513s][info][gc] GC(7078) Pause Young (Allocation Failure) 10M->6M(15M) 0.343ms
[180.518s][info][gc] GC(7079) Pause Young (Allocation Failure) 10M->6M(15M) 0.565ms
[180.523s][info][gc] GC(7080) Pause Young (Allocation Failure) 10M->6M(15M) 0.289ms
[180.531s][info][gc] GC(7081) Pause Young (Allocation Failure) 10M->6M(15M) 0.339ms
[180.543s][info][gc] GC(7082) Pause Young (Allocation Failure) 10M->6M(15M) 0.407ms
[180.551s][info][gc] GC(7083) Pause Young (Allocation Failure) 10M->6M(15M) 0.355ms
[180.558s][info][gc] GC(7084) Pause Young (Allocation Failure) 10M->6M(15M) 0.329ms
[180.564s][info][gc] GC(7085) Pause Young (Allocation Failure) 10M->6M(15M) 0.253ms
[180.575s][info][gc] GC(7086) Pause Young (Allocation Failure) 10M->6M(15M) 0.360ms
[180.579s][info][gc] GC(7087) Pause Young (Allocation Failure) 10M->6M(15M) 0.321ms
[180.584s][info][gc] GC(7088) Pause Young (Allocation Failure) 10M->6M(15M) 0.337ms
[180.595s][info][gc] GC(7089) Pause Young (Allocation Failure) 10M->6M(15M) 0.350ms
[180.600s][info][gc] GC(7090) Pause Young (Allocation Failure) 10M->6M(15M) 0.274ms
[180.614s][info][gc] GC(7091) Pause Young (Allocation Failure) 10M->6M(15M) 0.406ms
[180.629s][info][gc] GC(7092) Pause Young (Allocation Failure) 10M->6M(15M) 0.351ms
[180.639s][info][gc] GC(7093) Pause Young (Allocation Failure) 10M->6M(15M) 0.377ms
[180.647s][info][gc] GC(7094) Pause Young (Allocation Failure) 10M->6M(15M) 0.341ms
[180.655s][info][gc] GC(7095) Pause Young (Allocation Failure) 10M->6M(15M) 0.320ms
[180.664s][info][gc] GC(7096) Pause Young (Allocation Failure) 10M->6M(15M) 0.347ms
[180.692s][info][gc] GC(7097) Pause Young (Allocation Failure) 10M->6M(15M) 0.312ms
[180.700s][info][gc] GC(7098) Pause Young (Allocation Failure) 10M->6M(15M) 0.361ms
[180.713s][info][gc] GC(7099) Pause Young (Allocation Failure) 10M->6M(15M) 0.443ms
[180.775s][info][gc] GC(7100) Pause Young (Allocation Failure) 10M->6M(15M) 0.284ms
[180.783s][info][gc] GC(7101) Pause Young (Allocation Failure) 10M->6M(15M) 0.385ms
[180.795s][info][gc] GC(7102) Pause Young (Allocation Failure) 10M->6M(15M) 0.348ms
[180.802s][info][gc] GC(7103) Pause Young (Allocation Failure) 10M->6M(15M) 1.824ms
[180.812s][info][gc] GC(7104) Pause Young (Allocation Failure) 10M->6M(15M) 0.353ms
[180.821s][info][gc] GC(7105) Pause Young (Allocation Failure) 10M->6M(15M) 0.449ms
[180.827s][info][gc] GC(7106) Pause Young (Allocation Failure) 10M->6M(15M) 0.353ms
[180.832s][info][gc] GC(7107) Pause Young (Allocation Failure) 10M->6M(15M) 0.309ms
[180.844s][info][gc] GC(7108) Pause Young (Allocation Failure) 10M->6M(15M) 0.352ms
[180.863s][info][gc] GC(7109) Pause Young (Allocation Failure) 10M->6M(15M) 0.377ms
[180.879s][info][gc] GC(7110) Pause Young (Allocation Failure) 10M->6M(15M) 0.335ms
[180.885s][info][gc] GC(7111) Pause Young (Allocation Failure) 10M->6M(15M) 1.105ms
[180.893s][info][gc] GC(7112) Pause Young (Allocation Failure) 10M->6M(15M) 0.362ms
[180.899s][info][gc] GC(7113) Pause Young (Allocation Failure) 10M->6M(15M) 0.360ms
[180.912s][info][gc] GC(7114) Pause Young (Allocation Failure) 10M->6M(15M) 0.347ms
[180.919s][info][gc] GC(7115) Pause Young (Allocation Failure) 10M->6M(15M) 1.339ms
[180.929s][info][gc] GC(7116) Pause Young (Allocation Failure) 10M->6M(15M) 0.465ms
[180.938s][info][gc] GC(7117) Pause Young (Allocation Failure) 10M->6M(15M) 0.366ms
[180.948s][info][gc] GC(7118) Pause Young (Allocation Failure) 10M->6M(15M) 0.353ms
[180.974s][info][gc] GC(7119) Pause Young (Allocation Failure) 10M->6M(15M) 1.684ms
[180.984s][info][gc] GC(7120) Pause Young (Allocation Failure) 10M->6M(15M) 0.366ms
[181.001s][info][gc] GC(7121) Pause Young (Allocation Failure) 10M->6M(15M) 0.289ms
[181.015s][info][gc] GC(7122) Pause Young (Allocation Failure) 10M->6M(15M) 0.432ms
[181.024s][info][gc] GC(7123) Pause Young (Allocation Failure) 10M->6M(15M) 0.348ms
[181.030s][info][gc] GC(7124) Pause Young (Allocation Failure) 10M->6M(15M) 0.285ms
[181.040s][info][gc] GC(7125) Pause Young (Allocation Failure) 10M->6M(15M) 0.342ms
[181.046s][info][gc] GC(7126) Pause Young (Allocation Failure) 10M->6M(15M) 0.278ms
[181.053s][info][gc] GC(7127) Pause Young (Allocation Failure) 10M->6M(15M) 0.446ms
[181.058s][info][gc] GC(7128) Pause Young (Allocation Failure) 10M->6M(15M) 0.279ms
[181.068s][info][gc] GC(7129) Pause Young (Allocation Failure) 10M->6M(15M) 0.948ms
[181.089s][info][gc] GC(7130) Pause Young (Allocation Failure) 10M->6M(15M) 0.406ms
[181.094s][info][gc] GC(7131) Pause Young (Allocation Failure) 10M->6M(15M) 0.345ms
[181.106s][info][gc] GC(7132) Pause Young (Allocation Failure) 10M->6M(15M) 0.275ms
[181.114s][info][gc] GC(7133) Pause Young (Allocation Failure) 10M->6M(15M) 0.351ms
[181.124s][info][gc] GC(7134) Pause Young (Allocation Failure) 10M->6M(15M) 0.347ms
[181.132s][info][gc] GC(7135) Pause Young (Allocation Failure) 10M->6M(15M) 0.348ms
[181.144s][info][gc] GC(7136) Pause Young (Allocation Failure) 10M->6M(15M) 0.275ms
[181.149s][info][gc] GC(7137) Pause Young (Allocation Failure) 10M->6M(15M) 0.360ms
[181.158s][info][gc] GC(7138) Pause Young (Allocation Failure) 10M->6M(15M) 0.305ms
[181.164s][info][gc] GC(7139) Pause Young (Allocation Failure) 10M->6M(15M) 0.400ms
[181.171s][info][gc] GC(7140) Pause Young (Allocation Failure) 10M->6M(15M) 0.340ms
[181.176s][info][gc] GC(7141) Pause Young (Allocation Failure) 10M->6M(15M) 0.343ms
[181.181s][info][gc] GC(7142) Pause Young (Allocation Failure) 10M->6M(15M) 0.367ms
[181.192s][info][gc] GC(7143) Pause Young (Allocation Failure) 10M->6M(15M) 0.328ms
[181.199s][info][gc] GC(7144) Pause Young (Allocation Failure) 10M->6M(15M) 0.379ms
[181.212s][info][gc] GC(7145) Pause Young (Allocation Failure) 10M->6M(15M) 0.344ms
[181.245s][info][gc] GC(7146) Pause Young (Allocation Failure) 10M->6M(15M) 0.370ms
[181.257s][info][gc] GC(7147) Pause Young (Allocation Failure) 10M->6M(15M) 0.449ms
[181.263s][info][gc] GC(7148) Pause Young (Allocation Failure) 10M->6M(15M) 0.322ms
[181.277s][info][gc] GC(7149) Pause Young (Allocation Failure) 10M->6M(15M) 0.475ms
[181.290s][info][gc] GC(7150) Pause Young (Allocation Failure) 10M->6M(15M) 0.485ms
[181.297s][info][gc] GC(7151) Pause Young (Allocation Failure) 10M->6M(15M) 0.517ms
[181.312s][info][gc] GC(7152) Pause Young (Allocation Failure) 10M->6M(15M) 0.364ms
[181.323s][info][gc] GC(7153) Pause Young (Allocation Failure) 10M->6M(15M) 0.371ms
[181.329s][info][gc] GC(7154) Pause Young (Allocation Failure) 10M->6M(15M) 0.268ms
[181.340s][info][gc] GC(7155) Pause Young (Allocation Failure) 10M->6M(15M) 0.349ms
[181.348s][info][gc] GC(7156) Pause Young (Allocation Failure) 10M->6M(15M) 0.293ms
[181.426s][info][gc] GC(7157) Pause Young (Allocation Failure) 10M->6M(15M) 0.447ms
[181.444s][info][gc] GC(7158) Pause Young (Allocation Failure) 10M->6M(15M) 0.331ms
[181.450s][info][gc] GC(7159) Pause Young (Allocation Failure) 10M->6M(15M) 0.374ms
[181.461s][info][gc] GC(7160) Pause Young (Allocation Failure) 10M->6M(15M) 0.353ms
[181.466s][info][gc] GC(7161) Pause Young (Allocation Failure) 10M->6M(15M) 0.355ms
[181.475s][info][gc] GC(7162) Pause Young (Allocation Failure) 10M->6M(15M) 0.348ms
[181.480s][info][gc] GC(7163) Pause Young (Allocation Failure) 10M->6M(15M) 0.333ms
[181.484s][info][gc] GC(7164) Pause Young (Allocation Failure) 10M->6M(15M) 0.418ms
[181.494s][info][gc] GC(7165) Pause Young (Allocation Failure) 10M->6M(15M) 0.413ms
[181.516s][info][gc] GC(7166) Pause Young (Allocation Failure) 10M->6M(15M) 0.335ms
[181.528s][info][gc] GC(7167) Pause Young (Allocation Failure) 10M->6M(15M) 0.378ms
[181.534s][info][gc] GC(7168) Pause Young (Allocation Failure) 10M->6M(15M) 0.788ms
[181.545s][info][gc] GC(7169) Pause Young (Allocation Failure) 10M->6M(15M) 0.372ms
[181.553s][info][gc] GC(7170) Pause Young (Allocation Failure) 10M->6M(15M) 0.520ms
[181.559s][info][gc] GC(7171) Pause Young (Allocation Failure) 10M->6M(15M) 0.347ms
[181.564s][info][gc] GC(7172) Pause Young (Allocation Failure) 10M->6M(15M) 0.342ms
[181.576s][info][gc] GC(7173) Pause Young (Allocation Failure) 10M->6M(15M) 0.330ms
[181.583s][info][gc] GC(7174) Pause Young (Allocation Failure) 10M->6M(15M) 0.367ms
[181.595s][info][gc] GC(7175) Pause Young (Allocation Failure) 10M->6M(15M) 0.339ms
[181.606s][info][gc] GC(7176) Pause Young (Allocation Failure) 10M->6M(15M) 1.188ms
[181.637s][info][gc] GC(7177) Pause Young (Allocation Failure) 10M->6M(15M) 0.346ms
[181.647s][info][gc] GC(7178) Pause Young (Allocation Failure) 10M->6M(15M) 0.493ms
[181.679s][info][gc] GC(7179) Pause Young (Allocation Failure) 10M->6M(15M) 1.993ms
[181.689s][info][gc] GC(7180) Pause Young (Allocation Failure) 10M->6M(15M) 0.390ms
[181.698s][info][gc] GC(7181) Pause Young (Allocation Failure) 10M->6M(15M) 0.352ms
[181.706s][info][gc] GC(7182) Pause Young (Allocation Failure) 10M->6M(15M) 0.322ms
[181.712s][info][gc] GC(7183) Pause Young (Allocation Failure) 10M->6M(15M) 0.385ms
[181.716s][info][gc] GC(7184) Pause Young (Allocation Failure) 10M->6M(15M) 0.333ms
[181.725s][info][gc] GC(7185) Pause Young (Allocation Failure) 10M->6M(15M) 0.305ms
[181.729s][info][gc] GC(7186) Pause Young (Allocation Failure) 10M->6M(15M) 0.340ms
[181.733s][info][gc] GC(7187) Pause Young (Allocation Failure) 10M->6M(15M) 0.304ms
[181.742s][info][gc] GC(7188) Pause Young (Allocation Failure) 10M->6M(15M) 0.339ms
[181.747s][info][gc] GC(7189) Pause Young (Allocation Failure) 10M->6M(15M) 0.355ms
[181.758s][info][gc] GC(7190) Pause Young (Allocation Failure) 10M->6M(15M) 0.314ms
[181.765s][info][gc] GC(7191) Pause Young (Allocation Failure) 10M->6M(15M) 0.347ms
[181.782s][info][gc] GC(7192) Pause Young (Allocation Failure) 10M->6M(15M) 0.369ms
[181.790s][info][gc] GC(7193) Pause Young (Allocation Failure) 10M->6M(15M) 0.261ms
[181.795s][info][gc] GC(7194) Pause Young (Allocation Failure) 10M->6M(15M) 0.361ms
[181.799s][info][gc] GC(7195) Pause Young (Allocation Failure) 10M->6M(15M) 0.331ms
[181.808s][info][gc] GC(7196) Pause Young (Allocation Failure) 10M->6M(15M) 0.305ms
[181.813s][info][gc] GC(7197) Pause Young (Allocation Failure) 10M->6M(15M) 0.344ms
[181.820s][info][gc] GC(7198) Pause Young (Allocation Failure) 10M->6M(15M) 0.407ms
[181.829s][info][gc] GC(7199) Pause Young (Allocation Failure) 10M->6M(15M) 0.376ms
[181.849s][info][gc] GC(7200) Pause Young (Allocation Failure) 10M->6M(15M) 0.803ms
[181.873s][info][gc] GC(7201) Pause Young (Allocation Failure) 10M->6M(15M) 0.483ms
[181.883s][info][gc] GC(7202) Pause Young (Allocation Failure) 10M->6M(15M) 0.370ms
[181.900s][info][gc] GC(7203) Pause Young (Allocation Failure) 10M->6M(15M) 0.372ms
[181.915s][info][gc] GC(7204) Pause Young (Allocation Failure) 10M->6M(15M) 0.398ms
[181.927s][info][gc] GC(7205) Pause Young (Allocation Failure) 10M->6M(15M) 0.381ms
[181.936s][info][gc] GC(7206) Pause Young (Allocation Failure) 10M->6M(15M) 0.450ms
[181.945s][info][gc] GC(7207) Pause Young (Allocation Failure) 10M->6M(15M) 0.597ms
[181.956s][info][gc] GC(7208) Pause Young (Allocation Failure) 10M->6M(15M) 0.372ms
[181.964s][info][gc] GC(7209) Pause Young (Allocation Failure) 10M->6M(15M) 0.360ms
[181.975s][info][gc] GC(7210) Pause Young (Allocation Failure) 10M->6M(15M) 0.366ms
[182.004s][info][gc] GC(7211) Pause Young (Allocation Failure) 10M->6M(15M) 0.303ms
[182.033s][info][gc] GC(7212) Pause Young (Allocation Failure) 10M->6M(15M) 0.354ms
[182.089s][info][gc] GC(7213) Pause Young (Allocation Failure) 10M->6M(15M) 0.511ms
[182.097s][info][gc] GC(7214) Pause Young (Allocation Failure) 10M->6M(15M) 0.652ms
[182.109s][info][gc] GC(7215) Pause Young (Allocation Failure) 10M->6M(15M) 0.386ms
[182.121s][info][gc] GC(7216) Pause Young (Allocation Failure) 10M->6M(15M) 0.878ms
[182.227s][info][gc] GC(7217) Pause Young (Allocation Failure) 10M->6M(15M) 0.355ms
[182.312s][info][gc] GC(7218) Pause Young (Allocation Failure) 10M->6M(15M) 0.356ms
[182.345s][info][gc] GC(7219) Pause Young (Allocation Failure) 10M->6M(15M) 0.575ms
[182.360s][info][gc] GC(7220) Pause Young (Allocation Failure) 10M->6M(15M) 0.385ms
[182.380s][info][gc] GC(7221) Pause Young (Allocation Failure) 10M->6M(15M) 0.315ms
[182.389s][info][gc] GC(7222) Pause Young (Allocation Failure) 10M->6M(15M) 0.378ms
[182.395s][info][gc] GC(7223) Pause Young (Allocation Failure) 10M->6M(15M) 0.329ms
[182.401s][info][gc] GC(7224) Pause Young (Allocation Failure) 10M->6M(15M) 0.485ms
[182.423s][info][gc] GC(7225) Pause Young (Allocation Failure) 10M->6M(15M) 0.347ms
[182.448s][info][gc] GC(7226) Pause Young (Allocation Failure) 10M->6M(15M) 0.351ms
[182.459s][info][gc] GC(7227) Pause Young (Allocation Failure) 10M->6M(15M) 0.317ms
[182.465s][info][gc] GC(7228) Pause Young (Allocation Failure) 10M->6M(15M) 0.382ms
[182.475s][info][gc] GC(7229) Pause Young (Allocation Failure) 10M->6M(15M) 0.348ms
[182.482s][info][gc] GC(7230) Pause Young (Allocation Failure) 10M->6M(15M) 0.304ms
[182.491s][info][gc] GC(7231) Pause Young (Allocation Failure) 10M->6M(15M) 0.357ms
[182.511s][info][gc] GC(7232) Pause Young (Allocation Failure) 10M->6M(15M) 0.322ms
[182.516s][info][gc] GC(7233) Pause Young (Allocation Failure) 10M->6M(15M) 0.399ms
[182.524s][info][gc] GC(7234) Pause Young (Allocation Failure) 10M->6M(15M) 0.361ms
[182.530s][info][gc] GC(7235) Pause Young (Allocation Failure) 10M->6M(15M) 0.300ms
[182.538s][info][gc] GC(7236) Pause Young (Allocation Failure) 10M->6M(15M) 0.398ms
[182.546s][info][gc] GC(7237) Pause Young (Allocation Failure) 10M->6M(15M) 0.359ms
[182.555s][info][gc] GC(7238) Pause Young (Allocation Failure) 10M->6M(15M) 0.278ms
[182.560s][info][gc] GC(7239) Pause Young (Allocation Failure) 10M->6M(15M) 0.343ms
[182.566s][info][gc] GC(7240) Pause Young (Allocation Failure) 10M->6M(15M) 0.400ms
[182.577s][info][gc] GC(7241) Pause Young (Allocation Failure) 10M->6M(15M) 0.385ms
[182.592s][info][gc] GC(7242) Pause Young (Allocation Failure) 10M->6M(15M) 0.401ms
[182.632s][info][gc] GC(7243) Pause Young (Allocation Failure) 10M->6M(15M) 0.367ms
[182.684s][info][gc] GC(7244) Pause Young (Allocation Failure) 10M->6M(15M) 0.426ms
[182.706s][info][gc] GC(7245) Pause Young (Allocation Failure) 10M->6M(15M) 0.312ms
[182.994s][info][gc] GC(7246) Pause Young (Allocation Failure) 10M->6M(15M) 0.369ms
[183.063s][info][gc] GC(7247) Pause Young (Allocation Failure) 10M->6M(15M) 0.291ms
[183.073s][info][gc] GC(7248) Pause Young (Allocation Failure) 10M->6M(15M) 0.368ms
[183.079s][info][gc] GC(7249) Pause Young (Allocation Failure) 10M->6M(15M) 0.354ms
[183.083s][info][gc] GC(7250) Pause Young (Allocation Failure) 10M->6M(15M) 0.358ms
[183.089s][info][gc] GC(7251) Pause Young (Allocation Failure) 10M->6M(15M) 0.335ms
[183.182s][info][gc] GC(7252) Pause Young (Allocation Failure) 10M->6M(15M) 0.422ms
[183.194s][info][gc] GC(7253) Pause Young (Allocation Failure) 10M->6M(15M) 0.569ms
[183.205s][info][gc] GC(7254) Pause Young (Allocation Failure) 10M->6M(15M) 0.329ms
[183.212s][info][gc] GC(7255) Pause Young (Allocation Failure) 10M->6M(15M) 0.391ms
[183.246s][info][gc] GC(7256) Pause Young (Allocation Failure) 10M->6M(15M) 1.197ms
[183.342s][info][gc] GC(7257) Pause Young (Allocation Failure) 10M->6M(15M) 0.348ms
[183.348s][info][gc] GC(7258) Pause Young (Allocation Failure) 10M->6M(15M) 0.355ms
[183.355s][info][gc] GC(7259) Pause Young (Allocation Failure) 10M->6M(15M) 0.363ms
[183.363s][info][gc] GC(7260) Pause Young (Allocation Failure) 10M->6M(15M) 0.362ms
[183.384s][info][gc] GC(7261) Pause Young (Allocation Failure) 10M->6M(15M) 0.421ms
[183.392s][info][gc] GC(7262) Pause Young (Allocation Failure) 10M->6M(15M) 0.291ms
[183.396s][info][gc] GC(7263) Pause Young (Allocation Failure) 10M->6M(15M) 0.354ms
[183.404s][info][gc] GC(7264) Pause Young (Allocation Failure) 10M->6M(15M) 0.341ms
[183.412s][info][gc] GC(7265) Pause Young (Allocation Failure) 10M->6M(15M) 0.362ms
[183.424s][info][gc] GC(7266) Pause Young (Allocation Failure) 10M->6M(15M) 0.347ms
[183.433s][info][gc] GC(7267) Pause Young (Allocation Failure) 10M->6M(15M) 0.257ms
[183.445s][info][gc] GC(7268) Pause Young (Allocation Failure) 10M->6M(15M) 0.367ms
[183.516s][info][gc] GC(7269) Pause Young (Allocation Failure) 10M->6M(15M) 0.327ms
[183.527s][info][gc] GC(7270) Pause Young (Allocation Failure) 10M->6M(15M) 0.366ms
[183.539s][info][gc] GC(7271) Pause Young (Allocation Failure) 10M->6M(15M) 0.321ms
[183.544s][info][gc] GC(7272) Pause Young (Allocation Failure) 10M->6M(15M) 0.352ms
[183.556s][info][gc] GC(7273) Pause Young (Allocation Failure) 10M->6M(15M) 0.310ms
[183.565s][info][gc] GC(7274) Pause Young (Allocation Failure) 10M->6M(15M) 0.427ms
[183.573s][info][gc] GC(7275) Pause Young (Allocation Failure) 10M->6M(15M) 0.347ms
[183.581s][info][gc] GC(7276) Pause Young (Allocation Failure) 10M->6M(15M) 0.632ms
[183.950s][info][gc] GC(7277) Pause Young (Allocation Failure) 10M->6M(15M) 0.364ms
[184.075s][info][gc] GC(7278) Pause Young (Allocation Failure) 10M->6M(15M) 0.669ms
[184.114s][info][gc] GC(7279) Pause Young (Allocation Failure) 10M->6M(15M) 0.276ms
[184.122s][info][gc] GC(7280) Pause Young (Allocation Failure) 10M->6M(15M) 0.356ms
[184.129s][info][gc] GC(7281) Pause Young (Allocation Failure) 10M->6M(15M) 0.316ms
[184.213s][info][gc] GC(7282) Pause Young (Allocation Failure) 10M->6M(15M) 0.372ms
[184.479s][info][gc] GC(7283) Pause Young (Allocation Failure) 10M->6M(15M) 0.380ms
[184.513s][info][gc] GC(7284) Pause Young (Allocation Failure) 10M->6M(15M) 0.386ms
[184.529s][info][gc] GC(7285) Pause Young (Allocation Failure) 10M->6M(15M) 0.349ms
[184.547s][info][gc] GC(7286) Pause Young (Allocation Failure) 10M->6M(15M) 0.314ms
[184.561s][info][gc] GC(7287) Pause Young (Allocation Failure) 10M->6M(15M) 0.355ms
[184.574s][info][gc] GC(7288) Pause Young (Allocation Failure) 10M->6M(15M) 0.423ms
[184.580s][info][gc] GC(7289) Pause Young (Allocation Failure) 10M->6M(15M) 0.373ms
[184.942s][info][gc] GC(7290) Pause Young (Allocation Failure) 10M->6M(15M) 0.356ms
[184.965s][info][gc] GC(7291) Pause Young (Allocation Failure) 10M->6M(15M) 0.309ms
[184.983s][info][gc] GC(7292) Pause Young (Allocation Failure) 10M->6M(15M) 0.362ms
[185.041s][info][gc] GC(7293) Pause Young (Allocation Failure) 10M->6M(15M) 0.362ms
[185.049s][info][gc] GC(7294) Pause Young (Allocation Failure) 10M->6M(15M) 0.346ms
[185.066s][info][gc] GC(7295) Pause Young (Allocation Failure) 10M->6M(15M) 0.351ms
[185.081s][info][gc] GC(7296) Pause Young (Allocation Failure) 10M->6M(15M) 0.341ms
[185.641s][info][gc] GC(7297) Pause Young (Allocation Failure) 10M->6M(15M) 0.362ms
[185.650s][info][gc] GC(7298) Pause Young (Allocation Failure) 10M->6M(15M) 0.560ms
[185.659s][info][gc] GC(7299) Pause Young (Allocation Failure) 10M->6M(15M) 0.283ms
[185.669s][info][gc] GC(7300) Pause Young (Allocation Failure) 10M->6M(15M) 0.354ms
[185.678s][info][gc] GC(7301) Pause Young (Allocation Failure) 10M->6M(15M) 0.352ms
[185.726s][info][gc] GC(7302) Pause Young (Allocation Failure) 10M->6M(15M) 0.277ms
[185.732s][info][gc] GC(7303) Pause Young (Allocation Failure) 10M->6M(15M) 0.676ms
[185.762s][info][gc] GC(7304) Pause Young (Allocation Failure) 10M->6M(15M) 0.340ms
[185.831s][info][gc] GC(7305) Pause Young (Allocation Failure) 10M->6M(15M) 0.374ms
[185.965s][info][gc] GC(7306) Pause Young (Allocation Failure) 10M->6M(15M) 0.360ms
[185.973s][info][gc] GC(7307) Pause Young (Allocation Failure) 10M->6M(15M) 0.365ms
[185.980s][info][gc] GC(7308) Pause Young (Allocation Failure) 10M->6M(15M) 0.304ms
[185.986s][info][gc] GC(7309) Pause Young (Allocation Failure) 10M->6M(15M) 0.341ms
[185.991s][info][gc] GC(7310) Pause Young (Allocation Failure) 10M->6M(15M) 0.320ms
[186.010s][info][gc] GC(7311) Pause Young (Allocation Failure) 10M->6M(15M) 0.361ms
[186.015s][info][gc] GC(7312) Pause Young (Allocation Failure) 10M->6M(15M) 0.358ms
[186.023s][info][gc] GC(7313) Pause Young (Allocation Failure) 10M->6M(15M) 0.499ms
[186.030s][info][gc] GC(7314) Pause Young (Allocation Failure) 10M->6M(15M) 0.370ms
[186.045s][info][gc] GC(7315) Pause Young (Allocation Failure) 10M->6M(15M) 0.372ms
[186.057s][info][gc] GC(7316) Pause Young (Allocation Failure) 10M->6M(15M) 0.306ms
[186.077s][info][gc] GC(7317) Pause Young (Allocation Failure) 10M->6M(15M) 0.363ms
[186.083s][info][gc] GC(7318) Pause Young (Allocation Failure) 10M->6M(15M) 0.361ms
[186.229s][info][gc] GC(7319) Pause Young (Allocation Failure) 10M->6M(15M) 0.367ms
[186.239s][info][gc] GC(7320) Pause Young (Allocation Failure) 10M->6M(15M) 0.354ms
[186.246s][info][gc] GC(7321) Pause Young (Allocation Failure) 10M->6M(15M) 0.279ms
[186.256s][info][gc] GC(7322) Pause Young (Allocation Failure) 10M->6M(15M) 0.388ms
[186.265s][info][gc] GC(7323) Pause Young (Allocation Failure) 10M->6M(15M) 0.358ms
[186.277s][info][gc] GC(7324) Pause Young (Allocation Failure) 10M->6M(15M) 0.309ms
[186.281s][info][gc] GC(7325) Pause Young (Allocation Failure) 10M->6M(15M) 0.369ms
[186.310s][info][gc] GC(7326) Pause Young (Allocation Failure) 10M->6M(15M) 0.366ms
[186.320s][info][gc] GC(7327) Pause Young (Allocation Failure) 10M->6M(15M) 0.370ms
[186.327s][info][gc] GC(7328) Pause Young (Allocation Failure) 10M->6M(15M) 0.272ms
[186.337s][info][gc] GC(7329) Pause Young (Allocation Failure) 10M->6M(15M) 0.365ms
[186.346s][info][gc] GC(7330) Pause Young (Allocation Failure) 10M->6M(15M) 0.404ms
[186.355s][info][gc] GC(7331) Pause Young (Allocation Failure) 10M->6M(15M) 0.283ms
[186.362s][info][gc] GC(7332) Pause Young (Allocation Failure) 10M->6M(15M) 0.406ms
[186.392s][info][gc] GC(7333) Pause Young (Allocation Failure) 10M->6M(15M) 0.383ms
[186.399s][info][gc] GC(7334) Pause Young (Allocation Failure) 10M->6M(15M) 0.352ms
[186.409s][info][gc] GC(7335) Pause Young (Allocation Failure) 10M->6M(15M) 0.262ms
[186.414s][info][gc] GC(7336) Pause Young (Allocation Failure) 10M->6M(15M) 0.352ms
[186.428s][info][gc] GC(7337) Pause Young (Allocation Failure) 10M->6M(15M) 0.366ms
[186.432s][info][gc] GC(7338) Pause Young (Allocation Failure) 10M->6M(15M) 0.381ms
[186.439s][info][gc] GC(7339) Pause Young (Allocation Failure) 10M->6M(15M) 0.355ms
[186.443s][info][gc] GC(7340) Pause Young (Allocation Failure) 10M->6M(15M) 0.308ms
[186.462s][info][gc] GC(7341) Pause Young (Allocation Failure) 10M->6M(15M) 0.347ms
[186.471s][info][gc] GC(7342) Pause Young (Allocation Failure) 10M->6M(15M) 0.328ms
[186.475s][info][gc] GC(7343) Pause Young (Allocation Failure) 10M->6M(15M) 0.364ms
[186.480s][info][gc] GC(7344) Pause Young (Allocation Failure) 10M->6M(15M) 0.347ms
[186.486s][info][gc] GC(7345) Pause Young (Allocation Failure) 10M->6M(15M) 0.346ms
[186.493s][info][gc] GC(7346) Pause Young (Allocation Failure) 10M->6M(15M) 0.366ms
[186.532s][info][gc] GC(7347) Pause Young (Allocation Failure) 10M->6M(15M) 0.356ms
[186.548s][info][gc] GC(7348) Pause Young (Allocation Failure) 10M->6M(15M) 0.309ms
[186.806s][info][gc] GC(7349) Pause Young (Allocation Failure) 10M->6M(15M) 0.360ms
[186.821s][info][gc] GC(7350) Pause Young (Allocation Failure) 10M->6M(15M) 0.373ms
[186.828s][info][gc] GC(7351) Pause Young (Allocation Failure) 10M->6M(15M) 0.373ms
[186.841s][info][gc] GC(7352) Pause Young (Allocation Failure) 10M->6M(15M) 0.350ms
[186.855s][info][gc] GC(7353) Pause Young (Allocation Failure) 10M->6M(15M) 0.328ms
[186.868s][info][gc] GC(7354) Pause Young (Allocation Failure) 10M->6M(15M) 0.381ms
[186.876s][info][gc] GC(7355) Pause Young (Allocation Failure) 10M->6M(15M) 0.377ms
[187.125s][info][gc] GC(7356) Pause Young (Allocation Failure) 10M->6M(15M) 0.306ms
[187.136s][info][gc] GC(7357) Pause Young (Allocation Failure) 10M->6M(15M) 0.531ms
[187.144s][info][gc] GC(7358) Pause Young (Allocation Failure) 10M->6M(15M) 0.347ms
[187.149s][info][gc] GC(7359) Pause Young (Allocation Failure) 10M->6M(15M) 0.372ms
[187.162s][info][gc] GC(7360) Pause Young (Allocation Failure) 10M->6M(15M) 0.346ms
[187.174s][info][gc] GC(7361) Pause Young (Allocation Failure) 10M->6M(15M) 0.342ms
[187.181s][info][gc] GC(7362) Pause Young (Allocation Failure) 10M->6M(15M) 0.351ms
[187.217s][info][gc] GC(7363) Pause Young (Allocation Failure) 10M->6M(15M) 0.529ms
[187.226s][info][gc] GC(7364) Pause Young (Allocation Failure) 10M->6M(15M) 0.411ms
[187.233s][info][gc] GC(7365) Pause Young (Allocation Failure) 10M->6M(15M) 0.365ms
[187.246s][info][gc] GC(7366) Pause Young (Allocation Failure) 10M->6M(15M) 0.341ms
[187.253s][info][gc] GC(7367) Pause Young (Allocation Failure) 10M->6M(15M) 0.365ms
[187.258s][info][gc] GC(7368) Pause Young (Allocation Failure) 10M->6M(15M) 0.351ms
[187.264s][info][gc] GC(7369) Pause Young (Allocation Failure) 10M->6M(15M) 0.315ms
[187.281s][info][gc] GC(7370) Pause Young (Allocation Failure) 10M->6M(15M) 0.441ms
[187.659s][info][gc] GC(7371) Pause Young (Allocation Failure) 10M->6M(15M) 0.530ms
[187.666s][info][gc] GC(7372) Pause Young (Allocation Failure) 10M->6M(15M) 0.357ms
[187.675s][info][gc] GC(7373) Pause Young (Allocation Failure) 10M->6M(15M) 0.363ms
[187.683s][info][gc] GC(7374) Pause Young (Allocation Failure) 10M->6M(15M) 0.352ms
[187.694s][info][gc] GC(7375) Pause Young (Allocation Failure) 10M->6M(15M) 0.497ms
[187.703s][info][gc] GC(7376) Pause Young (Allocation Failure) 10M->6M(15M) 0.444ms
[187.714s][info][gc] GC(7377) Pause Young (Allocation Failure) 10M->6M(15M) 0.391ms
[187.729s][info][gc] GC(7378) Pause Young (Allocation Failure) 10M->6M(15M) 0.382ms
[187.745s][info][gc] GC(7379) Pause Young (Allocation Failure) 10M->6M(15M) 0.364ms
[187.757s][info][gc] GC(7380) Pause Young (Allocation Failure) 10M->6M(15M) 0.347ms
[187.766s][info][gc] GC(7381) Pause Young (Allocation Failure) 10M->6M(15M) 0.276ms
[187.777s][info][gc] GC(7382) Pause Young (Allocation Failure) 10M->6M(15M) 0.405ms
[187.786s][info][gc] GC(7383) Pause Young (Allocation Failure) 10M->6M(15M) 0.317ms
[187.798s][info][gc] GC(7384) Pause Young (Allocation Failure) 10M->6M(15M) 0.358ms
[187.808s][info][gc] GC(7385) Pause Young (Allocation Failure) 10M->6M(15M) 0.429ms
[187.814s][info][gc] GC(7386) Pause Young (Allocation Failure) 10M->6M(15M) 0.357ms
[187.827s][info][gc] GC(7387) Pause Young (Allocation Failure) 10M->6M(15M) 0.451ms
[187.836s][info][gc] GC(7388) Pause Young (Allocation Failure) 10M->6M(15M) 0.365ms
[187.842s][info][gc] GC(7389) Pause Young (Allocation Failure) 10M->6M(15M) 0.349ms
[187.848s][info][gc] GC(7390) Pause Young (Allocation Failure) 10M->6M(15M) 0.365ms
[187.859s][info][gc] GC(7391) Pause Young (Allocation Failure) 10M->6M(15M) 0.539ms
[187.870s][info][gc] GC(7392) Pause Young (Allocation Failure) 10M->6M(15M) 0.344ms
[187.879s][info][gc] GC(7393) Pause Young (Allocation Failure) 10M->6M(15M) 0.342ms
[187.891s][info][gc] GC(7394) Pause Young (Allocation Failure) 10M->6M(15M) 0.356ms
[187.906s][info][gc] GC(7395) Pause Young (Allocation Failure) 10M->6M(15M) 0.368ms
[187.913s][info][gc] GC(7396) Pause Young (Allocation Failure) 10M->6M(15M) 0.297ms
[187.928s][info][gc] GC(7397) Pause Young (Allocation Failure) 10M->6M(15M) 0.356ms
[187.939s][info][gc] GC(7398) Pause Young (Allocation Failure) 10M->6M(15M) 0.353ms
[187.946s][info][gc] GC(7399) Pause Young (Allocation Failure) 10M->6M(15M) 0.351ms
[187.979s][info][gc] GC(7400) Pause Young (Allocation Failure) 10M->6M(15M) 0.394ms
[187.999s][info][gc] GC(7401) Pause Young (Allocation Failure) 10M->6M(15M) 0.479ms
[188.014s][info][gc] GC(7402) Pause Young (Allocation Failure) 10M->6M(15M) 0.319ms
[188.026s][info][gc] GC(7403) Pause Young (Allocation Failure) 10M->6M(15M) 0.400ms
[188.033s][info][gc] GC(7404) Pause Young (Allocation Failure) 10M->6M(15M) 0.391ms
[188.045s][info][gc] GC(7405) Pause Young (Allocation Failure) 10M->6M(15M) 0.360ms
[188.057s][info][gc] GC(7406) Pause Young (Allocation Failure) 10M->6M(15M) 0.371ms
[188.063s][info][gc] GC(7407) Pause Young (Allocation Failure) 10M->6M(15M) 0.376ms
[188.073s][info][gc] GC(7408) Pause Young (Allocation Failure) 10M->6M(15M) 0.373ms
[188.082s][info][gc] GC(7409) Pause Young (Allocation Failure) 10M->6M(15M) 0.346ms
[188.095s][info][gc] GC(7410) Pause Young (Allocation Failure) 10M->6M(15M) 0.316ms
[188.105s][info][gc] GC(7411) Pause Young (Allocation Failure) 10M->6M(15M) 0.355ms
[188.111s][info][gc] GC(7412) Pause Young (Allocation Failure) 10M->6M(15M) 0.617ms
[188.122s][info][gc] GC(7413) Pause Young (Allocation Failure) 10M->6M(15M) 0.362ms
[188.138s][info][gc] GC(7414) Pause Young (Allocation Failure) 10M->6M(15M) 0.396ms
[188.143s][info][gc] GC(7415) Pause Young (Allocation Failure) 10M->6M(15M) 0.496ms
[188.150s][info][gc] GC(7416) Pause Young (Allocation Failure) 10M->6M(15M) 0.419ms
[188.164s][info][gc] GC(7417) Pause Young (Allocation Failure) 10M->6M(15M) 0.310ms
[188.176s][info][gc] GC(7418) Pause Young (Allocation Failure) 10M->6M(15M) 0.497ms
[188.225s][info][gc] GC(7419) Pause Young (Allocation Failure) 10M->6M(15M) 0.356ms
[188.265s][info][gc] GC(7420) Pause Young (Allocation Failure) 10M->6M(15M) 0.311ms
[188.281s][info][gc] GC(7421) Pause Young (Allocation Failure) 10M->6M(15M) 0.363ms
[188.295s][info][gc] GC(7422) Pause Young (Allocation Failure) 10M->6M(15M) 0.474ms
[188.309s][info][gc] GC(7423) Pause Young (Allocation Failure) 10M->6M(15M) 0.402ms
[188.314s][info][gc] GC(7424) Pause Young (Allocation Failure) 11M->6M(15M) 0.349ms
[188.321s][info][gc] GC(7425) Pause Young (Allocation Failure) 10M->6M(15M) 0.394ms
[188.327s][info][gc] GC(7426) Pause Young (Allocation Failure) 10M->6M(15M) 0.373ms
[188.337s][info][gc] GC(7427) Pause Young (Allocation Failure) 11M->6M(15M) 0.356ms
[188.344s][info][gc] GC(7428) Pause Young (Allocation Failure) 10M->6M(15M) 0.323ms
[188.355s][info][gc] GC(7429) Pause Young (Allocation Failure) 10M->6M(15M) 0.356ms
[188.365s][info][gc] GC(7430) Pause Young (Allocation Failure) 11M->6M(15M) 0.368ms
[188.375s][info][gc] GC(7431) Pause Young (Allocation Failure) 10M->6M(15M) 0.369ms
[188.380s][info][gc] GC(7432) Pause Young (Allocation Failure) 11M->6M(15M) 0.353ms
[188.397s][info][gc] GC(7433) Pause Young (Allocation Failure) 10M->6M(15M) 0.301ms
[188.409s][info][gc] GC(7434) Pause Young (Allocation Failure) 10M->6M(15M) 0.341ms
[188.425s][info][gc] GC(7435) Pause Young (Allocation Failure) 11M->6M(15M) 0.448ms
[188.433s][info][gc] GC(7436) Pause Young (Allocation Failure) 11M->6M(15M) 0.537ms
[188.444s][info][gc] GC(7437) Pause Young (Allocation Failure) 10M->6M(15M) 0.349ms
[188.474s][info][gc] GC(7438) Pause Young (Allocation Failure) 11M->6M(15M) 0.312ms
[188.481s][info][gc] GC(7439) Pause Young (Allocation Failure) 10M->6M(15M) 0.359ms
[188.494s][info][gc] GC(7440) Pause Young (Allocation Failure) 11M->6M(15M) 0.355ms
[188.507s][info][gc] GC(7441) Pause Young (Allocation Failure) 11M->6M(15M) 0.559ms
[188.513s][info][gc] GC(7442) Pause Young (Allocation Failure) 10M->6M(15M) 0.367ms
[188.529s][info][gc] GC(7443) Pause Young (Allocation Failure) 11M->6M(15M) 0.362ms
[188.540s][info][gc] GC(7444) Pause Young (Allocation Failure) 11M->6M(15M) 0.428ms
[188.546s][info][gc] GC(7445) Pause Young (Allocation Failure) 11M->6M(15M) 0.349ms
[188.555s][info][gc] GC(7446) Pause Young (Allocation Failure) 11M->6M(15M) 0.303ms
[188.561s][info][gc] GC(7447) Pause Young (Allocation Failure) 10M->6M(15M) 0.367ms
[188.566s][info][gc] GC(7448) Pause Young (Allocation Failure) 11M->6M(15M) 0.320ms
[188.574s][info][gc] GC(7449) Pause Young (Allocation Failure) 11M->6M(15M) 0.348ms
[188.583s][info][gc] GC(7450) Pause Young (Allocation Failure) 11M->6M(15M) 0.619ms
[188.594s][info][gc] GC(7451) Pause Young (Allocation Failure) 11M->6M(15M) 0.311ms
[188.608s][info][gc] GC(7452) Pause Young (Allocation Failure) 10M->6M(15M) 0.351ms
[188.616s][info][gc] GC(7453) Pause Young (Allocation Failure) 11M->6M(15M) 0.449ms
[188.625s][info][gc] GC(7454) Pause Young (Allocation Failure) 11M->6M(15M) 0.361ms
[188.640s][info][gc] GC(7455) Pause Young (Allocation Failure) 11M->6M(15M) 0.341ms
[188.645s][info][gc] GC(7456) Pause Young (Allocation Failure) 11M->6M(15M) 0.311ms
[188.649s][info][gc] GC(7457) Pause Young (Allocation Failure) 11M->6M(15M) 0.359ms
[188.673s][info][gc] GC(7458) Pause Young (Allocation Failure) 11M->6M(15M) 0.363ms
[188.694s][info][gc] GC(7459) Pause Young (Allocation Failure) 11M->6M(15M) 0.379ms
[188.710s][info][gc] GC(7460) Pause Young (Allocation Failure) 11M->6M(15M) 0.366ms
[188.722s][info][gc] GC(7461) Pause Young (Allocation Failure) 11M->6M(15M) 0.347ms
[188.730s][info][gc] GC(7462) Pause Young (Allocation Failure) 11M->6M(15M) 0.302ms
[188.744s][info][gc] GC(7463) Pause Young (Allocation Failure) 11M->6M(15M) 0.361ms
[188.748s][info][gc] GC(7464) Pause Young (Allocation Failure) 11M->6M(15M) 0.356ms
[188.761s][info][gc] GC(7465) Pause Young (Allocation Failure) 11M->6M(15M) 0.288ms
[188.776s][info][gc] GC(7466) Pause Young (Allocation Failure) 10M->6M(15M) 0.346ms
[188.786s][info][gc] GC(7467) Pause Young (Allocation Failure) 11M->6M(15M) 0.335ms
[188.793s][info][gc] GC(7468) Pause Young (Allocation Failure) 11M->6M(15M) 0.380ms
[188.798s][info][gc] GC(7469) Pause Young (Allocation Failure) 11M->6M(15M) 0.353ms
[188.804s][info][gc] GC(7470) Pause Young (Allocation Failure) 11M->6M(15M) 0.437ms
[188.811s][info][gc] GC(7471) Pause Young (Allocation Failure) 11M->6M(15M) 0.442ms
[188.837s][info][gc] GC(7472) Pause Young (Allocation Failure) 11M->6M(15M) 0.363ms
[188.842s][info][gc] GC(7473) Pause Young (Allocation Failure) 11M->6M(15M) 0.287ms
[188.846s][info][gc] GC(7474) Pause Young (Allocation Failure) 10M->6M(15M) 0.418ms
[188.855s][info][gc] GC(7475) Pause Young (Allocation Failure) 11M->6M(15M) 0.284ms
[188.862s][info][gc] GC(7476) Pause Young (Allocation Failure) 11M->6M(15M) 0.349ms
[188.870s][info][gc] GC(7477) Pause Young (Allocation Failure) 11M->6M(15M) 0.371ms
[188.878s][info][gc] GC(7478) Pause Young (Allocation Failure) 11M->6M(15M) 0.347ms
[188.889s][info][gc] GC(7479) Pause Young (Allocation Failure) 11M->6M(15M) 0.326ms
[188.894s][info][gc] GC(7480) Pause Young (Allocation Failure) 11M->6M(15M) 0.357ms
[188.899s][info][gc] GC(7481) Pause Young (Allocation Failure) 11M->6M(15M) 0.324ms
[188.907s][info][gc] GC(7482) Pause Young (Allocation Failure) 11M->6M(15M) 0.401ms
[188.911s][info][gc] GC(7483) Pause Young (Allocation Failure) 11M->6M(15M) 0.365ms
[188.927s][info][gc] GC(7484) Pause Young (Allocation Failure) 11M->6M(15M) 0.338ms
[188.938s][info][gc] GC(7485) Pause Young (Allocation Failure) 11M->6M(15M) 0.273ms
[188.950s][info][gc] GC(7486) Pause Young (Allocation Failure) 11M->6M(15M) 0.675ms
[188.959s][info][gc] GC(7487) Pause Young (Allocation Failure) 11M->6M(15M) 0.348ms
[188.965s][info][gc] GC(7488) Pause Young (Allocation Failure) 11M->6M(15M) 0.378ms
[188.978s][info][gc] GC(7489) Pause Young (Allocation Failure) 11M->6M(15M) 0.390ms
[188.990s][info][gc] GC(7490) Pause Young (Allocation Failure) 11M->6M(15M) 0.358ms
[188.996s][info][gc] GC(7491) Pause Young (Allocation Failure) 11M->6M(15M) 0.290ms
[189.007s][info][gc] GC(7492) Pause Young (Allocation Failure) 11M->6M(15M) 0.394ms
[189.012s][info][gc] GC(7493) Pause Young (Allocation Failure) 11M->6M(15M) 0.343ms
[189.019s][info][gc] GC(7494) Pause Young (Allocation Failure) 11M->6M(15M) 0.377ms
[189.074s][info][gc] GC(7495) Pause Young (Allocation Failure) 11M->6M(15M) 0.361ms
[189.279s][info][gc] GC(7496) Pause Young (Allocation Failure) 11M->6M(15M) 0.421ms
[189.295s][info][gc] GC(7497) Pause Young (Allocation Failure) 11M->6M(15M) 0.348ms
[189.308s][info][gc] GC(7498) Pause Young (Allocation Failure) 11M->6M(15M) 0.375ms
[189.315s][info][gc] GC(7499) Pause Young (Allocation Failure) 11M->6M(15M) 0.382ms
[189.344s][info][gc] GC(7500) Pause Young (Allocation Failure) 11M->6M(15M) 0.368ms
[189.355s][info][gc] GC(7501) Pause Young (Allocation Failure) 11M->6M(15M) 0.357ms
[190.082s][info][gc] GC(7502) Pause Young (Allocation Failure) 11M->6M(15M) 0.390ms
[190.093s][info][gc] GC(7503) Pause Young (Allocation Failure) 11M->6M(15M) 0.357ms
[190.108s][info][gc] GC(7504) Pause Young (Allocation Failure) 11M->6M(15M) 0.307ms
[190.124s][info][gc] GC(7505) Pause Young (Allocation Failure) 11M->6M(15M) 0.376ms
[190.130s][info][gc] GC(7506) Pause Young (Allocation Failure) 11M->6M(15M) 0.345ms
[190.157s][info][gc] GC(7507) Pause Young (Allocation Failure) 11M->6M(15M) 0.376ms
[190.469s][info][gc] GC(7508) Pause Young (Allocation Failure) 11M->6M(15M) 0.451ms
[190.558s][info][gc] GC(7509) Pause Young (Allocation Failure) 11M->6M(15M) 0.336ms
[190.584s][info][gc] GC(7510) Pause Young (Allocation Failure) 11M->6M(15M) 1.656ms
[190.614s][info][gc] GC(7511) Pause Young (Allocation Failure) 11M->6M(15M) 0.427ms
[190.665s][info][gc] GC(7512) Pause Young (Allocation Failure) 11M->6M(15M) 0.389ms
[190.712s][info][gc] GC(7513) Pause Young (Allocation Failure) 11M->6M(15M) 0.378ms
[190.728s][info][gc] GC(7514) Pause Young (Allocation Failure) 11M->6M(15M) 0.351ms
[190.749s][info][gc] GC(7515) Pause Young (Allocation Failure) 11M->6M(15M) 0.347ms
[190.758s][info][gc] GC(7516) Pause Young (Allocation Failure) 11M->6M(15M) 0.369ms
[190.763s][info][gc] GC(7517) Pause Young (Allocation Failure) 11M->6M(15M) 0.385ms
[190.770s][info][gc] GC(7518) Pause Young (Allocation Failure) 11M->6M(15M) 0.354ms
[190.775s][info][gc] GC(7519) Pause Young (Allocation Failure) 11M->6M(15M) 0.531ms
[190.779s][info][gc] GC(7520) Pause Young (Allocation Failure) 11M->6M(15M) 0.398ms
[190.786s][info][gc] GC(7521) Pause Young (Allocation Failure) 11M->6M(15M) 0.352ms
[190.825s][info][gc] GC(7522) Pause Young (Allocation Failure) 11M->6M(15M) 0.327ms
[190.833s][info][gc] GC(7523) Pause Young (Allocation Failure) 11M->6M(15M) 0.372ms
[190.841s][info][gc] GC(7524) Pause Young (Allocation Failure) 11M->6M(15M) 0.459ms
[190.867s][info][gc] GC(7525) Pause Young (Allocation Failure) 11M->6M(15M) 1.200ms
[190.877s][info][gc] GC(7526) Pause Young (Allocation Failure) 11M->6M(15M) 0.347ms
[190.899s][info][gc] GC(7527) Pause Young (Allocation Failure) 11M->6M(15M) 0.523ms
[190.909s][info][gc] GC(7528) Pause Young (Allocation Failure) 11M->6M(15M) 0.259ms
[190.932s][info][gc] GC(7529) Pause Young (Allocation Failure) 11M->6M(15M) 0.387ms
[191.105s][info][gc] GC(7530) Pause Young (Allocation Failure) 11M->6M(15M) 0.381ms
[191.131s][info][gc] GC(7531) Pause Young (Allocation Failure) 11M->6M(15M) 0.391ms
[191.165s][info][gc] GC(7532) Pause Young (Allocation Failure) 11M->6M(15M) 0.340ms
[191.191s][info][gc] GC(7533) Pause Young (Allocation Failure) 11M->6M(15M) 0.370ms
[191.259s][info][gc] GC(7534) Pause Young (Allocation Failure) 11M->6M(15M) 0.362ms
[191.274s][info][gc] GC(7535) Pause Young (Allocation Failure) 11M->6M(15M) 0.347ms
[191.331s][info][gc] GC(7536) Pause Young (Allocation Failure) 11M->6M(15M) 0.528ms
[191.463s][info][gc] GC(7537) Pause Young (Allocation Failure) 11M->6M(15M) 0.357ms
[191.478s][info][gc] GC(7538) Pause Young (Allocation Failure) 11M->6M(15M) 0.281ms
[191.487s][info][gc] GC(7539) Pause Young (Allocation Failure) 11M->6M(15M) 0.359ms
[191.507s][info][gc] GC(7540) Pause Young (Allocation Failure) 11M->6M(15M) 0.328ms
[191.512s][info][gc] GC(7541) Pause Young (Allocation Failure) 11M->6M(15M) 0.294ms
[191.518s][info][gc] GC(7542) Pause Young (Allocation Failure) 11M->6M(15M) 0.371ms
[191.524s][info][gc] GC(7543) Pause Young (Allocation Failure) 11M->6M(15M) 0.352ms
[191.539s][info][gc] GC(7544) Pause Young (Allocation Failure) 11M->6M(15M) 0.336ms
[191.548s][info][gc] GC(7545) Pause Young (Allocation Failure) 11M->6M(15M) 0.371ms
[191.559s][info][gc] GC(7546) Pause Young (Allocation Failure) 11M->6M(15M) 0.385ms
[191.564s][info][gc] GC(7547) Pause Young (Allocation Failure) 11M->6M(15M) 0.366ms
[191.575s][info][gc] GC(7548) Pause Young (Allocation Failure) 11M->6M(15M) 0.347ms
[191.580s][info][gc] GC(7549) Pause Young (Allocation Failure) 11M->6M(15M) 0.328ms
[191.588s][info][gc] GC(7550) Pause Young (Allocation Failure) 11M->6M(15M) 0.353ms
[191.597s][info][gc] GC(7551) Pause Young (Allocation Failure) 11M->6M(15M) 0.376ms
[191.608s][info][gc] GC(7552) Pause Young (Allocation Failure) 11M->6M(15M) 0.365ms
[191.623s][info][gc] GC(7553) Pause Young (Allocation Failure) 11M->6M(15M) 0.578ms
[191.628s][info][gc] GC(7554) Pause Young (Allocation Failure) 11M->6M(15M) 0.330ms
[191.632s][info][gc] GC(7555) Pause Young (Allocation Failure) 11M->6M(15M) 0.341ms
[191.644s][info][gc] GC(7556) Pause Young (Allocation Failure) 11M->6M(15M) 0.338ms
[191.659s][info][gc] GC(7557) Pause Young (Allocation Failure) 11M->6M(15M) 0.295ms
[191.672s][info][gc] GC(7558) Pause Young (Allocation Failure) 11M->6M(15M) 0.366ms
[191.692s][info][gc] GC(7559) Pause Young (Allocation Failure) 11M->6M(15M) 0.342ms
[191.698s][info][gc] GC(7560) Pause Young (Allocation Failure) 11M->6M(15M) 0.359ms
[191.711s][info][gc] GC(7561) Pause Young (Allocation Failure) 11M->6M(15M) 0.350ms
[191.741s][info][gc] GC(7562) Pause Young (Allocation Failure) 11M->6M(15M) 0.311ms
[191.748s][info][gc] GC(7563) Pause Young (Allocation Failure) 11M->6M(15M) 0.509ms
[191.758s][info][gc] GC(7564) Pause Young (Allocation Failure) 11M->6M(15M) 0.355ms
[191.764s][info][gc] GC(7565) Pause Young (Allocation Failure) 11M->6M(15M) 0.267ms
[191.774s][info][gc] GC(7566) Pause Young (Allocation Failure) 11M->6M(15M) 0.351ms
[191.780s][info][gc] GC(7567) Pause Young (Allocation Failure) 11M->6M(15M) 0.365ms
[191.788s][info][gc] GC(7568) Pause Young (Allocation Failure) 11M->6M(15M) 0.362ms
[191.794s][info][gc] GC(7569) Pause Young (Allocation Failure) 11M->6M(15M) 0.478ms
[191.804s][info][gc] GC(7570) Pause Young (Allocation Failure) 11M->6M(15M) 0.452ms
[191.809s][info][gc] GC(7571) Pause Young (Allocation Failure) 11M->6M(15M) 0.376ms
[191.815s][info][gc] GC(7572) Pause Young (Allocation Failure) 11M->6M(15M) 0.315ms
[191.824s][info][gc] GC(7573) Pause Young (Allocation Failure) 11M->6M(15M) 0.365ms
[191.830s][info][gc] GC(7574) Pause Young (Allocation Failure) 11M->6M(15M) 0.360ms
[191.848s][info][gc] GC(7575) Pause Young (Allocation Failure) 11M->6M(15M) 0.316ms
[191.860s][info][gc] GC(7576) Pause Young (Allocation Failure) 11M->6M(15M) 0.416ms
[191.873s][info][gc] GC(7577) Pause Young (Allocation Failure) 11M->6M(15M) 0.350ms
[191.879s][info][gc] GC(7578) Pause Young (Allocation Failure) 11M->6M(15M) 0.519ms
[191.889s][info][gc] GC(7579) Pause Young (Allocation Failure) 11M->6M(15M) 0.624ms
[191.897s][info][gc] GC(7580) Pause Young (Allocation Failure) 11M->6M(15M) 0.333ms
[191.944s][info][gc] GC(7581) Pause Young (Allocation Failure) 11M->6M(15M) 0.373ms
[191.970s][info][gc] GC(7582) Pause Young (Allocation Failure) 11M->6M(15M) 0.589ms
[191.978s][info][gc] GC(7583) Pause Young (Allocation Failure) 11M->6M(15M) 0.381ms
[191.995s][info][gc] GC(7584) Pause Young (Allocation Failure) 11M->6M(15M) 0.383ms
[192.006s][info][gc] GC(7585) Pause Young (Allocation Failure) 11M->6M(15M) 0.391ms
[192.031s][info][gc] GC(7586) Pause Young (Allocation Failure) 11M->6M(15M) 0.562ms
[192.047s][info][gc] GC(7587) Pause Young (Allocation Failure) 11M->6M(15M) 0.371ms
[192.463s][info][gc] GC(7588) Pause Young (Allocation Failure) 11M->6M(15M) 0.358ms
[192.500s][info][gc] GC(7589) Pause Young (Allocation Failure) 11M->6M(15M) 1.163ms
[192.531s][info][gc] GC(7590) Pause Young (Allocation Failure) 11M->6M(15M) 0.408ms
[192.582s][info][gc] GC(7591) Pause Young (Allocation Failure) 11M->6M(15M) 0.410ms
[192.685s][info][gc] GC(7592) Pause Young (Allocation Failure) 11M->6M(15M) 0.436ms
[192.691s][info][gc] GC(7593) Pause Young (Allocation Failure) 11M->6M(15M) 0.372ms
[192.703s][info][gc] GC(7594) Pause Young (Allocation Failure) 11M->6M(15M) 0.373ms
[192.713s][info][gc] GC(7595) Pause Young (Allocation Failure) 11M->6M(15M) 0.348ms
[192.723s][info][gc] GC(7596) Pause Young (Allocation Failure) 11M->6M(15M) 0.372ms
[192.728s][info][gc] GC(7597) Pause Young (Allocation Failure) 11M->6M(15M) 0.349ms
[192.742s][info][gc] GC(7598) Pause Young (Allocation Failure) 11M->6M(15M) 0.437ms
[192.775s][info][gc] GC(7599) Pause Young (Allocation Failure) 11M->6M(15M) 0.352ms
[192.786s][info][gc] GC(7600) Pause Young (Allocation Failure) 11M->6M(15M) 0.373ms
[192.875s][info][gc] GC(7601) Pause Young (Allocation Failure) 11M->6M(15M) 0.384ms
[192.890s][info][gc] GC(7602) Pause Young (Allocation Failure) 11M->6M(15M) 0.356ms
[192.896s][info][gc] GC(7603) Pause Young (Allocation Failure) 11M->6M(15M) 0.354ms
[192.908s][info][gc] GC(7604) Pause Young (Allocation Failure) 11M->6M(15M) 0.372ms
[192.913s][info][gc] GC(7605) Pause Young (Allocation Failure) 11M->6M(15M) 0.316ms
[192.929s][info][gc] GC(7606) Pause Young (Allocation Failure) 11M->6M(15M) 0.389ms
[192.940s][info][gc] GC(7607) Pause Young (Allocation Failure) 11M->6M(15M) 0.362ms
[192.946s][info][gc] GC(7608) Pause Young (Allocation Failure) 11M->6M(15M) 0.368ms
[192.956s][info][gc] GC(7609) Pause Young (Allocation Failure) 11M->6M(15M) 0.385ms
[192.961s][info][gc] GC(7610) Pause Young (Allocation Failure) 11M->6M(15M) 0.327ms
[192.966s][info][gc] GC(7611) Pause Young (Allocation Failure) 11M->6M(15M) 0.410ms
[192.981s][info][gc] GC(7612) Pause Young (Allocation Failure) 11M->6M(15M) 0.423ms
[192.995s][info][gc] GC(7613) Pause Young (Allocation Failure) 11M->6M(15M) 0.351ms
[193.032s][info][gc] GC(7614) Pause Young (Allocation Failure) 11M->6M(15M) 0.460ms
[193.044s][info][gc] GC(7615) Pause Young (Allocation Failure) 11M->6M(15M) 0.353ms
[193.627s][info][gc] GC(7616) Pause Young (Allocation Failure) 11M->6M(15M) 0.309ms
[193.631s][info][gc] GC(7617) Pause Young (Allocation Failure) 11M->6M(15M) 0.359ms
[193.658s][info][gc] GC(7618) Pause Young (Allocation Failure) 11M->6M(15M) 0.354ms
[193.707s][info][gc] GC(7619) Pause Young (Allocation Failure) 11M->6M(15M) 0.410ms
[193.728s][info][gc] GC(7620) Pause Young (Allocation Failure) 11M->6M(15M) 0.346ms
[193.748s][info][gc] GC(7621) Pause Young (Allocation Failure) 11M->6M(15M) 0.284ms
[193.765s][info][gc] GC(7622) Pause Young (Allocation Failure) 11M->6M(15M) 0.916ms
[194.030s][info][gc] GC(7623) Pause Young (Allocation Failure) 11M->6M(15M) 0.354ms
[194.044s][info][gc] GC(7624) Pause Young (Allocation Failure) 11M->6M(15M) 0.353ms
[194.064s][info][gc] GC(7625) Pause Young (Allocation Failure) 11M->6M(15M) 0.365ms
[194.080s][info][gc] GC(7626) Pause Young (Allocation Failure) 11M->6M(15M) 0.466ms
[194.094s][info][gc] GC(7627) Pause Young (Allocation Failure) 11M->6M(15M) 0.277ms
[194.106s][info][gc] GC(7628) Pause Young (Allocation Failure) 11M->6M(15M) 0.414ms
[194.113s][info][gc] GC(7629) Pause Young (Allocation Failure) 11M->6M(15M) 0.335ms
[194.180s][info][gc] GC(7630) Pause Young (Allocation Failure) 11M->6M(15M) 0.364ms
[194.196s][info][gc] GC(7631) Pause Young (Allocation Failure) 11M->6M(15M) 0.374ms
[194.208s][info][gc] GC(7632) Pause Young (Allocation Failure) 11M->6M(15M) 0.369ms
[194.223s][info][gc] GC(7633) Pause Young (Allocation Failure) 11M->6M(15M) 0.550ms
[194.230s][info][gc] GC(7634) Pause Young (Allocation Failure) 11M->6M(15M) 0.333ms
[194.240s][info][gc] GC(7635) Pause Young (Allocation Failure) 11M->6M(15M) 0.358ms
[194.245s][info][gc] GC(7636) Pause Young (Allocation Failure) 11M->6M(15M) 0.347ms
[194.262s][info][gc] GC(7637) Pause Young (Allocation Failure) 11M->6M(15M) 0.320ms
[194.273s][info][gc] GC(7638) Pause Young (Allocation Failure) 11M->6M(15M) 0.365ms
[194.279s][info][gc] GC(7639) Pause Young (Allocation Failure) 11M->6M(15M) 0.375ms
[194.322s][info][gc] GC(7640) Pause Young (Allocation Failure) 11M->6M(15M) 0.300ms
[194.327s][info][gc] GC(7641) Pause Young (Allocation Failure) 11M->6M(15M) 0.483ms
[194.345s][info][gc] GC(7642) Pause Young (Allocation Failure) 11M->6M(15M) 0.333ms
[194.357s][info][gc] GC(7643) Pause Young (Allocation Failure) 11M->6M(15M) 0.374ms
[194.361s][info][gc] GC(7644) Pause Young (Allocation Failure) 11M->6M(15M) 0.360ms
[194.366s][info][gc] GC(7645) Pause Young (Allocation Failure) 11M->6M(15M) 0.379ms
[194.382s][info][gc] GC(7646) Pause Young (Allocation Failure) 11M->6M(15M) 0.310ms
[194.391s][info][gc] GC(7647) Pause Young (Allocation Failure) 11M->6M(15M) 0.362ms
[194.396s][info][gc] GC(7648) Pause Young (Allocation Failure) 11M->6M(15M) 0.350ms
[194.409s][info][gc] GC(7649) Pause Young (Allocation Failure) 11M->6M(15M) 0.377ms
[194.414s][info][gc] GC(7650) Pause Young (Allocation Failure) 11M->6M(15M) 0.356ms
[194.428s][info][gc] GC(7651) Pause Young (Allocation Failure) 11M->6M(15M) 0.368ms
[194.439s][info][gc] GC(7652) Pause Young (Allocation Failure) 11M->6M(15M) 0.354ms
[194.445s][info][gc] GC(7653) Pause Young (Allocation Failure) 11M->6M(15M) 0.344ms
[194.459s][info][gc] GC(7654) Pause Young (Allocation Failure) 11M->6M(15M) 0.358ms
[194.465s][info][gc] GC(7655) Pause Young (Allocation Failure) 11M->6M(15M) 0.353ms
[194.480s][info][gc] GC(7656) Pause Young (Allocation Failure) 11M->7M(15M) 0.378ms
[194.496s][info][gc] GC(7657) Pause Young (Allocation Failure) 11M->6M(15M) 0.364ms
[194.511s][info][gc] GC(7658) Pause Young (Allocation Failure) 11M->7M(15M) 0.390ms
[194.524s][info][gc] GC(7659) Pause Young (Allocation Failure) 11M->6M(15M) 0.342ms
[194.577s][info][gc] GC(7660) Pause Young (Allocation Failure) 11M->6M(15M) 0.320ms
[194.591s][info][gc] GC(7661) Pause Young (Allocation Failure) 11M->7M(15M) 0.354ms
[194.599s][info][gc] GC(7662) Pause Young (Allocation Failure) 11M->6M(15M) 0.463ms
[194.615s][info][gc] GC(7663) Pause Young (Allocation Failure) 11M->6M(15M) 0.368ms
[194.660s][info][gc] GC(7664) Pause Young (Allocation Failure) 11M->7M(15M) 0.359ms
[194.703s][info][gc] GC(7665) Pause Young (Allocation Failure) 11M->6M(15M) 0.391ms
[194.976s][info][gc] GC(7666) Pause Young (Allocation Failure) 11M->7M(15M) 0.374ms
[195.008s][info][gc] GC(7667) Pause Young (Allocation Failure) 11M->6M(15M) 0.367ms
[195.013s][info][gc] GC(7668) Pause Young (Allocation Failure) 11M->6M(15M) 0.285ms
[195.024s][info][gc] GC(7669) Pause Young (Allocation Failure) 11M->7M(15M) 0.396ms
[195.041s][info][gc] GC(7670) Pause Young (Allocation Failure) 11M->6M(15M) 0.478ms
[195.498s][info][gc] GC(7671) Pause Young (Allocation Failure) 11M->7M(15M) 0.356ms
[195.730s][info][gc] GC(7672) Pause Young (Allocation Failure) 11M->7M(15M) 0.399ms
[196.045s][info][gc] GC(7673) Pause Young (Allocation Failure) 11M->7M(15M) 0.378ms
[196.059s][info][gc] GC(7674) Pause Young (Allocation Failure) 11M->7M(15M) 0.359ms
[196.073s][info][gc] GC(7675) Pause Young (Allocation Failure) 11M->7M(15M) 0.456ms
[196.081s][info][gc] GC(7676) Pause Young (Allocation Failure) 11M->7M(15M) 0.397ms
[196.124s][info][gc] GC(7677) Pause Young (Allocation Failure) 11M->7M(15M) 0.386ms
[196.142s][info][gc] GC(7678) Pause Young (Allocation Failure) 11M->6M(15M) 0.379ms
[196.165s][info][gc] GC(7679) Pause Young (Allocation Failure) 11M->7M(15M) 0.358ms
[196.227s][info][gc] GC(7680) Pause Young (Allocation Failure) 11M->6M(15M) 0.293ms
[196.245s][info][gc] GC(7681) Pause Young (Allocation Failure) 11M->7M(15M) 0.345ms
[196.275s][info][gc] GC(7682) Pause Young (Allocation Failure) 11M->6M(15M) 0.321ms
[196.282s][info][gc] GC(7683) Pause Young (Allocation Failure) 11M->7M(15M) 0.346ms
[196.305s][info][gc] GC(7684) Pause Young (Allocation Failure) 11M->7M(15M) 0.459ms
[196.310s][info][gc] GC(7685) Pause Young (Allocation Failure) 11M->7M(15M) 0.358ms
[196.315s][info][gc] GC(7686) Pause Young (Allocation Failure) 11M->7M(15M) 0.360ms
[196.329s][info][gc] GC(7687) Pause Young (Allocation Failure) 11M->6M(15M) 0.306ms
[196.341s][info][gc] GC(7688) Pause Young (Allocation Failure) 11M->7M(15M) 0.364ms
[196.346s][info][gc] GC(7689) Pause Young (Allocation Failure) 11M->7M(15M) 0.347ms
[196.358s][info][gc] GC(7690) Pause Young (Allocation Failure) 11M->7M(15M) 0.311ms
[196.363s][info][gc] GC(7691) Pause Young (Allocation Failure) 11M->7M(15M) 0.342ms
[196.385s][info][gc] GC(7692) Pause Young (Allocation Failure) 11M->7M(15M) 0.362ms
[196.403s][info][gc] GC(7693) Pause Young (Allocation Failure) 11M->7M(15M) 0.387ms
[196.408s][info][gc] GC(7694) Pause Young (Allocation Failure) 11M->7M(15M) 0.340ms
[196.532s][info][gc] GC(7695) Pause Young (Allocation Failure) 11M->7M(15M) 0.381ms
[196.566s][info][gc] GC(7696) Pause Young (Allocation Failure) 11M->7M(15M) 1.637ms
[196.581s][info][gc] GC(7697) Pause Young (Allocation Failure) 11M->7M(15M) 0.337ms
[196.616s][info][gc] GC(7698) Pause Young (Allocation Failure) 11M->7M(15M) 0.773ms
[196.648s][info][gc] GC(7699) Pause Young (Allocation Failure) 11M->7M(15M) 0.340ms
[196.696s][info][gc] GC(7700) Pause Young (Allocation Failure) 11M->7M(15M) 0.646ms
[196.710s][info][gc] GC(7701) Pause Young (Allocation Failure) 11M->7M(15M) 0.354ms
[196.720s][info][gc] GC(7702) Pause Young (Allocation Failure) 11M->7M(15M) 0.317ms
[196.729s][info][gc] GC(7703) Pause Young (Allocation Failure) 11M->7M(15M) 0.370ms
[196.743s][info][gc] GC(7704) Pause Young (Allocation Failure) 11M->7M(15M) 0.349ms
[196.747s][info][gc] GC(7705) Pause Young (Allocation Failure) 11M->7M(15M) 0.364ms
[196.758s][info][gc] GC(7706) Pause Young (Allocation Failure) 11M->7M(15M) 0.370ms
[196.765s][info][gc] GC(7707) Pause Young (Allocation Failure) 11M->7M(15M) 0.359ms
[196.779s][info][gc] GC(7708) Pause Young (Allocation Failure) 11M->7M(15M) 0.369ms
[196.798s][info][gc] GC(7709) Pause Young (Allocation Failure) 11M->7M(15M) 0.338ms
[196.814s][info][gc] GC(7710) Pause Young (Allocation Failure) 11M->7M(15M) 0.413ms
[196.827s][info][gc] GC(7711) Pause Young (Allocation Failure) 11M->7M(15M) 0.391ms
[196.832s][info][gc] GC(7712) Pause Young (Allocation Failure) 11M->7M(15M) 0.351ms
[196.844s][info][gc] GC(7713) Pause Young (Allocation Failure) 11M->7M(15M) 0.367ms
[196.855s][info][gc] GC(7714) Pause Young (Allocation Failure) 11M->7M(15M) 0.335ms
[196.863s][info][gc] GC(7715) Pause Young (Allocation Failure) 11M->7M(15M) 0.357ms
[196.889s][info][gc] GC(7716) Pause Young (Allocation Failure) 11M->7M(15M) 0.344ms
[196.897s][info][gc] GC(7717) Pause Young (Allocation Failure) 11M->7M(15M) 0.301ms
[196.910s][info][gc] GC(7718) Pause Young (Allocation Failure) 11M->7M(15M) 0.605ms
[196.924s][info][gc] GC(7719) Pause Young (Allocation Failure) 11M->7M(15M) 0.390ms
[196.941s][info][gc] GC(7720) Pause Young (Allocation Failure) 11M->7M(15M) 0.556ms
[196.957s][info][gc] GC(7721) Pause Young (Allocation Failure) 11M->7M(15M) 0.652ms
[196.965s][info][gc] GC(7722) Pause Young (Allocation Failure) 11M->7M(15M) 0.302ms
[196.994s][info][gc] GC(7723) Pause Young (Allocation Failure) 11M->7M(15M) 0.394ms
[197.012s][info][gc] GC(7724) Pause Young (Allocation Failure) 11M->7M(15M) 0.371ms
[197.029s][info][gc] GC(7725) Pause Young (Allocation Failure) 11M->7M(15M) 0.362ms
[197.048s][info][gc] GC(7726) Pause Young (Allocation Failure) 11M->7M(15M) 0.358ms
[197.077s][info][gc] GC(7727) Pause Young (Allocation Failure) 11M->7M(15M) 0.387ms
[197.100s][info][gc] GC(7728) Pause Young (Allocation Failure) 11M->7M(15M) 0.406ms
[197.166s][info][gc] GC(7729) Pause Young (Allocation Failure) 11M->7M(15M) 1.339ms
[197.197s][info][gc] GC(7730) Pause Young (Allocation Failure) 11M->7M(15M) 0.355ms
[197.231s][info][gc] GC(7731) Pause Young (Allocation Failure) 11M->7M(15M) 0.365ms
[197.248s][info][gc] GC(7732) Pause Young (Allocation Failure) 11M->7M(15M) 0.369ms
[197.275s][info][gc] GC(7733) Pause Young (Allocation Failure) 11M->7M(15M) 0.382ms
[197.289s][info][gc] GC(7734) Pause Young (Allocation Failure) 11M->7M(15M) 0.681ms
[197.296s][info][gc] GC(7735) Pause Young (Allocation Failure) 11M->7M(15M) 0.343ms
[197.310s][info][gc] GC(7736) Pause Young (Allocation Failure) 11M->7M(15M) 0.369ms
[197.315s][info][gc] GC(7737) Pause Young (Allocation Failure) 11M->7M(15M) 0.368ms
[197.329s][info][gc] GC(7738) Pause Young (Allocation Failure) 11M->7M(15M) 0.366ms
[197.340s][info][gc] GC(7739) Pause Young (Allocation Failure) 11M->7M(15M) 0.394ms
[197.345s][info][gc] GC(7740) Pause Young (Allocation Failure) 11M->7M(15M) 0.430ms
[197.360s][info][gc] GC(7741) Pause Young (Allocation Failure) 11M->7M(15M) 0.357ms
[197.379s][info][gc] GC(7742) Pause Young (Allocation Failure) 11M->7M(15M) 0.389ms
[197.398s][info][gc] GC(7743) Pause Young (Allocation Failure) 11M->7M(15M) 0.362ms
[197.413s][info][gc] GC(7744) Pause Young (Allocation Failure) 11M->7M(15M) 0.320ms
[197.424s][info][gc] GC(7745) Pause Young (Allocation Failure) 11M->7M(15M) 0.401ms
[197.430s][info][gc] GC(7746) Pause Young (Allocation Failure) 11M->7M(15M) 0.362ms
[197.443s][info][gc] GC(7747) Pause Young (Allocation Failure) 11M->7M(15M) 0.328ms
[197.449s][info][gc] GC(7748) Pause Young (Allocation Failure) 11M->7M(15M) 1.286ms
[197.479s][info][gc] GC(7749) Pause Young (Allocation Failure) 11M->7M(15M) 0.366ms
[197.541s][info][gc] GC(7750) Pause Young (Allocation Failure) 11M->7M(15M) 0.633ms
[197.565s][info][gc] GC(7751) Pause Young (Allocation Failure) 11M->7M(15M) 0.609ms
[197.578s][info][gc] GC(7752) Pause Young (Allocation Failure) 11M->7M(15M) 0.311ms
[197.587s][info][gc] GC(7753) Pause Young (Allocation Failure) 11M->7M(15M) 0.446ms
[197.593s][info][gc] GC(7754) Pause Young (Allocation Failure) 11M->7M(15M) 0.391ms
[197.598s][info][gc] GC(7755) Pause Young (Allocation Failure) 11M->7M(15M) 0.371ms
[197.613s][info][gc] GC(7756) Pause Young (Allocation Failure) 11M->7M(15M) 0.374ms
[197.660s][info][gc] GC(7757) Pause Young (Allocation Failure) 11M->7M(15M) 0.309ms
[197.679s][info][gc] GC(7758) Pause Young (Allocation Failure) 11M->7M(15M) 0.354ms
[197.692s][info][gc] GC(7759) Pause Young (Allocation Failure) 11M->7M(15M) 0.363ms
[197.698s][info][gc] GC(7760) Pause Young (Allocation Failure) 11M->7M(15M) 0.351ms
[197.714s][info][gc] GC(7761) Pause Young (Allocation Failure) 11M->7M(15M) 0.368ms
[197.728s][info][gc] GC(7762) Pause Young (Allocation Failure) 11M->7M(15M) 0.374ms
[197.742s][info][gc] GC(7763) Pause Young (Allocation Failure) 11M->7M(15M) 0.300ms
[197.748s][info][gc] GC(7764) Pause Young (Allocation Failure) 11M->7M(15M) 0.367ms
[197.811s][info][gc] GC(7765) Pause Young (Allocation Failure) 11M->7M(15M) 0.355ms
[197.822s][info][gc] GC(7766) Pause Young (Allocation Failure) 11M->7M(15M) 0.427ms
[197.829s][info][gc] GC(7767) Pause Young (Allocation Failure) 11M->7M(15M) 0.388ms
[197.841s][info][gc] GC(7768) Pause Young (Allocation Failure) 11M->7M(15M) 0.381ms
[197.846s][info][gc] GC(7769) Pause Young (Allocation Failure) 11M->7M(15M) 0.406ms
[197.859s][info][gc] GC(7770) Pause Young (Allocation Failure) 11M->7M(15M) 0.384ms
[197.864s][info][gc] GC(7771) Pause Young (Allocation Failure) 11M->7M(15M) 0.364ms
[197.881s][info][gc] GC(7772) Pause Young (Allocation Failure) 11M->7M(15M) 0.275ms
[197.894s][info][gc] GC(7773) Pause Young (Allocation Failure) 11M->7M(15M) 0.360ms
[197.899s][info][gc] GC(7774) Pause Young (Allocation Failure) 11M->7M(15M) 0.435ms
[197.909s][info][gc] GC(7775) Pause Young (Allocation Failure) 11M->7M(15M) 0.379ms
[197.915s][info][gc] GC(7776) Pause Young (Allocation Failure) 11M->7M(15M) 0.385ms
[197.929s][info][gc] GC(7777) Pause Young (Allocation Failure) 11M->7M(15M) 0.368ms
[197.958s][info][gc] GC(7778) Pause Young (Allocation Failure) 11M->7M(15M) 0.387ms
[198.158s][info][gc] GC(7779) Pause Young (Allocation Failure) 11M->7M(15M) 0.365ms
[198.163s][info][gc] GC(7780) Pause Young (Allocation Failure) 11M->7M(15M) 0.355ms
[198.173s][info][gc] GC(7781) Pause Young (Allocation Failure) 11M->7M(15M) 0.438ms
[198.180s][info][gc] GC(7782) Pause Young (Allocation Failure) 11M->7M(15M) 0.339ms
[198.193s][info][gc] GC(7783) Pause Young (Allocation Failure) 11M->7M(15M) 0.382ms
[198.197s][info][gc] GC(7784) Pause Young (Allocation Failure) 11M->7M(15M) 0.353ms
[198.208s][info][gc] GC(7785) Pause Young (Allocation Failure) 11M->7M(15M) 0.329ms
[198.288s][info][gc] GC(7786) Pause Young (Allocation Failure) 11M->7M(15M) 0.362ms
[198.296s][info][gc] GC(7787) Pause Young (Allocation Failure) 11M->7M(15M) 0.367ms
[198.311s][info][gc] GC(7788) Pause Young (Allocation Failure) 11M->7M(15M) 0.365ms
[198.328s][info][gc] GC(7789) Pause Young (Allocation Failure) 11M->7M(15M) 0.373ms
[198.341s][info][gc] GC(7790) Pause Young (Allocation Failure) 11M->7M(15M) 0.387ms
[198.362s][info][gc] GC(7791) Pause Young (Allocation Failure) 11M->7M(15M) 0.441ms
[198.551s][info][gc] GC(7792) Pause Young (Allocation Failure) 11M->7M(15M) 0.342ms
[199.248s][info][gc] GC(7793) Pause Young (Allocation Failure) 11M->7M(15M) 0.425ms
[199.305s][info][gc] GC(7794) Pause Young (Allocation Failure) 11M->7M(15M) 0.389ms
[199.311s][info][gc] GC(7795) Pause Young (Allocation Failure) 11M->7M(15M) 0.303ms
[199.324s][info][gc] GC(7796) Pause Young (Allocation Failure) 11M->7M(15M) 0.378ms
[199.330s][info][gc] GC(7797) Pause Young (Allocation Failure) 11M->7M(15M) 0.350ms
[199.359s][info][gc] GC(7798) Pause Young (Allocation Failure) 11M->7M(15M) 0.459ms
[199.364s][info][gc] GC(7799) Pause Young (Allocation Failure) 11M->7M(15M) 0.374ms
[199.430s][info][gc] GC(7800) Pause Young (Allocation Failure) 11M->7M(15M) 0.380ms
[199.448s][info][gc] GC(7801) Pause Young (Allocation Failure) 11M->7M(15M) 0.386ms
[199.466s][info][gc] GC(7802) Pause Young (Allocation Failure) 11M->7M(15M) 1.553ms
[199.495s][info][gc] GC(7803) Pause Young (Allocation Failure) 11M->7M(15M) 0.332ms
[199.515s][info][gc] GC(7804) Pause Young (Allocation Failure) 11M->7M(15M) 0.485ms
[199.549s][info][gc] GC(7805) Pause Young (Allocation Failure) 11M->7M(15M) 1.312ms
[199.759s][info][gc] GC(7806) Pause Young (Allocation Failure) 11M->7M(15M) 0.377ms
[199.833s][info][gc] GC(7807) Pause Young (Allocation Failure) 11M->7M(15M) 0.465ms
[199.839s][info][gc] GC(7808) Pause Young (Allocation Failure) 11M->7M(15M) 0.366ms
[199.860s][info][gc] GC(7809) Pause Young (Allocation Failure) 11M->7M(15M) 0.366ms
[199.867s][info][gc] GC(7810) Pause Young (Allocation Failure) 11M->7M(15M) 0.366ms
[199.880s][info][gc] GC(7811) Pause Young (Allocation Failure) 11M->7M(15M) 0.291ms
[199.894s][info][gc] GC(7812) Pause Young (Allocation Failure) 11M->7M(15M) 0.390ms
[199.908s][info][gc] GC(7813) Pause Young (Allocation Failure) 11M->7M(15M) 0.342ms
[199.927s][info][gc] GC(7814) Pause Young (Allocation Failure) 11M->7M(15M) 0.302ms
[199.931s][info][gc] GC(7815) Pause Young (Allocation Failure) 11M->7M(15M) 0.366ms
[199.942s][info][gc] GC(7816) Pause Young (Allocation Failure) 11M->7M(15M) 0.404ms
[199.947s][info][gc] GC(7817) Pause Young (Allocation Failure) 11M->7M(15M) 0.373ms
[199.957s][info][gc] GC(7818) Pause Young (Allocation Failure) 11M->7M(15M) 0.377ms
[199.989s][info][gc] GC(7819) Pause Young (Allocation Failure) 11M->7M(15M) 0.376ms
[200.015s][info][gc] GC(7820) Pause Young (Allocation Failure) 11M->7M(15M) 0.395ms
[200.063s][info][gc] GC(7821) Pause Young (Allocation Failure) 11M->7M(15M) 0.377ms
[200.077s][info][gc] GC(7822) Pause Young (Allocation Failure) 11M->7M(15M) 0.388ms
[200.086s][info][gc] GC(7823) Pause Young (Allocation Failure) 11M->7M(15M) 0.362ms
[200.092s][info][gc] GC(7824) Pause Young (Allocation Failure) 11M->7M(15M) 0.299ms
[200.098s][info][gc] GC(7825) Pause Young (Allocation Failure) 11M->7M(15M) 0.392ms
[200.107s][info][gc] GC(7826) Pause Young (Allocation Failure) 11M->7M(15M) 0.513ms
[200.112s][info][gc] GC(7827) Pause Young (Allocation Failure) 11M->7M(15M) 0.372ms
[200.132s][info][gc] GC(7828) Pause Young (Allocation Failure) 11M->7M(15M) 0.591ms
[200.142s][info][gc] GC(7829) Pause Young (Allocation Failure) 11M->7M(15M) 0.359ms
[200.157s][info][gc] GC(7830) Pause Young (Allocation Failure) 11M->7M(15M) 0.372ms
[200.166s][info][gc] GC(7831) Pause Young (Allocation Failure) 11M->7M(15M) 0.447ms
[200.174s][info][gc] GC(7832) Pause Young (Allocation Failure) 11M->7M(15M) 0.401ms
[200.178s][info][gc] GC(7833) Pause Young (Allocation Failure) 11M->7M(15M) 0.344ms
[200.186s][info][gc] GC(7834) Pause Young (Allocation Failure) 11M->7M(15M) 0.392ms
[200.213s][info][gc] GC(7835) Pause Young (Allocation Failure) 11M->7M(15M) 0.364ms
[200.222s][info][gc] GC(7836) Pause Young (Allocation Failure) 11M->7M(15M) 0.353ms
[200.229s][info][gc] GC(7837) Pause Young (Allocation Failure) 11M->7M(15M) 0.390ms
[200.239s][info][gc] GC(7838) Pause Young (Allocation Failure) 11M->7M(15M) 0.365ms
[200.245s][info][gc] GC(7839) Pause Young (Allocation Failure) 11M->7M(15M) 0.373ms
[200.256s][info][gc] GC(7840) Pause Young (Allocation Failure) 11M->7M(15M) 0.358ms
[200.262s][info][gc] GC(7841) Pause Young (Allocation Failure) 11M->7M(15M) 0.275ms
[200.340s][info][gc] GC(7842) Pause Young (Allocation Failure) 11M->7M(15M) 0.389ms
[200.562s][info][gc] GC(7843) Pause Young (Allocation Failure) 11M->7M(15M) 0.326ms
[200.573s][info][gc] GC(7844) Pause Young (Allocation Failure) 11M->7M(15M) 0.385ms
[200.578s][info][gc] GC(7845) Pause Young (Allocation Failure) 11M->7M(15M) 0.315ms
[200.587s][info][gc] GC(7846) Pause Young (Allocation Failure) 11M->7M(15M) 0.381ms
[200.593s][info][gc] GC(7847) Pause Young (Allocation Failure) 11M->7M(15M) 0.355ms
[200.600s][info][gc] GC(7848) Pause Young (Allocation Failure) 11M->7M(15M) 0.444ms
[200.620s][info][gc] GC(7849) Pause Young (Allocation Failure) 11M->7M(15M) 0.381ms
[200.630s][info][gc] GC(7850) Pause Young (Allocation Failure) 11M->7M(15M) 0.313ms
[201.031s][info][gc] GC(7851) Pause Young (Allocation Failure) 11M->7M(15M) 0.474ms
[201.079s][info][gc] GC(7852) Pause Young (Allocation Failure) 11M->7M(15M) 0.335ms
[201.091s][info][gc] GC(7853) Pause Young (Allocation Failure) 11M->7M(15M) 0.421ms
[201.298s][info][gc] GC(7854) Pause Young (Allocation Failure) 11M->7M(15M) 0.353ms
[201.636s][info][gc] GC(7855) Pause Young (Allocation Failure) 11M->7M(15M) 0.281ms
[201.663s][info][gc] GC(7856) Pause Young (Allocation Failure) 11M->7M(15M) 0.370ms
[201.681s][info][gc] GC(7857) Pause Young (Allocation Failure) 11M->7M(15M) 0.384ms
[201.692s][info][gc] GC(7858) Pause Young (Allocation Failure) 11M->7M(15M) 0.289ms
[201.698s][info][gc] GC(7859) Pause Young (Allocation Failure) 11M->7M(15M) 0.627ms
[201.709s][info][gc] GC(7860) Pause Young (Allocation Failure) 11M->7M(15M) 0.371ms
[201.713s][info][gc] GC(7861) Pause Young (Allocation Failure) 11M->7M(15M) 0.354ms
[201.724s][info][gc] GC(7862) Pause Young (Allocation Failure) 11M->7M(15M) 0.404ms
[201.729s][info][gc] GC(7863) Pause Young (Allocation Failure) 11M->7M(15M) 0.392ms
[201.738s][info][gc] GC(7864) Pause Young (Allocation Failure) 11M->7M(15M) 0.294ms
[201.744s][info][gc] GC(7865) Pause Young (Allocation Failure) 11M->7M(15M) 0.379ms
[201.754s][info][gc] GC(7866) Pause Young (Allocation Failure) 11M->7M(15M) 0.361ms
[201.761s][info][gc] GC(7867) Pause Young (Allocation Failure) 11M->7M(15M) 0.442ms
[201.772s][info][gc] GC(7868) Pause Young (Allocation Failure) 11M->7M(15M) 0.403ms
[201.780s][info][gc] GC(7869) Pause Young (Allocation Failure) 11M->7M(15M) 0.306ms
[201.796s][info][gc] GC(7870) Pause Young (Allocation Failure) 11M->7M(15M) 0.387ms
[201.809s][info][gc] GC(7871) Pause Young (Allocation Failure) 11M->7M(15M) 0.409ms
[201.824s][info][gc] GC(7872) Pause Young (Allocation Failure) 11M->7M(15M) 0.304ms
[201.845s][info][gc] GC(7873) Pause Young (Allocation Failure) 11M->7M(15M) 0.396ms
[201.860s][info][gc] GC(7874) Pause Young (Allocation Failure) 11M->7M(15M) 0.310ms
[201.886s][info][gc] GC(7875) Pause Young (Allocation Failure) 11M->7M(15M) 0.382ms
[201.894s][info][gc] GC(7876) Pause Young (Allocation Failure) 11M->7M(15M) 0.367ms
[201.908s][info][gc] GC(7877) Pause Young (Allocation Failure) 11M->7M(15M) 0.438ms
[201.913s][info][gc] GC(7878) Pause Young (Allocation Failure) 11M->7M(15M) 0.358ms
[201.920s][info][gc] GC(7879) Pause Young (Allocation Failure) 11M->7M(15M) 0.367ms
[201.926s][info][gc] GC(7880) Pause Young (Allocation Failure) 11M->7M(15M) 0.372ms
[201.930s][info][gc] GC(7881) Pause Young (Allocation Failure) 11M->7M(15M) 0.365ms
[201.938s][info][gc] GC(7882) Pause Young (Allocation Failure) 11M->7M(15M) 0.294ms
[201.948s][info][gc] GC(7883) Pause Young (Allocation Failure) 11M->7M(15M) 0.490ms
[201.964s][info][gc] GC(7884) Pause Young (Allocation Failure) 11M->7M(15M) 0.375ms
[202.042s][info][gc] GC(7885) Pause Young (Allocation Failure) 11M->7M(15M) 0.386ms
[202.050s][info][gc] GC(7886) Pause Young (Allocation Failure) 11M->7M(15M) 0.469ms
[202.060s][info][gc] GC(7887) Pause Young (Allocation Failure) 11M->7M(15M) 0.316ms
[202.068s][info][gc] GC(7888) Pause Young (Allocation Failure) 11M->7M(15M) 0.368ms
[202.074s][info][gc] GC(7889) Pause Young (Allocation Failure) 11M->7M(15M) 0.313ms
[202.091s][info][gc] GC(7890) Pause Young (Allocation Failure) 11M->7M(15M) 0.358ms
[202.104s][info][gc] GC(7891) Pause Young (Allocation Failure) 11M->7M(15M) 0.638ms
[202.113s][info][gc] GC(7892) Pause Young (Allocation Failure) 11M->7M(15M) 0.296ms
[202.127s][info][gc] GC(7893) Pause Young (Allocation Failure) 11M->7M(15M) 0.363ms
[202.134s][info][gc] GC(7894) Pause Young (Allocation Failure) 11M->7M(15M) 0.356ms
[202.139s][info][gc] GC(7895) Pause Young (Allocation Failure) 11M->7M(15M) 0.374ms
[202.145s][info][gc] GC(7896) Pause Young (Allocation Failure) 11M->7M(15M) 0.391ms
[202.161s][info][gc] GC(7897) Pause Young (Allocation Failure) 11M->7M(15M) 0.311ms
[202.177s][info][gc] GC(7898) Pause Young (Allocation Failure) 11M->7M(15M) 0.393ms
[202.185s][info][gc] GC(7899) Pause Young (Allocation Failure) 11M->7M(15M) 0.397ms
[202.190s][info][gc] GC(7900) Pause Young (Allocation Failure) 11M->7M(15M) 0.359ms
[202.194s][info][gc] GC(7901) Pause Young (Allocation Failure) 11M->7M(15M) 0.377ms
[202.201s][info][gc] GC(7902) Pause Young (Allocation Failure) 11M->7M(15M) 0.367ms
[202.208s][info][gc] GC(7903) Pause Young (Allocation Failure) 11M->7M(15M) 0.366ms
[202.213s][info][gc] GC(7904) Pause Young (Allocation Failure) 11M->7M(15M) 0.381ms
[202.220s][info][gc] GC(7905) Pause Young (Allocation Failure) 11M->7M(15M) 0.364ms
[202.224s][info][gc] GC(7906) Pause Young (Allocation Failure) 11M->7M(15M) 0.373ms
[202.230s][info][gc] GC(7907) Pause Young (Allocation Failure) 11M->7M(15M) 0.374ms
[202.240s][info][gc] GC(7908) Pause Young (Allocation Failure) 11M->7M(15M) 0.369ms
[202.245s][info][gc] GC(7909) Pause Young (Allocation Failure) 11M->7M(15M) 0.374ms
[202.252s][info][gc] GC(7910) Pause Young (Allocation Failure) 11M->7M(15M) 0.443ms
[202.256s][info][gc] GC(7911) Pause Young (Allocation Failure) 11M->7M(15M) 0.377ms
[202.261s][info][gc] GC(7912) Pause Young (Allocation Failure) 11M->7M(15M) 0.393ms
[202.268s][info][gc] GC(7913) Pause Young (Allocation Failure) 11M->7M(15M) 0.319ms
[202.275s][info][gc] GC(7914) Pause Young (Allocation Failure) 11M->7M(15M) 0.363ms
[202.284s][info][gc] GC(7915) Pause Young (Allocation Failure) 11M->7M(15M) 0.367ms
[202.293s][info][gc] GC(7916) Pause Young (Allocation Failure) 11M->7M(15M) 0.302ms
[202.303s][info][gc] GC(7917) Pause Young (Allocation Failure) 11M->7M(15M) 0.439ms
[202.308s][info][gc] GC(7918) Pause Young (Allocation Failure) 11M->7M(15M) 0.305ms
[202.314s][info][gc] GC(7919) Pause Young (Allocation Failure) 11M->7M(15M) 0.394ms
[202.334s][info][gc] GC(7920) Pause Young (Allocation Failure) 11M->7M(15M) 0.407ms
[202.344s][info][gc] GC(7921) Pause Young (Allocation Failure) 11M->7M(15M) 0.373ms
[202.356s][info][gc] GC(7922) Pause Young (Allocation Failure) 11M->7M(15M) 0.388ms
[202.364s][info][gc] GC(7923) Pause Young (Allocation Failure) 11M->7M(15M) 0.368ms
[202.373s][info][gc] GC(7924) Pause Young (Allocation Failure) 11M->7M(15M) 0.376ms
[202.381s][info][gc] GC(7925) Pause Young (Allocation Failure) 11M->7M(15M) 0.332ms
[202.390s][info][gc] GC(7926) Pause Young (Allocation Failure) 11M->7M(15M) 0.377ms
[202.401s][info][gc] GC(7927) Pause Young (Allocation Failure) 11M->7M(15M) 0.383ms
[202.410s][info][gc] GC(7928) Pause Young (Allocation Failure) 11M->7M(15M) 0.349ms
[202.423s][info][gc] GC(7929) Pause Young (Allocation Failure) 11M->7M(15M) 0.391ms
[202.441s][info][gc] GC(7930) Pause Young (Allocation Failure) 11M->7M(15M) 0.377ms
[202.454s][info][gc] GC(7931) Pause Young (Allocation Failure) 11M->7M(15M) 0.402ms
[202.472s][info][gc] GC(7932) Pause Young (Allocation Failure) 11M->7M(15M) 0.364ms
[202.576s][info][gc] GC(7933) Pause Young (Allocation Failure) 11M->7M(15M) 0.434ms
[202.593s][info][gc] GC(7934) Pause Young (Allocation Failure) 11M->7M(15M) 0.326ms
[202.611s][info][gc] GC(7935) Pause Young (Allocation Failure) 11M->7M(15M) 0.624ms
[202.625s][info][gc] GC(7936) Pause Young (Allocation Failure) 11M->7M(15M) 0.390ms
[202.632s][info][gc] GC(7937) Pause Young (Allocation Failure) 11M->7M(15M) 1.122ms
[202.643s][info][gc] GC(7938) Pause Young (Allocation Failure) 11M->7M(15M) 0.532ms
[202.653s][info][gc] GC(7939) Pause Young (Allocation Failure) 11M->7M(15M) 0.382ms
[202.659s][info][gc] GC(7940) Pause Young (Allocation Failure) 11M->7M(15M) 0.406ms
[202.666s][info][gc] GC(7941) Pause Young (Allocation Failure) 11M->7M(15M) 1.270ms
[202.673s][info][gc] GC(7942) Pause Young (Allocation Failure) 11M->7M(15M) 0.371ms
[202.679s][info][gc] GC(7943) Pause Young (Allocation Failure) 11M->7M(15M) 0.380ms
[202.690s][info][gc] GC(7944) Pause Young (Allocation Failure) 11M->7M(15M) 0.383ms
[202.695s][info][gc] GC(7945) Pause Young (Allocation Failure) 11M->7M(15M) 0.293ms
[202.704s][info][gc] GC(7946) Pause Young (Allocation Failure) 11M->7M(15M) 0.367ms
[202.715s][info][gc] GC(7947) Pause Young (Allocation Failure) 11M->7M(15M) 0.438ms
[202.729s][info][gc] GC(7948) Pause Young (Allocation Failure) 11M->7M(15M) 0.407ms
[202.744s][info][gc] GC(7949) Pause Young (Allocation Failure) 11M->7M(15M) 0.382ms
[202.757s][info][gc] GC(7950) Pause Young (Allocation Failure) 11M->7M(15M) 0.374ms
[202.775s][info][gc] GC(7951) Pause Young (Allocation Failure) 11M->7M(15M) 0.445ms
[202.798s][info][gc] GC(7952) Pause Young (Allocation Failure) 11M->7M(15M) 0.306ms
[202.810s][info][gc] GC(7953) Pause Young (Allocation Failure) 11M->7M(15M) 0.354ms
[202.822s][info][gc] GC(7954) Pause Young (Allocation Failure) 11M->7M(15M) 0.315ms
[202.834s][info][gc] GC(7955) Pause Young (Allocation Failure) 11M->7M(15M) 0.362ms
[202.847s][info][gc] GC(7956) Pause Young (Allocation Failure) 11M->7M(15M) 0.320ms
[202.858s][info][gc] GC(7957) Pause Young (Allocation Failure) 11M->7M(15M) 0.370ms
[202.872s][info][gc] GC(7958) Pause Young (Allocation Failure) 11M->7M(15M) 0.353ms
[202.879s][info][gc] GC(7959) Pause Young (Allocation Failure) 11M->7M(15M) 0.317ms
[202.895s][info][gc] GC(7960) Pause Young (Allocation Failure) 11M->7M(15M) 0.372ms
[202.905s][info][gc] GC(7961) Pause Young (Allocation Failure) 11M->7M(15M) 0.352ms
[202.912s][info][gc] GC(7962) Pause Young (Allocation Failure) 11M->7M(15M) 0.378ms
[202.919s][info][gc] GC(7963) Pause Young (Allocation Failure) 11M->7M(15M) 0.367ms
[202.927s][info][gc] GC(7964) Pause Young (Allocation Failure) 11M->7M(15M) 0.304ms
[202.939s][info][gc] GC(7965) Pause Young (Allocation Failure) 11M->7M(15M) 0.396ms
[202.947s][info][gc] GC(7966) Pause Young (Allocation Failure) 11M->7M(15M) 0.360ms
[202.957s][info][gc] GC(7967) Pause Young (Allocation Failure) 11M->7M(15M) 0.324ms
[202.962s][info][gc] GC(7968) Pause Young (Allocation Failure) 11M->7M(15M) 0.350ms
[202.974s][info][gc] GC(7969) Pause Young (Allocation Failure) 11M->7M(15M) 0.340ms
[202.978s][info][gc] GC(7970) Pause Young (Allocation Failure) 11M->7M(15M) 0.416ms
[202.985s][info][gc] GC(7971) Pause Young (Allocation Failure) 11M->7M(15M) 0.355ms
[202.991s][info][gc] GC(7972) Pause Young (Allocation Failure) 11M->7M(15M) 0.337ms
[202.996s][info][gc] GC(7973) Pause Young (Allocation Failure) 11M->7M(15M) 0.384ms
[203.005s][info][gc] GC(7974) Pause Young (Allocation Failure) 11M->7M(15M) 0.366ms
[203.009s][info][gc] GC(7975) Pause Young (Allocation Failure) 11M->7M(15M) 0.315ms
[203.014s][info][gc] GC(7976) Pause Young (Allocation Failure) 11M->7M(15M) 0.374ms
[203.021s][info][gc] GC(7977) Pause Young (Allocation Failure) 11M->7M(15M) 0.393ms
[203.026s][info][gc] GC(7978) Pause Young (Allocation Failure) 11M->7M(15M) 0.292ms
[203.031s][info][gc] GC(7979) Pause Young (Allocation Failure) 11M->7M(15M) 0.370ms
[203.041s][info][gc] GC(7980) Pause Young (Allocation Failure) 11M->7M(15M) 0.320ms
[203.046s][info][gc] GC(7981) Pause Young (Allocation Failure) 11M->7M(15M) 0.391ms
[203.053s][info][gc] GC(7982) Pause Young (Allocation Failure) 11M->7M(15M) 0.337ms
[203.058s][info][gc] GC(7983) Pause Young (Allocation Failure) 11M->7M(15M) 0.356ms
[203.063s][info][gc] GC(7984) Pause Young (Allocation Failure) 11M->7M(15M) 0.356ms
[203.073s][info][gc] GC(7985) Pause Young (Allocation Failure) 11M->7M(15M) 0.293ms
[203.077s][info][gc] GC(7986) Pause Young (Allocation Failure) 11M->7M(15M) 0.352ms
[203.085s][info][gc] GC(7987) Pause Young (Allocation Failure) 11M->7M(15M) 0.429ms
[203.093s][info][gc] GC(7988) Pause Young (Allocation Failure) 11M->7M(15M) 0.361ms
[203.111s][info][gc] GC(7989) Pause Young (Allocation Failure) 11M->7M(15M) 0.455ms
[203.123s][info][gc] GC(7990) Pause Young (Allocation Failure) 11M->7M(15M) 0.300ms
[203.129s][info][gc] GC(7991) Pause Young (Allocation Failure) 11M->7M(15M) 0.368ms
[203.138s][info][gc] GC(7992) Pause Young (Allocation Failure) 11M->7M(15M) 0.372ms
[203.143s][info][gc] GC(7993) Pause Young (Allocation Failure) 11M->7M(15M) 0.368ms
[203.147s][info][gc] GC(7994) Pause Young (Allocation Failure) 11M->7M(15M) 0.367ms
[203.154s][info][gc] GC(7995) Pause Young (Allocation Failure) 11M->7M(15M) 0.338ms
[203.161s][info][gc] GC(7996) Pause Young (Allocation Failure) 11M->7M(15M) 0.407ms
[203.168s][info][gc] GC(7997) Pause Young (Allocation Failure) 11M->7M(15M) 0.380ms
[203.174s][info][gc] GC(7998) Pause Young (Allocation Failure) 11M->7M(15M) 0.291ms
[203.181s][info][gc] GC(7999) Pause Young (Allocation Failure) 11M->7M(15M) 0.358ms
[203.190s][info][gc] GC(8000) Pause Young (Allocation Failure) 11M->7M(15M) 0.275ms
[203.195s][info][gc] GC(8001) Pause Young (Allocation Failure) 11M->7M(15M) 0.361ms
[203.206s][info][gc] GC(8002) Pause Young (Allocation Failure) 11M->7M(15M) 0.362ms
[203.212s][info][gc] GC(8003) Pause Young (Allocation Failure) 11M->7M(15M) 0.372ms
[203.218s][info][gc] GC(8004) Pause Young (Allocation Failure) 11M->7M(15M) 0.351ms
[203.224s][info][gc] GC(8005) Pause Young (Allocation Failure) 11M->7M(15M) 0.286ms
[203.234s][info][gc] GC(8006) Pause Young (Allocation Failure) 11M->7M(15M) 0.390ms
[203.241s][info][gc] GC(8007) Pause Young (Allocation Failure) 11M->7M(15M) 0.351ms
[203.245s][info][gc] GC(8008) Pause Young (Allocation Failure) 11M->7M(15M) 0.279ms
[203.254s][info][gc] GC(8009) Pause Young (Allocation Failure) 11M->7M(15M) 0.359ms
[203.259s][info][gc] GC(8010) Pause Young (Allocation Failure) 11M->7M(15M) 0.380ms
[203.269s][info][gc] GC(8011) Pause Young (Allocation Failure) 11M->7M(15M) 0.365ms
[203.276s][info][gc] GC(8012) Pause Young (Allocation Failure) 11M->7M(15M) 0.332ms
[203.281s][info][gc] GC(8013) Pause Young (Allocation Failure) 11M->7M(15M) 0.378ms
[203.289s][info][gc] GC(8014) Pause Young (Allocation Failure) 11M->7M(15M) 0.337ms
[203.294s][info][gc] GC(8015) Pause Young (Allocation Failure) 11M->7M(15M) 0.374ms
[203.302s][info][gc] GC(8016) Pause Young (Allocation Failure) 11M->7M(15M) 0.366ms
[203.309s][info][gc] GC(8017) Pause Young (Allocation Failure) 11M->7M(15M) 0.371ms
[203.317s][info][gc] GC(8018) Pause Young (Allocation Failure) 11M->7M(15M) 0.371ms
[203.326s][info][gc] GC(8019) Pause Young (Allocation Failure) 11M->7M(15M) 0.357ms
[203.347s][info][gc] GC(8020) Pause Young (Allocation Failure) 11M->7M(15M) 0.302ms
[203.357s][info][gc] GC(8021) Pause Young (Allocation Failure) 11M->7M(15M) 0.353ms
[203.362s][info][gc] GC(8022) Pause Young (Allocation Failure) 11M->7M(15M) 0.313ms
[203.373s][info][gc] GC(8023) Pause Young (Allocation Failure) 11M->7M(15M) 0.437ms
[203.381s][info][gc] GC(8024) Pause Young (Allocation Failure) 11M->7M(15M) 0.365ms
[203.391s][info][gc] GC(8025) Pause Young (Allocation Failure) 11M->7M(15M) 0.555ms
[203.396s][info][gc] GC(8026) Pause Young (Allocation Failure) 11M->7M(15M) 0.362ms
[203.404s][info][gc] GC(8027) Pause Young (Allocation Failure) 11M->7M(15M) 0.384ms
[203.411s][info][gc] GC(8028) Pause Young (Allocation Failure) 11M->7M(15M) 0.468ms
[203.419s][info][gc] GC(8029) Pause Young (Allocation Failure) 11M->7M(15M) 0.374ms
[203.427s][info][gc] GC(8030) Pause Young (Allocation Failure) 11M->7M(15M) 0.383ms
[203.435s][info][gc] GC(8031) Pause Young (Allocation Failure) 11M->7M(15M) 0.451ms
[203.442s][info][gc] GC(8032) Pause Young (Allocation Failure) 11M->7M(15M) 0.371ms
[203.450s][info][gc] GC(8033) Pause Young (Allocation Failure) 11M->7M(15M) 0.421ms
[203.460s][info][gc] GC(8034) Pause Young (Allocation Failure) 11M->7M(15M) 0.352ms
[203.475s][info][gc] GC(8035) Pause Young (Allocation Failure) 11M->7M(15M) 0.539ms
[203.488s][info][gc] GC(8036) Pause Young (Allocation Failure) 11M->7M(15M) 0.359ms
[203.498s][info][gc] GC(8037) Pause Young (Allocation Failure) 11M->7M(15M) 0.427ms
[203.509s][info][gc] GC(8038) Pause Young (Allocation Failure) 11M->7M(15M) 0.351ms
[203.514s][info][gc] GC(8039) Pause Young (Allocation Failure) 11M->7M(15M) 0.357ms
[203.524s][info][gc] GC(8040) Pause Young (Allocation Failure) 11M->7M(15M) 0.399ms
[203.530s][info][gc] GC(8041) Pause Young (Allocation Failure) 11M->7M(15M) 0.365ms
[203.538s][info][gc] GC(8042) Pause Young (Allocation Failure) 11M->7M(15M) 0.347ms
[203.544s][info][gc] GC(8043) Pause Young (Allocation Failure) 11M->7M(15M) 0.366ms
[203.553s][info][gc] GC(8044) Pause Young (Allocation Failure) 11M->7M(15M) 0.369ms
[203.563s][info][gc] GC(8045) Pause Young (Allocation Failure) 11M->7M(15M) 0.416ms
[203.576s][info][gc] GC(8046) Pause Young (Allocation Failure) 11M->7M(15M) 0.377ms
[203.587s][info][gc] GC(8047) Pause Young (Allocation Failure) 11M->7M(15M) 0.484ms
[203.594s][info][gc] GC(8048) Pause Young (Allocation Failure) 11M->7M(15M) 0.415ms
[203.602s][info][gc] GC(8049) Pause Young (Allocation Failure) 11M->7M(15M) 0.379ms
[203.609s][info][gc] GC(8050) Pause Young (Allocation Failure) 11M->7M(15M) 0.352ms
[203.618s][info][gc] GC(8051) Pause Young (Allocation Failure) 11M->7M(15M) 0.377ms
[203.630s][info][gc] GC(8052) Pause Young (Allocation Failure) 11M->7M(15M) 0.388ms
[203.646s][info][gc] GC(8053) Pause Young (Allocation Failure) 11M->7M(15M) 0.444ms
[203.666s][info][gc] GC(8054) Pause Young (Allocation Failure) 11M->7M(15M) 0.450ms
[203.680s][info][gc] GC(8055) Pause Young (Allocation Failure) 11M->7M(15M) 0.323ms
[203.718s][info][gc] GC(8056) Pause Young (Allocation Failure) 11M->7M(15M) 0.415ms
[203.728s][info][gc] GC(8057) Pause Young (Allocation Failure) 11M->7M(15M) 0.323ms
[203.744s][info][gc] GC(8058) Pause Young (Allocation Failure) 11M->7M(15M) 0.369ms
[203.773s][info][gc] GC(8059) Pause Young (Allocation Failure) 11M->7M(15M) 0.363ms
[203.799s][info][gc] GC(8060) Pause Young (Allocation Failure) 11M->7M(15M) 1.229ms
[203.819s][info][gc] GC(8061) Pause Young (Allocation Failure) 11M->7M(15M) 0.840ms
[203.862s][info][gc] GC(8062) Pause Young (Allocation Failure) 11M->7M(15M) 0.329ms
[203.889s][info][gc] GC(8063) Pause Young (Allocation Failure) 11M->7M(15M) 0.380ms
[203.912s][info][gc] GC(8064) Pause Young (Allocation Failure) 11M->7M(15M) 0.498ms
[203.932s][info][gc] GC(8065) Pause Young (Allocation Failure) 11M->7M(15M) 1.865ms
[203.958s][info][gc] GC(8066) Pause Young (Allocation Failure) 11M->7M(15M) 0.397ms
[203.978s][info][gc] GC(8067) Pause Young (Allocation Failure) 11M->7M(15M) 0.371ms
[204.004s][info][gc] GC(8068) Pause Young (Allocation Failure) 11M->7M(15M) 0.410ms
[204.013s][info][gc] GC(8069) Pause Young (Allocation Failure) 11M->7M(15M) 0.378ms
[204.042s][info][gc] GC(8070) Pause Young (Allocation Failure) 11M->7M(15M) 0.403ms
[204.060s][info][gc] GC(8071) Pause Young (Allocation Failure) 11M->7M(15M) 0.282ms
[204.072s][info][gc] GC(8072) Pause Young (Allocation Failure) 11M->7M(15M) 0.381ms
[204.078s][info][gc] GC(8073) Pause Young (Allocation Failure) 11M->7M(15M) 0.387ms
[204.088s][info][gc] GC(8074) Pause Young (Allocation Failure) 11M->7M(15M) 0.282ms
[204.162s][info][gc] GC(8075) Pause Young (Allocation Failure) 11M->7M(15M) 0.379ms
[204.206s][info][gc] GC(8076) Pause Young (Allocation Failure) 11M->7M(15M) 0.440ms
[204.229s][info][gc] GC(8077) Pause Young (Allocation Failure) 11M->7M(15M) 0.653ms
[204.263s][info][gc] GC(8078) Pause Young (Allocation Failure) 11M->7M(15M) 0.950ms
[204.314s][info][gc] GC(8079) Pause Young (Allocation Failure) 11M->7M(15M) 0.441ms
[204.344s][info][gc] GC(8080) Pause Young (Allocation Failure) 11M->7M(15M) 0.674ms
[204.444s][info][gc] GC(8081) Pause Young (Allocation Failure) 11M->7M(15M) 0.380ms
[204.462s][info][gc] GC(8082) Pause Young (Allocation Failure) 11M->7M(15M) 0.288ms
[204.530s][info][gc] GC(8083) Pause Young (Allocation Failure) 11M->7M(15M) 0.387ms
[204.546s][info][gc] GC(8084) Pause Young (Allocation Failure) 11M->7M(15M) 0.413ms
[204.577s][info][gc] GC(8085) Pause Young (Allocation Failure) 11M->7M(15M) 0.385ms
[204.594s][info][gc] GC(8086) Pause Young (Allocation Failure) 11M->7M(15M) 0.391ms
[204.690s][info][gc] GC(8087) Pause Young (Allocation Failure) 11M->7M(15M) 0.375ms
[204.724s][info][gc] GC(8088) Pause Young (Allocation Failure) 11M->7M(15M) 0.514ms
[204.758s][info][gc] GC(8089) Pause Young (Allocation Failure) 11M->7M(15M) 0.389ms
[204.771s][info][gc] GC(8090) Pause Young (Allocation Failure) 11M->7M(15M) 0.533ms
[204.778s][info][gc] GC(8091) Pause Young (Allocation Failure) 11M->7M(15M) 0.430ms
[204.802s][info][gc] GC(8092) Pause Young (Allocation Failure) 11M->7M(15M) 0.632ms
[204.830s][info][gc] GC(8093) Pause Young (Allocation Failure) 11M->7M(15M) 0.370ms
[204.839s][info][gc] GC(8094) Pause Young (Allocation Failure) 11M->7M(15M) 0.419ms
[204.844s][info][gc] GC(8095) Pause Young (Allocation Failure) 11M->7M(15M) 0.440ms
[204.860s][info][gc] GC(8096) Pause Young (Allocation Failure) 11M->7M(15M) 0.367ms
[204.879s][info][gc] GC(8097) Pause Young (Allocation Failure) 11M->7M(15M) 0.379ms
[204.890s][info][gc] GC(8098) Pause Young (Allocation Failure) 11M->7M(15M) 0.357ms
[204.896s][info][gc] GC(8099) Pause Young (Allocation Failure) 11M->7M(15M) 0.390ms
[204.943s][info][gc] GC(8100) Pause Young (Allocation Failure) 11M->7M(15M) 0.476ms
[204.956s][info][gc] GC(8101) Pause Young (Allocation Failure) 11M->7M(15M) 0.340ms
[204.965s][info][gc] GC(8102) Pause Young (Allocation Failure) 11M->7M(15M) 1.181ms
[204.996s][info][gc] GC(8103) Pause Young (Allocation Failure) 11M->7M(15M) 0.393ms
[205.014s][info][gc] GC(8104) Pause Young (Allocation Failure) 11M->7M(15M) 0.387ms
[205.041s][info][gc] GC(8105) Pause Young (Allocation Failure) 11M->7M(15M) 0.406ms
[205.058s][info][gc] GC(8106) Pause Young (Allocation Failure) 11M->7M(15M) 0.390ms
[205.064s][info][gc] GC(8107) Pause Young (Allocation Failure) 11M->7M(15M) 0.540ms
[205.078s][info][gc] GC(8108) Pause Young (Allocation Failure) 11M->7M(15M) 0.379ms
[205.088s][info][gc] GC(8109) Pause Young (Allocation Failure) 11M->7M(15M) 0.310ms
[205.093s][info][gc] GC(8110) Pause Young (Allocation Failure) 11M->7M(15M) 0.371ms
[205.101s][info][gc] GC(8111) Pause Young (Allocation Failure) 11M->7M(15M) 0.349ms
[205.108s][info][gc] GC(8112) Pause Young (Allocation Failure) 11M->7M(15M) 0.370ms
[205.123s][info][gc] GC(8113) Pause Young (Allocation Failure) 11M->7M(15M) 0.372ms
[205.131s][info][gc] GC(8114) Pause Young (Allocation Failure) 11M->7M(15M) 0.365ms
[205.145s][info][gc] GC(8115) Pause Young (Allocation Failure) 11M->7M(15M) 0.367ms
[205.154s][info][gc] GC(8116) Pause Young (Allocation Failure) 11M->7M(15M) 0.379ms
[205.159s][info][gc] GC(8117) Pause Young (Allocation Failure) 11M->7M(15M) 0.379ms
[205.164s][info][gc] GC(8118) Pause Young (Allocation Failure) 11M->7M(15M) 0.380ms
[205.170s][info][gc] GC(8119) Pause Young (Allocation Failure) 11M->7M(15M) 0.392ms
[205.175s][info][gc] GC(8120) Pause Young (Allocation Failure) 11M->7M(15M) 0.383ms
[205.184s][info][gc] GC(8121) Pause Young (Allocation Failure) 11M->7M(15M) 0.379ms
[205.189s][info][gc] GC(8122) Pause Young (Allocation Failure) 11M->7M(15M) 0.382ms
[205.194s][info][gc] GC(8123) Pause Young (Allocation Failure) 11M->7M(15M) 0.367ms
[205.202s][info][gc] GC(8124) Pause Young (Allocation Failure) 11M->7M(15M) 0.368ms
[205.209s][info][gc] GC(8125) Pause Young (Allocation Failure) 11M->7M(15M) 0.398ms
[205.213s][info][gc] GC(8126) Pause Young (Allocation Failure) 11M->7M(15M) 0.375ms
[205.220s][info][gc] GC(8127) Pause Young (Allocation Failure) 11M->7M(15M) 0.414ms
[205.229s][info][gc] GC(8128) Pause Young (Allocation Failure) 11M->7M(15M) 0.361ms
[205.248s][info][gc] GC(8129) Pause Young (Allocation Failure) 11M->7M(15M) 0.734ms
[205.261s][info][gc] GC(8130) Pause Young (Allocation Failure) 11M->7M(15M) 0.395ms
[205.268s][info][gc] GC(8131) Pause Young (Allocation Failure) 11M->7M(15M) 0.427ms
[205.273s][info][gc] GC(8132) Pause Young (Allocation Failure) 11M->7M(15M) 0.387ms
[205.280s][info][gc] GC(8133) Pause Young (Allocation Failure) 11M->7M(15M) 0.381ms
[205.289s][info][gc] GC(8134) Pause Young (Allocation Failure) 11M->7M(15M) 0.379ms
[205.294s][info][gc] GC(8135) Pause Young (Allocation Failure) 11M->7M(15M) 0.396ms
[205.302s][info][gc] GC(8136) Pause Young (Allocation Failure) 11M->7M(15M) 0.396ms
[205.309s][info][gc] GC(8137) Pause Young (Allocation Failure) 11M->7M(15M) 0.358ms
[205.314s][info][gc] GC(8138) Pause Young (Allocation Failure) 11M->7M(15M) 0.421ms
[205.321s][info][gc] GC(8139) Pause Young (Allocation Failure) 11M->7M(15M) 0.394ms
[205.326s][info][gc] GC(8140) Pause Young (Allocation Failure) 11M->7M(15M) 0.367ms
[205.333s][info][gc] GC(8141) Pause Young (Allocation Failure) 11M->7M(15M) 0.407ms
[205.340s][info][gc] GC(8142) Pause Young (Allocation Failure) 11M->7M(15M) 0.376ms
[205.346s][info][gc] GC(8143) Pause Young (Allocation Failure) 11M->7M(15M) 0.318ms
[205.353s][info][gc] GC(8144) Pause Young (Allocation Failure) 11M->7M(15M) 0.384ms
[205.374s][info][gc] GC(8145) Pause Young (Allocation Failure) 11M->7M(15M) 0.321ms
[205.385s][info][gc] GC(8146) Pause Young (Allocation Failure) 11M->7M(15M) 0.371ms
[205.394s][info][gc] GC(8147) Pause Young (Allocation Failure) 11M->7M(15M) 0.343ms
[205.403s][info][gc] GC(8148) Pause Young (Allocation Failure) 11M->7M(15M) 0.555ms
[205.410s][info][gc] GC(8149) Pause Young (Allocation Failure) 11M->7M(15M) 0.360ms
[205.417s][info][gc] GC(8150) Pause Young (Allocation Failure) 11M->7M(15M) 0.340ms
[205.423s][info][gc] GC(8151) Pause Young (Allocation Failure) 11M->7M(15M) 0.392ms
[205.428s][info][gc] GC(8152) Pause Young (Allocation Failure) 11M->7M(15M) 0.364ms
[205.435s][info][gc] GC(8153) Pause Young (Allocation Failure) 11M->7M(15M) 0.384ms
[205.439s][info][gc] GC(8154) Pause Young (Allocation Failure) 11M->7M(15M) 0.372ms
[205.451s][info][gc] GC(8155) Pause Young (Allocation Failure) 11M->7M(15M) 0.337ms
[205.458s][info][gc] GC(8156) Pause Young (Allocation Failure) 11M->7M(15M) 0.382ms
[205.469s][info][gc] GC(8157) Pause Young (Allocation Failure) 11M->7M(15M) 0.385ms
[205.479s][info][gc] GC(8158) Pause Young (Allocation Failure) 11M->7M(15M) 0.379ms
[205.489s][info][gc] GC(8159) Pause Young (Allocation Failure) 11M->7M(15M) 0.373ms
[205.494s][info][gc] GC(8160) Pause Young (Allocation Failure) 11M->7M(15M) 0.401ms
[205.501s][info][gc] GC(8161) Pause Young (Allocation Failure) 11M->7M(15M) 0.373ms
[205.506s][info][gc] GC(8162) Pause Young (Allocation Failure) 11M->7M(15M) 0.361ms
[205.511s][info][gc] GC(8163) Pause Young (Allocation Failure) 11M->7M(15M) 0.367ms
[205.519s][info][gc] GC(8164) Pause Young (Allocation Failure) 11M->7M(15M) 0.345ms
[205.539s][info][gc] GC(8165) Pause Young (Allocation Failure) 11M->7M(15M) 0.368ms
[205.546s][info][gc] GC(8166) Pause Young (Allocation Failure) 11M->7M(15M) 0.325ms
[205.554s][info][gc] GC(8167) Pause Young (Allocation Failure) 11M->7M(15M) 0.398ms
[205.559s][info][gc] GC(8168) Pause Young (Allocation Failure) 11M->7M(15M) 0.366ms
[205.564s][info][gc] GC(8169) Pause Young (Allocation Failure) 11M->7M(15M) 0.381ms
[205.571s][info][gc] GC(8170) Pause Young (Allocation Failure) 12M->7M(15M) 0.362ms
[205.577s][info][gc] GC(8171) Pause Young (Allocation Failure) 12M->7M(15M) 0.388ms
[205.584s][info][gc] GC(8172) Pause Young (Allocation Failure) 12M->7M(15M) 0.347ms
[205.591s][info][gc] GC(8173) Pause Young (Allocation Failure) 11M->7M(15M) 0.353ms
[205.595s][info][gc] GC(8174) Pause Young (Allocation Failure) 11M->7M(15M) 0.388ms
[205.602s][info][gc] GC(8175) Pause Young (Allocation Failure) 12M->7M(15M) 0.371ms
[205.608s][info][gc] GC(8176) Pause Young (Allocation Failure) 11M->7M(15M) 0.307ms
[205.613s][info][gc] GC(8177) Pause Young (Allocation Failure) 11M->7M(15M) 0.405ms
[205.622s][info][gc] GC(8178) Pause Young (Allocation Failure) 12M->7M(15M) 0.362ms
[205.627s][info][gc] GC(8179) Pause Young (Allocation Failure) 11M->7M(15M) 0.321ms
[205.631s][info][gc] GC(8180) Pause Young (Allocation Failure) 11M->7M(15M) 0.391ms
[205.639s][info][gc] GC(8181) Pause Young (Allocation Failure) 12M->7M(15M) 0.363ms
[205.644s][info][gc] GC(8182) Pause Young (Allocation Failure) 12M->7M(15M) 0.326ms
[205.651s][info][gc] GC(8183) Pause Young (Allocation Failure) 11M->7M(15M) 0.381ms
[205.655s][info][gc] GC(8184) Pause Young (Allocation Failure) 12M->7M(15M) 0.363ms
[205.660s][info][gc] GC(8185) Pause Young (Allocation Failure) 12M->7M(15M) 0.329ms
[205.669s][info][gc] GC(8186) Pause Young (Allocation Failure) 11M->7M(15M) 0.392ms
[205.673s][info][gc] GC(8187) Pause Young (Allocation Failure) 12M->7M(15M) 0.361ms
[205.678s][info][gc] GC(8188) Pause Young (Allocation Failure) 12M->7M(15M) 0.381ms
[205.687s][info][gc] GC(8189) Pause Young (Allocation Failure) 12M->7M(15M) 0.369ms
[205.694s][info][gc] GC(8190) Pause Young (Allocation Failure) 12M->7M(15M) 0.298ms
[205.703s][info][gc] GC(8191) Pause Young (Allocation Failure) 11M->7M(15M) 0.380ms
[205.710s][info][gc] GC(8192) Pause Young (Allocation Failure) 12M->7M(15M) 0.334ms
[205.715s][info][gc] GC(8193) Pause Young (Allocation Failure) 12M->7M(15M) 1.273ms
[205.725s][info][gc] GC(8194) Pause Young (Allocation Failure) 12M->7M(15M) 0.362ms
[205.743s][info][gc] GC(8195) Pause Young (Allocation Failure) 12M->7M(15M) 0.373ms
[205.758s][info][gc] GC(8196) Pause Young (Allocation Failure) 12M->7M(15M) 0.377ms
[205.763s][info][gc] GC(8197) Pause Young (Allocation Failure) 12M->7M(15M) 0.358ms
[205.770s][info][gc] GC(8198) Pause Young (Allocation Failure) 12M->7M(15M) 0.369ms
[205.775s][info][gc] GC(8199) Pause Young (Allocation Failure) 12M->7M(15M) 0.372ms
[205.779s][info][gc] GC(8200) Pause Young (Allocation Failure) 12M->7M(15M) 0.273ms
[205.788s][info][gc] GC(8201) Pause Young (Allocation Failure) 11M->7M(15M) 0.358ms
[205.793s][info][gc] GC(8202) Pause Young (Allocation Failure) 12M->7M(15M) 0.356ms
[205.798s][info][gc] GC(8203) Pause Young (Allocation Failure) 12M->7M(15M) 0.539ms
[205.805s][info][gc] GC(8204) Pause Young (Allocation Failure) 12M->7M(15M) 0.389ms
[205.810s][info][gc] GC(8205) Pause Young (Allocation Failure) 12M->7M(15M) 0.302ms
[205.815s][info][gc] GC(8206) Pause Young (Allocation Failure) 11M->7M(15M) 1.211ms
[205.823s][info][gc] GC(8207) Pause Young (Allocation Failure) 12M->7M(15M) 0.360ms
[205.827s][info][gc] GC(8208) Pause Young (Allocation Failure) 12M->7M(15M) 0.378ms
[205.835s][info][gc] GC(8209) Pause Young (Allocation Failure) 12M->7M(15M) 0.356ms
[205.841s][info][gc] GC(8210) Pause Young (Allocation Failure) 12M->7M(15M) 0.359ms
[205.845s][info][gc] GC(8211) Pause Young (Allocation Failure) 12M->7M(15M) 0.371ms
[205.859s][info][gc] GC(8212) Pause Young (Allocation Failure) 12M->7M(15M) 0.369ms
[205.867s][info][gc] GC(8213) Pause Young (Allocation Failure) 12M->7M(15M) 0.334ms
[205.872s][info][gc] GC(8214) Pause Young (Allocation Failure) 12M->7M(15M) 0.377ms
[205.878s][info][gc] GC(8215) Pause Young (Allocation Failure) 12M->7M(15M) 0.338ms
[205.889s][info][gc] GC(8216) Pause Young (Allocation Failure) 12M->7M(15M) 0.398ms
[205.894s][info][gc] GC(8217) Pause Young (Allocation Failure) 12M->7M(15M) 0.369ms
[205.901s][info][gc] GC(8218) Pause Young (Allocation Failure) 12M->7M(15M) 0.321ms
[205.905s][info][gc] GC(8219) Pause Young (Allocation Failure) 12M->7M(15M) 0.358ms
[205.911s][info][gc] GC(8220) Pause Young (Allocation Failure) 12M->7M(15M) 0.370ms
[205.918s][info][gc] GC(8221) Pause Young (Allocation Failure) 12M->7M(15M) 0.473ms
[205.924s][info][gc] GC(8222) Pause Young (Allocation Failure) 12M->7M(15M) 0.372ms
[205.929s][info][gc] GC(8223) Pause Young (Allocation Failure) 12M->7M(15M) 0.323ms
[205.935s][info][gc] GC(8224) Pause Young (Allocation Failure) 12M->7M(15M) 0.385ms
[205.940s][info][gc] GC(8225) Pause Young (Allocation Failure) 12M->7M(15M) 0.369ms
[205.945s][info][gc] GC(8226) Pause Young (Allocation Failure) 12M->7M(15M) 0.386ms
[205.961s][info][gc] GC(8227) Pause Young (Allocation Failure) 12M->7M(15M) 0.363ms
[205.973s][info][gc] GC(8228) Pause Young (Allocation Failure) 12M->7M(15M) 0.295ms
[205.983s][info][gc] GC(8229) Pause Young (Allocation Failure) 12M->7M(15M) 0.360ms
[205.990s][info][gc] GC(8230) Pause Young (Allocation Failure) 12M->7M(15M) 0.371ms
[205.995s][info][gc] GC(8231) Pause Young (Allocation Failure) 12M->7M(15M) 0.379ms
[206.002s][info][gc] GC(8232) Pause Young (Allocation Failure) 12M->7M(15M) 0.363ms
[206.007s][info][gc] GC(8233) Pause Young (Allocation Failure) 12M->7M(15M) 0.295ms
[206.014s][info][gc] GC(8234) Pause Young (Allocation Failure) 12M->7M(15M) 0.381ms
[206.023s][info][gc] GC(8235) Pause Young (Allocation Failure) 12M->7M(15M) 0.404ms
[206.029s][info][gc] GC(8236) Pause Young (Allocation Failure) 12M->7M(15M) 0.365ms
[206.047s][info][gc] GC(8237) Pause Young (Allocation Failure) 12M->7M(15M) 0.334ms
[206.054s][info][gc] GC(8238) Pause Young (Allocation Failure) 12M->7M(15M) 0.371ms
[206.059s][info][gc] GC(8239) Pause Young (Allocation Failure) 12M->7M(15M) 0.358ms
[206.063s][info][gc] GC(8240) Pause Young (Allocation Failure) 12M->7M(15M) 0.270ms
[206.073s][info][gc] GC(8241) Pause Young (Allocation Failure) 12M->7M(15M) 0.374ms
[206.087s][info][gc] GC(8242) Pause Young (Allocation Failure) 12M->7M(15M) 0.347ms
[206.096s][info][gc] GC(8243) Pause Young (Allocation Failure) 12M->7M(15M) 0.372ms
[206.112s][info][gc] GC(8244) Pause Young (Allocation Failure) 12M->7M(15M) 0.374ms
[206.120s][info][gc] GC(8245) Pause Young (Allocation Failure) 12M->7M(15M) 0.298ms
[206.125s][info][gc] GC(8246) Pause Young (Allocation Failure) 12M->7M(15M) 0.362ms
[206.134s][info][gc] GC(8247) Pause Young (Allocation Failure) 12M->7M(15M) 0.330ms
[206.139s][info][gc] GC(8248) Pause Young (Allocation Failure) 12M->7M(15M) 0.370ms
[206.144s][info][gc] GC(8249) Pause Young (Allocation Failure) 12M->7M(15M) 0.362ms
[206.154s][info][gc] GC(8250) Pause Young (Allocation Failure) 12M->7M(15M) 0.368ms
[206.161s][info][gc] GC(8251) Pause Young (Allocation Failure) 12M->7M(15M) 0.390ms
[206.170s][info][gc] GC(8252) Pause Young (Allocation Failure) 12M->7M(15M) 0.349ms
[206.174s][info][gc] GC(8253) Pause Young (Allocation Failure) 12M->7M(15M) 0.367ms
[206.179s][info][gc] GC(8254) Pause Young (Allocation Failure) 12M->7M(15M) 0.361ms
[206.188s][info][gc] GC(8255) Pause Young (Allocation Failure) 12M->7M(15M) 0.297ms
[206.192s][info][gc] GC(8256) Pause Young (Allocation Failure) 12M->7M(15M) 0.356ms
[206.201s][info][gc] GC(8257) Pause Young (Allocation Failure) 12M->7M(15M) 0.325ms
[206.211s][info][gc] GC(8258) Pause Young (Allocation Failure) 12M->7M(15M) 0.699ms
[206.236s][info][gc] GC(8259) Pause Young (Allocation Failure) 12M->7M(15M) 0.396ms
[206.246s][info][gc] GC(8260) Pause Young (Allocation Failure) 12M->7M(15M) 0.294ms
[206.268s][info][gc] GC(8261) Pause Young (Allocation Failure) 12M->7M(15M) 0.386ms
[206.355s][info][gc] GC(8262) Pause Young (Allocation Failure) 12M->7M(15M) 0.379ms
[206.384s][info][gc] GC(8263) Pause Young (Allocation Failure) 12M->7M(15M) 0.386ms
[206.394s][info][gc] GC(8264) Pause Young (Allocation Failure) 12M->7M(15M) 0.380ms
[206.406s][info][gc] GC(8265) Pause Young (Allocation Failure) 12M->7M(15M) 0.324ms
[206.411s][info][gc] GC(8266) Pause Young (Allocation Failure) 12M->7M(15M) 0.385ms
[206.419s][info][gc] GC(8267) Pause Young (Allocation Failure) 12M->7M(15M) 0.362ms
[206.426s][info][gc] GC(8268) Pause Young (Allocation Failure) 12M->7M(15M) 0.398ms
[206.441s][info][gc] GC(8269) Pause Young (Allocation Failure) 12M->7M(15M) 0.382ms
[206.459s][info][gc] GC(8270) Pause Young (Allocation Failure) 12M->7M(15M) 0.956ms
[206.470s][info][gc] GC(8271) Pause Young (Allocation Failure) 12M->7M(15M) 0.398ms
[206.480s][info][gc] GC(8272) Pause Young (Allocation Failure) 12M->7M(15M) 0.298ms
[206.505s][info][gc] GC(8273) Pause Young (Allocation Failure) 12M->7M(15M) 0.382ms
[206.510s][info][gc] GC(8274) Pause Young (Allocation Failure) 12M->7M(15M) 0.383ms
[206.538s][info][gc] GC(8275) Pause Young (Allocation Failure) 12M->7M(15M) 0.590ms
[206.556s][info][gc] GC(8276) Pause Young (Allocation Failure) 12M->7M(15M) 0.382ms
[206.564s][info][gc] GC(8277) Pause Young (Allocation Failure) 12M->7M(15M) 0.287ms
[206.574s][info][gc] GC(8278) Pause Young (Allocation Failure) 12M->7M(15M) 0.381ms
[206.579s][info][gc] GC(8279) Pause Young (Allocation Failure) 12M->7M(15M) 0.348ms
[206.592s][info][gc] GC(8280) Pause Young (Allocation Failure) 12M->7M(15M) 0.367ms
[206.602s][info][gc] GC(8281) Pause Young (Allocation Failure) 12M->7M(15M) 0.351ms
[206.611s][info][gc] GC(8282) Pause Young (Allocation Failure) 12M->7M(15M) 0.279ms
[206.623s][info][gc] GC(8283) Pause Young (Allocation Failure) 12M->7M(15M) 0.368ms
[206.627s][info][gc] GC(8284) Pause Young (Allocation Failure) 12M->7M(15M) 0.363ms
[206.635s][info][gc] GC(8285) Pause Young (Allocation Failure) 12M->7M(15M) 0.519ms
[206.646s][info][gc] GC(8286) Pause Young (Allocation Failure) 12M->7M(15M) 0.369ms
[206.653s][info][gc] GC(8287) Pause Young (Allocation Failure) 12M->7M(15M) 0.287ms
[206.658s][info][gc] GC(8288) Pause Young (Allocation Failure) 12M->7M(15M) 0.364ms
[206.673s][info][gc] GC(8289) Pause Young (Allocation Failure) 12M->7M(15M) 0.344ms
[206.680s][info][gc] GC(8290) Pause Young (Allocation Failure) 12M->7M(15M) 0.360ms
[206.687s][info][gc] GC(8291) Pause Young (Allocation Failure) 12M->7M(15M) 0.365ms
[206.691s][info][gc] GC(8292) Pause Young (Allocation Failure) 12M->7M(15M) 0.371ms
[206.729s][info][gc] GC(8293) Pause Young (Allocation Failure) 12M->7M(15M) 0.378ms
[206.741s][info][gc] GC(8294) Pause Young (Allocation Failure) 12M->7M(15M) 0.297ms
[206.757s][info][gc] GC(8295) Pause Young (Allocation Failure) 12M->7M(15M) 0.386ms
[206.776s][info][gc] GC(8296) Pause Young (Allocation Failure) 12M->7M(15M) 0.407ms
[206.780s][info][gc] GC(8297) Pause Young (Allocation Failure) 12M->7M(15M) 0.370ms
[206.794s][info][gc] GC(8298) Pause Young (Allocation Failure) 12M->7M(15M) 0.409ms
[206.818s][info][gc] GC(8299) Pause Young (Allocation Failure) 12M->7M(15M) 0.833ms
[206.832s][info][gc] GC(8300) Pause Young (Allocation Failure) 12M->7M(15M) 1.613ms
[206.846s][info][gc] GC(8301) Pause Young (Allocation Failure) 12M->7M(15M) 0.623ms
[206.867s][info][gc] GC(8302) Pause Young (Allocation Failure) 12M->7M(15M) 0.432ms
[206.894s][info][gc] GC(8303) Pause Young (Allocation Failure) 12M->7M(15M) 0.367ms
[206.909s][info][gc] GC(8304) Pause Young (Allocation Failure) 12M->7M(15M) 0.401ms
[206.940s][info][gc] GC(8305) Pause Young (Allocation Failure) 12M->7M(15M) 0.388ms
[206.976s][info][gc] GC(8306) Pause Young (Allocation Failure) 12M->7M(15M) 0.347ms
[206.990s][info][gc] GC(8307) Pause Young (Allocation Failure) 12M->7M(15M) 0.361ms
[207.005s][info][gc] GC(8308) Pause Young (Allocation Failure) 12M->7M(15M) 0.405ms
[207.022s][info][gc] GC(8309) Pause Young (Allocation Failure) 12M->7M(15M) 0.388ms
[207.043s][info][gc] GC(8310) Pause Young (Allocation Failure) 12M->7M(15M) 0.382ms
[207.063s][info][gc] GC(8311) Pause Young (Allocation Failure) 12M->7M(15M) 0.410ms
[207.096s][info][gc] GC(8312) Pause Young (Allocation Failure) 12M->7M(15M) 0.382ms
[207.126s][info][gc] GC(8313) Pause Young (Allocation Failure) 12M->7M(15M) 0.538ms
[207.157s][info][gc] GC(8314) Pause Young (Allocation Failure) 12M->7M(15M) 0.412ms
[207.188s][info][gc] GC(8315) Pause Young (Allocation Failure) 12M->7M(15M) 0.858ms
[207.229s][info][gc] GC(8316) Pause Young (Allocation Failure) 12M->7M(15M) 0.425ms
[207.257s][info][gc] GC(8317) Pause Young (Allocation Failure) 12M->7M(15M) 0.396ms
[207.272s][info][gc] GC(8318) Pause Young (Allocation Failure) 12M->7M(15M) 0.341ms
[207.309s][info][gc] GC(8319) Pause Young (Allocation Failure) 12M->7M(15M) 0.385ms
[207.321s][info][gc] GC(8320) Pause Young (Allocation Failure) 12M->7M(15M) 0.366ms
[207.327s][info][gc] GC(8321) Pause Young (Allocation Failure) 12M->7M(15M) 0.384ms
[207.345s][info][gc] GC(8322) Pause Young (Allocation Failure) 12M->7M(15M) 0.386ms
[207.362s][info][gc] GC(8323) Pause Young (Allocation Failure) 12M->7M(15M) 0.344ms
[207.394s][info][gc] GC(8324) Pause Young (Allocation Failure) 12M->7M(15M) 0.388ms
[207.405s][info][gc] GC(8325) Pause Young (Allocation Failure) 12M->7M(15M) 0.359ms
[207.410s][info][gc] GC(8326) Pause Young (Allocation Failure) 12M->7M(15M) 0.285ms
[207.418s][info][gc] GC(8327) Pause Young (Allocation Failure) 12M->7M(15M) 0.370ms
[207.430s][info][gc] GC(8328) Pause Young (Allocation Failure) 12M->7M(15M) 0.376ms
[207.559s][info][gc] GC(8329) Pause Young (Allocation Failure) 12M->7M(15M) 0.358ms
[207.570s][info][gc] GC(8330) Pause Young (Allocation Failure) 12M->7M(15M) 0.366ms
[207.595s][info][gc] GC(8331) Pause Young (Allocation Failure) 12M->7M(15M) 0.311ms
[207.608s][info][gc] GC(8332) Pause Young (Allocation Failure) 12M->7M(15M) 0.361ms
[207.626s][info][gc] GC(8333) Pause Young (Allocation Failure) 12M->7M(15M) 0.353ms
[207.641s][info][gc] GC(8334) Pause Young (Allocation Failure) 12M->7M(15M) 0.380ms
[207.646s][info][gc] GC(8335) Pause Young (Allocation Failure) 12M->7M(15M) 0.365ms
[207.661s][info][gc] GC(8336) Pause Young (Allocation Failure) 12M->7M(15M) 0.364ms
[207.668s][info][gc] GC(8337) Pause Young (Allocation Failure) 12M->7M(15M) 0.349ms
[207.672s][info][gc] GC(8338) Pause Young (Allocation Failure) 12M->7M(15M) 0.358ms
[207.677s][info][gc] GC(8339) Pause Young (Allocation Failure) 12M->7M(15M) 0.312ms
[207.683s][info][gc] GC(8340) Pause Young (Allocation Failure) 12M->7M(15M) 0.378ms
[207.690s][info][gc] GC(8341) Pause Young (Allocation Failure) 12M->7M(15M) 0.359ms
[207.694s][info][gc] GC(8342) Pause Young (Allocation Failure) 12M->7M(15M) 0.280ms
[207.701s][info][gc] GC(8343) Pause Young (Allocation Failure) 12M->7M(15M) 0.363ms
[207.706s][info][gc] GC(8344) Pause Young (Allocation Failure) 12M->7M(15M) 0.366ms
[207.711s][info][gc] GC(8345) Pause Young (Allocation Failure) 12M->7M(15M) 0.367ms
[207.720s][info][gc] GC(8346) Pause Young (Allocation Failure) 12M->7M(15M) 0.375ms
[207.727s][info][gc] GC(8347) Pause Young (Allocation Failure) 12M->7M(15M) 0.380ms
[207.736s][info][gc] GC(8348) Pause Young (Allocation Failure) 12M->7M(15M) 0.355ms
[207.744s][info][gc] GC(8349) Pause Young (Allocation Failure) 12M->7M(15M) 0.411ms
[207.751s][info][gc] GC(8350) Pause Young (Allocation Failure) 12M->7M(15M) 0.346ms
[207.757s][info][gc] GC(8351) Pause Young (Allocation Failure) 12M->7M(15M) 0.369ms
[207.762s][info][gc] GC(8352) Pause Young (Allocation Failure) 12M->7M(15M) 0.364ms
[207.771s][info][gc] GC(8353) Pause Young (Allocation Failure) 12M->7M(15M) 0.366ms
[207.775s][info][gc] GC(8354) Pause Young (Allocation Failure) 12M->7M(15M) 0.364ms
[207.789s][info][gc] GC(8355) Pause Young (Allocation Failure) 12M->7M(15M) 0.353ms
[207.804s][info][gc] GC(8356) Pause Young (Allocation Failure) 12M->7M(15M) 0.366ms
[207.810s][info][gc] GC(8357) Pause Young (Allocation Failure) 12M->7M(15M) 0.364ms
[207.817s][info][gc] GC(8358) Pause Young (Allocation Failure) 12M->7M(15M) 0.294ms
[207.823s][info][gc] GC(8359) Pause Young (Allocation Failure) 12M->7M(15M) 0.371ms
[207.828s][info][gc] GC(8360) Pause Young (Allocation Failure) 12M->7M(15M) 0.285ms
[207.837s][info][gc] GC(8361) Pause Young (Allocation Failure) 12M->7M(15M) 0.386ms
[207.845s][info][gc] GC(8362) Pause Young (Allocation Failure) 12M->7M(15M) 0.386ms
[207.854s][info][gc] GC(8363) Pause Young (Allocation Failure) 12M->7M(15M) 0.406ms
[207.861s][info][gc] GC(8364) Pause Young (Allocation Failure) 12M->7M(15M) 0.353ms
[207.873s][info][gc] GC(8365) Pause Young (Allocation Failure) 12M->7M(15M) 0.373ms
[207.881s][info][gc] GC(8366) Pause Young (Allocation Failure) 12M->7M(15M) 1.090ms
[207.903s][info][gc] GC(8367) Pause Young (Allocation Failure) 12M->7M(15M) 0.386ms
[207.913s][info][gc] GC(8368) Pause Young (Allocation Failure) 12M->7M(15M) 0.401ms
[207.944s][info][gc] GC(8369) Pause Young (Allocation Failure) 12M->7M(15M) 0.358ms
[207.953s][info][gc] GC(8370) Pause Young (Allocation Failure) 12M->7M(15M) 0.341ms
[207.959s][info][gc] GC(8371) Pause Young (Allocation Failure) 12M->7M(15M) 0.385ms
[207.969s][info][gc] GC(8372) Pause Young (Allocation Failure) 12M->7M(15M) 0.381ms
[207.976s][info][gc] GC(8373) Pause Young (Allocation Failure) 12M->7M(15M) 0.298ms
[207.985s][info][gc] GC(8374) Pause Young (Allocation Failure) 12M->7M(15M) 0.376ms
[207.992s][info][gc] GC(8375) Pause Young (Allocation Failure) 12M->7M(15M) 0.329ms
[208.001s][info][gc] GC(8376) Pause Young (Allocation Failure) 12M->7M(15M) 0.432ms
[208.094s][info][gc] GC(8377) Pause Young (Allocation Failure) 12M->7M(15M) 0.387ms
[208.112s][info][gc] GC(8378) Pause Young (Allocation Failure) 12M->7M(15M) 0.314ms
[208.126s][info][gc] GC(8379) Pause Young (Allocation Failure) 12M->7M(15M) 0.378ms
[208.178s][info][gc] GC(8380) Pause Young (Allocation Failure) 12M->7M(15M) 0.595ms
[208.195s][info][gc] GC(8381) Pause Young (Allocation Failure) 12M->7M(15M) 0.430ms
[208.275s][info][gc] GC(8382) Pause Young (Allocation Failure) 12M->7M(15M) 0.961ms
[208.305s][info][gc] GC(8383) Pause Young (Allocation Failure) 12M->7M(15M) 0.396ms
[208.339s][info][gc] GC(8384) Pause Young (Allocation Failure) 12M->7M(15M) 0.667ms
[208.361s][info][gc] GC(8385) Pause Young (Allocation Failure) 12M->7M(15M) 0.289ms
[208.415s][info][gc] GC(8386) Pause Young (Allocation Failure) 12M->7M(15M) 1.727ms
[208.458s][info][gc] GC(8387) Pause Young (Allocation Failure) 12M->7M(15M) 0.380ms
[208.507s][info][gc] GC(8388) Pause Young (Allocation Failure) 12M->7M(15M) 0.495ms
[208.561s][info][gc] GC(8389) Pause Young (Allocation Failure) 12M->7M(15M) 0.397ms
[208.576s][info][gc] GC(8390) Pause Young (Allocation Failure) 12M->7M(15M) 0.391ms
[208.610s][info][gc] GC(8391) Pause Young (Allocation Failure) 12M->7M(15M) 0.410ms
[208.743s][info][gc] GC(8392) Pause Young (Allocation Failure) 12M->7M(15M) 0.399ms
[208.761s][info][gc] GC(8393) Pause Young (Allocation Failure) 12M->7M(15M) 0.951ms
[208.792s][info][gc] GC(8394) Pause Young (Allocation Failure) 12M->7M(15M) 0.449ms
[208.830s][info][gc] GC(8395) Pause Young (Allocation Failure) 12M->7M(15M) 0.378ms
[208.859s][info][gc] GC(8396) Pause Young (Allocation Failure) 12M->7M(15M) 0.383ms
[208.880s][info][gc] GC(8397) Pause Young (Allocation Failure) 12M->7M(15M) 0.432ms
[208.924s][info][gc] GC(8398) Pause Young (Allocation Failure) 12M->8M(15M) 0.383ms
[208.936s][info][gc] GC(8399) Pause Young (Allocation Failure) 12M->7M(15M) 0.391ms
[208.951s][info][gc] GC(8400) Pause Young (Allocation Failure) 12M->7M(15M) 0.381ms
[208.961s][info][gc] GC(8401) Pause Young (Allocation Failure) 12M->8M(15M) 0.466ms
[208.975s][info][gc] GC(8402) Pause Young (Allocation Failure) 12M->7M(15M) 0.384ms
[208.984s][info][gc] GC(8403) Pause Young (Allocation Failure) 12M->7M(15M) 0.300ms
[208.988s][info][gc] GC(8404) Pause Young (Allocation Failure) 12M->7M(15M) 0.371ms
[209.007s][info][gc] GC(8405) Pause Young (Allocation Failure) 12M->7M(15M) 0.373ms
[209.023s][info][gc] GC(8406) Pause Young (Allocation Failure) 12M->8M(15M) 0.395ms
[209.040s][info][gc] GC(8407) Pause Young (Allocation Failure) 12M->7M(15M) 0.369ms
[209.054s][info][gc] GC(8408) Pause Young (Allocation Failure) 12M->7M(15M) 0.340ms
[209.063s][info][gc] GC(8409) Pause Young (Allocation Failure) 12M->8M(15M) 0.374ms
[209.077s][info][gc] GC(8410) Pause Young (Allocation Failure) 12M->7M(15M) 0.377ms
[209.096s][info][gc] GC(8411) Pause Young (Allocation Failure) 12M->7M(15M) 0.337ms
[209.119s][info][gc] GC(8412) Pause Young (Allocation Failure) 12M->8M(15M) 0.384ms
[209.145s][info][gc] GC(8413) Pause Young (Allocation Failure) 12M->8M(15M) 0.388ms
[209.155s][info][gc] GC(8414) Pause Young (Allocation Failure) 12M->7M(15M) 0.302ms
[209.161s][info][gc] GC(8415) Pause Young (Allocation Failure) 12M->8M(15M) 0.402ms
[209.168s][info][gc] GC(8416) Pause Young (Allocation Failure) 12M->8M(15M) 0.373ms
[209.173s][info][gc] GC(8417) Pause Young (Allocation Failure) 12M->7M(15M) 0.313ms
[209.190s][info][gc] GC(8418) Pause Young (Allocation Failure) 12M->8M(15M) 0.383ms
[209.205s][info][gc] GC(8419) Pause Young (Allocation Failure) 12M->8M(15M) 0.372ms
[209.213s][info][gc] GC(8420) Pause Young (Allocation Failure) 12M->8M(15M) 0.388ms
[209.224s][info][gc] GC(8421) Pause Young (Allocation Failure) 12M->8M(15M) 0.359ms
[209.239s][info][gc] GC(8422) Pause Young (Allocation Failure) 12M->8M(15M) 0.316ms
[209.247s][info][gc] GC(8423) Pause Young (Allocation Failure) 12M->8M(15M) 0.410ms
[209.259s][info][gc] GC(8424) Pause Young (Allocation Failure) 12M->8M(15M) 0.389ms
[209.274s][info][gc] GC(8425) Pause Young (Allocation Failure) 12M->8M(15M) 0.337ms
[209.279s][info][gc] GC(8426) Pause Young (Allocation Failure) 12M->8M(15M) 0.355ms
[209.286s][info][gc] GC(8427) Pause Young (Allocation Failure) 12M->8M(15M) 0.359ms
[209.291s][info][gc] GC(8428) Pause Young (Allocation Failure) 12M->8M(15M) 0.346ms
[209.300s][info][gc] GC(8429) Pause Young (Allocation Failure) 12M->8M(15M) 0.373ms
[209.307s][info][gc] GC(8430) Pause Young (Allocation Failure) 12M->8M(15M) 0.424ms
[209.314s][info][gc] GC(8431) Pause Young (Allocation Failure) 12M->8M(15M) 1.773ms
[209.324s][info][gc] GC(8432) Pause Young (Allocation Failure) 12M->8M(15M) 0.382ms
[209.354s][info][gc] GC(8433) Pause Young (Allocation Failure) 12M->8M(15M) 0.387ms
[209.364s][info][gc] GC(8434) Pause Young (Allocation Failure) 12M->8M(15M) 0.946ms
[209.387s][info][gc] GC(8435) Pause Young (Allocation Failure) 12M->8M(15M) 0.388ms
[209.395s][info][gc] GC(8436) Pause Young (Allocation Failure) 12M->7M(15M) 0.284ms
[209.420s][info][gc] GC(8437) Pause Young (Allocation Failure) 12M->8M(15M) 0.372ms
[209.435s][info][gc] GC(8438) Pause Young (Allocation Failure) 12M->8M(15M) 0.346ms
[209.600s][info][gc] GC(8439) Pause Young (Allocation Failure) 12M->8M(15M) 0.382ms
[209.608s][info][gc] GC(8440) Pause Young (Allocation Failure) 12M->8M(15M) 0.362ms
[209.635s][info][gc] GC(8441) Pause Young (Allocation Failure) 12M->8M(15M) 0.435ms
[209.644s][info][gc] GC(8442) Pause Young (Allocation Failure) 12M->8M(15M) 0.357ms
[209.661s][info][gc] GC(8443) Pause Young (Allocation Failure) 12M->8M(15M) 0.321ms
[209.678s][info][gc] GC(8444) Pause Young (Allocation Failure) 12M->8M(15M) 0.370ms
[209.692s][info][gc] GC(8445) Pause Young (Allocation Failure) 12M->8M(15M) 0.369ms
[209.737s][info][gc] GC(8446) Pause Young (Allocation Failure) 12M->8M(15M) 0.374ms
[209.742s][info][gc] GC(8447) Pause Young (Allocation Failure) 12M->8M(15M) 0.363ms
[209.751s][info][gc] GC(8448) Pause Young (Allocation Failure) 12M->8M(15M) 0.381ms
[209.757s][info][gc] GC(8449) Pause Young (Allocation Failure) 12M->8M(15M) 0.290ms
[209.762s][info][gc] GC(8450) Pause Young (Allocation Failure) 12M->8M(15M) 0.549ms
[209.769s][info][gc] GC(8451) Pause Young (Allocation Failure) 12M->8M(15M) 0.350ms
[209.773s][info][gc] GC(8452) Pause Young (Allocation Failure) 12M->8M(15M) 0.378ms
[209.778s][info][gc] GC(8453) Pause Young (Allocation Failure) 12M->8M(15M) 0.375ms
[209.794s][info][gc] GC(8454) Pause Young (Allocation Failure) 12M->8M(15M) 0.364ms
[209.806s][info][gc] GC(8455) Pause Young (Allocation Failure) 12M->8M(15M) 0.361ms
[209.811s][info][gc] GC(8456) Pause Young (Allocation Failure) 12M->8M(15M) 0.335ms
[209.819s][info][gc] GC(8457) Pause Young (Allocation Failure) 12M->8M(15M) 0.393ms
[209.825s][info][gc] GC(8458) Pause Young (Allocation Failure) 12M->8M(15M) 0.373ms
[209.830s][info][gc] GC(8459) Pause Young (Allocation Failure) 12M->8M(15M) 0.417ms
[209.838s][info][gc] GC(8460) Pause Young (Allocation Failure) 12M->8M(15M) 0.358ms
[209.845s][info][gc] GC(8461) Pause Young (Allocation Failure) 12M->8M(15M) 0.577ms
[209.856s][info][gc] GC(8462) Pause Young (Allocation Failure) 12M->8M(15M) 0.372ms
[209.868s][info][gc] GC(8463) Pause Young (Allocation Failure) 12M->8M(15M) 0.377ms
[209.879s][info][gc] GC(8464) Pause Young (Allocation Failure) 12M->8M(15M) 0.340ms
[209.892s][info][gc] GC(8465) Pause Young (Allocation Failure) 12M->8M(15M) 0.357ms
[209.905s][info][gc] GC(8466) Pause Young (Allocation Failure) 12M->8M(15M) 0.714ms
[209.923s][info][gc] GC(8467) Pause Young (Allocation Failure) 12M->8M(15M) 0.360ms
[209.943s][info][gc] GC(8468) Pause Young (Allocation Failure) 12M->8M(15M) 0.403ms
[209.975s][info][gc] GC(8469) Pause Young (Allocation Failure) 12M->8M(15M) 0.337ms
[209.992s][info][gc] GC(8470) Pause Young (Allocation Failure) 12M->8M(15M) 0.386ms
[210.012s][info][gc] GC(8471) Pause Young (Allocation Failure) 12M->8M(15M) 0.335ms
[210.026s][info][gc] GC(8472) Pause Young (Allocation Failure) 12M->8M(15M) 0.332ms
[210.079s][info][gc] GC(8473) Pause Young (Allocation Failure) 12M->8M(15M) 0.354ms
[210.097s][info][gc] GC(8474) Pause Young (Allocation Failure) 12M->8M(15M) 0.608ms
[210.110s][info][gc] GC(8475) Pause Young (Allocation Failure) 12M->8M(15M) 0.400ms
[210.141s][info][gc] GC(8476) Pause Young (Allocation Failure) 12M->8M(15M) 0.450ms
[210.151s][info][gc] GC(8477) Pause Young (Allocation Failure) 12M->8M(15M) 0.361ms
[210.157s][info][gc] GC(8478) Pause Young (Allocation Failure) 12M->8M(15M) 0.354ms
[210.164s][info][gc] GC(8479) Pause Young (Allocation Failure) 12M->8M(15M) 1.244ms
[210.176s][info][gc] GC(8480) Pause Young (Allocation Failure) 12M->8M(15M) 0.359ms
[210.186s][info][gc] GC(8481) Pause Young (Allocation Failure) 12M->8M(15M) 0.358ms
[210.193s][info][gc] GC(8482) Pause Young (Allocation Failure) 12M->8M(15M) 0.367ms
[210.204s][info][gc] GC(8483) Pause Young (Allocation Failure) 12M->8M(15M) 0.363ms
[210.220s][info][gc] GC(8484) Pause Young (Allocation Failure) 12M->8M(15M) 0.360ms
[210.227s][info][gc] GC(8485) Pause Young (Allocation Failure) 12M->8M(15M) 0.317ms
[210.240s][info][gc] GC(8486) Pause Young (Allocation Failure) 12M->8M(15M) 0.355ms
[210.253s][info][gc] GC(8487) Pause Young (Allocation Failure) 12M->8M(15M) 0.410ms
[210.262s][info][gc] GC(8488) Pause Young (Allocation Failure) 12M->8M(15M) 0.365ms
[210.272s][info][gc] GC(8489) Pause Young (Allocation Failure) 12M->8M(15M) 0.374ms
[210.278s][info][gc] GC(8490) Pause Young (Allocation Failure) 12M->8M(15M) 0.358ms
[210.288s][info][gc] GC(8491) Pause Young (Allocation Failure) 12M->8M(15M) 0.354ms
[210.295s][info][gc] GC(8492) Pause Young (Allocation Failure) 12M->8M(15M) 0.276ms
[210.304s][info][gc] GC(8493) Pause Young (Allocation Failure) 12M->8M(15M) 0.366ms
[210.312s][info][gc] GC(8494) Pause Young (Allocation Failure) 12M->8M(15M) 0.340ms
[210.324s][info][gc] GC(8495) Pause Young (Allocation Failure) 12M->8M(15M) 0.369ms
[210.355s][info][gc] GC(8496) Pause Young (Allocation Failure) 12M->8M(15M) 0.353ms
[210.379s][info][gc] GC(8497) Pause Young (Allocation Failure) 12M->8M(15M) 0.317ms
[210.390s][info][gc] GC(8498) Pause Young (Allocation Failure) 12M->8M(15M) 0.407ms
[210.399s][info][gc] GC(8499) Pause Young (Allocation Failure) 12M->8M(15M) 2.234ms
[210.408s][info][gc] GC(8500) Pause Young (Allocation Failure) 12M->8M(15M) 0.323ms
[210.424s][info][gc] GC(8501) Pause Young (Allocation Failure) 12M->8M(15M) 0.407ms
[210.437s][info][gc] GC(8502) Pause Young (Allocation Failure) 12M->8M(15M) 0.359ms
[210.441s][info][gc] GC(8503) Pause Young (Allocation Failure) 12M->8M(15M) 0.287ms
[210.472s][info][gc] GC(8504) Pause Young (Allocation Failure) 12M->8M(15M) 0.376ms
[210.484s][info][gc] GC(8505) Pause Young (Allocation Failure) 12M->8M(15M) 0.365ms
[210.489s][info][gc] GC(8506) Pause Young (Allocation Failure) 12M->8M(15M) 0.327ms
[210.497s][info][gc] GC(8507) Pause Young (Allocation Failure) 12M->8M(15M) 0.370ms
[210.508s][info][gc] GC(8508) Pause Young (Allocation Failure) 12M->8M(15M) 0.391ms
[210.513s][info][gc] GC(8509) Pause Young (Allocation Failure) 12M->8M(15M) 0.630ms
[210.523s][info][gc] GC(8510) Pause Young (Allocation Failure) 12M->8M(15M) 0.356ms
[210.552s][info][gc] GC(8511) Pause Young (Allocation Failure) 12M->8M(15M) 0.310ms
[210.558s][info][gc] GC(8512) Pause Young (Allocation Failure) 12M->8M(15M) 0.426ms
[210.568s][info][gc] GC(8513) Pause Young (Allocation Failure) 12M->8M(15M) 0.299ms
[210.575s][info][gc] GC(8514) Pause Young (Allocation Failure) 12M->8M(15M) 0.345ms
[210.585s][info][gc] GC(8515) Pause Young (Allocation Failure) 12M->8M(15M) 0.384ms
[210.592s][info][gc] GC(8516) Pause Young (Allocation Failure) 12M->8M(15M) 0.349ms
[210.600s][info][gc] GC(8517) Pause Young (Allocation Failure) 12M->8M(15M) 0.454ms
[210.628s][info][gc] GC(8518) Pause Young (Allocation Failure) 12M->8M(15M) 0.335ms
[210.637s][info][gc] GC(8519) Pause Young (Allocation Failure) 12M->8M(15M) 0.373ms
[210.644s][info][gc] GC(8520) Pause Young (Allocation Failure) 12M->8M(15M) 0.377ms
[210.650s][info][gc] GC(8521) Pause Young (Allocation Failure) 12M->8M(15M) 0.271ms
[210.655s][info][gc] GC(8522) Pause Young (Allocation Failure) 12M->8M(15M) 0.389ms
[210.660s][info][gc] GC(8523) Pause Young (Allocation Failure) 12M->8M(15M) 0.367ms
[210.671s][info][gc] GC(8524) Pause Young (Allocation Failure) 12M->8M(15M) 0.369ms
[210.676s][info][gc] GC(8525) Pause Young (Allocation Failure) 12M->8M(15M) 0.357ms
[210.684s][info][gc] GC(8526) Pause Young (Allocation Failure) 12M->8M(15M) 0.324ms
[210.690s][info][gc] GC(8527) Pause Young (Allocation Failure) 12M->8M(15M) 0.359ms
[210.695s][info][gc] GC(8528) Pause Young (Allocation Failure) 12M->8M(15M) 0.420ms
[210.714s][info][gc] GC(8529) Pause Young (Allocation Failure) 12M->8M(15M) 0.782ms
[210.727s][info][gc] GC(8530) Pause Young (Allocation Failure) 12M->8M(15M) 0.455ms
[210.737s][info][gc] GC(8531) Pause Young (Allocation Failure) 12M->8M(15M) 0.391ms
[210.744s][info][gc] GC(8532) Pause Young (Allocation Failure) 12M->8M(15M) 0.284ms
[210.751s][info][gc] GC(8533) Pause Young (Allocation Failure) 12M->8M(15M) 0.382ms
[210.758s][info][gc] GC(8534) Pause Young (Allocation Failure) 12M->8M(15M) 0.358ms
[210.784s][info][gc] GC(8535) Pause Young (Allocation Failure) 12M->8M(15M) 0.370ms
[210.910s][info][gc] GC(8536) Pause Young (Allocation Failure) 12M->8M(15M) 0.374ms
[210.918s][info][gc] GC(8537) Pause Young (Allocation Failure) 12M->8M(15M) 0.391ms
[211.232s][info][gc] GC(8538) Pause Young (Allocation Failure) 12M->8M(15M) 3.324ms
[211.245s][info][gc] GC(8539) Pause Young (Allocation Failure) 12M->8M(15M) 0.352ms
[211.477s][info][gc] GC(8540) Pause Young (Allocation Failure) 12M->8M(15M) 0.353ms
[211.489s][info][gc] GC(8541) Pause Young (Allocation Failure) 12M->8M(15M) 0.421ms
[211.495s][info][gc] GC(8542) Pause Young (Allocation Failure) 12M->8M(15M) 0.371ms
[211.504s][info][gc] GC(8543) Pause Young (Allocation Failure) 12M->8M(15M) 0.360ms
[211.510s][info][gc] GC(8544) Pause Young (Allocation Failure) 12M->8M(15M) 0.321ms
[211.518s][info][gc] GC(8545) Pause Young (Allocation Failure) 12M->8M(15M) 0.381ms
[211.523s][info][gc] GC(8546) Pause Young (Allocation Failure) 12M->8M(15M) 0.359ms
[211.529s][info][gc] GC(8547) Pause Young (Allocation Failure) 12M->8M(15M) 0.328ms
[211.546s][info][gc] GC(8548) Pause Young (Allocation Failure) 12M->8M(15M) 0.350ms
[211.557s][info][gc] GC(8549) Pause Young (Allocation Failure) 12M->8M(15M) 0.370ms
[211.571s][info][gc] GC(8550) Pause Young (Allocation Failure) 12M->8M(15M) 0.288ms
[211.576s][info][gc] GC(8551) Pause Young (Allocation Failure) 12M->8M(15M) 0.334ms
[211.634s][info][gc] GC(8552) Pause Young (Allocation Failure) 12M->8M(15M) 0.346ms
[211.646s][info][gc] GC(8553) Pause Young (Allocation Failure) 12M->8M(15M) 0.363ms
[211.655s][info][gc] GC(8554) Pause Young (Allocation Failure) 12M->8M(15M) 0.461ms
[211.674s][info][gc] GC(8555) Pause Young (Allocation Failure) 12M->8M(15M) 0.312ms
[211.683s][info][gc] GC(8556) Pause Young (Allocation Failure) 12M->8M(15M) 0.372ms
[211.689s][info][gc] GC(8557) Pause Young (Allocation Failure) 12M->8M(15M) 0.361ms
[211.694s][info][gc] GC(8558) Pause Young (Allocation Failure) 12M->8M(15M) 0.345ms
[211.701s][info][gc] GC(8559) Pause Young (Allocation Failure) 12M->8M(15M) 0.386ms
[211.710s][info][gc] GC(8560) Pause Young (Allocation Failure) 12M->8M(15M) 0.413ms
[211.716s][info][gc] GC(8561) Pause Young (Allocation Failure) 12M->8M(15M) 0.371ms
[211.721s][info][gc] GC(8562) Pause Young (Allocation Failure) 12M->8M(15M) 0.346ms
[211.725s][info][gc] GC(8563) Pause Young (Allocation Failure) 12M->8M(15M) 0.376ms
[211.738s][info][gc] GC(8564) Pause Young (Allocation Failure) 12M->8M(15M) 0.374ms
[211.752s][info][gc] GC(8565) Pause Young (Allocation Failure) 12M->8M(15M) 0.352ms
[211.776s][info][gc] GC(8566) Pause Young (Allocation Failure) 12M->8M(15M) 0.347ms
[211.792s][info][gc] GC(8567) Pause Young (Allocation Failure) 12M->8M(15M) 0.384ms
[211.801s][info][gc] GC(8568) Pause Young (Allocation Failure) 12M->8M(15M) 0.368ms
[211.809s][info][gc] GC(8569) Pause Young (Allocation Failure) 12M->8M(15M) 0.333ms
[211.833s][info][gc] GC(8570) Pause Young (Allocation Failure) 12M->8M(15M) 0.749ms
[211.839s][info][gc] GC(8571) Pause Young (Allocation Failure) 12M->8M(15M) 0.381ms
[211.845s][info][gc] GC(8572) Pause Young (Allocation Failure) 12M->8M(15M) 0.368ms
[211.853s][info][gc] GC(8573) Pause Young (Allocation Failure) 12M->8M(15M) 0.358ms
[211.860s][info][gc] GC(8574) Pause Young (Allocation Failure) 12M->8M(15M) 0.315ms
[211.870s][info][gc] GC(8575) Pause Young (Allocation Failure) 12M->8M(15M) 0.361ms
[211.874s][info][gc] GC(8576) Pause Young (Allocation Failure) 12M->8M(15M) 0.303ms
[211.883s][info][gc] GC(8577) Pause Young (Allocation Failure) 12M->8M(15M) 0.396ms
[211.892s][info][gc] GC(8578) Pause Young (Allocation Failure) 12M->8M(15M) 0.416ms
[211.912s][info][gc] GC(8579) Pause Young (Allocation Failure) 12M->8M(15M) 0.304ms
[211.923s][info][gc] GC(8580) Pause Young (Allocation Failure) 12M->8M(15M) 0.362ms
[211.928s][info][gc] GC(8581) Pause Young (Allocation Failure) 12M->8M(15M) 0.358ms
[211.938s][info][gc] GC(8582) Pause Young (Allocation Failure) 12M->8M(15M) 0.353ms
[211.943s][info][gc] GC(8583) Pause Young (Allocation Failure) 12M->8M(15M) 0.353ms
[211.947s][info][gc] GC(8584) Pause Young (Allocation Failure) 12M->8M(15M) 0.349ms
[211.954s][info][gc] GC(8585) Pause Young (Allocation Failure) 12M->8M(15M) 0.346ms
[211.958s][info][gc] GC(8586) Pause Young (Allocation Failure) 12M->8M(15M) 0.331ms
[211.962s][info][gc] GC(8587) Pause Young (Allocation Failure) 12M->8M(15M) 0.315ms
[211.969s][info][gc] GC(8588) Pause Young (Allocation Failure) 12M->8M(15M) 0.357ms
[211.974s][info][gc] GC(8589) Pause Young (Allocation Failure) 12M->8M(15M) 0.265ms
[211.982s][info][gc] GC(8590) Pause Young (Allocation Failure) 12M->8M(15M) 0.337ms
[211.994s][info][gc] GC(8591) Pause Young (Allocation Failure) 12M->8M(15M) 0.345ms
[212.001s][info][gc] GC(8592) Pause Young (Allocation Failure) 12M->8M(15M) 0.371ms
[212.008s][info][gc] GC(8593) Pause Young (Allocation Failure) 12M->8M(15M) 0.358ms
[212.012s][info][gc] GC(8594) Pause Young (Allocation Failure) 12M->8M(15M) 0.289ms
[212.019s][info][gc] GC(8595) Pause Young (Allocation Failure) 12M->8M(15M) 0.346ms
[212.023s][info][gc] GC(8596) Pause Young (Allocation Failure) 12M->8M(15M) 0.328ms
[212.027s][info][gc] GC(8597) Pause Young (Allocation Failure) 12M->8M(15M) 0.338ms
[212.034s][info][gc] GC(8598) Pause Young (Allocation Failure) 12M->8M(15M) 0.353ms
[212.040s][info][gc] GC(8599) Pause Young (Allocation Failure) 12M->8M(15M) 0.303ms
[212.045s][info][gc] GC(8600) Pause Young (Allocation Failure) 12M->8M(15M) 0.332ms
[212.052s][info][gc] GC(8601) Pause Young (Allocation Failure) 12M->8M(15M) 0.336ms
[212.060s][info][gc] GC(8602) Pause Young (Allocation Failure) 12M->8M(15M) 0.338ms
[212.077s][info][gc] GC(8603) Pause Young (Allocation Failure) 12M->8M(15M) 0.376ms
[212.093s][info][gc] GC(8604) Pause Young (Allocation Failure) 12M->8M(15M) 0.332ms
[212.109s][info][gc] GC(8605) Pause Young (Allocation Failure) 12M->8M(15M) 0.355ms
[212.115s][info][gc] GC(8606) Pause Young (Allocation Failure) 12M->8M(15M) 0.533ms
[212.121s][info][gc] GC(8607) Pause Young (Allocation Failure) 12M->8M(15M) 0.283ms
[212.125s][info][gc] GC(8608) Pause Young (Allocation Failure) 12M->8M(15M) 0.357ms
[212.130s][info][gc] GC(8609) Pause Young (Allocation Failure) 12M->8M(15M) 0.350ms
[212.136s][info][gc] GC(8610) Pause Young (Allocation Failure) 12M->8M(15M) 0.372ms
[212.141s][info][gc] GC(8611) Pause Young (Allocation Failure) 12M->8M(15M) 0.342ms
[212.145s][info][gc] GC(8612) Pause Young (Allocation Failure) 12M->8M(15M) 0.301ms
[212.155s][info][gc] GC(8613) Pause Young (Allocation Failure) 12M->8M(15M) 0.283ms
[212.169s][info][gc] GC(8614) Pause Young (Allocation Failure) 12M->8M(15M) 0.362ms
[212.177s][info][gc] GC(8615) Pause Young (Allocation Failure) 12M->8M(15M) 0.417ms
[212.189s][info][gc] GC(8616) Pause Young (Allocation Failure) 12M->8M(15M) 0.385ms
[212.194s][info][gc] GC(8617) Pause Young (Allocation Failure) 12M->8M(15M) 0.354ms
[212.201s][info][gc] GC(8618) Pause Young (Allocation Failure) 12M->8M(15M) 0.345ms
[212.206s][info][gc] GC(8619) Pause Young (Allocation Failure) 12M->8M(15M) 0.379ms
[212.211s][info][gc] GC(8620) Pause Young (Allocation Failure) 12M->8M(15M) 0.363ms
[212.218s][info][gc] GC(8621) Pause Young (Allocation Failure) 12M->8M(15M) 0.354ms
[212.224s][info][gc] GC(8622) Pause Young (Allocation Failure) 12M->8M(15M) 0.365ms
[212.229s][info][gc] GC(8623) Pause Young (Allocation Failure) 12M->8M(15M) 0.369ms
[212.237s][info][gc] GC(8624) Pause Young (Allocation Failure) 12M->8M(15M) 0.303ms
[212.242s][info][gc] GC(8625) Pause Young (Allocation Failure) 12M->8M(15M) 0.357ms
[212.246s][info][gc] GC(8626) Pause Young (Allocation Failure) 12M->8M(15M) 0.350ms
[212.256s][info][gc] GC(8627) Pause Young (Allocation Failure) 12M->8M(15M) 0.358ms
[212.290s][info][gc] GC(8628) Pause Young (Allocation Failure) 12M->8M(15M) 0.354ms
[212.874s][info][gc] GC(8629) Pause Young (Allocation Failure) 12M->8M(15M) 0.342ms
[212.883s][info][gc] GC(8630) Pause Young (Allocation Failure) 12M->8M(15M) 0.374ms
[213.540s][info][gc] GC(8631) Pause Young (Allocation Failure) 12M->8M(15M) 0.381ms
[213.546s][info][gc] GC(8632) Pause Young (Allocation Failure) 12M->8M(15M) 0.391ms
[213.554s][info][gc] GC(8633) Pause Young (Allocation Failure) 12M->8M(15M) 0.319ms
[213.559s][info][gc] GC(8634) Pause Young (Allocation Failure) 12M->8M(15M) 0.377ms
[213.566s][info][gc] GC(8635) Pause Young (Allocation Failure) 12M->8M(15M) 0.340ms
[213.572s][info][gc] GC(8636) Pause Young (Allocation Failure) 12M->8M(15M) 0.365ms
[213.577s][info][gc] GC(8637) Pause Young (Allocation Failure) 12M->8M(15M) 0.521ms
[213.584s][info][gc] GC(8638) Pause Young (Allocation Failure) 12M->8M(15M) 0.288ms
[213.597s][info][gc] GC(8639) Pause Young (Allocation Failure) 12M->8M(15M) 0.436ms
[213.608s][info][gc] GC(8640) Pause Young (Allocation Failure) 12M->8M(15M) 0.342ms
[213.613s][info][gc] GC(8641) Pause Young (Allocation Failure) 12M->8M(15M) 0.436ms
[213.623s][info][gc] GC(8642) Pause Young (Allocation Failure) 12M->8M(15M) 0.370ms
[213.628s][info][gc] GC(8643) Pause Young (Allocation Failure) 12M->8M(15M) 0.308ms
[213.634s][info][gc] GC(8644) Pause Young (Allocation Failure) 12M->8M(15M) 0.373ms
[213.639s][info][gc] GC(8645) Pause Young (Allocation Failure) 12M->8M(15M) 0.387ms
[213.644s][info][gc] GC(8646) Pause Young (Allocation Failure) 12M->8M(15M) 0.378ms
[213.862s][info][gc] GC(8647) Pause Young (Allocation Failure) 12M->8M(15M) 0.295ms
[213.876s][info][gc] GC(8648) Pause Young (Allocation Failure) 12M->8M(15M) 0.360ms
[213.890s][info][gc] GC(8649) Pause Young (Allocation Failure) 12M->8M(15M) 0.346ms
[213.904s][info][gc] GC(8650) Pause Young (Allocation Failure) 12M->8M(15M) 0.282ms
[213.912s][info][gc] GC(8651) Pause Young (Allocation Failure) 12M->8M(15M) 0.373ms
[213.962s][info][gc] GC(8652) Pause Young (Allocation Failure) 12M->8M(15M) 0.333ms
[213.978s][info][gc] GC(8653) Pause Young (Allocation Failure) 12M->8M(15M) 0.370ms
[214.009s][info][gc] GC(8654) Pause Young (Allocation Failure) 12M->8M(15M) 0.476ms
[214.024s][info][gc] GC(8655) Pause Young (Allocation Failure) 12M->8M(15M) 0.304ms
[214.042s][info][gc] GC(8656) Pause Young (Allocation Failure) 12M->8M(15M) 0.356ms
[214.058s][info][gc] GC(8657) Pause Young (Allocation Failure) 12M->8M(15M) 0.295ms
[214.071s][info][gc] GC(8658) Pause Young (Allocation Failure) 12M->8M(15M) 0.349ms
[214.080s][info][gc] GC(8659) Pause Young (Allocation Failure) 12M->8M(15M) 0.359ms
[214.094s][info][gc] GC(8660) Pause Young (Allocation Failure) 12M->8M(15M) 0.368ms
[214.142s][info][gc] GC(8661) Pause Young (Allocation Failure) 12M->8M(15M) 0.436ms
[214.146s][info][gc] GC(8662) Pause Young (Allocation Failure) 12M->8M(15M) 0.291ms
[214.155s][info][gc] GC(8663) Pause Young (Allocation Failure) 12M->8M(15M) 0.355ms
[214.162s][info][gc] GC(8664) Pause Young (Allocation Failure) 12M->8M(15M) 0.278ms
[214.169s][info][gc] GC(8665) Pause Young (Allocation Failure) 12M->8M(15M) 0.360ms
[214.176s][info][gc] GC(8666) Pause Young (Allocation Failure) 12M->8M(15M) 0.327ms
[214.184s][info][gc] GC(8667) Pause Young (Allocation Failure) 12M->8M(15M) 0.365ms
[214.242s][info][gc] GC(8668) Pause Young (Allocation Failure) 12M->8M(15M) 0.392ms
[214.290s][info][gc] GC(8669) Pause Young (Allocation Failure) 12M->8M(15M) 0.304ms
[214.295s][info][gc] GC(8670) Pause Young (Allocation Failure) 12M->8M(15M) 0.341ms
[214.302s][info][gc] GC(8671) Pause Young (Allocation Failure) 12M->8M(15M) 0.324ms
[214.307s][info][gc] GC(8672) Pause Young (Allocation Failure) 12M->8M(15M) 0.393ms
[214.311s][info][gc] GC(8673) Pause Young (Allocation Failure) 12M->8M(15M) 0.382ms
[214.318s][info][gc] GC(8674) Pause Young (Allocation Failure) 12M->8M(15M) 0.374ms
[214.325s][info][gc] GC(8675) Pause Young (Allocation Failure) 12M->8M(15M) 0.382ms
[214.335s][info][gc] GC(8676) Pause Young (Allocation Failure) 12M->8M(15M) 0.294ms
[214.339s][info][gc] GC(8677) Pause Young (Allocation Failure) 12M->8M(15M) 0.332ms
[214.344s][info][gc] GC(8678) Pause Young (Allocation Failure) 12M->8M(15M) 0.349ms
[214.387s][info][gc] GC(8679) Pause Young (Allocation Failure) 12M->8M(15M) 0.287ms
[214.391s][info][gc] GC(8680) Pause Young (Allocation Failure) 12M->8M(15M) 0.354ms
[214.396s][info][gc] GC(8681) Pause Young (Allocation Failure) 12M->8M(15M) 0.367ms
[214.403s][info][gc] GC(8682) Pause Young (Allocation Failure) 12M->8M(15M) 0.390ms
[214.407s][info][gc] GC(8683) Pause Young (Allocation Failure) 12M->8M(15M) 0.347ms
[214.412s][info][gc] GC(8684) Pause Young (Allocation Failure) 12M->8M(15M) 0.362ms
[214.418s][info][gc] GC(8685) Pause Young (Allocation Failure) 12M->8M(15M) 0.361ms
[214.459s][info][gc] GC(8686) Pause Young (Allocation Failure) 12M->8M(15M) 0.377ms
[214.469s][info][gc] GC(8687) Pause Young (Allocation Failure) 12M->8M(15M) 0.368ms
[214.476s][info][gc] GC(8688) Pause Young (Allocation Failure) 12M->8M(15M) 0.325ms
[214.484s][info][gc] GC(8689) Pause Young (Allocation Failure) 12M->8M(15M) 0.377ms
[214.585s][info][gc] GC(8690) Pause Young (Allocation Failure) 12M->8M(15M) 0.359ms
[214.593s][info][gc] GC(8691) Pause Young (Allocation Failure) 12M->8M(15M) 0.308ms
[214.609s][info][gc] GC(8692) Pause Young (Allocation Failure) 12M->8M(15M) 0.369ms
[214.696s][info][gc] GC(8693) Pause Young (Allocation Failure) 12M->8M(15M) 0.351ms
[214.710s][info][gc] GC(8694) Pause Young (Allocation Failure) 12M->8M(15M) 0.295ms
[214.721s][info][gc] GC(8695) Pause Young (Allocation Failure) 12M->8M(15M) 0.374ms
[214.729s][info][gc] GC(8696) Pause Young (Allocation Failure) 12M->8M(15M) 0.364ms
[214.743s][info][gc] GC(8697) Pause Young (Allocation Failure) 12M->8M(15M) 0.289ms
[214.758s][info][gc] GC(8698) Pause Young (Allocation Failure) 12M->8M(15M) 0.362ms
[214.769s][info][gc] GC(8699) Pause Young (Allocation Failure) 12M->8M(15M) 0.298ms
[214.774s][info][gc] GC(8700) Pause Young (Allocation Failure) 12M->8M(15M) 0.375ms
[214.794s][info][gc] GC(8701) Pause Young (Allocation Failure) 12M->8M(15M) 0.372ms
[214.801s][info][gc] GC(8702) Pause Young (Allocation Failure) 12M->8M(15M) 0.374ms
[214.806s][info][gc] GC(8703) Pause Young (Allocation Failure) 12M->8M(15M) 0.377ms
[214.825s][info][gc] GC(8704) Pause Young (Allocation Failure) 12M->8M(15M) 0.311ms
[214.837s][info][gc] GC(8705) Pause Young (Allocation Failure) 12M->8M(15M) 0.359ms
[214.875s][info][gc] GC(8706) Pause Young (Allocation Failure) 12M->8M(15M) 0.360ms
[214.979s][info][gc] GC(8707) Pause Young (Allocation Failure) 12M->8M(15M) 0.394ms
[215.025s][info][gc] GC(8708) Pause Young (Allocation Failure) 12M->8M(15M) 0.396ms
[215.196s][info][gc] GC(8709) Pause Young (Allocation Failure) 12M->8M(15M) 0.378ms
[215.223s][info][gc] GC(8710) Pause Young (Allocation Failure) 12M->8M(15M) 0.416ms
[215.253s][info][gc] GC(8711) Pause Young (Allocation Failure) 12M->8M(15M) 0.349ms
[215.684s][info][gc] GC(8712) Pause Young (Allocation Failure) 12M->8M(15M) 0.372ms
[215.701s][info][gc] GC(8713) Pause Young (Allocation Failure) 12M->8M(15M) 0.668ms
[215.735s][info][gc] GC(8714) Pause Young (Allocation Failure) 12M->8M(15M) 0.317ms
[215.752s][info][gc] GC(8715) Pause Young (Allocation Failure) 12M->8M(15M) 0.356ms
[215.768s][info][gc] GC(8716) Pause Young (Allocation Failure) 12M->8M(15M) 0.332ms
[215.789s][info][gc] GC(8717) Pause Young (Allocation Failure) 12M->8M(15M) 0.368ms
[215.950s][info][gc] GC(8718) Pause Young (Allocation Failure) 12M->8M(15M) 0.376ms
[215.958s][info][gc] GC(8719) Pause Young (Allocation Failure) 12M->8M(15M) 0.381ms
[216.141s][info][gc] GC(8720) Pause Young (Allocation Failure) 12M->8M(15M) 0.387ms
[216.155s][info][gc] GC(8721) Pause Young (Allocation Failure) 12M->8M(15M) 0.355ms
[216.164s][info][gc] GC(8722) Pause Young (Allocation Failure) 12M->8M(15M) 0.999ms
[216.189s][info][gc] GC(8723) Pause Young (Allocation Failure) 12M->8M(15M) 0.354ms
[216.214s][info][gc] GC(8724) Pause Young (Allocation Failure) 12M->8M(15M) 0.780ms
[216.225s][info][gc] GC(8725) Pause Young (Allocation Failure) 12M->8M(15M) 0.355ms
[216.239s][info][gc] GC(8726) Pause Young (Allocation Failure) 12M->8M(15M) 0.376ms
[216.263s][info][gc] GC(8727) Pause Young (Allocation Failure) 12M->8M(15M) 0.436ms
[216.271s][info][gc] GC(8728) Pause Young (Allocation Failure) 12M->8M(15M) 0.383ms
[216.323s][info][gc] GC(8729) Pause Young (Allocation Failure) 12M->8M(15M) 0.381ms
[216.456s][info][gc] GC(8730) Pause Young (Allocation Failure) 12M->8M(15M) 0.365ms
[216.467s][info][gc] GC(8731) Pause Young (Allocation Failure) 12M->8M(15M) 0.316ms
[216.474s][info][gc] GC(8732) Pause Young (Allocation Failure) 12M->8M(15M) 0.380ms
[216.480s][info][gc] GC(8733) Pause Young (Allocation Failure) 12M->8M(15M) 0.435ms
[216.486s][info][gc] GC(8734) Pause Young (Allocation Failure) 12M->8M(15M) 0.367ms
[216.574s][info][gc] GC(8735) Pause Young (Allocation Failure) 12M->8M(15M) 0.373ms
[216.588s][info][gc] GC(8736) Pause Young (Allocation Failure) 12M->8M(15M) 0.368ms
[216.612s][info][gc] GC(8737) Pause Young (Allocation Failure) 12M->8M(15M) 0.376ms
[216.721s][info][gc] GC(8738) Pause Young (Allocation Failure) 12M->8M(15M) 0.347ms
[216.728s][info][gc] GC(8739) Pause Young (Allocation Failure) 12M->8M(15M) 0.359ms
[216.738s][info][gc] GC(8740) Pause Young (Allocation Failure) 12M->8M(15M) 0.359ms
[216.775s][info][gc] GC(8741) Pause Young (Allocation Failure) 12M->8M(15M) 0.414ms
[216.780s][info][gc] GC(8742) Pause Young (Allocation Failure) 12M->8M(15M) 0.998ms
[216.785s][info][gc] GC(8743) Pause Young (Allocation Failure) 12M->8M(15M) 0.365ms
[216.789s][info][gc] GC(8744) Pause Young (Allocation Failure) 12M->8M(15M) 0.352ms
[216.794s][info][gc] GC(8745) Pause Young (Allocation Failure) 12M->8M(15M) 0.356ms
[216.801s][info][gc] GC(8746) Pause Young (Allocation Failure) 12M->8M(15M) 0.345ms
[216.812s][info][gc] GC(8747) Pause Young (Allocation Failure) 12M->8M(15M) 0.355ms
[216.819s][info][gc] GC(8748) Pause Young (Allocation Failure) 12M->8M(15M) 0.342ms
[216.829s][info][gc] GC(8749) Pause Young (Allocation Failure) 12M->8M(15M) 0.273ms
[216.839s][info][gc] GC(8750) Pause Young (Allocation Failure) 12M->8M(15M) 0.346ms
[216.844s][info][gc] GC(8751) Pause Young (Allocation Failure) 12M->8M(15M) 0.415ms
[216.850s][info][gc] GC(8752) Pause Young (Allocation Failure) 12M->8M(15M) 0.357ms
[216.855s][info][gc] GC(8753) Pause Young (Allocation Failure) 12M->8M(15M) 0.306ms
[216.861s][info][gc] GC(8754) Pause Young (Allocation Failure) 12M->8M(15M) 0.349ms
[216.873s][info][gc] GC(8755) Pause Young (Allocation Failure) 12M->8M(15M) 0.343ms
[216.884s][info][gc] GC(8756) Pause Young (Allocation Failure) 12M->8M(15M) 0.474ms
[216.979s][info][gc] GC(8757) Pause Young (Allocation Failure) 12M->8M(15M) 0.373ms
[217.035s][info][gc] GC(8758) Pause Young (Allocation Failure) 12M->8M(15M) 0.687ms
[217.450s][info][gc] GC(8759) Pause Young (Allocation Failure) 12M->8M(15M) 0.380ms
[217.534s][info][gc] GC(8760) Pause Young (Allocation Failure) 12M->8M(15M) 0.368ms
[217.542s][info][gc] GC(8761) Pause Young (Allocation Failure) 12M->8M(15M) 0.312ms
[217.566s][info][gc] GC(8762) Pause Young (Allocation Failure) 12M->8M(15M) 0.370ms
[217.578s][info][gc] GC(8763) Pause Young (Allocation Failure) 12M->8M(15M) 0.393ms
[217.602s][info][gc] GC(8764) Pause Young (Allocation Failure) 12M->8M(15M) 0.372ms
[217.618s][info][gc] GC(8765) Pause Young (Allocation Failure) 12M->8M(15M) 0.377ms
[217.644s][info][gc] GC(8766) Pause Young (Allocation Failure) 12M->8M(15M) 0.381ms
[217.652s][info][gc] GC(8767) Pause Young (Allocation Failure) 12M->8M(15M) 0.412ms
[217.659s][info][gc] GC(8768) Pause Young (Allocation Failure) 12M->8M(15M) 0.354ms
[217.668s][info][gc] GC(8769) Pause Young (Allocation Failure) 12M->8M(15M) 0.444ms
[217.675s][info][gc] GC(8770) Pause Young (Allocation Failure) 12M->8M(15M) 0.539ms
[217.706s][info][gc] GC(8771) Pause Young (Allocation Failure) 12M->8M(15M) 0.369ms
[217.726s][info][gc] GC(8772) Pause Young (Allocation Failure) 12M->8M(15M) 0.358ms
[217.736s][info][gc] GC(8773) Pause Young (Allocation Failure) 12M->8M(15M) 0.338ms
[217.753s][info][gc] GC(8774) Pause Young (Allocation Failure) 12M->8M(15M) 0.371ms
[217.801s][info][gc] GC(8775) Pause Young (Allocation Failure) 12M->8M(15M) 0.368ms
[217.815s][info][gc] GC(8776) Pause Young (Allocation Failure) 12M->8M(15M) 0.370ms
[217.821s][info][gc] GC(8777) Pause Young (Allocation Failure) 12M->8M(15M) 0.368ms
[218.007s][info][gc] GC(8778) Pause Young (Allocation Failure) 12M->8M(15M) 0.321ms
[218.015s][info][gc] GC(8779) Pause Young (Allocation Failure) 12M->8M(15M) 0.431ms
[218.021s][info][gc] GC(8780) Pause Young (Allocation Failure) 12M->8M(15M) 0.331ms
[218.029s][info][gc] GC(8781) Pause Young (Allocation Failure) 12M->8M(15M) 0.435ms
[218.054s][info][gc] GC(8782) Pause Young (Allocation Failure) 12M->8M(15M) 0.357ms
[218.062s][info][gc] GC(8783) Pause Young (Allocation Failure) 12M->8M(15M) 0.370ms
[218.071s][info][gc] GC(8784) Pause Young (Allocation Failure) 12M->8M(15M) 0.402ms
[218.661s][info][gc] GC(8785) Pause Young (Allocation Failure) 12M->8M(15M) 0.364ms
[218.680s][info][gc] GC(8786) Pause Young (Allocation Failure) 12M->8M(15M) 0.363ms
[218.687s][info][gc] GC(8787) Pause Young (Allocation Failure) 12M->8M(15M) 0.292ms
[218.694s][info][gc] GC(8788) Pause Young (Allocation Failure) 12M->8M(15M) 0.418ms
[218.702s][info][gc] GC(8789) Pause Young (Allocation Failure) 12M->8M(15M) 0.361ms
[218.709s][info][gc] GC(8790) Pause Young (Allocation Failure) 12M->8M(15M) 0.287ms
[218.714s][info][gc] GC(8791) Pause Young (Allocation Failure) 12M->8M(15M) 0.352ms
[218.896s][info][gc] GC(8792) Pause Young (Allocation Failure) 12M->8M(15M) 0.403ms
[218.925s][info][gc] GC(8793) Pause Young (Allocation Failure) 12M->8M(15M) 0.494ms
[218.943s][info][gc] GC(8794) Pause Young (Allocation Failure) 12M->8M(15M) 0.382ms
[218.975s][info][gc] GC(8795) Pause Young (Allocation Failure) 12M->8M(15M) 0.271ms
[218.990s][info][gc] GC(8796) Pause Young (Allocation Failure) 12M->8M(15M) 0.378ms
[219.018s][info][gc] GC(8797) Pause Young (Allocation Failure) 12M->8M(15M) 0.353ms
[219.155s][info][gc] GC(8798) Pause Young (Allocation Failure) 12M->8M(15M) 0.524ms
[219.170s][info][gc] GC(8799) Pause Young (Allocation Failure) 12M->8M(15M) 0.361ms
[219.183s][info][gc] GC(8800) Pause Young (Allocation Failure) 12M->8M(15M) 0.386ms
[219.190s][info][gc] GC(8801) Pause Young (Allocation Failure) 12M->8M(15M) 0.485ms
[219.210s][info][gc] GC(8802) Pause Young (Allocation Failure) 12M->8M(15M) 0.386ms
[219.478s][info][gc] GC(8803) Pause Young (Allocation Failure) 12M->8M(15M) 0.366ms
[219.499s][info][gc] GC(8804) Pause Young (Allocation Failure) 12M->8M(15M) 0.329ms
[219.675s][info][gc] GC(8805) Pause Young (Allocation Failure) 12M->8M(15M) 0.371ms
[219.710s][info][gc] GC(8806) Pause Young (Allocation Failure) 12M->8M(15M) 0.361ms
[219.728s][info][gc] GC(8807) Pause Young (Allocation Failure) 12M->8M(15M) 0.487ms
[219.840s][info][gc] GC(8808) Pause Young (Allocation Failure) 12M->8M(15M) 0.367ms
[219.857s][info][gc] GC(8809) Pause Young (Allocation Failure) 12M->8M(15M) 0.373ms
[219.967s][info][gc] GC(8810) Pause Young (Allocation Failure) 12M->8M(15M) 0.726ms
[219.979s][info][gc] GC(8811) Pause Young (Allocation Failure) 12M->8M(15M) 0.368ms
[220.201s][info][gc] GC(8812) Pause Young (Allocation Failure) 12M->8M(15M) 0.336ms
[220.256s][info][gc] GC(8813) Pause Young (Allocation Failure) 12M->8M(15M) 0.373ms
[220.275s][info][gc] GC(8814) Pause Young (Allocation Failure) 12M->8M(15M) 0.435ms
[220.290s][info][gc] GC(8815) Pause Young (Allocation Failure) 12M->8M(15M) 0.382ms
[220.305s][info][gc] GC(8816) Pause Young (Allocation Failure) 12M->8M(15M) 0.379ms
[220.345s][info][gc] GC(8817) Pause Young (Allocation Failure) 12M->8M(15M) 0.383ms
[220.462s][info][gc] GC(8818) Pause Young (Allocation Failure) 12M->8M(15M) 0.361ms
[220.785s][info][gc] GC(8819) Pause Young (Allocation Failure) 12M->8M(15M) 0.391ms
[220.796s][info][gc] GC(8820) Pause Young (Allocation Failure) 12M->8M(15M) 0.395ms
[220.808s][info][gc] GC(8821) Pause Young (Allocation Failure) 12M->8M(15M) 0.390ms
[220.819s][info][gc] GC(8822) Pause Young (Allocation Failure) 12M->8M(15M) 0.374ms
[220.830s][info][gc] GC(8823) Pause Young (Allocation Failure) 12M->8M(15M) 0.390ms
[220.841s][info][gc] GC(8824) Pause Young (Allocation Failure) 12M->8M(15M) 0.374ms
[220.945s][info][gc] GC(8825) Pause Young (Allocation Failure) 12M->8M(15M) 0.321ms
[220.956s][info][gc] GC(8826) Pause Young (Allocation Failure) 12M->8M(15M) 0.359ms
[220.969s][info][gc] GC(8827) Pause Young (Allocation Failure) 12M->8M(15M) 0.345ms
[220.980s][info][gc] GC(8828) Pause Young (Allocation Failure) 12M->8M(15M) 0.378ms
[221.027s][info][gc] GC(8829) Pause Young (Allocation Failure) 12M->8M(15M) 0.436ms
[221.040s][info][gc] GC(8830) Pause Young (Allocation Failure) 12M->8M(15M) 0.337ms
[221.145s][info][gc] GC(8831) Pause Young (Allocation Failure) 12M->8M(15M) 0.372ms
[221.161s][info][gc] GC(8832) Pause Young (Allocation Failure) 12M->8M(15M) 0.377ms
[221.183s][info][gc] GC(8833) Pause Young (Allocation Failure) 12M->8M(15M) 0.405ms
[221.193s][info][gc] GC(8834) Pause Young (Allocation Failure) 12M->8M(15M) 0.372ms
[221.209s][info][gc] GC(8835) Pause Young (Allocation Failure) 12M->8M(15M) 0.376ms
[221.222s][info][gc] GC(8836) Pause Young (Allocation Failure) 12M->8M(15M) 0.351ms
[221.584s][info][gc] GC(8837) Pause Young (Allocation Failure) 12M->8M(15M) 0.343ms
[221.724s][info][gc] GC(8838) Pause Young (Allocation Failure) 12M->8M(15M) 0.378ms
[222.067s][info][gc] GC(8839) Pause Young (Allocation Failure) 12M->8M(15M) 0.377ms
[222.071s][info][gc] GC(8840) Pause Young (Allocation Failure) 12M->8M(15M) 0.366ms
[222.077s][info][gc] GC(8841) Pause Young (Allocation Failure) 12M->8M(15M) 0.356ms
[222.082s][info][gc] GC(8842) Pause Young (Allocation Failure) 12M->8M(15M) 0.351ms
[222.096s][info][gc] GC(8843) Pause Young (Allocation Failure) 12M->8M(15M) 0.373ms
[222.105s][info][gc] GC(8844) Pause Young (Allocation Failure) 12M->8M(15M) 0.391ms
[222.186s][info][gc] GC(8845) Pause Young (Allocation Failure) 12M->8M(15M) 0.399ms
[222.195s][info][gc] GC(8846) Pause Young (Allocation Failure) 12M->8M(15M) 0.360ms
[222.204s][info][gc] GC(8847) Pause Young (Allocation Failure) 12M->8M(15M) 0.342ms
[222.213s][info][gc] GC(8848) Pause Young (Allocation Failure) 12M->8M(15M) 0.379ms
[222.222s][info][gc] GC(8849) Pause Young (Allocation Failure) 12M->8M(15M) 0.373ms
[222.232s][info][gc] GC(8850) Pause Young (Allocation Failure) 12M->8M(15M) 0.369ms
[222.241s][info][gc] GC(8851) Pause Young (Allocation Failure) 12M->8M(15M) 0.588ms
[222.389s][info][gc] GC(8852) Pause Young (Allocation Failure) 12M->8M(15M) 0.356ms
[222.426s][info][gc] GC(8853) Pause Young (Allocation Failure) 12M->8M(15M) 0.404ms
[222.442s][info][gc] GC(8854) Pause Young (Allocation Failure) 12M->8M(15M) 0.373ms
[222.475s][info][gc] GC(8855) Pause Young (Allocation Failure) 12M->8M(15M) 0.373ms
[222.488s][info][gc] GC(8856) Pause Young (Allocation Failure) 12M->8M(15M) 0.371ms
[222.524s][info][gc] GC(8857) Pause Young (Allocation Failure) 12M->8M(15M) 0.384ms
[222.540s][info][gc] GC(8858) Pause Young (Allocation Failure) 12M->8M(15M) 0.369ms
[222.704s][info][gc] GC(8859) Pause Young (Allocation Failure) 12M->8M(15M) 0.295ms
[222.713s][info][gc] GC(8860) Pause Young (Allocation Failure) 12M->8M(15M) 0.525ms
[223.622s][info][gc] GC(8861) Pause Young (Allocation Failure) 12M->8M(15M) 0.342ms
[223.637s][info][gc] GC(8862) Pause Young (Allocation Failure) 12M->8M(15M) 0.380ms
[223.654s][info][gc] GC(8863) Pause Young (Allocation Failure) 12M->8M(15M) 0.369ms
[223.671s][info][gc] GC(8864) Pause Young (Allocation Failure) 12M->8M(15M) 0.469ms
[225.158s][info][gc] GC(8865) Pause Young (Allocation Failure) 12M->8M(15M) 0.396ms
[225.259s][info][gc] GC(8866) Pause Young (Allocation Failure) 12M->8M(15M) 0.358ms
[225.276s][info][gc] GC(8867) Pause Young (Allocation Failure) 12M->8M(15M) 0.497ms
[225.377s][info][gc] GC(8868) Pause Young (Allocation Failure) 12M->8M(15M) 0.358ms
[225.911s][info][gc] GC(8869) Pause Young (Allocation Failure) 12M->8M(15M) 0.407ms
[226.087s][info][gc] GC(8870) Pause Young (Allocation Failure) 12M->8M(15M) 0.416ms
[226.156s][info][gc] GC(8871) Pause Young (Allocation Failure) 12M->8M(15M) 0.356ms
[226.910s][info][gc] GC(8872) Pause Young (Allocation Failure) 12M->8M(15M) 0.303ms
[226.975s][info][gc] GC(8873) Pause Young (Allocation Failure) 12M->8M(15M) 0.381ms
[227.127s][info][gc] GC(8874) Pause Young (Allocation Failure) 12M->8M(15M) 0.460ms
[227.172s][info][gc] GC(8875) Pause Young (Allocation Failure) 12M->8M(15M) 0.307ms
[227.177s][info][gc] GC(8876) Pause Young (Allocation Failure) 12M->8M(15M) 0.374ms
[227.261s][info][gc] GC(8877) Pause Young (Allocation Failure) 12M->8M(15M) 0.331ms
[227.276s][info][gc] GC(8878) Pause Young (Allocation Failure) 12M->8M(15M) 0.321ms
[227.892s][info][gc] GC(8879) Pause Young (Allocation Failure) 12M->8M(15M) 0.372ms
[227.904s][info][gc] GC(8880) Pause Young (Allocation Failure) 12M->8M(15M) 0.396ms
[227.909s][info][gc] GC(8881) Pause Young (Allocation Failure) 12M->8M(15M) 0.396ms
[227.926s][info][gc] GC(8882) Pause Young (Allocation Failure) 12M->8M(15M) 0.377ms
[227.952s][info][gc] GC(8883) Pause Young (Allocation Failure) 12M->8M(15M) 0.336ms
[227.962s][info][gc] GC(8884) Pause Young (Allocation Failure) 12M->8M(15M) 1.288ms
[227.970s][info][gc] GC(8885) Pause Young (Allocation Failure) 12M->8M(15M) 0.420ms
[228.451s][info][gc] GC(8886) Pause Young (Allocation Failure) 12M->8M(15M) 0.319ms
[228.506s][info][gc] GC(8887) Pause Young (Allocation Failure) 12M->8M(15M) 0.573ms
[228.785s][info][gc] GC(8888) Pause Young (Allocation Failure) 12M->8M(15M) 0.298ms
[228.794s][info][gc] GC(8889) Pause Young (Allocation Failure) 12M->8M(15M) 0.390ms
[228.802s][info][gc] GC(8890) Pause Young (Allocation Failure) 12M->8M(15M) 0.343ms
[228.807s][info][gc] GC(8891) Pause Young (Allocation Failure) 12M->8M(15M) 0.352ms
[228.821s][info][gc] GC(8892) Pause Young (Allocation Failure) 12M->8M(15M) 0.557ms
[228.850s][info][gc] GC(8893) Pause Young (Allocation Failure) 12M->8M(15M) 0.325ms
[228.868s][info][gc] GC(8894) Pause Young (Allocation Failure) 12M->8M(15M) 0.510ms
[228.902s][info][gc] GC(8895) Pause Young (Allocation Failure) 12M->8M(15M) 0.325ms
[228.909s][info][gc] GC(8896) Pause Young (Allocation Failure) 12M->8M(15M) 0.465ms
[228.920s][info][gc] GC(8897) Pause Young (Allocation Failure) 12M->8M(15M) 0.381ms
[228.935s][info][gc] GC(8898) Pause Young (Allocation Failure) 12M->8M(15M) 0.355ms
[228.945s][info][gc] GC(8899) Pause Young (Allocation Failure) 12M->8M(15M) 0.737ms
[230.526s][info][gc] GC(8900) Pause Young (Allocation Failure) 12M->8M(15M) 0.373ms
[230.543s][info][gc] GC(8901) Pause Young (Allocation Failure) 12M->8M(15M) 0.303ms
[230.575s][info][gc] GC(8902) Pause Young (Allocation Failure) 12M->8M(15M) 0.359ms
[230.637s][info][gc] GC(8903) Pause Young (Allocation Failure) 12M->8M(15M) 0.303ms
[230.706s][info][gc] GC(8904) Pause Young (Allocation Failure) 12M->8M(15M) 0.367ms
[230.715s][info][gc] GC(8905) Pause Young (Allocation Failure) 12M->8M(15M) 0.442ms
[230.730s][info][gc] GC(8906) Pause Young (Allocation Failure) 12M->8M(15M) 0.390ms
[231.414s][info][gc] GC(8907) Pause Young (Allocation Failure) 12M->8M(15M) 0.369ms
[231.423s][info][gc] GC(8908) Pause Young (Allocation Failure) 12M->8M(15M) 0.289ms
[231.432s][info][gc] GC(8909) Pause Young (Allocation Failure) 12M->8M(15M) 0.377ms
[231.440s][info][gc] GC(8910) Pause Young (Allocation Failure) 12M->8M(15M) 0.305ms
[231.448s][info][gc] GC(8911) Pause Young (Allocation Failure) 12M->8M(15M) 0.374ms
[231.456s][info][gc] GC(8912) Pause Young (Allocation Failure) 12M->8M(15M) 0.393ms
[231.465s][info][gc] GC(8913) Pause Young (Allocation Failure) 13M->8M(15M) 0.275ms
[231.517s][info][gc] GC(8914) Pause Young (Allocation Failure) 12M->8M(15M) 0.365ms
[231.525s][info][gc] GC(8915) Pause Young (Allocation Failure) 12M->8M(15M) 0.357ms
[231.532s][info][gc] GC(8916) Pause Young (Allocation Failure) 12M->8M(15M) 0.363ms
[231.540s][info][gc] GC(8917) Pause Young (Allocation Failure) 13M->8M(15M) 0.373ms
[231.549s][info][gc] GC(8918) Pause Young (Allocation Failure) 12M->8M(15M) 0.277ms
[231.556s][info][gc] GC(8919) Pause Young (Allocation Failure) 12M->8M(15M) 0.366ms
[231.565s][info][gc] GC(8920) Pause Young (Allocation Failure) 13M->8M(15M) 0.374ms
[231.661s][info][gc] GC(8921) Pause Young (Allocation Failure) 12M->8M(15M) 0.521ms
[231.684s][info][gc] GC(8922) Pause Young (Allocation Failure) 13M->8M(15M) 0.479ms
[231.694s][info][gc] GC(8923) Pause Young (Allocation Failure) 13M->8M(15M) 0.425ms
[231.756s][info][gc] GC(8924) Pause Young (Allocation Failure) 12M->8M(15M) 0.327ms
[231.780s][info][gc] GC(8925) Pause Young (Allocation Failure) 12M->8M(15M) 0.486ms
[231.789s][info][gc] GC(8926) Pause Young (Allocation Failure) 13M->8M(15M) 0.400ms
[231.870s][info][gc] GC(8927) Pause Young (Allocation Failure) 13M->8M(15M) 0.318ms
[231.883s][info][gc] GC(8928) Pause Young (Allocation Failure) 12M->8M(15M) 0.358ms
[231.891s][info][gc] GC(8929) Pause Young (Allocation Failure) 13M->8M(15M) 0.383ms
[231.908s][info][gc] GC(8930) Pause Young (Allocation Failure) 13M->8M(15M) 0.322ms
[231.920s][info][gc] GC(8931) Pause Young (Allocation Failure) 12M->8M(15M) 0.382ms
[231.938s][info][gc] GC(8932) Pause Young (Allocation Failure) 13M->8M(15M) 0.377ms
[232.410s][info][gc] GC(8933) Pause Young (Allocation Failure) 13M->8M(15M) 0.433ms
[232.617s][info][gc] GC(8934) Pause Young (Allocation Failure) 13M->8M(15M) 0.364ms
[232.622s][info][gc] GC(8935) Pause Young (Allocation Failure) 13M->8M(15M) 0.416ms
[232.635s][info][gc] GC(8936) Pause Young (Allocation Failure) 12M->8M(15M) 0.364ms
[232.648s][info][gc] GC(8937) Pause Young (Allocation Failure) 13M->8M(15M) 0.343ms
[232.653s][info][gc] GC(8938) Pause Young (Allocation Failure) 13M->8M(15M) 0.410ms
[232.716s][info][gc] GC(8939) Pause Young (Allocation Failure) 13M->8M(15M) 0.555ms
[232.771s][info][gc] GC(8940) Pause Young (Allocation Failure) 13M->8M(15M) 0.371ms
[232.785s][info][gc] GC(8941) Pause Young (Allocation Failure) 13M->8M(15M) 0.582ms
[232.804s][info][gc] GC(8942) Pause Young (Allocation Failure) 13M->8M(15M) 0.316ms
[232.819s][info][gc] GC(8943) Pause Young (Allocation Failure) 12M->8M(15M) 0.376ms
[232.833s][info][gc] GC(8944) Pause Young (Allocation Failure) 13M->8M(15M) 0.353ms
[232.841s][info][gc] GC(8945) Pause Young (Allocation Failure) 13M->8M(15M) 0.377ms
[232.848s][info][gc] GC(8946) Pause Young (Allocation Failure) 13M->8M(15M) 0.361ms
[233.440s][info][gc] GC(8947) Pause Young (Allocation Failure) 13M->8M(15M) 0.371ms
[233.520s][info][gc] GC(8948) Pause Young (Allocation Failure) 13M->8M(15M) 0.393ms
[233.538s][info][gc] GC(8949) Pause Young (Allocation Failure) 13M->8M(15M) 0.394ms
[233.544s][info][gc] GC(8950) Pause Young (Allocation Failure) 13M->8M(15M) 0.575ms
[233.550s][info][gc] GC(8951) Pause Young (Allocation Failure) 13M->8M(15M) 0.366ms
[233.557s][info][gc] GC(8952) Pause Young (Allocation Failure) 13M->8M(15M) 0.317ms
[233.565s][info][gc] GC(8953) Pause Young (Allocation Failure) 13M->8M(15M) 0.366ms
[233.603s][info][gc] GC(8954) Pause Young (Allocation Failure) 13M->8M(15M) 0.370ms
[233.608s][info][gc] GC(8955) Pause Young (Allocation Failure) 13M->8M(15M) 0.386ms
[233.613s][info][gc] GC(8956) Pause Young (Allocation Failure) 13M->8M(15M) 0.369ms
[233.618s][info][gc] GC(8957) Pause Young (Allocation Failure) 13M->8M(15M) 0.396ms
[233.622s][info][gc] GC(8958) Pause Young (Allocation Failure) 13M->8M(15M) 0.354ms
[233.666s][info][gc] GC(8959) Pause Young (Allocation Failure) 13M->8M(15M) 0.356ms
[233.704s][info][gc] GC(8960) Pause Young (Allocation Failure) 13M->8M(15M) 0.415ms
[233.717s][info][gc] GC(8961) Pause Young (Allocation Failure) 13M->8M(15M) 0.361ms
[233.772s][info][gc] GC(8962) Pause Young (Allocation Failure) 13M->8M(15M) 0.325ms
[233.778s][info][gc] GC(8963) Pause Young (Allocation Failure) 13M->8M(15M) 0.383ms
[233.782s][info][gc] GC(8964) Pause Young (Allocation Failure) 13M->8M(15M) 0.377ms
[233.787s][info][gc] GC(8965) Pause Young (Allocation Failure) 13M->8M(15M) 0.319ms
[233.792s][info][gc] GC(8966) Pause Young (Allocation Failure) 13M->8M(15M) 0.370ms
[233.797s][info][gc] GC(8967) Pause Young (Allocation Failure) 13M->8M(15M) 0.342ms
[233.801s][info][gc] GC(8968) Pause Young (Allocation Failure) 13M->8M(15M) 0.357ms
[233.861s][info][gc] GC(8969) Pause Young (Allocation Failure) 13M->8M(15M) 1.012ms
[233.874s][info][gc] GC(8970) Pause Young (Allocation Failure) 13M->8M(15M) 0.333ms
[234.254s][info][gc] GC(8971) Pause Young (Allocation Failure) 13M->8M(15M) 0.464ms
[234.293s][info][gc] GC(8972) Pause Young (Allocation Failure) 13M->8M(15M) 0.374ms
[234.308s][info][gc] GC(8973) Pause Young (Allocation Failure) 13M->8M(15M) 0.370ms
[234.394s][info][gc] GC(8974) Pause Young (Allocation Failure) 13M->8M(15M) 0.615ms
[234.404s][info][gc] GC(8975) Pause Young (Allocation Failure) 13M->8M(15M) 0.353ms
[234.442s][info][gc] GC(8976) Pause Young (Allocation Failure) 13M->8M(15M) 0.366ms
[234.451s][info][gc] GC(8977) Pause Young (Allocation Failure) 13M->8M(15M) 0.663ms
[234.501s][info][gc] GC(8978) Pause Young (Allocation Failure) 13M->8M(15M) 0.573ms
[234.553s][info][gc] GC(8979) Pause Young (Allocation Failure) 13M->8M(15M) 0.382ms
[234.565s][info][gc] GC(8980) Pause Young (Allocation Failure) 13M->8M(15M) 0.335ms
[234.583s][info][gc] GC(8981) Pause Young (Allocation Failure) 13M->8M(15M) 0.387ms
[234.706s][info][gc] GC(8982) Pause Young (Allocation Failure) 13M->8M(15M) 0.380ms
[234.763s][info][gc] GC(8983) Pause Young (Allocation Failure) 13M->8M(15M) 0.365ms
[234.787s][info][gc] GC(8984) Pause Young (Allocation Failure) 13M->8M(15M) 0.422ms
[234.796s][info][gc] GC(8985) Pause Young (Allocation Failure) 13M->8M(15M) 0.303ms
[234.857s][info][gc] GC(8986) Pause Young (Allocation Failure) 13M->8M(15M) 0.490ms
[234.908s][info][gc] GC(8987) Pause Young (Allocation Failure) 13M->8M(15M) 0.318ms
[234.946s][info][gc] GC(8988) Pause Young (Allocation Failure) 13M->8M(15M) 0.504ms
[235.264s][info][gc] GC(8989) Pause Young (Allocation Failure) 13M->8M(15M) 0.646ms
[235.350s][info][gc] GC(8990) Pause Young (Allocation Failure) 13M->8M(15M) 0.383ms
[235.413s][info][gc] GC(8991) Pause Young (Allocation Failure) 13M->8M(15M) 0.493ms
[235.450s][info][gc] GC(8992) Pause Young (Allocation Failure) 13M->8M(15M) 0.293ms
[235.488s][info][gc] GC(8993) Pause Young (Allocation Failure) 13M->8M(15M) 0.482ms
[235.510s][info][gc] GC(8994) Pause Young (Allocation Failure) 13M->8M(15M) 0.322ms
[235.605s][info][gc] GC(8995) Pause Young (Allocation Failure) 13M->8M(15M) 0.379ms
[235.833s][info][gc] GC(8996) Pause Young (Allocation Failure) 13M->8M(15M) 0.395ms
[235.889s][info][gc] GC(8997) Pause Young (Allocation Failure) 13M->8M(15M) 0.321ms
[235.935s][info][gc] GC(8998) Pause Young (Allocation Failure) 13M->8M(15M) 0.359ms
[235.944s][info][gc] GC(8999) Pause Young (Allocation Failure) 13M->8M(15M) 0.615ms
[236.020s][info][gc] GC(9000) Pause Young (Allocation Failure) 13M->8M(15M) 0.352ms
[236.240s][info][gc] GC(9001) Pause Young (Allocation Failure) 13M->8M(15M) 0.526ms
[236.251s][info][gc] GC(9002) Pause Young (Allocation Failure) 13M->8M(15M) 0.331ms
[236.300s][info][gc] GC(9003) Pause Young (Allocation Failure) 13M->8M(15M) 0.377ms
[236.341s][info][gc] GC(9004) Pause Young (Allocation Failure) 13M->8M(15M) 0.502ms
[236.355s][info][gc] GC(9005) Pause Young (Allocation Failure) 13M->8M(15M) 0.325ms
[236.389s][info][gc] GC(9006) Pause Young (Allocation Failure) 13M->8M(15M) 0.384ms
[236.470s][info][gc] GC(9007) Pause Young (Allocation Failure) 13M->8M(15M) 0.395ms
[236.521s][info][gc] GC(9008) Pause Young (Allocation Failure) 13M->8M(15M) 0.357ms
[236.566s][info][gc] GC(9009) Pause Young (Allocation Failure) 13M->8M(15M) 0.369ms
[236.575s][info][gc] GC(9010) Pause Young (Allocation Failure) 13M->8M(15M) 0.406ms
[236.609s][info][gc] GC(9011) Pause Young (Allocation Failure) 13M->8M(15M) 0.348ms
[236.748s][info][gc] GC(9012) Pause Young (Allocation Failure) 13M->8M(15M) 0.419ms
[236.753s][info][gc] GC(9013) Pause Young (Allocation Failure) 13M->8M(15M) 0.373ms
[236.873s][info][gc] GC(9014) Pause Young (Allocation Failure) 13M->8M(15M) 0.399ms
[236.920s][info][gc] GC(9015) Pause Young (Allocation Failure) 13M->8M(15M) 0.308ms
[236.930s][info][gc] GC(9016) Pause Young (Allocation Failure) 13M->8M(15M) 0.404ms
[237.066s][info][gc] GC(9017) Pause Young (Allocation Failure) 13M->8M(15M) 0.361ms
[237.086s][info][gc] GC(9018) Pause Young (Allocation Failure) 13M->8M(15M) 0.352ms
[237.091s][info][gc] GC(9019) Pause Young (Allocation Failure) 13M->8M(15M) 0.374ms
[237.117s][info][gc] GC(9020) Pause Young (Allocation Failure) 13M->8M(15M) 0.299ms
[237.300s][info][gc] GC(9021) Pause Young (Allocation Failure) 13M->8M(15M) 0.359ms
[237.305s][info][gc] GC(9022) Pause Young (Allocation Failure) 13M->8M(15M) 0.344ms
[237.310s][info][gc] GC(9023) Pause Young (Allocation Failure) 13M->8M(15M) 0.308ms
[237.324s][info][gc] GC(9024) Pause Young (Allocation Failure) 13M->8M(15M) 0.369ms
[237.334s][info][gc] GC(9025) Pause Young (Allocation Failure) 13M->8M(15M) 0.317ms
[237.349s][info][gc] GC(9026) Pause Young (Allocation Failure) 13M->8M(15M) 0.352ms
[237.364s][info][gc] GC(9027) Pause Young (Allocation Failure) 13M->8M(15M) 0.377ms
[237.432s][info][gc] GC(9028) Pause Young (Allocation Failure) 13M->8M(15M) 0.279ms
[237.440s][info][gc] GC(9029) Pause Young (Allocation Failure) 13M->8M(15M) 0.383ms
[237.447s][info][gc] GC(9030) Pause Young (Allocation Failure) 13M->8M(15M) 0.372ms
[237.455s][info][gc] GC(9031) Pause Young (Allocation Failure) 13M->8M(15M) 0.305ms
[237.463s][info][gc] GC(9032) Pause Young (Allocation Failure) 13M->8M(15M) 0.361ms
[237.471s][info][gc] GC(9033) Pause Young (Allocation Failure) 13M->8M(15M) 0.353ms
[237.478s][info][gc] GC(9034) Pause Young (Allocation Failure) 13M->8M(15M) 0.299ms
[237.498s][info][gc] GC(9035) Pause Young (Allocation Failure) 13M->8M(15M) 0.355ms
[237.505s][info][gc] GC(9036) Pause Young (Allocation Failure) 13M->8M(15M) 0.348ms
[237.514s][info][gc] GC(9037) Pause Young (Allocation Failure) 13M->8M(15M) 0.383ms
[237.522s][info][gc] GC(9038) Pause Young (Allocation Failure) 13M->8M(15M) 0.367ms
[237.532s][info][gc] GC(9039) Pause Young (Allocation Failure) 13M->8M(15M) 0.315ms
[237.539s][info][gc] GC(9040) Pause Young (Allocation Failure) 13M->8M(15M) 0.356ms
[237.551s][info][gc] GC(9041) Pause Young (Allocation Failure) 13M->8M(15M) 0.432ms
[237.574s][info][gc] GC(9042) Pause Young (Allocation Failure) 13M->8M(15M) 0.301ms
[237.600s][info][gc] GC(9043) Pause Young (Allocation Failure) 13M->8M(15M) 0.361ms
[237.608s][info][gc] GC(9044) Pause Young (Allocation Failure) 13M->8M(15M) 0.298ms
[237.622s][info][gc] GC(9045) Pause Young (Allocation Failure) 13M->8M(15M) 0.368ms
[237.784s][info][gc] GC(9046) Pause Young (Allocation Failure) 13M->8M(15M) 0.376ms
[237.792s][info][gc] GC(9047) Pause Young (Allocation Failure) 13M->8M(15M) 0.376ms
[237.800s][info][gc] GC(9048) Pause Young (Allocation Failure) 13M->8M(15M) 0.363ms
[238.028s][info][gc] GC(9049) Pause Young (Allocation Failure) 13M->8M(15M) 0.312ms
[238.036s][info][gc] GC(9050) Pause Young (Allocation Failure) 13M->8M(15M) 0.355ms
[238.044s][info][gc] GC(9051) Pause Young (Allocation Failure) 13M->8M(15M) 0.426ms
[238.052s][info][gc] GC(9052) Pause Young (Allocation Failure) 13M->8M(15M) 0.365ms
[238.061s][info][gc] GC(9053) Pause Young (Allocation Failure) 13M->8M(15M) 0.367ms
[238.069s][info][gc] GC(9054) Pause Young (Allocation Failure) 13M->8M(15M) 0.359ms
[238.078s][info][gc] GC(9055) Pause Young (Allocation Failure) 13M->8M(15M) 0.425ms
[238.176s][info][gc] GC(9056) Pause Young (Allocation Failure) 13M->8M(15M) 0.373ms
[238.185s][info][gc] GC(9057) Pause Young (Allocation Failure) 13M->8M(15M) 0.353ms
[238.193s][info][gc] GC(9058) Pause Young (Allocation Failure) 13M->8M(15M) 0.370ms
[238.201s][info][gc] GC(9059) Pause Young (Allocation Failure) 13M->8M(15M) 0.357ms
[238.210s][info][gc] GC(9060) Pause Young (Allocation Failure) 13M->8M(15M) 0.273ms
[238.218s][info][gc] GC(9061) Pause Young (Allocation Failure) 13M->8M(15M) 0.382ms
[238.471s][info][gc] GC(9062) Pause Young (Allocation Failure) 13M->8M(15M) 0.306ms
[238.507s][info][gc] GC(9063) Pause Young (Allocation Failure) 13M->8M(15M) 0.404ms
[238.533s][info][gc] GC(9064) Pause Young (Allocation Failure) 13M->8M(15M) 0.313ms
[238.538s][info][gc] GC(9065) Pause Young (Allocation Failure) 13M->8M(15M) 0.368ms
[238.542s][info][gc] GC(9066) Pause Young (Allocation Failure) 13M->8M(15M) 0.348ms
[238.548s][info][gc] GC(9067) Pause Young (Allocation Failure) 13M->8M(15M) 0.311ms
[238.554s][info][gc] GC(9068) Pause Young (Allocation Failure) 13M->8M(15M) 0.374ms
[238.561s][info][gc] GC(9069) Pause Young (Allocation Failure) 13M->8M(15M) 0.375ms
[238.580s][info][gc] GC(9070) Pause Young (Allocation Failure) 13M->8M(15M) 0.322ms
[238.588s][info][gc] GC(9071) Pause Young (Allocation Failure) 13M->8M(15M) 0.365ms
[238.597s][info][gc] GC(9072) Pause Young (Allocation Failure) 13M->8M(15M) 0.366ms
[238.608s][info][gc] GC(9073) Pause Young (Allocation Failure) 13M->8M(15M) 0.369ms
[238.617s][info][gc] GC(9074) Pause Young (Allocation Failure) 13M->8M(15M) 0.371ms
[238.624s][info][gc] GC(9075) Pause Young (Allocation Failure) 13M->8M(15M) 0.316ms
[238.640s][info][gc] GC(9076) Pause Young (Allocation Failure) 13M->8M(15M) 0.370ms
[238.648s][info][gc] GC(9077) Pause Young (Allocation Failure) 13M->8M(15M) 0.379ms
[238.783s][info][gc] GC(9078) Pause Young (Allocation Failure) 13M->8M(15M) 0.354ms
[238.794s][info][gc] GC(9079) Pause Young (Allocation Failure) 13M->8M(15M) 0.811ms
[238.820s][info][gc] GC(9080) Pause Young (Allocation Failure) 13M->8M(15M) 0.355ms
[239.003s][info][gc] GC(9081) Pause Young (Allocation Failure) 13M->8M(15M) 0.387ms
[239.014s][info][gc] GC(9082) Pause Young (Allocation Failure) 13M->8M(15M) 0.378ms
[239.024s][info][gc] GC(9083) Pause Young (Allocation Failure) 13M->8M(15M) 0.340ms
[239.092s][info][gc] GC(9084) Pause Young (Allocation Failure) 13M->8M(15M) 0.368ms
[239.101s][info][gc] GC(9085) Pause Young (Allocation Failure) 13M->8M(15M) 0.478ms
[239.110s][info][gc] GC(9086) Pause Young (Allocation Failure) 13M->8M(15M) 0.350ms
[239.118s][info][gc] GC(9087) Pause Young (Allocation Failure) 13M->8M(15M) 0.358ms
[239.127s][info][gc] GC(9088) Pause Young (Allocation Failure) 13M->8M(15M) 0.308ms
[239.136s][info][gc] GC(9089) Pause Young (Allocation Failure) 13M->8M(15M) 0.357ms
[239.144s][info][gc] GC(9090) Pause Young (Allocation Failure) 13M->8M(15M) 0.292ms
[239.153s][info][gc] GC(9091) Pause Young (Allocation Failure) 13M->8M(15M) 0.365ms
[239.181s][info][gc] GC(9092) Pause Young (Allocation Failure) 13M->8M(15M) 0.356ms
[239.189s][info][gc] GC(9093) Pause Young (Allocation Failure) 13M->8M(15M) 0.391ms
[239.196s][info][gc] GC(9094) Pause Young (Allocation Failure) 13M->8M(15M) 0.349ms
[239.208s][info][gc] GC(9095) Pause Young (Allocation Failure) 13M->8M(15M) 0.353ms
[239.216s][info][gc] GC(9096) Pause Young (Allocation Failure) 13M->8M(15M) 0.371ms
[239.225s][info][gc] GC(9097) Pause Young (Allocation Failure) 13M->8M(15M) 0.349ms
[239.235s][info][gc] GC(9098) Pause Young (Allocation Failure) 13M->8M(15M) 0.303ms
[239.289s][info][gc] GC(9099) Pause Young (Allocation Failure) 13M->8M(15M) 0.377ms
[239.296s][info][gc] GC(9100) Pause Young (Allocation Failure) 13M->8M(15M) 0.327ms
[239.304s][info][gc] GC(9101) Pause Young (Allocation Failure) 13M->8M(15M) 0.372ms
[239.313s][info][gc] GC(9102) Pause Young (Allocation Failure) 13M->8M(15M) 0.388ms
[239.321s][info][gc] GC(9103) Pause Young (Allocation Failure) 13M->8M(15M) 0.336ms
[239.331s][info][gc] GC(9104) Pause Young (Allocation Failure) 13M->8M(15M) 0.378ms
[239.338s][info][gc] GC(9105) Pause Young (Allocation Failure) 13M->8M(15M) 0.350ms
[239.352s][info][gc] GC(9106) Pause Young (Allocation Failure) 13M->8M(15M) 0.282ms
[239.359s][info][gc] GC(9107) Pause Young (Allocation Failure) 13M->8M(15M) 0.373ms
[239.367s][info][gc] GC(9108) Pause Young (Allocation Failure) 13M->8M(15M) 0.357ms
[239.378s][info][gc] GC(9109) Pause Young (Allocation Failure) 13M->8M(15M) 0.304ms
[239.386s][info][gc] GC(9110) Pause Young (Allocation Failure) 13M->8M(15M) 0.371ms
[239.391s][info][gc] GC(9111) Pause Young (Allocation Failure) 13M->8M(15M) 0.337ms
[239.395s][info][gc] GC(9112) Pause Young (Allocation Failure) 13M->8M(15M) 0.348ms
[239.411s][info][gc] GC(9113) Pause Young (Allocation Failure) 13M->8M(15M) 0.372ms
[239.419s][info][gc] GC(9114) Pause Young (Allocation Failure) 13M->8M(15M) 0.490ms
[239.429s][info][gc] GC(9115) Pause Young (Allocation Failure) 13M->8M(15M) 0.370ms
[239.439s][info][gc] GC(9116) Pause Young (Allocation Failure) 13M->8M(15M) 0.337ms
[239.450s][info][gc] GC(9117) Pause Young (Allocation Failure) 13M->8M(15M) 0.418ms
[239.460s][info][gc] GC(9118) Pause Young (Allocation Failure) 13M->8M(15M) 0.484ms
[239.517s][info][gc] GC(9119) Pause Young (Allocation Failure) 13M->8M(15M) 0.325ms
[239.756s][info][gc] GC(9120) Pause Young (Allocation Failure) 13M->8M(15M) 0.374ms
[239.869s][info][gc] GC(9121) Pause Young (Allocation Failure) 13M->8M(15M) 0.347ms
[239.877s][info][gc] GC(9122) Pause Young (Allocation Failure) 13M->8M(15M) 0.586ms
[239.885s][info][gc] GC(9123) Pause Young (Allocation Failure) 13M->8M(15M) 0.365ms
[239.894s][info][gc] GC(9124) Pause Young (Allocation Failure) 13M->8M(15M) 1.165ms
[239.902s][info][gc] GC(9125) Pause Young (Allocation Failure) 13M->8M(15M) 0.370ms
[239.909s][info][gc] GC(9126) Pause Young (Allocation Failure) 13M->8M(15M) 0.363ms
[239.932s][info][gc] GC(9127) Pause Young (Allocation Failure) 13M->8M(15M) 0.330ms
[239.940s][info][gc] GC(9128) Pause Young (Allocation Failure) 13M->8M(15M) 0.282ms
[239.948s][info][gc] GC(9129) Pause Young (Allocation Failure) 13M->8M(15M) 0.358ms
[239.961s][info][gc] GC(9130) Pause Young (Allocation Failure) 13M->8M(15M) 0.375ms
[239.971s][info][gc] GC(9131) Pause Young (Allocation Failure) 13M->8M(15M) 0.435ms
[239.982s][info][gc] GC(9132) Pause Young (Allocation Failure) 13M->8M(15M) 0.409ms
[240.005s][info][gc] GC(9133) Pause Young (Allocation Failure) 13M->8M(15M) 0.359ms
[240.199s][info][gc] GC(9134) Pause Young (Allocation Failure) 13M->8M(15M) 0.422ms
[240.553s][info][gc] GC(9135) Pause Young (Allocation Failure) 13M->8M(15M) 0.356ms
[240.561s][info][gc] GC(9136) Pause Young (Allocation Failure) 13M->8M(15M) 0.313ms
[240.569s][info][gc] GC(9137) Pause Young (Allocation Failure) 13M->8M(15M) 0.363ms
[240.576s][info][gc] GC(9138) Pause Young (Allocation Failure) 13M->8M(15M) 0.428ms
[240.584s][info][gc] GC(9139) Pause Young (Allocation Failure) 13M->8M(15M) 0.271ms
[240.591s][info][gc] GC(9140) Pause Young (Allocation Failure) 13M->8M(15M) 0.352ms
[240.780s][info][gc] GC(9141) Pause Young (Allocation Failure) 13M->8M(15M) 0.354ms
[240.788s][info][gc] GC(9142) Pause Young (Allocation Failure) 13M->9M(15M) 0.370ms
[240.796s][info][gc] GC(9143) Pause Young (Allocation Failure) 13M->8M(15M) 0.355ms
[240.805s][info][gc] GC(9144) Pause Young (Allocation Failure) 13M->8M(15M) 0.352ms
[240.812s][info][gc] GC(9145) Pause Young (Allocation Failure) 13M->9M(15M) 0.370ms
[240.823s][info][gc] GC(9146) Pause Young (Allocation Failure) 13M->9M(15M) 0.369ms
[240.831s][info][gc] GC(9147) Pause Young (Allocation Failure) 13M->9M(15M) 0.354ms
[240.838s][info][gc] GC(9148) Pause Young (Allocation Failure) 13M->9M(15M) 0.353ms
[240.951s][info][gc] GC(9149) Pause Young (Allocation Failure) 13M->9M(15M) 0.385ms
[240.959s][info][gc] GC(9150) Pause Young (Allocation Failure) 13M->9M(15M) 0.385ms
[240.970s][info][gc] GC(9151) Pause Young (Allocation Failure) 13M->9M(15M) 0.363ms
[240.980s][info][gc] GC(9152) Pause Young (Allocation Failure) 13M->8M(15M) 0.341ms
[240.991s][info][gc] GC(9153) Pause Young (Allocation Failure) 13M->9M(15M) 0.401ms
[241.002s][info][gc] GC(9154) Pause Young (Allocation Failure) 13M->9M(15M) 0.359ms
[241.008s][info][gc] GC(9155) Pause Young (Allocation Failure) 13M->8M(15M) 0.292ms
[241.068s][info][gc] GC(9156) Pause Young (Allocation Failure) 13M->9M(15M) 0.368ms
[241.076s][info][gc] GC(9157) Pause Young (Allocation Failure) 13M->9M(15M) 0.425ms
[241.088s][info][gc] GC(9158) Pause Young (Allocation Failure) 13M->9M(15M) 0.490ms
[241.098s][info][gc] GC(9159) Pause Young (Allocation Failure) 13M->9M(15M) 0.354ms
[241.107s][info][gc] GC(9160) Pause Young (Allocation Failure) 13M->8M(15M) 0.315ms
[241.149s][info][gc] GC(9161) Pause Young (Allocation Failure) 13M->9M(15M) 0.359ms
[241.465s][info][gc] GC(9162) Pause Young (Allocation Failure) 13M->9M(15M) 0.372ms
[241.474s][info][gc] GC(9163) Pause Young (Allocation Failure) 13M->9M(15M) 0.378ms
[241.483s][info][gc] GC(9164) Pause Young (Allocation Failure) 13M->9M(15M) 0.391ms
[241.491s][info][gc] GC(9165) Pause Young (Allocation Failure) 13M->9M(15M) 0.336ms
[241.498s][info][gc] GC(9166) Pause Young (Allocation Failure) 13M->9M(15M) 0.354ms
[241.508s][info][gc] GC(9167) Pause Young (Allocation Failure) 13M->9M(15M) 0.360ms
[241.515s][info][gc] GC(9168) Pause Young (Allocation Failure) 13M->9M(15M) 0.314ms
[241.523s][info][gc] GC(9169) Pause Young (Allocation Failure) 13M->9M(15M) 0.356ms
[241.809s][info][gc] GC(9170) Pause Young (Allocation Failure) 13M->9M(15M) 0.332ms
[241.816s][info][gc] GC(9171) Pause Young (Allocation Failure) 13M->9M(15M) 0.364ms
[241.825s][info][gc] GC(9172) Pause Young (Allocation Failure) 13M->9M(15M) 0.341ms
[241.832s][info][gc] GC(9173) Pause Young (Allocation Failure) 13M->9M(15M) 0.401ms
[241.841s][info][gc] GC(9174) Pause Young (Allocation Failure) 13M->9M(15M) 0.349ms
[241.850s][info][gc] GC(9175) Pause Young (Allocation Failure) 13M->8M(15M) 0.301ms
[241.857s][info][gc] GC(9176) Pause Young (Allocation Failure) 13M->9M(15M) 0.364ms
[241.918s][info][gc] GC(9177) Pause Young (Allocation Failure) 13M->9M(15M) 0.354ms
[241.925s][info][gc] GC(9178) Pause Young (Allocation Failure) 13M->9M(15M) 0.379ms
[241.935s][info][gc] GC(9179) Pause Young (Allocation Failure) 13M->9M(15M) 0.348ms
[241.942s][info][gc] GC(9180) Pause Young (Allocation Failure) 13M->9M(15M) 0.370ms
[241.951s][info][gc] GC(9181) Pause Young (Allocation Failure) 13M->9M(15M) 0.504ms
[241.963s][info][gc] GC(9182) Pause Young (Allocation Failure) 13M->9M(15M) 0.436ms
[241.974s][info][gc] GC(9183) Pause Young (Allocation Failure) 13M->9M(15M) 0.377ms
[242.033s][info][gc] GC(9184) Pause Young (Allocation Failure) 13M->9M(15M) 0.354ms
[242.271s][info][gc] GC(9185) Pause Young (Allocation Failure) 13M->9M(15M) 0.324ms
[242.279s][info][gc] GC(9186) Pause Young (Allocation Failure) 13M->9M(15M) 0.360ms
[242.287s][info][gc] GC(9187) Pause Young (Allocation Failure) 13M->9M(15M) 0.343ms
[242.299s][info][gc] GC(9188) Pause Young (Allocation Failure) 13M->9M(15M) 0.364ms
[242.305s][info][gc] GC(9189) Pause Young (Allocation Failure) 13M->9M(15M) 0.358ms
[242.315s][info][gc] GC(9190) Pause Young (Allocation Failure) 13M->9M(15M) 0.372ms
[242.386s][info][gc] GC(9191) Pause Young (Allocation Failure) 13M->9M(15M) 0.360ms
[242.393s][info][gc] GC(9192) Pause Young (Allocation Failure) 13M->9M(15M) 0.307ms
[242.401s][info][gc] GC(9193) Pause Young (Allocation Failure) 13M->9M(15M) 0.542ms
[242.413s][info][gc] GC(9194) Pause Young (Allocation Failure) 13M->9M(15M) 0.371ms
[242.436s][info][gc] GC(9195) Pause Young (Allocation Failure) 13M->9M(15M) 0.378ms
[242.445s][info][gc] GC(9196) Pause Young (Allocation Failure) 13M->9M(15M) 0.351ms
[242.451s][info][gc] GC(9197) Pause Young (Allocation Failure) 13M->9M(15M) 0.356ms
[242.504s][info][gc] GC(9198) Pause Young (Allocation Failure) 13M->9M(15M) 0.366ms
[242.513s][info][gc] GC(9199) Pause Young (Allocation Failure) 13M->9M(15M) 0.323ms
[242.521s][info][gc] GC(9200) Pause Young (Allocation Failure) 13M->9M(15M) 0.353ms
[242.529s][info][gc] GC(9201) Pause Young (Allocation Failure) 13M->9M(15M) 0.304ms
[242.536s][info][gc] GC(9202) Pause Young (Allocation Failure) 13M->9M(15M) 0.363ms
[242.544s][info][gc] GC(9203) Pause Young (Allocation Failure) 13M->9M(15M) 0.348ms
[242.552s][info][gc] GC(9204) Pause Young (Allocation Failure) 13M->9M(15M) 0.385ms
[242.581s][info][gc] GC(9205) Pause Young (Allocation Failure) 13M->9M(15M) 0.329ms
[242.589s][info][gc] GC(9206) Pause Young (Allocation Failure) 13M->9M(15M) 0.364ms
[242.599s][info][gc] GC(9207) Pause Young (Allocation Failure) 13M->9M(15M) 0.386ms
[242.610s][info][gc] GC(9208) Pause Young (Allocation Failure) 13M->9M(15M) 0.432ms
[242.624s][info][gc] GC(9209) Pause Young (Allocation Failure) 13M->9M(15M) 0.356ms
[242.632s][info][gc] GC(9210) Pause Young (Allocation Failure) 13M->9M(15M) 0.496ms
[242.669s][info][gc] GC(9211) Pause Young (Allocation Failure) 13M->9M(15M) 0.371ms
[243.141s][info][gc] GC(9212) Pause Young (Allocation Failure) 13M->9M(15M) 0.399ms
[243.152s][info][gc] GC(9213) Pause Young (Allocation Failure) 13M->9M(15M) 0.400ms
[243.161s][info][gc] GC(9214) Pause Young (Allocation Failure) 13M->9M(15M) 0.337ms
[243.169s][info][gc] GC(9215) Pause Young (Allocation Failure) 13M->9M(15M) 0.381ms
[243.177s][info][gc] GC(9216) Pause Young (Allocation Failure) 13M->9M(15M) 0.366ms
[243.185s][info][gc] GC(9217) Pause Young (Allocation Failure) 13M->9M(15M) 0.362ms
[243.193s][info][gc] GC(9218) Pause Young (Allocation Failure) 13M->9M(15M) 0.382ms
[243.261s][info][gc] GC(9219) Pause Young (Allocation Failure) 13M->9M(15M) 0.312ms
[243.268s][info][gc] GC(9220) Pause Young (Allocation Failure) 13M->9M(15M) 0.355ms
[243.276s][info][gc] GC(9221) Pause Young (Allocation Failure) 13M->9M(15M) 0.434ms
[243.283s][info][gc] GC(9222) Pause Young (Allocation Failure) 13M->9M(15M) 0.310ms
[243.291s][info][gc] GC(9223) Pause Young (Allocation Failure) 13M->9M(15M) 0.364ms
[243.299s][info][gc] GC(9224) Pause Young (Allocation Failure) 13M->9M(15M) 0.359ms
[243.306s][info][gc] GC(9225) Pause Young (Allocation Failure) 13M->9M(15M) 0.275ms
[243.326s][info][gc] GC(9226) Pause Young (Allocation Failure) 13M->9M(15M) 0.596ms
[243.339s][info][gc] GC(9227) Pause Young (Allocation Failure) 13M->9M(15M) 0.477ms
[243.354s][info][gc] GC(9228) Pause Young (Allocation Failure) 13M->9M(15M) 0.429ms
[243.379s][info][gc] GC(9229) Pause Young (Allocation Failure) 13M->9M(15M) 0.352ms
[243.386s][info][gc] GC(9230) Pause Young (Allocation Failure) 13M->9M(15M) 0.367ms
[243.394s][info][gc] GC(9231) Pause Young (Allocation Failure) 13M->9M(15M) 0.363ms
[243.402s][info][gc] GC(9232) Pause Young (Allocation Failure) 13M->9M(15M) 0.292ms
[243.416s][info][gc] GC(9233) Pause Young (Allocation Failure) 13M->9M(15M) 0.353ms
[243.424s][info][gc] GC(9234) Pause Young (Allocation Failure) 13M->9M(15M) 0.326ms
[243.432s][info][gc] GC(9235) Pause Young (Allocation Failure) 13M->9M(15M) 0.370ms
[243.440s][info][gc] GC(9236) Pause Young (Allocation Failure) 13M->9M(15M) 0.355ms
[243.447s][info][gc] GC(9237) Pause Young (Allocation Failure) 13M->9M(15M) 0.364ms
[243.455s][info][gc] GC(9238) Pause Young (Allocation Failure) 13M->9M(15M) 0.357ms
[243.462s][info][gc] GC(9239) Pause Young (Allocation Failure) 13M->9M(15M) 0.360ms
[243.485s][info][gc] GC(9240) Pause Young (Allocation Failure) 13M->9M(15M) 0.360ms
[243.492s][info][gc] GC(9241) Pause Young (Allocation Failure) 13M->9M(15M) 0.369ms
[243.515s][info][gc] GC(9242) Pause Young (Allocation Failure) 13M->9M(15M) 0.374ms
[243.523s][info][gc] GC(9243) Pause Young (Allocation Failure) 13M->9M(15M) 0.331ms
[243.534s][info][gc] GC(9244) Pause Young (Allocation Failure) 13M->9M(15M) 0.476ms
[243.544s][info][gc] GC(9245) Pause Young (Allocation Failure) 13M->9M(15M) 0.542ms
[243.585s][info][gc] GC(9246) Pause Young (Allocation Failure) 13M->9M(15M) 0.372ms
[243.670s][info][gc] GC(9247) Pause Young (Allocation Failure) 13M->9M(15M) 0.366ms
[243.678s][info][gc] GC(9248) Pause Young (Allocation Failure) 13M->9M(15M) 0.360ms
[243.685s][info][gc] GC(9249) Pause Young (Allocation Failure) 13M->9M(15M) 0.355ms
[243.693s][info][gc] GC(9250) Pause Young (Allocation Failure) 13M->9M(15M) 0.354ms
[243.701s][info][gc] GC(9251) Pause Young (Allocation Failure) 13M->9M(15M) 0.346ms
[243.709s][info][gc] GC(9252) Pause Young (Allocation Failure) 13M->9M(15M) 0.281ms
[243.716s][info][gc] GC(9253) Pause Young (Allocation Failure) 13M->9M(15M) 0.342ms
[243.730s][info][gc] GC(9254) Pause Young (Allocation Failure) 13M->9M(15M) 0.382ms
[243.737s][info][gc] GC(9255) Pause Young (Allocation Failure) 13M->9M(15M) 0.368ms
[243.745s][info][gc] GC(9256) Pause Young (Allocation Failure) 13M->9M(15M) 0.339ms
[243.753s][info][gc] GC(9257) Pause Young (Allocation Failure) 13M->9M(15M) 0.369ms
[243.761s][info][gc] GC(9258) Pause Young (Allocation Failure) 13M->9M(15M) 0.363ms
[243.770s][info][gc] GC(9259) Pause Young (Allocation Failure) 13M->9M(15M) 0.273ms
[243.779s][info][gc] GC(9260) Pause Young (Allocation Failure) 13M->9M(15M) 0.378ms
[243.835s][info][gc] GC(9261) Pause Young (Allocation Failure) 13M->9M(15M) 0.344ms
[243.843s][info][gc] GC(9262) Pause Young (Allocation Failure) 13M->9M(15M) 0.953ms
[243.853s][info][gc] GC(9263) Pause Young (Allocation Failure) 13M->9M(15M) 0.346ms
[243.864s][info][gc] GC(9264) Pause Young (Allocation Failure) 13M->9M(15M) 0.364ms
[243.873s][info][gc] GC(9265) Pause Young (Allocation Failure) 13M->9M(15M) 0.341ms
[243.884s][info][gc] GC(9266) Pause Young (Allocation Failure) 13M->9M(15M) 0.364ms
[243.893s][info][gc] GC(9267) Pause Young (Allocation Failure) 13M->9M(15M) 0.663ms
[243.902s][info][gc] GC(9268) Pause Young (Allocation Failure) 13M->9M(15M) 0.370ms
[243.934s][info][gc] GC(9269) Pause Young (Allocation Failure) 13M->9M(15M) 0.370ms
[243.950s][info][gc] GC(9270) Pause Young (Allocation Failure) 13M->9M(15M) 0.330ms
[243.965s][info][gc] GC(9271) Pause Young (Allocation Failure) 13M->9M(15M) 0.355ms
[243.974s][info][gc] GC(9272) Pause Young (Allocation Failure) 13M->9M(15M) 0.378ms
[243.982s][info][gc] GC(9273) Pause Young (Allocation Failure) 13M->9M(15M) 0.358ms
[244.505s][info][gc] GC(9274) Pause Young (Allocation Failure) 13M->9M(15M) 0.461ms
[244.518s][info][gc] GC(9275) Pause Young (Allocation Failure) 13M->9M(15M) 0.375ms
[244.596s][info][gc] GC(9276) Pause Young (Allocation Failure) 13M->9M(15M) 0.369ms
[244.603s][info][gc] GC(9277) Pause Young (Allocation Failure) 13M->9M(15M) 0.369ms
[244.609s][info][gc] GC(9278) Pause Young (Allocation Failure) 13M->9M(15M) 0.336ms
[244.616s][info][gc] GC(9279) Pause Young (Allocation Failure) 13M->9M(15M) 0.380ms
[244.646s][info][gc] GC(9280) Pause Young (Allocation Failure) 13M->9M(15M) 0.445ms
[244.725s][info][gc] GC(9281) Pause Young (Allocation Failure) 13M->9M(15M) 0.315ms
[244.772s][info][gc] GC(9282) Pause Young (Allocation Failure) 13M->9M(15M) 0.554ms
[244.781s][info][gc] GC(9283) Pause Young (Allocation Failure) 13M->9M(15M) 0.318ms
[244.788s][info][gc] GC(9284) Pause Young (Allocation Failure) 13M->9M(15M) 0.363ms
[244.793s][info][gc] GC(9285) Pause Young (Allocation Failure) 13M->9M(15M) 0.388ms
[244.810s][info][gc] GC(9286) Pause Young (Allocation Failure) 13M->9M(15M) 0.814ms
[244.824s][info][gc] GC(9287) Pause Young (Allocation Failure) 13M->9M(15M) 0.395ms
[244.846s][info][gc] GC(9288) Pause Young (Allocation Failure) 13M->9M(15M) 0.305ms
[244.874s][info][gc] GC(9289) Pause Young (Allocation Failure) 13M->9M(15M) 0.371ms
[244.924s][info][gc] GC(9290) Pause Young (Allocation Failure) 13M->9M(15M) 0.320ms
[244.943s][info][gc] GC(9291) Pause Young (Allocation Failure) 13M->9M(15M) 0.813ms
[244.975s][info][gc] GC(9292) Pause Young (Allocation Failure) 13M->9M(15M) 0.370ms
[244.991s][info][gc] GC(9293) Pause Young (Allocation Failure) 13M->9M(15M) 0.333ms
[245.012s][info][gc] GC(9294) Pause Young (Allocation Failure) 13M->9M(15M) 0.371ms
[245.024s][info][gc] GC(9295) Pause Young (Allocation Failure) 13M->9M(15M) 2.980ms
[245.103s][info][gc] GC(9296) Pause Young (Allocation Failure) 13M->9M(15M) 0.394ms
[245.109s][info][gc] GC(9297) Pause Young (Allocation Failure) 13M->9M(15M) 0.609ms
[245.118s][info][gc] GC(9298) Pause Young (Allocation Failure) 13M->9M(15M) 0.334ms
[245.123s][info][gc] GC(9299) Pause Young (Allocation Failure) 13M->9M(15M) 0.386ms
[245.133s][info][gc] GC(9300) Pause Young (Allocation Failure) 13M->9M(15M) 0.381ms
[245.138s][info][gc] GC(9301) Pause Young (Allocation Failure) 13M->9M(15M) 0.315ms
[245.147s][info][gc] GC(9302) Pause Young (Allocation Failure) 13M->9M(15M) 0.408ms
[245.327s][info][gc] GC(9303) Pause Young (Allocation Failure) 13M->9M(15M) 0.332ms
[245.332s][info][gc] GC(9304) Pause Young (Allocation Failure) 13M->9M(15M) 0.360ms
[245.336s][info][gc] GC(9305) Pause Young (Allocation Failure) 13M->9M(15M) 0.366ms
[245.341s][info][gc] GC(9306) Pause Young (Allocation Failure) 13M->9M(15M) 0.420ms
[245.346s][info][gc] GC(9307) Pause Young (Allocation Failure) 13M->9M(15M) 0.353ms
[245.495s][info][gc] GC(9308) Pause Young (Allocation Failure) 13M->9M(15M) 0.479ms
[245.503s][info][gc] GC(9309) Pause Young (Allocation Failure) 13M->9M(15M) 0.471ms
[245.509s][info][gc] GC(9310) Pause Young (Allocation Failure) 13M->9M(15M) 0.378ms
[245.559s][info][gc] GC(9311) Pause Young (Allocation Failure) 13M->9M(15M) 0.288ms
[245.573s][info][gc] GC(9312) Pause Young (Allocation Failure) 13M->9M(15M) 0.358ms
[245.591s][info][gc] GC(9313) Pause Young (Allocation Failure) 13M->9M(15M) 0.389ms
[245.609s][info][gc] GC(9314) Pause Young (Allocation Failure) 13M->9M(15M) 0.386ms
[245.625s][info][gc] GC(9315) Pause Young (Allocation Failure) 13M->9M(15M) 0.310ms
[245.638s][info][gc] GC(9316) Pause Young (Allocation Failure) 13M->9M(15M) 0.389ms
[245.644s][info][gc] GC(9317) Pause Young (Allocation Failure) 13M->9M(15M) 1.010ms
[245.686s][info][gc] GC(9318) Pause Young (Allocation Failure) 13M->9M(15M) 0.362ms
[245.691s][info][gc] GC(9319) Pause Young (Allocation Failure) 13M->9M(15M) 0.374ms
[245.703s][info][gc] GC(9320) Pause Young (Allocation Failure) 13M->9M(15M) 0.300ms
[245.708s][info][gc] GC(9321) Pause Young (Allocation Failure) 13M->9M(15M) 0.373ms
[245.718s][info][gc] GC(9322) Pause Young (Allocation Failure) 13M->9M(15M) 0.368ms
[245.723s][info][gc] GC(9323) Pause Young (Allocation Failure) 13M->9M(15M) 0.340ms
[245.729s][info][gc] GC(9324) Pause Young (Allocation Failure) 13M->9M(15M) 0.408ms
[245.786s][info][gc] GC(9325) Pause Young (Allocation Failure) 13M->9M(15M) 0.434ms
[245.802s][info][gc] GC(9326) Pause Young (Allocation Failure) 13M->9M(15M) 0.497ms
[245.816s][info][gc] GC(9327) Pause Young (Allocation Failure) 13M->9M(15M) 0.378ms
[245.825s][info][gc] GC(9328) Pause Young (Allocation Failure) 13M->9M(15M) 0.416ms
[245.855s][info][gc] GC(9329) Pause Young (Allocation Failure) 13M->9M(15M) 0.385ms
[245.869s][info][gc] GC(9330) Pause Young (Allocation Failure) 13M->9M(15M) 0.337ms
[245.883s][info][gc] GC(9331) Pause Young (Allocation Failure) 13M->9M(15M) 0.356ms
[245.900s][info][gc] GC(9332) Pause Young (Allocation Failure) 13M->9M(15M) 0.341ms
[245.907s][info][gc] GC(9333) Pause Young (Allocation Failure) 13M->9M(15M) 0.358ms
[245.920s][info][gc] GC(9334) Pause Young (Allocation Failure) 13M->9M(15M) 0.348ms
[245.979s][info][gc] GC(9335) Pause Young (Allocation Failure) 13M->9M(15M) 0.352ms
[245.985s][info][gc] GC(9336) Pause Young (Allocation Failure) 13M->9M(15M) 0.411ms
[245.992s][info][gc] GC(9337) Pause Young (Allocation Failure) 13M->9M(15M) 0.403ms
[246.020s][info][gc] GC(9338) Pause Young (Allocation Failure) 13M->9M(15M) 0.356ms
[246.140s][info][gc] GC(9339) Pause Young (Allocation Failure) 13M->9M(15M) 0.427ms
[246.159s][info][gc] GC(9340) Pause Young (Allocation Failure) 13M->9M(15M) 0.484ms
[246.188s][info][gc] GC(9341) Pause Young (Allocation Failure) 13M->9M(15M) 0.364ms
[246.223s][info][gc] GC(9342) Pause Young (Allocation Failure) 13M->9M(15M) 0.398ms
[246.239s][info][gc] GC(9343) Pause Young (Allocation Failure) 13M->9M(15M) 0.400ms
[246.251s][info][gc] GC(9344) Pause Young (Allocation Failure) 13M->9M(15M) 0.375ms
[246.401s][info][gc] GC(9345) Pause Young (Allocation Failure) 13M->9M(15M) 0.360ms
[246.416s][info][gc] GC(9346) Pause Young (Allocation Failure) 13M->9M(15M) 0.320ms
[246.433s][info][gc] GC(9347) Pause Young (Allocation Failure) 13M->9M(15M) 0.367ms
[246.451s][info][gc] GC(9348) Pause Young (Allocation Failure) 13M->9M(15M) 0.366ms
[246.458s][info][gc] GC(9349) Pause Young (Allocation Failure) 13M->9M(15M) 0.369ms
[246.470s][info][gc] GC(9350) Pause Young (Allocation Failure) 13M->9M(15M) 0.371ms
[246.480s][info][gc] GC(9351) Pause Young (Allocation Failure) 13M->9M(15M) 0.337ms
[246.505s][info][gc] GC(9352) Pause Young (Allocation Failure) 13M->9M(15M) 0.353ms
[246.520s][info][gc] GC(9353) Pause Young (Allocation Failure) 13M->9M(15M) 0.372ms
[246.525s][info][gc] GC(9354) Pause Young (Allocation Failure) 13M->9M(15M) 0.391ms
[246.537s][info][gc] GC(9355) Pause Young (Allocation Failure) 13M->9M(15M) 0.366ms
[246.542s][info][gc] GC(9356) Pause Young (Allocation Failure) 13M->9M(15M) 0.382ms
[246.550s][info][gc] GC(9357) Pause Young (Allocation Failure) 13M->9M(15M) 0.355ms
[246.555s][info][gc] GC(9358) Pause Young (Allocation Failure) 13M->9M(15M) 0.303ms
[246.562s][info][gc] GC(9359) Pause Young (Allocation Failure) 13M->9M(15M) 0.352ms
[246.568s][info][gc] GC(9360) Pause Young (Allocation Failure) 13M->9M(15M) 0.366ms
[246.579s][info][gc] GC(9361) Pause Young (Allocation Failure) 13M->9M(15M) 0.327ms
[246.589s][info][gc] GC(9362) Pause Young (Allocation Failure) 13M->9M(15M) 0.528ms
[246.599s][info][gc] GC(9363) Pause Young (Allocation Failure) 13M->9M(15M) 0.336ms
[246.617s][info][gc] GC(9364) Pause Young (Allocation Failure) 13M->9M(15M) 0.364ms
[246.632s][info][gc] GC(9365) Pause Young (Allocation Failure) 13M->9M(15M) 0.356ms
[246.642s][info][gc] GC(9366) Pause Young (Allocation Failure) 13M->9M(15M) 0.354ms
[246.657s][info][gc] GC(9367) Pause Young (Allocation Failure) 13M->9M(15M) 0.686ms
[246.670s][info][gc] GC(9368) Pause Young (Allocation Failure) 13M->9M(15M) 0.398ms
[246.679s][info][gc] GC(9369) Pause Young (Allocation Failure) 13M->9M(15M) 0.362ms
[246.688s][info][gc] GC(9370) Pause Young (Allocation Failure) 13M->9M(15M) 0.634ms
[246.699s][info][gc] GC(9371) Pause Young (Allocation Failure) 13M->9M(15M) 0.370ms
[246.704s][info][gc] GC(9372) Pause Young (Allocation Failure) 13M->9M(15M) 0.348ms
[246.708s][info][gc] GC(9373) Pause Young (Allocation Failure) 13M->9M(15M) 0.357ms
[246.718s][info][gc] GC(9374) Pause Young (Allocation Failure) 13M->9M(15M) 0.387ms
[246.736s][info][gc] GC(9375) Pause Young (Allocation Failure) 13M->9M(15M) 0.413ms
[246.758s][info][gc] GC(9376) Pause Young (Allocation Failure) 13M->9M(15M) 0.396ms
[246.776s][info][gc] GC(9377) Pause Young (Allocation Failure) 13M->9M(15M) 1.287ms
[246.804s][info][gc] GC(9378) Pause Young (Allocation Failure) 13M->9M(15M) 0.358ms
[246.865s][info][gc] GC(9379) Pause Young (Allocation Failure) 13M->9M(15M) 0.362ms
[246.894s][info][gc] GC(9380) Pause Young (Allocation Failure) 13M->9M(15M) 2.077ms
[247.137s][info][gc] GC(9381) Pause Young (Allocation Failure) 13M->9M(15M) 0.345ms
[247.160s][info][gc] GC(9382) Pause Young (Allocation Failure) 13M->9M(15M) 1.280ms
[247.169s][info][gc] GC(9383) Pause Young (Allocation Failure) 13M->9M(15M) 0.390ms
[247.185s][info][gc] GC(9384) Pause Young (Allocation Failure) 13M->9M(15M) 0.351ms
[247.198s][info][gc] GC(9385) Pause Young (Allocation Failure) 13M->9M(15M) 0.383ms
[247.205s][info][gc] GC(9386) Pause Young (Allocation Failure) 13M->9M(15M) 0.369ms
[247.252s][info][gc] GC(9387) Pause Young (Allocation Failure) 13M->9M(15M) 0.296ms
[247.257s][info][gc] GC(9388) Pause Young (Allocation Failure) 13M->9M(15M) 0.678ms
[247.289s][info][gc] GC(9389) Pause Young (Allocation Failure) 13M->9M(15M) 0.595ms
[247.309s][info][gc] GC(9390) Pause Young (Allocation Failure) 13M->9M(15M) 0.389ms
[247.326s][info][gc] GC(9391) Pause Young (Allocation Failure) 13M->9M(15M) 0.677ms
[247.340s][info][gc] GC(9392) Pause Young (Allocation Failure) 13M->9M(15M) 0.333ms
[247.349s][info][gc] GC(9393) Pause Young (Allocation Failure) 13M->9M(15M) 0.441ms
[247.395s][info][gc] GC(9394) Pause Young (Allocation Failure) 13M->9M(15M) 0.388ms
[247.403s][info][gc] GC(9395) Pause Young (Allocation Failure) 13M->9M(15M) 0.377ms
[247.413s][info][gc] GC(9396) Pause Young (Allocation Failure) 13M->9M(15M) 0.372ms
[247.420s][info][gc] GC(9397) Pause Young (Allocation Failure) 13M->9M(15M) 0.322ms
[247.552s][info][gc] GC(9398) Pause Young (Allocation Failure) 13M->9M(15M) 0.400ms
[247.608s][info][gc] GC(9399) Pause Young (Allocation Failure) 13M->9M(15M) 0.363ms
[247.620s][info][gc] GC(9400) Pause Young (Allocation Failure) 13M->9M(15M) 0.361ms
[247.636s][info][gc] GC(9401) Pause Young (Allocation Failure) 13M->9M(15M) 0.453ms
[247.646s][info][gc] GC(9402) Pause Young (Allocation Failure) 13M->9M(15M) 0.367ms
[247.700s][info][gc] GC(9403) Pause Young (Allocation Failure) 13M->9M(15M) 0.399ms
[247.708s][info][gc] GC(9404) Pause Young (Allocation Failure) 13M->9M(15M) 0.354ms
[247.718s][info][gc] GC(9405) Pause Young (Allocation Failure) 13M->9M(15M) 0.460ms
[247.747s][info][gc] GC(9406) Pause Young (Allocation Failure) 13M->9M(15M) 0.361ms
[247.768s][info][gc] GC(9407) Pause Young (Allocation Failure) 13M->9M(15M) 0.360ms
[248.504s][info][gc] GC(9408) Pause Young (Allocation Failure) 13M->9M(15M) 0.347ms
[248.566s][info][gc] GC(9409) Pause Young (Allocation Failure) 13M->9M(15M) 0.421ms
[248.599s][info][gc] GC(9410) Pause Young (Allocation Failure) 13M->9M(15M) 0.378ms
[248.638s][info][gc] GC(9411) Pause Young (Allocation Failure) 13M->9M(15M) 0.310ms
[248.648s][info][gc] GC(9412) Pause Young (Allocation Failure) 13M->9M(15M) 0.378ms
[248.659s][info][gc] GC(9413) Pause Young (Allocation Failure) 13M->9M(15M) 0.407ms
[248.664s][info][gc] GC(9414) Pause Young (Allocation Failure) 13M->9M(15M) 0.377ms
[248.982s][info][gc] GC(9415) Pause Young (Allocation Failure) 13M->9M(15M) 0.368ms
[249.002s][info][gc] GC(9416) Pause Young (Allocation Failure) 13M->9M(15M) 0.405ms
[249.013s][info][gc] GC(9417) Pause Young (Allocation Failure) 13M->9M(15M) 0.545ms
[249.020s][info][gc] GC(9418) Pause Young (Allocation Failure) 13M->9M(15M) 0.355ms
[249.030s][info][gc] GC(9419) Pause Young (Allocation Failure) 13M->9M(15M) 0.372ms
[249.038s][info][gc] GC(9420) Pause Young (Allocation Failure) 13M->9M(15M) 0.404ms
[249.051s][info][gc] GC(9421) Pause Young (Allocation Failure) 13M->9M(15M) 0.375ms
[249.135s][info][gc] GC(9422) Pause Young (Allocation Failure) 13M->9M(15M) 0.302ms
[249.139s][info][gc] GC(9423) Pause Young (Allocation Failure) 13M->9M(15M) 0.350ms
[249.147s][info][gc] GC(9424) Pause Young (Allocation Failure) 13M->9M(15M) 0.366ms
[249.153s][info][gc] GC(9425) Pause Young (Allocation Failure) 13M->9M(15M) 0.356ms
[249.158s][info][gc] GC(9426) Pause Young (Allocation Failure) 13M->9M(15M) 0.352ms
[249.166s][info][gc] GC(9427) Pause Young (Allocation Failure) 13M->9M(15M) 0.325ms
[249.174s][info][gc] GC(9428) Pause Young (Allocation Failure) 13M->9M(15M) 0.676ms
[249.195s][info][gc] GC(9429) Pause Young (Allocation Failure) 13M->9M(15M) 0.374ms
[249.201s][info][gc] GC(9430) Pause Young (Allocation Failure) 13M->9M(15M) 0.289ms
[249.205s][info][gc] GC(9431) Pause Young (Allocation Failure) 13M->9M(15M) 0.358ms
[249.213s][info][gc] GC(9432) Pause Young (Allocation Failure) 13M->9M(15M) 0.338ms
[249.217s][info][gc] GC(9433) Pause Young (Allocation Failure) 13M->9M(15M) 0.395ms
[249.222s][info][gc] GC(9434) Pause Young (Allocation Failure) 13M->9M(15M) 0.394ms
[249.229s][info][gc] GC(9435) Pause Young (Allocation Failure) 13M->9M(15M) 0.297ms
[249.235s][info][gc] GC(9436) Pause Young (Allocation Failure) 13M->9M(15M) 0.363ms
[249.245s][info][gc] GC(9437) Pause Young (Allocation Failure) 13M->9M(15M) 0.360ms
[249.270s][info][gc] GC(9438) Pause Young (Allocation Failure) 13M->9M(15M) 0.379ms
[249.278s][info][gc] GC(9439) Pause Young (Allocation Failure) 13M->9M(15M) 0.373ms
[249.284s][info][gc] GC(9440) Pause Young (Allocation Failure) 13M->9M(15M) 0.361ms
[249.296s][info][gc] GC(9441) Pause Young (Allocation Failure) 13M->9M(15M) 0.408ms
[249.303s][info][gc] GC(9442) Pause Young (Allocation Failure) 13M->9M(15M) 0.352ms
[249.312s][info][gc] GC(9443) Pause Young (Allocation Failure) 13M->9M(15M) 0.284ms
[249.372s][info][gc] GC(9444) Pause Young (Allocation Failure) 13M->9M(15M) 0.395ms
[249.390s][info][gc] GC(9445) Pause Young (Allocation Failure) 13M->9M(15M) 0.347ms
[249.422s][info][gc] GC(9446) Pause Young (Allocation Failure) 13M->9M(15M) 0.370ms
[249.447s][info][gc] GC(9447) Pause Young (Allocation Failure) 13M->9M(15M) 0.365ms
[249.455s][info][gc] GC(9448) Pause Young (Allocation Failure) 13M->9M(15M) 0.293ms
[249.470s][info][gc] GC(9449) Pause Young (Allocation Failure) 13M->9M(15M) 0.350ms
[249.485s][info][gc] GC(9450) Pause Young (Allocation Failure) 13M->9M(15M) 0.335ms
[249.491s][info][gc] GC(9451) Pause Young (Allocation Failure) 13M->9M(15M) 0.342ms
[249.500s][info][gc] GC(9452) Pause Young (Allocation Failure) 13M->9M(15M) 0.337ms
[249.508s][info][gc] GC(9453) Pause Young (Allocation Failure) 13M->9M(15M) 0.414ms
[249.516s][info][gc] GC(9454) Pause Young (Allocation Failure) 13M->9M(15M) 0.363ms
[249.520s][info][gc] GC(9455) Pause Young (Allocation Failure) 13M->9M(15M) 0.358ms
[249.525s][info][gc] GC(9456) Pause Young (Allocation Failure) 13M->9M(15M) 0.375ms
[249.533s][info][gc] GC(9457) Pause Young (Allocation Failure) 13M->9M(15M) 0.574ms
[249.565s][info][gc] GC(9458) Pause Young (Allocation Failure) 13M->9M(15M) 0.351ms
[249.569s][info][gc] GC(9459) Pause Young (Allocation Failure) 13M->9M(15M) 0.265ms
[249.574s][info][gc] GC(9460) Pause Young (Allocation Failure) 13M->9M(15M) 0.349ms
[249.582s][info][gc] GC(9461) Pause Young (Allocation Failure) 13M->9M(15M) 0.313ms
[249.587s][info][gc] GC(9462) Pause Young (Allocation Failure) 13M->9M(15M) 0.375ms
[249.599s][info][gc] GC(9463) Pause Young (Allocation Failure) 13M->9M(15M) 0.506ms
[249.605s][info][gc] GC(9464) Pause Young (Allocation Failure) 13M->9M(15M) 0.349ms
[249.612s][info][gc] GC(9465) Pause Young (Allocation Failure) 13M->9M(15M) 0.380ms
[249.623s][info][gc] GC(9466) Pause Young (Allocation Failure) 13M->9M(15M) 0.354ms
[249.629s][info][gc] GC(9467) Pause Young (Allocation Failure) 13M->9M(15M) 0.387ms
[249.635s][info][gc] GC(9468) Pause Young (Allocation Failure) 13M->9M(15M) 0.374ms
[249.641s][info][gc] GC(9469) Pause Young (Allocation Failure) 13M->9M(15M) 0.486ms
[249.651s][info][gc] GC(9470) Pause Young (Allocation Failure) 13M->9M(15M) 0.356ms
[249.657s][info][gc] GC(9471) Pause Young (Allocation Failure) 13M->9M(15M) 0.385ms
[249.666s][info][gc] GC(9472) Pause Young (Allocation Failure) 13M->9M(15M) 0.316ms
[249.672s][info][gc] GC(9473) Pause Young (Allocation Failure) 13M->9M(15M) 0.387ms
[249.685s][info][gc] GC(9474) Pause Young (Allocation Failure) 13M->9M(15M) 0.398ms
[249.692s][info][gc] GC(9475) Pause Young (Allocation Failure) 13M->9M(15M) 0.331ms
[249.700s][info][gc] GC(9476) Pause Young (Allocation Failure) 13M->9M(15M) 0.384ms
[249.705s][info][gc] GC(9477) Pause Young (Allocation Failure) 13M->9M(15M) 0.365ms
[249.714s][info][gc] GC(9478) Pause Young (Allocation Failure) 13M->9M(15M) 0.375ms
[249.721s][info][gc] GC(9479) Pause Young (Allocation Failure) 13M->9M(15M) 0.543ms
[249.735s][info][gc] GC(9480) Pause Young (Allocation Failure) 13M->9M(15M) 0.364ms
[249.741s][info][gc] GC(9481) Pause Young (Allocation Failure) 13M->9M(15M) 0.405ms
[249.748s][info][gc] GC(9482) Pause Young (Allocation Failure) 13M->9M(15M) 0.363ms
[249.752s][info][gc] GC(9483) Pause Young (Allocation Failure) 13M->9M(15M) 0.323ms
[249.758s][info][gc] GC(9484) Pause Young (Allocation Failure) 13M->9M(15M) 0.384ms
[249.768s][info][gc] GC(9485) Pause Young (Allocation Failure) 13M->9M(15M) 0.356ms
[249.773s][info][gc] GC(9486) Pause Young (Allocation Failure) 13M->9M(15M) 0.338ms
[249.780s][info][gc] GC(9487) Pause Young (Allocation Failure) 13M->9M(15M) 0.371ms
[249.785s][info][gc] GC(9488) Pause Young (Allocation Failure) 13M->9M(15M) 0.343ms
[249.790s][info][gc] GC(9489) Pause Young (Allocation Failure) 13M->9M(15M) 0.377ms
[249.800s][info][gc] GC(9490) Pause Young (Allocation Failure) 13M->9M(15M) 0.376ms
[249.804s][info][gc] GC(9491) Pause Young (Allocation Failure) 13M->9M(15M) 0.288ms
[249.811s][info][gc] GC(9492) Pause Young (Allocation Failure) 13M->9M(15M) 0.397ms
[249.816s][info][gc] GC(9493) Pause Young (Allocation Failure) 13M->9M(15M) 0.347ms
[249.821s][info][gc] GC(9494) Pause Young (Allocation Failure) 13M->9M(15M) 0.460ms
[249.830s][info][gc] GC(9495) Pause Young (Allocation Failure) 13M->9M(15M) 0.372ms
[249.836s][info][gc] GC(9496) Pause Young (Allocation Failure) 13M->9M(15M) 0.452ms
[249.842s][info][gc] GC(9497) Pause Young (Allocation Failure) 13M->9M(15M) 0.375ms
[249.850s][info][gc] GC(9498) Pause Young (Allocation Failure) 13M->9M(15M) 0.301ms
[249.855s][info][gc] GC(9499) Pause Young (Allocation Failure) 13M->9M(15M) 0.365ms
[249.861s][info][gc] GC(9500) Pause Young (Allocation Failure) 13M->9M(15M) 0.362ms
[249.866s][info][gc] GC(9501) Pause Young (Allocation Failure) 13M->9M(15M) 0.286ms
[249.870s][info][gc] GC(9502) Pause Young (Allocation Failure) 13M->9M(15M) 0.368ms
[249.875s][info][gc] GC(9503) Pause Young (Allocation Failure) 13M->9M(15M) 0.346ms
[249.884s][info][gc] GC(9504) Pause Young (Allocation Failure) 13M->9M(15M) 0.360ms
[249.889s][info][gc] GC(9505) Pause Young (Allocation Failure) 13M->9M(15M) 0.362ms
[249.895s][info][gc] GC(9506) Pause Young (Allocation Failure) 13M->9M(15M) 0.277ms
[249.906s][info][gc] GC(9507) Pause Young (Allocation Failure) 13M->9M(15M) 0.361ms
[249.922s][info][gc] GC(9508) Pause Young (Allocation Failure) 13M->9M(15M) 0.333ms
[249.929s][info][gc] GC(9509) Pause Young (Allocation Failure) 13M->9M(15M) 0.379ms
[249.935s][info][gc] GC(9510) Pause Young (Allocation Failure) 13M->9M(15M) 0.619ms
[249.940s][info][gc] GC(9511) Pause Young (Allocation Failure) 13M->9M(15M) 0.389ms
[249.948s][info][gc] GC(9512) Pause Young (Allocation Failure) 13M->9M(15M) 0.377ms
[249.953s][info][gc] GC(9513) Pause Young (Allocation Failure) 13M->9M(15M) 0.367ms
[249.957s][info][gc] GC(9514) Pause Young (Allocation Failure) 13M->9M(15M) 0.370ms
[249.964s][info][gc] GC(9515) Pause Young (Allocation Failure) 13M->9M(15M) 0.363ms
[249.969s][info][gc] GC(9516) Pause Young (Allocation Failure) 13M->9M(15M) 0.279ms
[249.974s][info][gc] GC(9517) Pause Young (Allocation Failure) 13M->9M(15M) 0.362ms
[249.988s][info][gc] GC(9518) Pause Young (Allocation Failure) 13M->9M(15M) 5.237ms
[250.005s][info][gc] GC(9519) Pause Young (Allocation Failure) 13M->9M(15M) 0.379ms
[250.016s][info][gc] GC(9520) Pause Young (Allocation Failure) 13M->9M(15M) 0.357ms
[250.025s][info][gc] GC(9521) Pause Young (Allocation Failure) 13M->9M(15M) 0.542ms
[250.041s][info][gc] GC(9522) Pause Young (Allocation Failure) 13M->9M(15M) 0.463ms
[250.048s][info][gc] GC(9523) Pause Young (Allocation Failure) 13M->9M(15M) 0.354ms
[250.052s][info][gc] GC(9524) Pause Young (Allocation Failure) 13M->9M(15M) 0.284ms
[250.057s][info][gc] GC(9525) Pause Young (Allocation Failure) 13M->9M(15M) 0.356ms
[250.065s][info][gc] GC(9526) Pause Young (Allocation Failure) 13M->9M(15M) 0.337ms
[250.070s][info][gc] GC(9527) Pause Young (Allocation Failure) 13M->9M(15M) 0.366ms
[250.074s][info][gc] GC(9528) Pause Young (Allocation Failure) 13M->9M(15M) 0.372ms
[250.081s][info][gc] GC(9529) Pause Young (Allocation Failure) 13M->9M(15M) 0.364ms
[250.085s][info][gc] GC(9530) Pause Young (Allocation Failure) 13M->9M(15M) 0.356ms
[250.098s][info][gc] GC(9531) Pause Young (Allocation Failure) 13M->9M(15M) 0.421ms
[250.104s][info][gc] GC(9532) Pause Young (Allocation Failure) 13M->9M(15M) 0.399ms
[250.118s][info][gc] GC(9533) Pause Young (Allocation Failure) 13M->9M(15M) 0.357ms
[250.123s][info][gc] GC(9534) Pause Young (Allocation Failure) 13M->9M(15M) 0.368ms
[250.137s][info][gc] GC(9535) Pause Young (Allocation Failure) 13M->9M(15M) 0.356ms
[250.148s][info][gc] GC(9536) Pause Young (Allocation Failure) 13M->9M(15M) 0.279ms
[250.155s][info][gc] GC(9537) Pause Young (Allocation Failure) 13M->9M(15M) 0.361ms
[250.169s][info][gc] GC(9538) Pause Young (Allocation Failure) 13M->9M(15M) 0.326ms
[250.183s][info][gc] GC(9539) Pause Young (Allocation Failure) 13M->9M(15M) 0.356ms
[250.196s][info][gc] GC(9540) Pause Young (Allocation Failure) 13M->9M(15M) 0.352ms
[250.204s][info][gc] GC(9541) Pause Young (Allocation Failure) 13M->9M(15M) 0.295ms
[250.221s][info][gc] GC(9542) Pause Young (Allocation Failure) 13M->9M(15M) 0.368ms
[250.246s][info][gc] GC(9543) Pause Young (Allocation Failure) 13M->9M(15M) 0.361ms
[250.254s][info][gc] GC(9544) Pause Young (Allocation Failure) 13M->9M(15M) 0.358ms
[250.356s][info][gc] GC(9545) Pause Young (Allocation Failure) 13M->9M(15M) 0.484ms
[250.386s][info][gc] GC(9546) Pause Young (Allocation Failure) 13M->9M(15M) 0.374ms
[250.400s][info][gc] GC(9547) Pause Young (Allocation Failure) 13M->9M(15M) 0.368ms
[250.406s][info][gc] GC(9548) Pause Young (Allocation Failure) 13M->9M(15M) 0.365ms
[250.414s][info][gc] GC(9549) Pause Young (Allocation Failure) 13M->9M(15M) 0.405ms
[250.421s][info][gc] GC(9550) Pause Young (Allocation Failure) 13M->9M(15M) 0.321ms
[250.440s][info][gc] GC(9551) Pause Young (Allocation Failure) 13M->9M(15M) 0.374ms
[250.461s][info][gc] GC(9552) Pause Young (Allocation Failure) 13M->9M(15M) 0.363ms
[250.470s][info][gc] GC(9553) Pause Young (Allocation Failure) 13M->9M(15M) 0.363ms
[250.481s][info][gc] GC(9554) Pause Young (Allocation Failure) 13M->9M(15M) 0.356ms
[250.490s][info][gc] GC(9555) Pause Young (Allocation Failure) 13M->9M(15M) 0.316ms
[250.497s][info][gc] GC(9556) Pause Young (Allocation Failure) 13M->9M(15M) 0.367ms
[250.502s][info][gc] GC(9557) Pause Young (Allocation Failure) 13M->9M(15M) 0.291ms
[250.509s][info][gc] GC(9558) Pause Young (Allocation Failure) 13M->9M(15M) 0.347ms
[250.515s][info][gc] GC(9559) Pause Young (Allocation Failure) 13M->9M(15M) 0.889ms
[250.526s][info][gc] GC(9560) Pause Young (Allocation Failure) 13M->9M(15M) 0.316ms
[250.536s][info][gc] GC(9561) Pause Young (Allocation Failure) 13M->9M(15M) 0.351ms
[250.546s][info][gc] GC(9562) Pause Young (Allocation Failure) 13M->9M(15M) 0.302ms
[250.555s][info][gc] GC(9563) Pause Young (Allocation Failure) 13M->9M(15M) 0.879ms
[250.565s][info][gc] GC(9564) Pause Young (Allocation Failure) 13M->9M(15M) 0.353ms
[250.576s][info][gc] GC(9565) Pause Young (Allocation Failure) 13M->9M(15M) 0.368ms
[250.585s][info][gc] GC(9566) Pause Young (Allocation Failure) 13M->9M(15M) 0.370ms
[250.595s][info][gc] GC(9567) Pause Young (Allocation Failure) 13M->9M(15M) 0.821ms
[250.604s][info][gc] GC(9568) Pause Young (Allocation Failure) 13M->9M(15M) 0.353ms
[250.614s][info][gc] GC(9569) Pause Young (Allocation Failure) 13M->9M(15M) 0.307ms
[250.624s][info][gc] GC(9570) Pause Young (Allocation Failure) 13M->9M(15M) 0.382ms
[250.644s][info][gc] GC(9571) Pause Young (Allocation Failure) 13M->9M(15M) 0.403ms
[250.656s][info][gc] GC(9572) Pause Young (Allocation Failure) 13M->9M(15M) 0.456ms
[250.669s][info][gc] GC(9573) Pause Young (Allocation Failure) 13M->9M(15M) 0.415ms
[250.677s][info][gc] GC(9574) Pause Young (Allocation Failure) 13M->9M(15M) 0.383ms
[250.686s][info][gc] GC(9575) Pause Young (Allocation Failure) 13M->9M(15M) 0.381ms
[250.691s][info][gc] GC(9576) Pause Young (Allocation Failure) 13M->9M(15M) 0.360ms
[250.698s][info][gc] GC(9577) Pause Young (Allocation Failure) 13M->9M(15M) 0.363ms
[250.702s][info][gc] GC(9578) Pause Young (Allocation Failure) 13M->9M(15M) 0.377ms
[250.708s][info][gc] GC(9579) Pause Young (Allocation Failure) 13M->9M(15M) 0.370ms
[250.718s][info][gc] GC(9580) Pause Young (Allocation Failure) 13M->9M(15M) 0.364ms
[250.723s][info][gc] GC(9581) Pause Young (Allocation Failure) 13M->9M(15M) 0.480ms
[250.733s][info][gc] GC(9582) Pause Young (Allocation Failure) 13M->9M(15M) 0.367ms
[250.741s][info][gc] GC(9583) Pause Young (Allocation Failure) 13M->9M(15M) 0.316ms
[250.751s][info][gc] GC(9584) Pause Young (Allocation Failure) 13M->9M(15M) 0.543ms
[250.756s][info][gc] GC(9585) Pause Young (Allocation Failure) 13M->9M(15M) 0.371ms
[250.763s][info][gc] GC(9586) Pause Young (Allocation Failure) 13M->9M(15M) 0.484ms
[250.769s][info][gc] GC(9587) Pause Young (Allocation Failure) 13M->9M(15M) 0.410ms
[250.774s][info][gc] GC(9588) Pause Young (Allocation Failure) 13M->9M(15M) 0.331ms
[250.782s][info][gc] GC(9589) Pause Young (Allocation Failure) 13M->9M(15M) 0.383ms
[250.788s][info][gc] GC(9590) Pause Young (Allocation Failure) 13M->9M(15M) 0.369ms
[250.794s][info][gc] GC(9591) Pause Young (Allocation Failure) 13M->9M(15M) 0.340ms
[250.800s][info][gc] GC(9592) Pause Young (Allocation Failure) 13M->9M(15M) 0.373ms
[250.805s][info][gc] GC(9593) Pause Young (Allocation Failure) 13M->9M(15M) 0.372ms
[250.812s][info][gc] GC(9594) Pause Young (Allocation Failure) 13M->9M(15M) 0.388ms
[250.818s][info][gc] GC(9595) Pause Young (Allocation Failure) 13M->9M(15M) 0.365ms
[250.825s][info][gc] GC(9596) Pause Young (Allocation Failure) 13M->9M(15M) 0.307ms
[250.833s][info][gc] GC(9597) Pause Young (Allocation Failure) 13M->9M(15M) 0.368ms
[250.841s][info][gc] GC(9598) Pause Young (Allocation Failure) 13M->9M(15M) 0.362ms
[250.850s][info][gc] GC(9599) Pause Young (Allocation Failure) 13M->9M(15M) 0.296ms
[250.857s][info][gc] GC(9600) Pause Young (Allocation Failure) 13M->9M(15M) 0.357ms
[250.865s][info][gc] GC(9601) Pause Young (Allocation Failure) 13M->9M(15M) 0.287ms
[250.871s][info][gc] GC(9602) Pause Young (Allocation Failure) 13M->9M(15M) 0.355ms
[250.882s][info][gc] GC(9603) Pause Young (Allocation Failure) 13M->9M(15M) 0.348ms
[250.888s][info][gc] GC(9604) Pause Young (Allocation Failure) 13M->9M(15M) 0.347ms
[250.897s][info][gc] GC(9605) Pause Young (Allocation Failure) 13M->9M(15M) 0.361ms
[250.903s][info][gc] GC(9606) Pause Young (Allocation Failure) 13M->9M(15M) 0.455ms
[250.921s][info][gc] GC(9607) Pause Young (Allocation Failure) 13M->9M(15M) 0.386ms
[250.933s][info][gc] GC(9608) Pause Young (Allocation Failure) 13M->9M(15M) 0.329ms
[250.939s][info][gc] GC(9609) Pause Young (Allocation Failure) 13M->9M(15M) 0.433ms
[250.950s][info][gc] GC(9610) Pause Young (Allocation Failure) 13M->9M(15M) 0.326ms
[250.956s][info][gc] GC(9611) Pause Young (Allocation Failure) 13M->9M(15M) 0.368ms
[250.963s][info][gc] GC(9612) Pause Young (Allocation Failure) 13M->9M(15M) 0.379ms
[250.968s][info][gc] GC(9613) Pause Young (Allocation Failure) 13M->9M(15M) 0.379ms
[250.973s][info][gc] GC(9614) Pause Young (Allocation Failure) 13M->9M(15M) 0.379ms
[250.983s][info][gc] GC(9615) Pause Young (Allocation Failure) 13M->9M(15M) 0.351ms
[250.988s][info][gc] GC(9616) Pause Young (Allocation Failure) 13M->9M(15M) 0.302ms
[250.994s][info][gc] GC(9617) Pause Young (Allocation Failure) 13M->9M(15M) 0.355ms
[251.000s][info][gc] GC(9618) Pause Young (Allocation Failure) 13M->9M(15M) 0.348ms
[251.005s][info][gc] GC(9619) Pause Young (Allocation Failure) 13M->9M(15M) 0.364ms
[251.022s][info][gc] GC(9620) Pause Young (Allocation Failure) 13M->9M(15M) 0.364ms
[251.039s][info][gc] GC(9621) Pause Young (Allocation Failure) 13M->9M(15M) 0.386ms
[251.046s][info][gc] GC(9622) Pause Young (Allocation Failure) 13M->9M(15M) 0.360ms
[251.052s][info][gc] GC(9623) Pause Young (Allocation Failure) 13M->9M(15M) 0.324ms
[251.057s][info][gc] GC(9624) Pause Young (Allocation Failure) 13M->9M(15M) 0.369ms
[251.068s][info][gc] GC(9625) Pause Young (Allocation Failure) 13M->9M(15M) 0.360ms
[251.073s][info][gc] GC(9626) Pause Young (Allocation Failure) 13M->9M(15M) 0.303ms
[251.080s][info][gc] GC(9627) Pause Young (Allocation Failure) 13M->9M(15M) 0.364ms
[251.085s][info][gc] GC(9628) Pause Young (Allocation Failure) 13M->9M(15M) 0.316ms
[251.090s][info][gc] GC(9629) Pause Young (Allocation Failure) 13M->9M(15M) 0.361ms
[251.100s][info][gc] GC(9630) Pause Young (Allocation Failure) 13M->9M(15M) 0.384ms
[251.112s][info][gc] GC(9631) Pause Young (Allocation Failure) 13M->9M(15M) 0.505ms
[251.124s][info][gc] GC(9632) Pause Young (Allocation Failure) 13M->9M(15M) 0.370ms
[251.134s][info][gc] GC(9633) Pause Young (Allocation Failure) 13M->9M(15M) 0.339ms
[251.140s][info][gc] GC(9634) Pause Young (Allocation Failure) 13M->9M(15M) 0.383ms
[251.150s][info][gc] GC(9635) Pause Young (Allocation Failure) 13M->9M(15M) 0.365ms
[251.154s][info][gc] GC(9636) Pause Young (Allocation Failure) 13M->9M(15M) 0.378ms
[251.162s][info][gc] GC(9637) Pause Young (Allocation Failure) 13M->9M(15M) 0.411ms
[251.167s][info][gc] GC(9638) Pause Young (Allocation Failure) 13M->9M(15M) 0.373ms
[251.172s][info][gc] GC(9639) Pause Young (Allocation Failure) 13M->9M(15M) 0.349ms
[251.180s][info][gc] GC(9640) Pause Young (Allocation Failure) 13M->9M(15M) 0.368ms
[251.187s][info][gc] GC(9641) Pause Young (Allocation Failure) 13M->9M(15M) 0.324ms
[251.194s][info][gc] GC(9642) Pause Young (Allocation Failure) 13M->9M(15M) 0.368ms
[251.199s][info][gc] GC(9643) Pause Young (Allocation Failure) 13M->9M(15M) 0.458ms
[251.205s][info][gc] GC(9644) Pause Young (Allocation Failure) 13M->9M(15M) 0.340ms
[251.213s][info][gc] GC(9645) Pause Young (Allocation Failure) 13M->9M(15M) 0.370ms
[251.219s][info][gc] GC(9646) Pause Young (Allocation Failure) 13M->9M(15M) 0.396ms
[251.224s][info][gc] GC(9647) Pause Young (Allocation Failure) 13M->9M(15M) 0.281ms
[251.231s][info][gc] GC(9648) Pause Young (Allocation Failure) 13M->9M(15M) 0.538ms
[251.236s][info][gc] GC(9649) Pause Young (Allocation Failure) 13M->9M(15M) 0.330ms
[251.241s][info][gc] GC(9650) Pause Young (Allocation Failure) 13M->9M(15M) 0.367ms
[251.250s][info][gc] GC(9651) Pause Young (Allocation Failure) 13M->9M(15M) 0.363ms
[251.256s][info][gc] GC(9652) Pause Young (Allocation Failure) 13M->9M(15M) 0.285ms
[251.264s][info][gc] GC(9653) Pause Young (Allocation Failure) 13M->9M(15M) 0.376ms
[251.270s][info][gc] GC(9654) Pause Young (Allocation Failure) 13M->9M(15M) 0.356ms
[251.275s][info][gc] GC(9655) Pause Young (Allocation Failure) 13M->9M(15M) 0.377ms
[251.284s][info][gc] GC(9656) Pause Young (Allocation Failure) 14M->9M(15M) 0.349ms
[251.289s][info][gc] GC(9657) Pause Young (Allocation Failure) 13M->9M(15M) 0.315ms
[251.297s][info][gc] GC(9658) Pause Young (Allocation Failure) 13M->9M(15M) 0.363ms
[251.305s][info][gc] GC(9659) Pause Young (Allocation Failure) 14M->9M(15M) 0.343ms
[251.325s][info][gc] GC(9660) Pause Young (Allocation Failure) 13M->9M(15M) 0.912ms
[251.336s][info][gc] GC(9661) Pause Young (Allocation Failure) 13M->9M(15M) 0.363ms
[251.341s][info][gc] GC(9662) Pause Young (Allocation Failure) 14M->9M(15M) 0.366ms
[251.349s][info][gc] GC(9663) Pause Young (Allocation Failure) 14M->9M(15M) 0.346ms
[251.354s][info][gc] GC(9664) Pause Young (Allocation Failure) 14M->9M(15M) 0.341ms
[251.360s][info][gc] GC(9665) Pause Young (Allocation Failure) 14M->9M(15M) 0.370ms
[251.368s][info][gc] GC(9666) Pause Young (Allocation Failure) 14M->9M(15M) 0.360ms
[251.374s][info][gc] GC(9667) Pause Young (Allocation Failure) 14M->9M(15M) 0.356ms
[251.384s][info][gc] GC(9668) Pause Young (Allocation Failure) 14M->9M(15M) 0.355ms
[251.389s][info][gc] GC(9669) Pause Young (Allocation Failure) 14M->9M(15M) 0.352ms
[251.396s][info][gc] GC(9670) Pause Young (Allocation Failure) 14M->9M(15M) 0.349ms
[251.401s][info][gc] GC(9671) Pause Young (Allocation Failure) 14M->9M(15M) 0.337ms
[251.406s][info][gc] GC(9672) Pause Young (Allocation Failure) 14M->9M(15M) 0.356ms
[251.415s][info][gc] GC(9673) Pause Young (Allocation Failure) 14M->9M(15M) 0.371ms
[251.421s][info][gc] GC(9674) Pause Young (Allocation Failure) 14M->9M(15M) 0.262ms
[251.428s][info][gc] GC(9675) Pause Young (Allocation Failure) 13M->9M(15M) 0.380ms
[251.435s][info][gc] GC(9676) Pause Young (Allocation Failure) 14M->9M(15M) 0.350ms
[251.440s][info][gc] GC(9677) Pause Young (Allocation Failure) 14M->9M(15M) 0.384ms
[251.446s][info][gc] GC(9678) Pause Young (Allocation Failure) 14M->9M(15M) 0.353ms
[251.451s][info][gc] GC(9679) Pause Young (Allocation Failure) 14M->9M(15M) 0.287ms
[251.456s][info][gc] GC(9680) Pause Young (Allocation Failure) 13M->9M(15M) 0.348ms
[251.465s][info][gc] GC(9681) Pause Young (Allocation Failure) 14M->9M(15M) 0.307ms
[251.471s][info][gc] GC(9682) Pause Young (Allocation Failure) 13M->9M(15M) 0.368ms
[251.481s][info][gc] GC(9683) Pause Young (Allocation Failure) 14M->9M(15M) 0.348ms
[251.488s][info][gc] GC(9684) Pause Young (Allocation Failure) 14M->9M(15M) 0.407ms
[251.498s][info][gc] GC(9685) Pause Young (Allocation Failure) 14M->9M(15M) 0.396ms
[251.512s][info][gc] GC(9686) Pause Young (Allocation Failure) 14M->9M(15M) 0.392ms
[251.518s][info][gc] GC(9687) Pause Young (Allocation Failure) 14M->9M(15M) 0.354ms
[251.523s][info][gc] GC(9688) Pause Young (Allocation Failure) 14M->9M(15M) 0.452ms
[251.530s][info][gc] GC(9689) Pause Young (Allocation Failure) 14M->9M(15M) 0.311ms
[251.536s][info][gc] GC(9690) Pause Young (Allocation Failure) 14M->9M(15M) 0.366ms
[251.544s][info][gc] GC(9691) Pause Young (Allocation Failure) 14M->9M(15M) 0.360ms
[251.550s][info][gc] GC(9692) Pause Young (Allocation Failure) 14M->9M(15M) 0.368ms
[251.556s][info][gc] GC(9693) Pause Young (Allocation Failure) 14M->9M(15M) 0.378ms
[251.566s][info][gc] GC(9694) Pause Young (Allocation Failure) 14M->9M(15M) 0.416ms
[251.578s][info][gc] GC(9695) Pause Young (Allocation Failure) 14M->9M(15M) 0.372ms
[251.585s][info][gc] GC(9696) Pause Young (Allocation Failure) 14M->9M(15M) 0.377ms
[251.590s][info][gc] GC(9697) Pause Young (Allocation Failure) 14M->9M(15M) 0.377ms
[251.602s][info][gc] GC(9698) Pause Young (Allocation Failure) 14M->9M(15M) 0.368ms
[251.607s][info][gc] GC(9699) Pause Young (Allocation Failure) 14M->9M(15M) 0.301ms
[251.615s][info][gc] GC(9700) Pause Young (Allocation Failure) 14M->9M(15M) 0.363ms
[251.620s][info][gc] GC(9701) Pause Young (Allocation Failure) 14M->9M(15M) 0.358ms
[251.626s][info][gc] GC(9702) Pause Young (Allocation Failure) 14M->9M(15M) 1.181ms
[251.634s][info][gc] GC(9703) Pause Young (Allocation Failure) 14M->9M(15M) 0.365ms
[251.639s][info][gc] GC(9704) Pause Young (Allocation Failure) 14M->9M(15M) 0.362ms
[251.645s][info][gc] GC(9705) Pause Young (Allocation Failure) 14M->9M(15M) 0.286ms
[251.650s][info][gc] GC(9706) Pause Young (Allocation Failure) 14M->9M(15M) 0.357ms
[251.655s][info][gc] GC(9707) Pause Young (Allocation Failure) 14M->9M(15M) 0.312ms
[251.661s][info][gc] GC(9708) Pause Young (Allocation Failure) 14M->9M(15M) 0.453ms
[251.668s][info][gc] GC(9709) Pause Young (Allocation Failure) 14M->9M(15M) 0.345ms
[251.684s][info][gc] GC(9710) Pause Young (Allocation Failure) 14M->9M(15M) 0.289ms
[251.689s][info][gc] GC(9711) Pause Young (Allocation Failure) 14M->9M(15M) 0.346ms
[251.695s][info][gc] GC(9712) Pause Young (Allocation Failure) 14M->9M(15M) 0.314ms
[251.699s][info][gc] GC(9713) Pause Young (Allocation Failure) 14M->9M(15M) 0.355ms
[251.704s][info][gc] GC(9714) Pause Young (Allocation Failure) 14M->9M(15M) 0.363ms
[251.712s][info][gc] GC(9715) Pause Young (Allocation Failure) 14M->9M(15M) 0.318ms
[251.718s][info][gc] GC(9716) Pause Young (Allocation Failure) 14M->9M(15M) 0.363ms
[251.723s][info][gc] GC(9717) Pause Young (Allocation Failure) 14M->9M(15M) 0.452ms
[251.733s][info][gc] GC(9718) Pause Young (Allocation Failure) 14M->9M(15M) 0.276ms
[251.738s][info][gc] GC(9719) Pause Young (Allocation Failure) 14M->9M(15M) 0.351ms
[251.745s][info][gc] GC(9720) Pause Young (Allocation Failure) 14M->9M(15M) 0.321ms
[251.750s][info][gc] GC(9721) Pause Young (Allocation Failure) 14M->9M(15M) 0.416ms
[251.755s][info][gc] GC(9722) Pause Young (Allocation Failure) 14M->9M(15M) 0.423ms
[251.762s][info][gc] GC(9723) Pause Young (Allocation Failure) 14M->9M(15M) 0.377ms
[251.770s][info][gc] GC(9724) Pause Young (Allocation Failure) 14M->9M(15M) 0.351ms
[251.775s][info][gc] GC(9725) Pause Young (Allocation Failure) 14M->9M(15M) 0.305ms
[251.782s][info][gc] GC(9726) Pause Young (Allocation Failure) 14M->9M(15M) 0.351ms
[251.787s][info][gc] GC(9727) Pause Young (Allocation Failure) 14M->9M(15M) 0.328ms
[251.798s][info][gc] GC(9728) Pause Young (Allocation Failure) 14M->9M(15M) 0.364ms
[251.806s][info][gc] GC(9729) Pause Young (Allocation Failure) 14M->9M(15M) 0.357ms
[251.814s][info][gc] GC(9730) Pause Young (Allocation Failure) 14M->9M(15M) 0.360ms
[251.820s][info][gc] GC(9731) Pause Young (Allocation Failure) 14M->9M(15M) 0.359ms
[251.825s][info][gc] GC(9732) Pause Young (Allocation Failure) 14M->9M(15M) 0.423ms
[251.833s][info][gc] GC(9733) Pause Young (Allocation Failure) 14M->9M(15M) 0.306ms
[251.850s][info][gc] GC(9734) Pause Young (Allocation Failure) 14M->9M(15M) 0.369ms
[251.858s][info][gc] GC(9735) Pause Young (Allocation Failure) 14M->9M(15M) 0.373ms
[251.865s][info][gc] GC(9736) Pause Young (Allocation Failure) 14M->9M(15M) 0.369ms
[251.872s][info][gc] GC(9737) Pause Young (Allocation Failure) 14M->9M(15M) 0.362ms
[251.903s][info][gc] GC(9738) Pause Young (Allocation Failure) 14M->9M(15M) 0.417ms
[251.910s][info][gc] GC(9739) Pause Young (Allocation Failure) 14M->9M(15M) 0.365ms
[251.917s][info][gc] GC(9740) Pause Young (Allocation Failure) 14M->9M(15M) 0.324ms
[251.938s][info][gc] GC(9741) Pause Young (Allocation Failure) 14M->9M(15M) 0.368ms
[251.948s][info][gc] GC(9742) Pause Young (Allocation Failure) 14M->9M(15M) 0.323ms
[251.957s][info][gc] GC(9743) Pause Young (Allocation Failure) 14M->9M(15M) 0.372ms
[251.967s][info][gc] GC(9744) Pause Young (Allocation Failure) 14M->9M(15M) 0.482ms
[251.973s][info][gc] GC(9745) Pause Young (Allocation Failure) 14M->9M(15M) 0.379ms
[251.981s][info][gc] GC(9746) Pause Young (Allocation Failure) 14M->9M(15M) 0.360ms
[251.988s][info][gc] GC(9747) Pause Young (Allocation Failure) 14M->9M(15M) 1.019ms
[252.107s][info][gc] GC(9748) Pause Young (Allocation Failure) 14M->9M(15M) 0.384ms
[252.131s][info][gc] GC(9749) Pause Young (Allocation Failure) 14M->9M(15M) 0.347ms
[252.146s][info][gc] GC(9750) Pause Young (Allocation Failure) 14M->9M(15M) 0.277ms
[252.156s][info][gc] GC(9751) Pause Young (Allocation Failure) 14M->9M(15M) 0.362ms
[252.170s][info][gc] GC(9752) Pause Young (Allocation Failure) 14M->9M(15M) 0.280ms
[252.184s][info][gc] GC(9753) Pause Young (Allocation Failure) 14M->9M(15M) 0.350ms
[252.198s][info][gc] GC(9754) Pause Young (Allocation Failure) 14M->9M(15M) 0.374ms
[252.284s][info][gc] GC(9755) Pause Young (Allocation Failure) 14M->9M(15M) 0.366ms
[252.313s][info][gc] GC(9756) Pause Young (Allocation Failure) 14M->9M(15M) 0.372ms
[252.366s][info][gc] GC(9757) Pause Young (Allocation Failure) 14M->9M(15M) 0.333ms
[252.450s][info][gc] GC(9758) Pause Young (Allocation Failure) 14M->9M(15M) 0.379ms
[252.457s][info][gc] GC(9759) Pause Young (Allocation Failure) 14M->9M(15M) 0.376ms
[252.469s][info][gc] GC(9760) Pause Young (Allocation Failure) 14M->9M(15M) 0.340ms
[252.474s][info][gc] GC(9761) Pause Young (Allocation Failure) 14M->9M(15M) 0.342ms
[252.489s][info][gc] GC(9762) Pause Young (Allocation Failure) 14M->9M(15M) 0.365ms
[252.539s][info][gc] GC(9763) Pause Young (Allocation Failure) 14M->9M(15M) 0.389ms
[252.551s][info][gc] GC(9764) Pause Young (Allocation Failure) 14M->9M(15M) 0.371ms
[252.555s][info][gc] GC(9765) Pause Young (Allocation Failure) 14M->9M(15M) 0.339ms
[252.568s][info][gc] GC(9766) Pause Young (Allocation Failure) 14M->9M(15M) 0.346ms
[252.573s][info][gc] GC(9767) Pause Young (Allocation Failure) 14M->9M(15M) 0.371ms
[252.581s][info][gc] GC(9768) Pause Young (Allocation Failure) 14M->9M(15M) 0.407ms
[252.926s][info][gc] GC(9769) Pause Young (Allocation Failure) 14M->9M(15M) 0.466ms
[252.931s][info][gc] GC(9770) Pause Young (Allocation Failure) 14M->9M(15M) 0.379ms
[252.936s][info][gc] GC(9771) Pause Young (Allocation Failure) 14M->9M(15M) 0.353ms
[252.940s][info][gc] GC(9772) Pause Young (Allocation Failure) 14M->9M(15M) 0.382ms
[252.949s][info][gc] GC(9773) Pause Young (Allocation Failure) 14M->9M(15M) 0.375ms
[252.954s][info][gc] GC(9774) Pause Young (Allocation Failure) 14M->9M(15M) 0.409ms
[252.964s][info][gc] GC(9775) Pause Young (Allocation Failure) 14M->9M(15M) 0.364ms
[252.969s][info][gc] GC(9776) Pause Young (Allocation Failure) 14M->9M(15M) 0.364ms
[253.007s][info][gc] GC(9777) Pause Young (Allocation Failure) 14M->9M(15M) 0.418ms
[253.038s][info][gc] GC(9778) Pause Young (Allocation Failure) 14M->9M(15M) 0.386ms
[253.043s][info][gc] GC(9779) Pause Young (Allocation Failure) 14M->9M(15M) 0.295ms
[253.048s][info][gc] GC(9780) Pause Young (Allocation Failure) 14M->9M(15M) 0.358ms
[253.053s][info][gc] GC(9781) Pause Young (Allocation Failure) 14M->9M(15M) 0.358ms
[253.057s][info][gc] GC(9782) Pause Young (Allocation Failure) 14M->9M(15M) 0.369ms
[253.063s][info][gc] GC(9783) Pause Young (Allocation Failure) 14M->9M(15M) 0.369ms
[253.068s][info][gc] GC(9784) Pause Young (Allocation Failure) 14M->9M(15M) 0.319ms
[253.074s][info][gc] GC(9785) Pause Young (Allocation Failure) 14M->9M(15M) 0.368ms
[253.081s][info][gc] GC(9786) Pause Young (Allocation Failure) 14M->9M(15M) 0.367ms
[253.114s][info][gc] GC(9787) Pause Young (Allocation Failure) 14M->9M(15M) 0.306ms
[253.124s][info][gc] GC(9788) Pause Young (Allocation Failure) 14M->9M(15M) 0.283ms
[253.136s][info][gc] GC(9789) Pause Young (Allocation Failure) 14M->9M(15M) 0.351ms
[253.143s][info][gc] GC(9790) Pause Young (Allocation Failure) 14M->9M(15M) 0.335ms
[253.156s][info][gc] GC(9791) Pause Young (Allocation Failure) 14M->9M(15M) 0.363ms
[253.175s][info][gc] GC(9792) Pause Young (Allocation Failure) 14M->9M(15M) 0.584ms
[253.182s][info][gc] GC(9793) Pause Young (Allocation Failure) 14M->9M(15M) 0.365ms
[253.186s][info][gc] GC(9794) Pause Young (Allocation Failure) 14M->9M(15M) 0.392ms
[253.191s][info][gc] GC(9795) Pause Young (Allocation Failure) 14M->9M(15M) 0.356ms
[253.203s][info][gc] GC(9796) Pause Young (Allocation Failure) 14M->9M(15M) 0.298ms
[253.211s][info][gc] GC(9797) Pause Young (Allocation Failure) 14M->9M(15M) 0.365ms
[253.221s][info][gc] GC(9798) Pause Young (Allocation Failure) 14M->9M(15M) 0.328ms
[253.235s][info][gc] GC(9799) Pause Young (Allocation Failure) 14M->9M(15M) 0.364ms
[253.245s][info][gc] GC(9800) Pause Young (Allocation Failure) 14M->9M(15M) 0.361ms
[253.253s][info][gc] GC(9801) Pause Young (Allocation Failure) 14M->9M(15M) 0.305ms
[253.290s][info][gc] GC(9802) Pause Young (Allocation Failure) 14M->9M(15M) 0.376ms
[253.305s][info][gc] GC(9803) Pause Young (Allocation Failure) 14M->9M(15M) 0.299ms
[253.315s][info][gc] GC(9804) Pause Young (Allocation Failure) 14M->9M(15M) 0.353ms
[253.322s][info][gc] GC(9805) Pause Young (Allocation Failure) 14M->9M(15M) 0.349ms
[253.330s][info][gc] GC(9806) Pause Young (Allocation Failure) 14M->9M(15M) 0.380ms
[253.337s][info][gc] GC(9807) Pause Young (Allocation Failure) 14M->9M(15M) 0.358ms
[253.347s][info][gc] GC(9808) Pause Young (Allocation Failure) 14M->9M(15M) 0.379ms
[253.354s][info][gc] GC(9809) Pause Young (Allocation Failure) 14M->9M(15M) 0.373ms
[253.369s][info][gc] GC(9810) Pause Young (Allocation Failure) 14M->9M(15M) 0.320ms
[253.381s][info][gc] GC(9811) Pause Young (Allocation Failure) 14M->9M(15M) 0.362ms
[253.390s][info][gc] GC(9812) Pause Young (Allocation Failure) 14M->9M(15M) 0.304ms
[253.404s][info][gc] GC(9813) Pause Young (Allocation Failure) 14M->9M(15M) 0.364ms
[253.414s][info][gc] GC(9814) Pause Young (Allocation Failure) 14M->9M(15M) 0.438ms
[253.420s][info][gc] GC(9815) Pause Young (Allocation Failure) 14M->9M(15M) 0.364ms
[253.424s][info][gc] GC(9816) Pause Young (Allocation Failure) 14M->9M(15M) 0.329ms
[253.438s][info][gc] GC(9817) Pause Young (Allocation Failure) 14M->9M(15M) 0.361ms
[253.448s][info][gc] GC(9818) Pause Young (Allocation Failure) 14M->9M(15M) 0.363ms
[253.453s][info][gc] GC(9819) Pause Young (Allocation Failure) 14M->9M(15M) 0.358ms
[253.458s][info][gc] GC(9820) Pause Young (Allocation Failure) 14M->9M(15M) 0.363ms
[253.466s][info][gc] GC(9821) Pause Young (Allocation Failure) 14M->9M(15M) 0.364ms
[253.474s][info][gc] GC(9822) Pause Young (Allocation Failure) 14M->9M(15M) 0.341ms
[253.490s][info][gc] GC(9823) Pause Young (Allocation Failure) 14M->9M(15M) 0.377ms
[253.502s][info][gc] GC(9824) Pause Young (Allocation Failure) 14M->9M(15M) 0.361ms
[253.519s][info][gc] GC(9825) Pause Young (Allocation Failure) 14M->9M(15M) 0.326ms
[253.528s][info][gc] GC(9826) Pause Young (Allocation Failure) 14M->9M(15M) 0.357ms
[253.536s][info][gc] GC(9827) Pause Young (Allocation Failure) 14M->9M(15M) 0.340ms
[253.552s][info][gc] GC(9828) Pause Young (Allocation Failure) 14M->9M(15M) 0.355ms
[253.569s][info][gc] GC(9829) Pause Young (Allocation Failure) 14M->9M(15M) 0.378ms
[253.574s][info][gc] GC(9830) Pause Young (Allocation Failure) 14M->9M(15M) 0.305ms
[253.583s][info][gc] GC(9831) Pause Young (Allocation Failure) 14M->9M(15M) 0.523ms
[253.671s][info][gc] GC(9832) Pause Young (Allocation Failure) 14M->9M(15M) 0.358ms
[253.682s][info][gc] GC(9833) Pause Young (Allocation Failure) 14M->9M(15M) 0.334ms
[253.705s][info][gc] GC(9834) Pause Young (Allocation Failure) 14M->9M(15M) 0.363ms
[253.713s][info][gc] GC(9835) Pause Young (Allocation Failure) 14M->9M(15M) 0.360ms
[253.742s][info][gc] GC(9836) Pause Young (Allocation Failure) 14M->9M(15M) 1.179ms
[253.770s][info][gc] GC(9837) Pause Young (Allocation Failure) 14M->9M(15M) 0.424ms
[253.788s][info][gc] GC(9838) Pause Young (Allocation Failure) 14M->9M(15M) 0.370ms
[253.799s][info][gc] GC(9839) Pause Young (Allocation Failure) 14M->9M(15M) 0.367ms
[253.816s][info][gc] GC(9840) Pause Young (Allocation Failure) 14M->9M(15M) 0.333ms
[253.824s][info][gc] GC(9841) Pause Young (Allocation Failure) 14M->9M(15M) 0.373ms
[253.856s][info][gc] GC(9842) Pause Young (Allocation Failure) 14M->9M(15M) 0.932ms
[253.872s][info][gc] GC(9843) Pause Young (Allocation Failure) 14M->9M(15M) 0.367ms
[253.891s][info][gc] GC(9844) Pause Young (Allocation Failure) 14M->9M(15M) 0.534ms
[253.902s][info][gc] GC(9845) Pause Young (Allocation Failure) 14M->9M(15M) 0.371ms
[253.919s][info][gc] GC(9846) Pause Young (Allocation Failure) 14M->9M(15M) 0.272ms
[253.931s][info][gc] GC(9847) Pause Young (Allocation Failure) 14M->9M(15M) 0.368ms
[253.951s][info][gc] GC(9848) Pause Young (Allocation Failure) 14M->9M(15M) 0.442ms
[253.962s][info][gc] GC(9849) Pause Young (Allocation Failure) 14M->9M(15M) 0.301ms
[253.971s][info][gc] GC(9850) Pause Young (Allocation Failure) 14M->9M(15M) 0.755ms
[253.983s][info][gc] GC(9851) Pause Young (Allocation Failure) 14M->9M(15M) 0.371ms
[253.990s][info][gc] GC(9852) Pause Young (Allocation Failure) 14M->9M(15M) 0.371ms
[254.036s][info][gc] GC(9853) Pause Young (Allocation Failure) 14M->9M(15M) 0.372ms
[254.063s][info][gc] GC(9854) Pause Young (Allocation Failure) 14M->9M(15M) 0.386ms
[254.068s][info][gc] GC(9855) Pause Young (Allocation Failure) 14M->9M(15M) 0.366ms
[254.074s][info][gc] GC(9856) Pause Young (Allocation Failure) 14M->9M(15M) 0.351ms
[254.091s][info][gc] GC(9857) Pause Young (Allocation Failure) 14M->9M(15M) 0.361ms
[254.125s][info][gc] GC(9858) Pause Young (Allocation Failure) 14M->9M(15M) 0.573ms
[254.151s][info][gc] GC(9859) Pause Young (Allocation Failure) 14M->9M(15M) 0.288ms
[254.158s][info][gc] GC(9860) Pause Young (Allocation Failure) 14M->9M(15M) 0.405ms
[254.219s][info][gc] GC(9861) Pause Young (Allocation Failure) 14M->9M(15M) 0.360ms
[254.235s][info][gc] GC(9862) Pause Young (Allocation Failure) 14M->9M(15M) 0.418ms
[254.351s][info][gc] GC(9863) Pause Young (Allocation Failure) 14M->9M(15M) 0.362ms
[254.357s][info][gc] GC(9864) Pause Young (Allocation Failure) 14M->9M(15M) 0.328ms
[254.364s][info][gc] GC(9865) Pause Young (Allocation Failure) 14M->9M(15M) 0.426ms
[254.369s][info][gc] GC(9866) Pause Young (Allocation Failure) 14M->9M(15M) 0.362ms
[254.375s][info][gc] GC(9867) Pause Young (Allocation Failure) 14M->9M(15M) 0.477ms
[254.383s][info][gc] GC(9868) Pause Young (Allocation Failure) 14M->9M(15M) 0.362ms
[254.388s][info][gc] GC(9869) Pause Young (Allocation Failure) 14M->9M(15M) 0.305ms
[254.394s][info][gc] GC(9870) Pause Young (Allocation Failure) 14M->9M(15M) 0.391ms
[254.399s][info][gc] GC(9871) Pause Young (Allocation Failure) 14M->9M(15M) 0.397ms
[254.404s][info][gc] GC(9872) Pause Young (Allocation Failure) 14M->9M(15M) 0.353ms
[254.423s][info][gc] GC(9873) Pause Young (Allocation Failure) 14M->9M(15M) 0.399ms
[254.437s][info][gc] GC(9874) Pause Young (Allocation Failure) 14M->9M(15M) 0.374ms
[254.449s][info][gc] GC(9875) Pause Young (Allocation Failure) 14M->9M(15M) 0.397ms
[254.454s][info][gc] GC(9876) Pause Young (Allocation Failure) 14M->9M(15M) 0.601ms
[254.472s][info][gc] GC(9877) Pause Young (Allocation Failure) 14M->9M(15M) 0.343ms
[254.500s][info][gc] GC(9878) Pause Young (Allocation Failure) 14M->9M(15M) 0.356ms
[254.508s][info][gc] GC(9879) Pause Young (Allocation Failure) 14M->9M(15M) 0.825ms
[254.517s][info][gc] GC(9880) Pause Young (Allocation Failure) 14M->9M(15M) 0.481ms
[254.531s][info][gc] GC(9881) Pause Young (Allocation Failure) 14M->9M(15M) 0.633ms
[254.540s][info][gc] GC(9882) Pause Young (Allocation Failure) 14M->9M(15M) 0.362ms
[254.573s][info][gc] GC(9883) Pause Young (Allocation Failure) 14M->9M(15M) 0.398ms
[254.591s][info][gc] GC(9884) Pause Young (Allocation Failure) 14M->9M(15M) 0.512ms
[254.650s][info][gc] GC(9885) Pause Young (Allocation Failure) 14M->9M(15M) 0.393ms
[254.663s][info][gc] GC(9886) Pause Young (Allocation Failure) 14M->10M(15M) 0.603ms
[254.671s][info][gc] GC(9887) Pause Young (Allocation Failure) 14M->10M(15M) 0.515ms
[254.686s][info][gc] GC(9888) Pause Young (Allocation Failure) 14M->9M(15M) 0.375ms
[254.701s][info][gc] GC(9889) Pause Young (Allocation Failure) 14M->10M(15M) 0.411ms
[254.707s][info][gc] GC(9890) Pause Young (Allocation Failure) 14M->9M(15M) 0.324ms
[254.718s][info][gc] GC(9891) Pause Young (Allocation Failure) 14M->10M(15M) 0.350ms
[254.723s][info][gc] GC(9892) Pause Young (Allocation Failure) 14M->9M(15M) 0.339ms
[254.730s][info][gc] GC(9893) Pause Young (Allocation Failure) 14M->10M(15M) 0.390ms
[254.740s][info][gc] GC(9894) Pause Young (Allocation Failure) 14M->9M(15M) 0.361ms
[254.753s][info][gc] GC(9895) Pause Young (Allocation Failure) 14M->9M(15M) 0.315ms
[254.764s][info][gc] GC(9896) Pause Young (Allocation Failure) 14M->10M(15M) 0.377ms
[254.776s][info][gc] GC(9897) Pause Young (Allocation Failure) 14M->10M(15M) 1.587ms
[254.789s][info][gc] GC(9898) Pause Young (Allocation Failure) 14M->9M(15M) 0.294ms
[254.798s][info][gc] GC(9899) Pause Young (Allocation Failure) 14M->10M(15M) 0.375ms
[254.805s][info][gc] GC(9900) Pause Young (Allocation Failure) 14M->9M(15M) 0.335ms
[254.815s][info][gc] GC(9901) Pause Young (Allocation Failure) 14M->9M(15M) 0.493ms
[254.821s][info][gc] GC(9902) Pause Young (Allocation Failure) 14M->10M(15M) 0.360ms
[254.829s][info][gc] GC(9903) Pause Young (Allocation Failure) 14M->9M(15M) 0.337ms
[254.835s][info][gc] GC(9904) Pause Young (Allocation Failure) 14M->10M(15M) 0.381ms
[254.866s][info][gc] GC(9905) Pause Young (Allocation Failure) 14M->10M(15M) 0.376ms
[254.881s][info][gc] GC(9906) Pause Young (Allocation Failure) 14M->10M(15M) 0.345ms
[254.889s][info][gc] GC(9907) Pause Young (Allocation Failure) 14M->10M(15M) 0.371ms
[254.898s][info][gc] GC(9908) Pause Young (Allocation Failure) 14M->10M(15M) 0.391ms
[254.903s][info][gc] GC(9909) Pause Young (Allocation Failure) 14M->10M(15M) 0.408ms
[254.908s][info][gc] GC(9910) Pause Young (Allocation Failure) 14M->10M(15M) 0.389ms
[254.916s][info][gc] GC(9911) Pause Young (Allocation Failure) 14M->10M(15M) 0.373ms
[254.923s][info][gc] GC(9912) Pause Young (Allocation Failure) 14M->9M(15M) 0.288ms
[254.933s][info][gc] GC(9913) Pause Young (Allocation Failure) 14M->10M(15M) 0.376ms
[254.940s][info][gc] GC(9914) Pause Young (Allocation Failure) 14M->9M(15M) 0.277ms
[254.947s][info][gc] GC(9915) Pause Young (Allocation Failure) 14M->10M(15M) 0.374ms
[254.952s][info][gc] GC(9916) Pause Young (Allocation Failure) 14M->9M(15M) 0.402ms
[254.956s][info][gc] GC(9917) Pause Young (Allocation Failure) 14M->10M(15M) 0.380ms
[254.967s][info][gc] GC(9918) Pause Young (Allocation Failure) 14M->10M(15M) 0.371ms
[254.972s][info][gc] GC(9919) Pause Young (Allocation Failure) 14M->9M(15M) 0.306ms
[254.980s][info][gc] GC(9920) Pause Young (Allocation Failure) 14M->10M(15M) 0.370ms
[254.985s][info][gc] GC(9921) Pause Young (Allocation Failure) 14M->10M(15M) 0.355ms
[254.991s][info][gc] GC(9922) Pause Young (Allocation Failure) 14M->10M(15M) 0.361ms
[255.000s][info][gc] GC(9923) Pause Young (Allocation Failure) 14M->10M(15M) 0.367ms
[255.008s][info][gc] GC(9924) Pause Young (Allocation Failure) 14M->10M(15M) 0.603ms
[255.016s][info][gc] GC(9925) Pause Young (Allocation Failure) 14M->10M(15M) 0.366ms
[255.031s][info][gc] GC(9926) Pause Young (Allocation Failure) 14M->10M(15M) 0.353ms
[255.038s][info][gc] GC(9927) Pause Young (Allocation Failure) 14M->10M(15M) 0.382ms
[255.048s][info][gc] GC(9928) Pause Young (Allocation Failure) 14M->10M(15M) 0.365ms
[255.052s][info][gc] GC(9929) Pause Young (Allocation Failure) 14M->9M(15M) 0.288ms
[255.058s][info][gc] GC(9930) Pause Young (Allocation Failure) 14M->10M(15M) 0.393ms
[255.067s][info][gc] GC(9931) Pause Young (Allocation Failure) 14M->10M(15M) 0.339ms
[255.072s][info][gc] GC(9932) Pause Young (Allocation Failure) 14M->10M(15M) 0.375ms
[255.080s][info][gc] GC(9933) Pause Young (Allocation Failure) 14M->10M(15M) 0.366ms
[255.085s][info][gc] GC(9934) Pause Young (Allocation Failure) 14M->10M(15M) 0.354ms
[255.129s][info][gc] GC(9935) Pause Young (Allocation Failure) 14M->10M(15M) 0.326ms
[255.149s][info][gc] GC(9936) Pause Young (Allocation Failure) 14M->10M(15M) 0.370ms
[255.155s][info][gc] GC(9937) Pause Young (Allocation Failure) 14M->10M(15M) 0.372ms
[255.163s][info][gc] GC(9938) Pause Young (Allocation Failure) 14M->10M(15M) 0.325ms
[255.174s][info][gc] GC(9939) Pause Young (Allocation Failure) 14M->10M(15M) 0.358ms
[255.191s][info][gc] GC(9940) Pause Young (Allocation Failure) 14M->10M(15M) 0.310ms
[255.201s][info][gc] GC(9941) Pause Young (Allocation Failure) 14M->10M(15M) 0.382ms
[255.207s][info][gc] GC(9942) Pause Young (Allocation Failure) 14M->10M(15M) 0.609ms
[255.221s][info][gc] GC(9943) Pause Young (Allocation Failure) 14M->10M(15M) 0.385ms
[255.231s][info][gc] GC(9944) Pause Young (Allocation Failure) 14M->10M(15M) 0.379ms
[255.238s][info][gc] GC(9945) Pause Young (Allocation Failure) 14M->10M(15M) 0.328ms
[255.252s][info][gc] GC(9946) Pause Young (Allocation Failure) 14M->10M(15M) 0.666ms
[255.262s][info][gc] GC(9947) Pause Young (Allocation Failure) 14M->10M(15M) 0.384ms
[255.269s][info][gc] GC(9948) Pause Young (Allocation Failure) 14M->10M(15M) 0.374ms
[255.279s][info][gc] GC(9949) Pause Young (Allocation Failure) 14M->10M(15M) 0.538ms
[255.288s][info][gc] GC(9950) Pause Young (Allocation Failure) 14M->10M(15M) 0.419ms
[255.299s][info][gc] GC(9951) Pause Young (Allocation Failure) 14M->10M(15M) 1.564ms
[255.307s][info][gc] GC(9952) Pause Young (Allocation Failure) 14M->10M(15M) 0.372ms
[255.323s][info][gc] GC(9953) Pause Young (Allocation Failure) 14M->10M(15M) 0.485ms
[255.334s][info][gc] GC(9954) Pause Young (Allocation Failure) 14M->10M(15M) 0.363ms
[255.344s][info][gc] GC(9955) Pause Young (Allocation Failure) 14M->10M(15M) 0.306ms
[255.349s][info][gc] GC(9956) Pause Young (Allocation Failure) 14M->10M(15M) 0.348ms
[255.372s][info][gc] GC(9957) Pause Young (Allocation Failure) 14M->10M(15M) 0.301ms
[255.381s][info][gc] GC(9958) Pause Young (Allocation Failure) 14M->10M(15M) 0.356ms
[255.402s][info][gc] GC(9959) Pause Young (Allocation Failure) 14M->10M(15M) 0.345ms
[255.417s][info][gc] GC(9960) Pause Young (Allocation Failure) 14M->10M(15M) 0.371ms
[255.429s][info][gc] GC(9961) Pause Young (Allocation Failure) 14M->10M(15M) 0.358ms
[255.465s][info][gc] GC(9962) Pause Young (Allocation Failure) 14M->10M(15M) 0.296ms
[255.474s][info][gc] GC(9963) Pause Young (Allocation Failure) 14M->10M(15M) 0.369ms
[255.482s][info][gc] GC(9964) Pause Young (Allocation Failure) 14M->10M(15M) 0.367ms
[255.487s][info][gc] GC(9965) Pause Young (Allocation Failure) 14M->10M(15M) 0.323ms
[255.497s][info][gc] GC(9966) Pause Young (Allocation Failure) 14M->10M(15M) 0.369ms
[255.504s][info][gc] GC(9967) Pause Young (Allocation Failure) 14M->10M(15M) 0.367ms
[255.515s][info][gc] GC(9968) Pause Young (Allocation Failure) 14M->10M(15M) 0.442ms
[255.532s][info][gc] GC(9969) Pause Young (Allocation Failure) 14M->10M(15M) 0.635ms
[255.537s][info][gc] GC(9970) Pause Young (Allocation Failure) 14M->10M(15M) 0.365ms
[255.544s][info][gc] GC(9971) Pause Young (Allocation Failure) 14M->10M(15M) 0.309ms
[255.549s][info][gc] GC(9972) Pause Young (Allocation Failure) 14M->10M(15M) 0.364ms
[255.572s][info][gc] GC(9973) Pause Young (Allocation Failure) 14M->10M(15M) 0.327ms
[255.583s][info][gc] GC(9974) Pause Young (Allocation Failure) 14M->10M(15M) 0.444ms
[255.595s][info][gc] GC(9975) Pause Young (Allocation Failure) 14M->10M(15M) 0.736ms
[255.602s][info][gc] GC(9976) Pause Young (Allocation Failure) 14M->10M(15M) 0.301ms
[255.635s][info][gc] GC(9977) Pause Young (Allocation Failure) 14M->10M(15M) 0.399ms
[255.653s][info][gc] GC(9978) Pause Young (Allocation Failure) 14M->10M(15M) 0.402ms
[255.664s][info][gc] GC(9979) Pause Young (Allocation Failure) 14M->10M(15M) 0.415ms
[255.670s][info][gc] GC(9980) Pause Young (Allocation Failure) 14M->10M(15M) 0.376ms
[255.682s][info][gc] GC(9981) Pause Young (Allocation Failure) 14M->10M(15M) 0.343ms
[255.694s][info][gc] GC(9982) Pause Young (Allocation Failure) 14M->10M(15M) 0.373ms
[255.703s][info][gc] GC(9983) Pause Young (Allocation Failure) 14M->10M(15M) 0.360ms
[255.714s][info][gc] GC(9984) Pause Young (Allocation Failure) 14M->10M(15M) 0.280ms
[255.721s][info][gc] GC(9985) Pause Young (Allocation Failure) 14M->10M(15M) 0.387ms
[255.731s][info][gc] GC(9986) Pause Young (Allocation Failure) 14M->10M(15M) 0.290ms
[255.736s][info][gc] GC(9987) Pause Young (Allocation Failure) 14M->10M(15M) 0.354ms
[255.740s][info][gc] GC(9988) Pause Young (Allocation Failure) 14M->10M(15M) 0.297ms
[255.754s][info][gc] GC(9989) Pause Young (Allocation Failure) 14M->10M(15M) 0.360ms
[255.763s][info][gc] GC(9990) Pause Young (Allocation Failure) 14M->10M(15M) 0.331ms
[255.781s][info][gc] GC(9991) Pause Young (Allocation Failure) 14M->10M(15M) 0.300ms
[255.794s][info][gc] GC(9992) Pause Young (Allocation Failure) 14M->10M(15M) 3.366ms
[255.811s][info][gc] GC(9993) Pause Young (Allocation Failure) 14M->10M(15M) 0.318ms
[255.815s][info][gc] GC(9994) Pause Young (Allocation Failure) 14M->10M(15M) 0.362ms
[255.821s][info][gc] GC(9995) Pause Young (Allocation Failure) 14M->10M(15M) 0.435ms
[255.827s][info][gc] GC(9996) Pause Young (Allocation Failure) 14M->10M(15M) 0.381ms
[255.834s][info][gc] GC(9997) Pause Young (Allocation Failure) 14M->10M(15M) 0.368ms
[255.841s][info][gc] GC(9998) Pause Young (Allocation Failure) 14M->10M(15M) 0.608ms
[255.869s][info][gc] GC(9999) Pause Young (Allocation Failure) 14M->10M(15M) 0.377ms
[255.890s][info][gc] GC(10000) Pause Young (Allocation Failure) 14M->10M(15M) 0.396ms
[255.901s][info][gc] GC(10001) Pause Young (Allocation Failure) 14M->10M(15M) 0.387ms
[255.906s][info][gc] GC(10002) Pause Young (Allocation Failure) 14M->10M(15M) 0.369ms
[255.913s][info][gc] GC(10003) Pause Young (Allocation Failure) 14M->10M(15M) 0.355ms
[255.918s][info][gc] GC(10004) Pause Young (Allocation Failure) 14M->10M(15M) 0.341ms
[255.923s][info][gc] GC(10005) Pause Young (Allocation Failure) 14M->10M(15M) 0.377ms
[255.933s][info][gc] GC(10006) Pause Young (Allocation Failure) 14M->10M(15M) 0.381ms
[255.939s][info][gc] GC(10007) Pause Young (Allocation Failure) 14M->10M(15M) 0.301ms
[255.950s][info][gc] GC(10008) Pause Young (Allocation Failure) 14M->10M(15M) 0.385ms
[255.983s][info][gc] GC(10009) Pause Young (Allocation Failure) 14M->10M(15M) 0.369ms
[256.003s][info][gc] GC(10010) Pause Young (Allocation Failure) 14M->10M(15M) 0.717ms
[256.013s][info][gc] GC(10011) Pause Young (Allocation Failure) 14M->10M(15M) 0.382ms
[256.022s][info][gc] GC(10012) Pause Young (Allocation Failure) 14M->10M(15M) 0.376ms
[256.045s][info][gc] GC(10013) Pause Young (Allocation Failure) 14M->10M(15M) 0.402ms
[256.052s][info][gc] GC(10014) Pause Young (Allocation Failure) 14M->10M(15M) 0.329ms
[256.056s][info][gc] GC(10015) Pause Young (Allocation Failure) 14M->10M(15M) 0.363ms
[256.065s][info][gc] GC(10016) Pause Young (Allocation Failure) 14M->10M(15M) 0.353ms
[256.069s][info][gc] GC(10017) Pause Young (Allocation Failure) 14M->10M(15M) 0.318ms
[256.073s][info][gc] GC(10018) Pause Young (Allocation Failure) 14M->10M(15M) 0.407ms
[256.118s][info][gc] GC(10019) Pause Young (Allocation Failure) 14M->10M(15M) 0.370ms
[256.152s][info][gc] GC(10020) Pause Young (Allocation Failure) 14M->10M(15M) 0.267ms
[256.160s][info][gc] GC(10021) Pause Young (Allocation Failure) 14M->10M(15M) 0.394ms
[256.167s][info][gc] GC(10022) Pause Young (Allocation Failure) 14M->10M(15M) 0.336ms
[256.171s][info][gc] GC(10023) Pause Young (Allocation Failure) 14M->10M(15M) 0.381ms
[256.179s][info][gc] GC(10024) Pause Young (Allocation Failure) 14M->10M(15M) 0.316ms
[256.183s][info][gc] GC(10025) Pause Young (Allocation Failure) 14M->10M(15M) 0.344ms
[256.192s][info][gc] GC(10026) Pause Young (Allocation Failure) 14M->10M(15M) 0.819ms
[256.199s][info][gc] GC(10027) Pause Young (Allocation Failure) 14M->10M(15M) 0.353ms
[256.206s][info][gc] GC(10028) Pause Young (Allocation Failure) 14M->10M(15M) 0.366ms
[256.215s][info][gc] GC(10029) Pause Young (Allocation Failure) 14M->10M(15M) 0.258ms
[256.221s][info][gc] GC(10030) Pause Young (Allocation Failure) 14M->10M(15M) 0.354ms
[256.227s][info][gc] GC(10031) Pause Young (Allocation Failure) 14M->10M(15M) 0.351ms
[256.232s][info][gc] GC(10032) Pause Young (Allocation Failure) 14M->10M(15M) 0.359ms
[256.236s][info][gc] GC(10033) Pause Young (Allocation Failure) 14M->10M(15M) 0.368ms
[256.244s][info][gc] GC(10034) Pause Young (Allocation Failure) 14M->10M(15M) 0.367ms
[256.249s][info][gc] GC(10035) Pause Young (Allocation Failure) 14M->10M(15M) 0.355ms
[256.254s][info][gc] GC(10036) Pause Young (Allocation Failure) 14M->10M(15M) 0.365ms
[256.261s][info][gc] GC(10037) Pause Young (Allocation Failure) 14M->10M(15M) 0.331ms
[256.267s][info][gc] GC(10038) Pause Young (Allocation Failure) 14M->10M(15M) 0.366ms
[256.271s][info][gc] GC(10039) Pause Young (Allocation Failure) 14M->10M(15M) 0.337ms
[256.279s][info][gc] GC(10040) Pause Young (Allocation Failure) 14M->10M(15M) 0.283ms
[256.287s][info][gc] GC(10041) Pause Young (Allocation Failure) 14M->10M(15M) 0.356ms
[256.294s][info][gc] GC(10042) Pause Young (Allocation Failure) 14M->10M(15M) 0.341ms
[256.303s][info][gc] GC(10043) Pause Young (Allocation Failure) 14M->10M(15M) 0.353ms
[256.311s][info][gc] GC(10044) Pause Young (Allocation Failure) 14M->10M(15M) 0.373ms
[256.323s][info][gc] GC(10045) Pause Young (Allocation Failure) 14M->10M(15M) 0.371ms
[256.333s][info][gc] GC(10046) Pause Young (Allocation Failure) 14M->10M(15M) 0.354ms
[256.340s][info][gc] GC(10047) Pause Young (Allocation Failure) 14M->10M(15M) 0.377ms
[256.347s][info][gc] GC(10048) Pause Young (Allocation Failure) 14M->10M(15M) 0.356ms
[256.353s][info][gc] GC(10049) Pause Young (Allocation Failure) 14M->10M(15M) 0.309ms
[256.359s][info][gc] GC(10050) Pause Young (Allocation Failure) 14M->10M(15M) 0.474ms
[256.367s][info][gc] GC(10051) Pause Young (Allocation Failure) 14M->10M(15M) 0.383ms
[256.379s][info][gc] GC(10052) Pause Young (Allocation Failure) 14M->10M(15M) 0.358ms
[256.389s][info][gc] GC(10053) Pause Young (Allocation Failure) 14M->10M(15M) 0.345ms
[256.415s][info][gc] GC(10054) Pause Young (Allocation Failure) 14M->10M(15M) 0.327ms
[256.429s][info][gc] GC(10055) Pause Young (Allocation Failure) 14M->10M(15M) 0.369ms
[256.438s][info][gc] GC(10056) Pause Young (Allocation Failure) 14M->10M(15M) 0.359ms
[256.462s][info][gc] GC(10057) Pause Young (Allocation Failure) 14M->10M(15M) 0.312ms
[256.471s][info][gc] GC(10058) Pause Young (Allocation Failure) 14M->10M(15M) 0.359ms
[256.485s][info][gc] GC(10059) Pause Young (Allocation Failure) 14M->10M(15M) 0.348ms
[256.494s][info][gc] GC(10060) Pause Young (Allocation Failure) 14M->10M(15M) 0.348ms
[256.502s][info][gc] GC(10061) Pause Young (Allocation Failure) 14M->10M(15M) 0.364ms
[256.513s][info][gc] GC(10062) Pause Young (Allocation Failure) 14M->10M(15M) 0.368ms
[256.521s][info][gc] GC(10063) Pause Young (Allocation Failure) 14M->10M(15M) 0.335ms
[256.532s][info][gc] GC(10064) Pause Young (Allocation Failure) 14M->10M(15M) 0.356ms
[256.544s][info][gc] GC(10065) Pause Young (Allocation Failure) 14M->10M(15M) 0.359ms
[256.566s][info][gc] GC(10066) Pause Young (Allocation Failure) 14M->10M(15M) 0.302ms
[256.577s][info][gc] GC(10067) Pause Young (Allocation Failure) 14M->10M(15M) 0.371ms
[256.584s][info][gc] GC(10068) Pause Young (Allocation Failure) 14M->10M(15M) 0.366ms
[256.590s][info][gc] GC(10069) Pause Young (Allocation Failure) 14M->10M(15M) 0.351ms
[256.599s][info][gc] GC(10070) Pause Young (Allocation Failure) 14M->10M(15M) 0.397ms
[256.606s][info][gc] GC(10071) Pause Young (Allocation Failure) 14M->10M(15M) 0.416ms
[256.636s][info][gc] GC(10072) Pause Young (Allocation Failure) 14M->10M(15M) 0.373ms
[256.657s][info][gc] GC(10073) Pause Young (Allocation Failure) 14M->10M(15M) 0.362ms
[256.667s][info][gc] GC(10074) Pause Young (Allocation Failure) 14M->10M(15M) 0.281ms
[256.672s][info][gc] GC(10075) Pause Young (Allocation Failure) 14M->10M(15M) 0.357ms
[256.680s][info][gc] GC(10076) Pause Young (Allocation Failure) 14M->10M(15M) 0.368ms
[256.685s][info][gc] GC(10077) Pause Young (Allocation Failure) 14M->10M(15M) 0.376ms
[256.694s][info][gc] GC(10078) Pause Young (Allocation Failure) 14M->10M(15M) 0.348ms
[256.706s][info][gc] GC(10079) Pause Young (Allocation Failure) 14M->10M(15M) 0.311ms
[256.722s][info][gc] GC(10080) Pause Young (Allocation Failure) 14M->10M(15M) 0.379ms
[256.736s][info][gc] GC(10081) Pause Young (Allocation Failure) 14M->10M(15M) 0.456ms
[256.745s][info][gc] GC(10082) Pause Young (Allocation Failure) 14M->10M(15M) 0.300ms
[256.750s][info][gc] GC(10083) Pause Young (Allocation Failure) 14M->10M(15M) 0.356ms
[256.756s][info][gc] GC(10084) Pause Young (Allocation Failure) 14M->10M(15M) 0.401ms
[256.766s][info][gc] GC(10085) Pause Young (Allocation Failure) 14M->10M(15M) 0.417ms
[256.772s][info][gc] GC(10086) Pause Young (Allocation Failure) 14M->10M(15M) 0.415ms
[256.785s][info][gc] GC(10087) Pause Young (Allocation Failure) 14M->10M(15M) 0.289ms
[256.791s][info][gc] GC(10088) Pause Young (Allocation Failure) 14M->10M(15M) 0.358ms
[256.800s][info][gc] GC(10089) Pause Young (Allocation Failure) 14M->10M(15M) 0.360ms
[256.804s][info][gc] GC(10090) Pause Young (Allocation Failure) 14M->10M(15M) 0.373ms
[256.811s][info][gc] GC(10091) Pause Young (Allocation Failure) 14M->10M(15M) 0.356ms
[256.817s][info][gc] GC(10092) Pause Young (Allocation Failure) 14M->10M(15M) 0.385ms
[256.835s][info][gc] GC(10093) Pause Young (Allocation Failure) 14M->10M(15M) 0.350ms
[256.846s][info][gc] GC(10094) Pause Young (Allocation Failure) 14M->10M(15M) 0.348ms
[256.851s][info][gc] GC(10095) Pause Young (Allocation Failure) 14M->10M(15M) 0.364ms
[256.855s][info][gc] GC(10096) Pause Young (Allocation Failure) 14M->10M(15M) 0.356ms
[256.863s][info][gc] GC(10097) Pause Young (Allocation Failure) 14M->10M(15M) 0.295ms
[256.868s][info][gc] GC(10098) Pause Young (Allocation Failure) 14M->10M(15M) 0.375ms
[256.872s][info][gc] GC(10099) Pause Young (Allocation Failure) 14M->10M(15M) 0.365ms
[256.879s][info][gc] GC(10100) Pause Young (Allocation Failure) 14M->10M(15M) 0.368ms
[256.883s][info][gc] GC(10101) Pause Young (Allocation Failure) 14M->10M(15M) 0.341ms
[256.890s][info][gc] GC(10102) Pause Young (Allocation Failure) 14M->10M(15M) 0.306ms
[256.901s][info][gc] GC(10103) Pause Young (Allocation Failure) 14M->10M(15M) 0.352ms
[256.906s][info][gc] GC(10104) Pause Young (Allocation Failure) 14M->10M(15M) 0.273ms
[256.912s][info][gc] GC(10105) Pause Young (Allocation Failure) 14M->10M(15M) 0.363ms
[256.916s][info][gc] GC(10106) Pause Young (Allocation Failure) 14M->10M(15M) 0.359ms
[256.921s][info][gc] GC(10107) Pause Young (Allocation Failure) 14M->10M(15M) 0.356ms
[256.930s][info][gc] GC(10108) Pause Young (Allocation Failure) 14M->10M(15M) 0.370ms
[256.935s][info][gc] GC(10109) Pause Young (Allocation Failure) 14M->10M(15M) 0.365ms
[256.941s][info][gc] GC(10110) Pause Young (Allocation Failure) 14M->10M(15M) 0.443ms
[256.952s][info][gc] GC(10111) Pause Young (Allocation Failure) 14M->10M(15M) 0.314ms
[256.956s][info][gc] GC(10112) Pause Young (Allocation Failure) 14M->10M(15M) 0.423ms
[256.963s][info][gc] GC(10113) Pause Young (Allocation Failure) 14M->10M(15M) 0.277ms
[256.967s][info][gc] GC(10114) Pause Young (Allocation Failure) 14M->10M(15M) 0.360ms
[256.972s][info][gc] GC(10115) Pause Young (Allocation Failure) 14M->10M(15M) 0.351ms
[256.979s][info][gc] GC(10116) Pause Young (Allocation Failure) 14M->10M(15M) 0.374ms
[256.984s][info][gc] GC(10117) Pause Young (Allocation Failure) 14M->10M(15M) 0.364ms
[256.989s][info][gc] GC(10118) Pause Young (Allocation Failure) 14M->10M(15M) 0.370ms
[256.996s][info][gc] GC(10119) Pause Young (Allocation Failure) 14M->10M(15M) 0.359ms
[257.001s][info][gc] GC(10120) Pause Young (Allocation Failure) 14M->10M(15M) 0.351ms
[257.006s][info][gc] GC(10121) Pause Young (Allocation Failure) 14M->10M(15M) 0.276ms
[257.019s][info][gc] GC(10122) Pause Young (Allocation Failure) 14M->10M(15M) 0.358ms
[257.032s][info][gc] GC(10123) Pause Young (Allocation Failure) 14M->10M(15M) 0.369ms
[257.039s][info][gc] GC(10124) Pause Young (Allocation Failure) 14M->10M(15M) 0.312ms
[257.049s][info][gc] GC(10125) Pause Young (Allocation Failure) 14M->10M(15M) 0.368ms
[257.054s][info][gc] GC(10126) Pause Young (Allocation Failure) 14M->10M(15M) 0.392ms
[257.069s][info][gc] GC(10127) Pause Young (Allocation Failure) 14M->10M(15M) 0.389ms
[257.097s][info][gc] GC(10128) Pause Young (Allocation Failure) 14M->10M(15M) 0.365ms
[257.107s][info][gc] GC(10129) Pause Young (Allocation Failure) 14M->10M(15M) 0.567ms
[257.122s][info][gc] GC(10130) Pause Young (Allocation Failure) 14M->10M(15M) 0.508ms
[257.150s][info][gc] GC(10131) Pause Young (Allocation Failure) 14M->10M(15M) 0.376ms
[257.158s][info][gc] GC(10132) Pause Young (Allocation Failure) 14M->10M(15M) 0.449ms
[257.170s][info][gc] GC(10133) Pause Young (Allocation Failure) 14M->10M(15M) 0.363ms
[257.181s][info][gc] GC(10134) Pause Young (Allocation Failure) 14M->10M(15M) 0.323ms
[257.188s][info][gc] GC(10135) Pause Young (Allocation Failure) 14M->10M(15M) 0.413ms
[257.197s][info][gc] GC(10136) Pause Young (Allocation Failure) 14M->10M(15M) 0.369ms
[257.203s][info][gc] GC(10137) Pause Young (Allocation Failure) 14M->10M(15M) 0.502ms
[257.217s][info][gc] GC(10138) Pause Young (Allocation Failure) 14M->10M(15M) 0.373ms
[257.223s][info][gc] GC(10139) Pause Young (Allocation Failure) 14M->10M(15M) 0.421ms
[257.231s][info][gc] GC(10140) Pause Young (Allocation Failure) 14M->10M(15M) 0.585ms
[257.240s][info][gc] GC(10141) Pause Young (Allocation Failure) 14M->10M(15M) 0.354ms
[257.253s][info][gc] GC(10142) Pause Young (Allocation Failure) 14M->10M(15M) 0.320ms
[257.294s][info][gc] GC(10143) Pause Young (Allocation Failure) 14M->10M(15M) 0.366ms
[257.302s][info][gc] GC(10144) Pause Young (Allocation Failure) 14M->10M(15M) 0.347ms
[257.307s][info][gc] GC(10145) Pause Young (Allocation Failure) 14M->10M(15M) 0.350ms
[257.313s][info][gc] GC(10146) Pause Young (Allocation Failure) 14M->10M(15M) 0.396ms
[257.318s][info][gc] GC(10147) Pause Young (Allocation Failure) 14M->10M(15M) 0.357ms
[257.322s][info][gc] GC(10148) Pause Young (Allocation Failure) 14M->10M(15M) 0.311ms
[257.331s][info][gc] GC(10149) Pause Young (Allocation Failure) 14M->10M(15M) 0.363ms
[257.337s][info][gc] GC(10150) Pause Young (Allocation Failure) 14M->10M(15M) 0.360ms
[257.344s][info][gc] GC(10151) Pause Young (Allocation Failure) 14M->10M(15M) 0.362ms
[257.348s][info][gc] GC(10152) Pause Young (Allocation Failure) 14M->10M(15M) 0.360ms
[257.354s][info][gc] GC(10153) Pause Young (Allocation Failure) 14M->10M(15M) 0.297ms
[257.360s][info][gc] GC(10154) Pause Young (Allocation Failure) 14M->10M(15M) 0.353ms
[257.365s][info][gc] GC(10155) Pause Young (Allocation Failure) 14M->10M(15M) 0.342ms
[257.372s][info][gc] GC(10156) Pause Young (Allocation Failure) 14M->10M(15M) 0.345ms
[257.382s][info][gc] GC(10157) Pause Young (Allocation Failure) 14M->10M(15M) 0.484ms
[257.393s][info][gc] GC(10158) Pause Young (Allocation Failure) 14M->10M(15M) 0.434ms
[257.400s][info][gc] GC(10159) Pause Young (Allocation Failure) 14M->10M(15M) 0.394ms
[257.405s][info][gc] GC(10160) Pause Young (Allocation Failure) 14M->10M(15M) 0.364ms
[257.413s][info][gc] GC(10161) Pause Young (Allocation Failure) 14M->10M(15M) 0.279ms
[257.418s][info][gc] GC(10162) Pause Young (Allocation Failure) 14M->10M(15M) 0.364ms
[257.422s][info][gc] GC(10163) Pause Young (Allocation Failure) 14M->10M(15M) 0.372ms
[257.429s][info][gc] GC(10164) Pause Young (Allocation Failure) 14M->10M(15M) 0.360ms
[257.434s][info][gc] GC(10165) Pause Young (Allocation Failure) 14M->10M(15M) 0.361ms
[257.440s][info][gc] GC(10166) Pause Young (Allocation Failure) 14M->10M(15M) 0.313ms
[257.457s][info][gc] GC(10167) Pause Young (Allocation Failure) 14M->10M(15M) 0.371ms
[257.471s][info][gc] GC(10168) Pause Young (Allocation Failure) 14M->10M(15M) 0.312ms
[257.482s][info][gc] GC(10169) Pause Young (Allocation Failure) 14M->10M(15M) 0.344ms
[257.515s][info][gc] GC(10170) Pause Young (Allocation Failure) 14M->10M(15M) 0.365ms
[257.523s][info][gc] GC(10171) Pause Young (Allocation Failure) 14M->10M(15M) 0.391ms
[257.532s][info][gc] GC(10172) Pause Young (Allocation Failure) 14M->10M(15M) 0.334ms
[257.539s][info][gc] GC(10173) Pause Young (Allocation Failure) 14M->10M(15M) 0.347ms
[257.550s][info][gc] GC(10174) Pause Young (Allocation Failure) 14M->10M(15M) 0.367ms
[257.564s][info][gc] GC(10175) Pause Young (Allocation Failure) 14M->10M(15M) 0.417ms
[257.578s][info][gc] GC(10176) Pause Young (Allocation Failure) 14M->10M(15M) 0.386ms
[257.589s][info][gc] GC(10177) Pause Young (Allocation Failure) 14M->10M(15M) 0.321ms
[257.598s][info][gc] GC(10178) Pause Young (Allocation Failure) 14M->10M(15M) 0.351ms
[257.604s][info][gc] GC(10179) Pause Young (Allocation Failure) 14M->10M(15M) 0.387ms
[257.629s][info][gc] GC(10180) Pause Young (Allocation Failure) 14M->10M(15M) 0.298ms
[257.634s][info][gc] GC(10181) Pause Young (Allocation Failure) 14M->10M(15M) 0.366ms
[257.653s][info][gc] GC(10182) Pause Young (Allocation Failure) 14M->10M(15M) 0.389ms
[257.661s][info][gc] GC(10183) Pause Young (Allocation Failure) 14M->10M(15M) 0.381ms
[257.667s][info][gc] GC(10184) Pause Young (Allocation Failure) 14M->10M(15M) 0.569ms
[257.719s][info][gc] GC(10185) Pause Young (Allocation Failure) 14M->10M(15M) 0.302ms
[257.730s][info][gc] GC(10186) Pause Young (Allocation Failure) 14M->10M(15M) 0.362ms
[257.739s][info][gc] GC(10187) Pause Young (Allocation Failure) 14M->10M(15M) 0.603ms
[257.752s][info][gc] GC(10188) Pause Young (Allocation Failure) 14M->10M(15M) 0.352ms
[257.760s][info][gc] GC(10189) Pause Young (Allocation Failure) 14M->10M(15M) 0.602ms
[257.766s][info][gc] GC(10190) Pause Young (Allocation Failure) 14M->10M(15M) 0.331ms
[257.774s][info][gc] GC(10191) Pause Young (Allocation Failure) 14M->10M(15M) 0.359ms
[257.789s][info][gc] GC(10192) Pause Young (Allocation Failure) 14M->10M(15M) 0.340ms
[257.802s][info][gc] GC(10193) Pause Young (Allocation Failure) 14M->10M(15M) 0.372ms
[306.000s][info][gc] GC(10194) Pause Young (Allocation Failure) 14M->10M(15M) 0.445ms
[306.008s][info][gc] GC(10195) Pause Young (Allocation Failure) 14M->10M(15M) 0.434ms
[306.014s][info][gc] GC(10196) Pause Young (Allocation Failure) 14M->10M(15M) 0.356ms
[306.018s][info][gc] GC(10197) Pause Young (Allocation Failure) 14M->10M(15M) 0.432ms
[306.023s][info][gc] GC(10198) Pause Young (Allocation Failure) 14M->10M(15M) 0.376ms
[306.027s][info][gc] GC(10199) Pause Young (Allocation Failure) 14M->10M(15M) 0.318ms
[306.031s][info][gc] GC(10200) Pause Young (Allocation Failure) 14M->10M(15M) 0.391ms
[306.037s][info][gc] GC(10201) Pause Young (Allocation Failure) 14M->10M(15M) 0.607ms
[306.041s][info][gc] GC(10202) Pause Young (Allocation Failure) 14M->10M(15M) 0.339ms
[306.045s][info][gc] GC(10203) Pause Young (Allocation Failure) 14M->10M(15M) 0.409ms
[306.050s][info][gc] GC(10204) Pause Young (Allocation Failure) 14M->10M(15M) 0.403ms
[306.055s][info][gc] GC(10205) Pause Young (Allocation Failure) 14M->10M(15M) 0.420ms
[306.059s][info][gc] GC(10206) Pause Young (Allocation Failure) 14M->10M(15M) 0.501ms
[306.064s][info][gc] GC(10207) Pause Young (Allocation Failure) 14M->10M(15M) 0.412ms
[306.068s][info][gc] GC(10208) Pause Young (Allocation Failure) 14M->10M(15M) 0.333ms
[306.073s][info][gc] GC(10209) Pause Young (Allocation Failure) 14M->10M(15M) 0.393ms
[306.077s][info][gc] GC(10210) Pause Young (Allocation Failure) 14M->10M(15M) 0.303ms
[306.082s][info][gc] GC(10211) Pause Young (Allocation Failure) 14M->10M(15M) 0.335ms
[306.086s][info][gc] GC(10212) Pause Young (Allocation Failure) 14M->10M(15M) 0.322ms
[306.090s][info][gc] GC(10213) Pause Young (Allocation Failure) 14M->10M(15M) 0.282ms
[306.096s][info][gc] GC(10214) Pause Young (Allocation Failure) 14M->10M(15M) 0.342ms
[306.101s][info][gc] GC(10215) Pause Young (Allocation Failure) 14M->10M(15M) 0.316ms
[306.105s][info][gc] GC(10216) Pause Young (Allocation Failure) 14M->10M(15M) 0.339ms
[306.110s][info][gc] GC(10217) Pause Young (Allocation Failure) 14M->10M(15M) 0.328ms
[306.115s][info][gc] GC(10218) Pause Young (Allocation Failure) 14M->10M(15M) 0.347ms
[306.122s][info][gc] GC(10219) Pause Young (Allocation Failure) 14M->10M(15M) 0.365ms
[306.126s][info][gc] GC(10220) Pause Young (Allocation Failure) 14M->10M(15M) 0.288ms
[306.130s][info][gc] GC(10221) Pause Young (Allocation Failure) 14M->10M(15M) 0.339ms
[306.134s][info][gc] GC(10222) Pause Young (Allocation Failure) 14M->10M(15M) 0.259ms
[306.138s][info][gc] GC(10223) Pause Young (Allocation Failure) 14M->10M(15M) 0.313ms
[306.143s][info][gc] GC(10224) Pause Young (Allocation Failure) 14M->10M(15M) 0.331ms
[306.148s][info][gc] GC(10225) Pause Young (Allocation Failure) 14M->10M(15M) 0.346ms
[306.154s][info][gc] GC(10226) Pause Young (Allocation Failure) 14M->10M(15M) 0.345ms
[306.161s][info][gc] GC(10227) Pause Young (Allocation Failure) 14M->10M(15M) 0.291ms
[306.168s][info][gc] GC(10228) Pause Young (Allocation Failure) 14M->10M(15M) 0.368ms
[306.175s][info][gc] GC(10229) Pause Young (Allocation Failure) 14M->10M(15M) 0.333ms
[306.179s][info][gc] GC(10230) Pause Young (Allocation Failure) 14M->10M(15M) 0.288ms
[306.183s][info][gc] GC(10231) Pause Young (Allocation Failure) 14M->10M(15M) 0.300ms
[306.187s][info][gc] GC(10232) Pause Young (Allocation Failure) 14M->10M(15M) 0.333ms
[306.191s][info][gc] GC(10233) Pause Young (Allocation Failure) 14M->10M(15M) 0.231ms
[306.195s][info][gc] GC(10234) Pause Young (Allocation Failure) 14M->10M(15M) 0.313ms
[306.201s][info][gc] GC(10235) Pause Young (Allocation Failure) 14M->10M(15M) 0.462ms
[306.207s][info][gc] GC(10236) Pause Young (Allocation Failure) 14M->10M(15M) 0.350ms
[306.212s][info][gc] GC(10237) Pause Young (Allocation Failure) 14M->10M(15M) 0.346ms
[306.216s][info][gc] GC(10238) Pause Young (Allocation Failure) 14M->10M(15M) 0.330ms
[306.221s][info][gc] GC(10239) Pause Young (Allocation Failure) 14M->10M(15M) 0.342ms
[306.225s][info][gc] GC(10240) Pause Young (Allocation Failure) 14M->10M(15M) 0.328ms
[306.229s][info][gc] GC(10241) Pause Young (Allocation Failure) 14M->10M(15M) 0.300ms
[306.233s][info][gc] GC(10242) Pause Young (Allocation Failure) 14M->10M(15M) 0.221ms
[306.238s][info][gc] GC(10243) Pause Young (Allocation Failure) 14M->10M(15M) 0.336ms
[306.242s][info][gc] GC(10244) Pause Young (Allocation Failure) 14M->10M(15M) 0.252ms
